Component: ARM Compiler 6.16 Tool: armlink [5dfeaa00]

==============================================================================

Section Cross References

    bmx160.o(.text.BMX160_Init) refers to i2c.o(.text.I2C_AsyncMemWrite) for I2C_AsyncMemWrite
    bmx160.o(.text.BMX160_Init) refers to rtx_delay.o(.text.osDelay) for osDelay
    bmx160.o(.text.BMX160_Init) refers to bmx160.o(.text.BMX160_InitMagneto) for BMX160_InitMagneto
    bmx160.o(.ARM.exidx.text.BMX160_Init) refers to bmx160.o(.text.BMX160_Init) for [Anonymous Symbol]
    bmx160.o(.text.BMX160_InitMagneto) refers to bmx160.o(.rodata..L__const.BMX160_InitMagneto.magIfReg) for .L__const.BMX160_InitMagneto.magIfReg
    bmx160.o(.text.BMX160_InitMagneto) refers to i2c.o(.text.I2C_AsyncMemWrite) for I2C_AsyncMemWrite
    bmx160.o(.text.BMX160_InitMagneto) refers to rtx_delay.o(.text.osDelay) for osDelay
    bmx160.o(.text.BMX160_InitMagneto) refers to bmx160.o(.text.BMX160_SetMagnetoManualConfig) for BMX160_SetMagnetoManualConfig
    bmx160.o(.text.BMX160_InitMagneto) refers to bmx160.o(.rodata..L__const.BMX160_InitMagneto.magnetoConfig) for .L__const.BMX160_InitMagneto.magnetoConfig
    bmx160.o(.ARM.exidx.text.BMX160_InitMagneto) refers to bmx160.o(.text.BMX160_InitMagneto) for [Anonymous Symbol]
    bmx160.o(.text.BMX160_GetRawData) refers to i2c.o(.text.I2C_AsyncMemRead) for I2C_AsyncMemRead
    bmx160.o(.text.BMX160_GetRawData) refers to f2d.o(x$fpl$f2d) for __aeabi_f2d
    bmx160.o(.text.BMX160_GetRawData) refers to dmul.o(x$fpl$dmul) for __aeabi_dmul
    bmx160.o(.text.BMX160_GetRawData) refers to ddiv.o(x$fpl$ddiv) for __aeabi_ddiv
    bmx160.o(.ARM.exidx.text.BMX160_GetRawData) refers to bmx160.o(.text.BMX160_GetRawData) for [Anonymous Symbol]
    bmx160.o(.text.BMX160_SetMagnetoManualConfig) refers to i2c.o(.text.I2C_AsyncMemWrite) for I2C_AsyncMemWrite
    bmx160.o(.ARM.exidx.text.BMX160_SetMagnetoManualConfig) refers to bmx160.o(.text.BMX160_SetMagnetoManualConfig) for [Anonymous Symbol]
    calc.o(.ARM.exidx.text.Calc_GetDiscreteDerivative) refers to calc.o(.text.Calc_GetDiscreteDerivative) for [Anonymous Symbol]
    calc.o(.ARM.exidx.text.Calc_GetDiscreteIntegral) refers to calc.o(.text.Calc_GetDiscreteIntegral) for [Anonymous Symbol]
    pole_placement.o(.text.PolePlc_Init) refers to rtx_evflags.o(.text.osEventFlagsNew) for osEventFlagsNew
    pole_placement.o(.text.PolePlc_Init) refers to pole_placement.o(.text.PolePlc_PeriodicTimerFunc) for PolePlc_PeriodicTimerFunc
    pole_placement.o(.text.PolePlc_Init) refers to rtx_timer.o(.text.osTimerNew) for osTimerNew
    pole_placement.o(.text.PolePlc_Init) refers to pole_placement.o(.text.PolePlc_ThreadFunc) for PolePlc_ThreadFunc
    pole_placement.o(.text.PolePlc_Init) refers to rtx_thread.o(.text.osThreadNew) for osThreadNew
    pole_placement.o(.text.PolePlc_Init) refers to pole_placement.o(.text.PolePlc_EnableController) for PolePlc_EnableController
    pole_placement.o(.ARM.exidx.text.PolePlc_Init) refers to pole_placement.o(.text.PolePlc_Init) for [Anonymous Symbol]
    pole_placement.o(.text.PolePlc_PeriodicTimerFunc) refers to rtx_evflags.o(.text.osEventFlagsSet) for osEventFlagsSet
    pole_placement.o(.ARM.exidx.text.PolePlc_PeriodicTimerFunc) refers to pole_placement.o(.text.PolePlc_PeriodicTimerFunc) for [Anonymous Symbol]
    pole_placement.o(.text.PolePlc_ThreadFunc) refers to rtx_evflags.o(.text.osEventFlagsWait) for osEventFlagsWait
    pole_placement.o(.text.PolePlc_ThreadFunc) refers to pole_placement.o(.text.PolePlc_IsControllerEnabled) for PolePlc_IsControllerEnabled
    pole_placement.o(.text.PolePlc_ThreadFunc) refers to pole_placement.o(.text.PolePlc_CalculateControlSignal) for PolePlc_CalculateControlSignal
    pole_placement.o(.ARM.exidx.text.PolePlc_ThreadFunc) refers to pole_placement.o(.text.PolePlc_ThreadFunc) for [Anonymous Symbol]
    pole_placement.o(.text.PolePlc_EnableController) refers to rtx_timer.o(.text.osTimerStart) for osTimerStart
    pole_placement.o(.ARM.exidx.text.PolePlc_EnableController) refers to pole_placement.o(.text.PolePlc_EnableController) for [Anonymous Symbol]
    pole_placement.o(.text.PolePlc_DisableController) refers to rtx_timer.o(.text.osTimerStop) for osTimerStop
    pole_placement.o(.ARM.exidx.text.PolePlc_DisableController) refers to pole_placement.o(.text.PolePlc_DisableController) for [Anonymous Symbol]
    pole_placement.o(.ARM.exidx.text.PolePlc_IsControllerEnabled) refers to pole_placement.o(.text.PolePlc_IsControllerEnabled) for [Anonymous Symbol]
    pole_placement.o(.ARM.exidx.text.PolePlc_CalculateControlSignal) refers to pole_placement.o(.text.PolePlc_CalculateControlSignal) for [Anonymous Symbol]
    main.o(.text.HAL_GetTick) refers to rtx_kernel.o(.text.osKernelGetState) for osKernelGetState
    main.o(.text.HAL_GetTick) refers to rtx_kernel.o(.text.osKernelGetTickCount) for osKernelGetTickCount
    main.o(.text.HAL_GetTick) refers to system_stm32f4xx.o(.data.SystemCoreClock) for SystemCoreClock
[...]
    HAL_TIM_IRQHandler                       0x08004eb1   Thumb Code   634  stm32f4xx_hal_tim.o(.text.HAL_TIM_IRQHandler)
    HAL_TIM_OC_DelayElapsedCallback          0x0800512d   Thumb Code     8  stm32f4xx_hal_tim.o(.text.HAL_TIM_OC_DelayElapsedCallback)
    HAL_TIM_PWM_PulseFinishedCallback        0x08005135   Thumb Code     8  stm32f4xx_hal_tim.o(.text.HAL_TIM_PWM_PulseFinishedCallback)
    HAL_TIM_PeriodElapsedCallback            0x0800513d   Thumb Code    34  main.o(.text.HAL_TIM_PeriodElapsedCallback)
    HAL_TIM_TriggerCallback                  0x08005161   Thumb Code     8  stm32f4xx_hal_tim.o(.text.HAL_TIM_TriggerCallback)
    HAL_UARTEx_RxEventCallback               0x08005169   Thumb Code    12  stm32f4xx_hal_uart.o(.text.HAL_UARTEx_RxEventCallback)
    HAL_UART_ErrorCallback                   0x08005175   Thumb Code     8  stm32f4xx_hal_uart.o(.text.HAL_UART_ErrorCallback)
    HAL_UART_IRQHandler                      0x0800517d   Thumb Code  1054  stm32f4xx_hal_uart.o(.text.HAL_UART_IRQHandler)
    HAL_UART_Init                            0x0800559d   Thumb Code   154  stm32f4xx_hal_uart.o(.text.HAL_UART_Init)
    HAL_UART_MspInit                         0x08005639   Thumb Code   162  usart.o(.text.HAL_UART_MspInit)
    HAL_UART_RxCpltCallback                  0x080056dd   Thumb Code     8  stm32f4xx_hal_uart.o(.text.HAL_UART_RxCpltCallback)
    HAL_UART_TxCpltCallback                  0x080056e5   Thumb Code     8  stm32f4xx_hal_uart.o(.text.HAL_UART_TxCpltCallback)
    HardFault_Handler                        0x080056ed   Thumb Code     4  stm32f4xx_it.o(.text.HardFault_Handler)
    I2C1_ER_IRQHandler                       0x080056f1   Thumb Code    16  stm32f4xx_it.o(.text.I2C1_ER_IRQHandler)
    I2C1_EV_IRQHandler                       0x08005701   Thumb Code    16  stm32f4xx_it.o(.text.I2C1_EV_IRQHandler)
    I2C_AsyncMemRead                         0x08005711   Thumb Code    82  i2c.o(.text.I2C_AsyncMemRead)
    I2C_AsyncMemWrite                        0x08005765   Thumb Code    82  i2c.o(.text.I2C_AsyncMemWrite)
    I2C_WaitReceiving                        0x080073fd   Thumb Code    74  i2c.o(.text.I2C_WaitReceiving)
    I2C_WaitSending                          0x08007449   Thumb Code    74  i2c.o(.text.I2C_WaitSending)
    MX_DMA_Init                              0x08007685   Thumb Code    80  dma.o(.text.MX_DMA_Init)
    MX_GPIO_Init                             0x080076d5   Thumb Code   168  gpio.o(.text.MX_GPIO_Init)
    MX_I2C1_Init                             0x0800777d   Thumb Code   108  i2c.o(.text.MX_I2C1_Init)
    MX_USART2_UART_Init                      0x080077e9   Thumb Code    64  usart.o(.text.MX_USART2_UART_Init)
    MemManage_Handler                        0x0800784d   Thumb Code     4  stm32f4xx_it.o(.text.MemManage_Handler)
    NMI_Handler                              0x08007995   Thumb Code     4  stm32f4xx_it.o(.text.NMI_Handler)
    OS_Tick_AcknowledgeIRQ                   0x08007a05   Thumb Code    12  os_systick.o(.text.OS_Tick_AcknowledgeIRQ)
    OS_Tick_Enable                           0x08007a11   Thumb Code    60  os_systick.o(.text.OS_Tick_Enable)
    OS_Tick_GetIRQn                          0x08007a4d   Thumb Code     6  os_systick.o(.text.OS_Tick_GetIRQn)
    OS_Tick_Setup                            0x08007a55   Thumb Code   126  os_systick.o(.text.OS_Tick_Setup)
    PolePlc_EnableController                 0x08007b75   Thumb Code    52  pole_placement.o(.text.PolePlc_EnableController)
    PolePlc_Init                             0x08007ba9   Thumb Code    76  pole_placement.o(.text.PolePlc_Init)
    PolePlc_IsControllerEnabled              0x08007bf5   Thumb Code    16  pole_placement.o(.text.PolePlc_IsControllerEnabled)
    SystemClock_Config                       0x08007d05   Thumb Code   158  main.o(.text.SystemClock_Config)
    SystemCoreClockUpdate                    0x08007da5   Thumb Code   302  system_stm32f4xx.o(.text.SystemCoreClockUpdate)
    SystemInit                               0x08007ed5   Thumb Code    18  system_stm32f4xx.o(.text.SystemInit)
    TIM8_TRG_COM_TIM14_IRQHandler            0x08007ee9   Thumb Code    16  stm32f4xx_it.o(.text.TIM8_TRG_COM_TIM14_IRQHandler)
    TIM_Base_SetConfig                       0x08007ef9   Thumb Code   410  stm32f4xx_hal_tim.o(.text.TIM_Base_SetConfig)
    USART2_IRQHandler                        0x08008631   Thumb Code    16  stm32f4xx_it.o(.text.USART2_IRQHandler)
    UsageFault_Handler                       0x08008641   Thumb Code     4  stm32f4xx_it.o(.text.UsageFault_Handler)
    __user_perthread_libspace                0x08008715   Thumb Code   150  rtx_lib.o(.text.__user_perthread_libspace)
    _mutex_acquire                           0x080087ad   Thumb Code    32  rtx_lib.o(.text._mutex_acquire)
    _mutex_free                              0x080087cd   Thumb Code    18  rtx_lib.o(.text._mutex_free)
    _mutex_initialize                        0x080087e1   Thumb Code    50  rtx_lib.o(.text._mutex_initialize)
    _mutex_release                           0x08008815   Thumb Code    28  rtx_lib.o(.text._mutex_release)
    _platform_post_stackheap_init            0x08008831   Thumb Code     8  rtx_lib.o(.text._platform_post_stackheap_init)
    main                                     0x08008ddd   Thumb Code    66  main.o(.text.main)
    osDelay                                  0x08008e21   Thumb Code    84  rtx_delay.o(.text.osDelay)
    osEventFlagsNew                          0x08008e75   Thumb Code    86  rtx_evflags.o(.text.osEventFlagsNew)
    osEventFlagsSet                          0x08008ecd   Thumb Code    94  rtx_evflags.o(.text.osEventFlagsSet)
    osEventFlagsWait                         0x08008f2d   Thumb Code   126  rtx_evflags.o(.text.osEventFlagsWait)
    osKernelGetState                         0x08008fad   Thumb Code    66  rtx_kernel.o(.text.osKernelGetState)
    osKernelGetTickCount                     0x08008ff1   Thumb Code    58  rtx_kernel.o(.text.osKernelGetTickCount)
    osKernelInitialize                       0x0800902d   Thumb Code    74  rtx_kernel.o(.text.osKernelInitialize)
    osKernelStart                            0x08009079   Thumb Code    70  rtx_kernel.o(.text.osKernelStart)
    osMessageQueueGet                        0x080090c1   Thumb Code   126  rtx_msgqueue.o(.text.osMessageQueueGet)
    osMessageQueuePut                        0x08009141   Thumb Code   138  rtx_msgqueue.o(.text.osMessageQueuePut)
    osMutexAcquire                           0x080091cd   Thumb Code   100  rtx_mutex.o(.text.osMutexAcquire)
    osMutexDelete                            0x08009231   Thumb Code    86  rtx_mutex.o(.text.osMutexDelete)
    osMutexNew                               0x08009289   Thumb Code    86  rtx_mutex.o(.text.osMutexNew)
    osMutexRelease                           0x080092e1   Thumb Code    86  rtx_mutex.o(.text.osMutexRelease)
    osRtxErrorNotify                         0x08009339   Thumb Code    46  rtx_config.o(.text.osRtxErrorNotify)
    osRtxIdleThread                          0x080093dd   Thumb Code     8  rtx_config.o(.text.osRtxIdleThread)
    osRtxKernelErrorNotify                   0x080093e5   Thumb Code    28  rtx_kernel.o(.text.osRtxKernelErrorNotify)
    osRtxKernelPreInit                       0x08009419   Thumb Code     2  rtx_kernel.o(.text.osRtxKernelPreInit)
    osRtxMemoryAlloc                         0x08009429   Thumb Code   332  rtx_memory.o(.text.osRtxMemoryAlloc)
    osRtxMemoryFree                          0x08009575   Thumb Code   194  rtx_memory.o(.text.osRtxMemoryFree)
    osRtxMemoryInit                          0x08009639   Thumb Code   150  rtx_memory.o(.text.osRtxMemoryInit)
    osRtxMemoryPoolAlloc                     0x080096d1   Thumb Code    74  rtx_mempool.o(.text.osRtxMemoryPoolAlloc)
    osRtxMemoryPoolFree                      0x0800971d   Thumb Code   100  rtx_mempool.o(.text.osRtxMemoryPoolFree)
    osRtxMemoryPoolInit                      0x08009781   Thumb Code   152  rtx_mempool.o(.text.osRtxMemoryPoolInit)
    osRtxMessageQueueTimerSetup              0x08009981   Thumb Code    62  rtx_msgqueue.o(.text.osRtxMessageQueueTimerSetup)
    osRtxMutexOwnerRelease                   0x080099d9   Thumb Code   152  rtx_mutex.o(.text.osRtxMutexOwnerRelease)
    osRtxMutexOwnerRestore                   0x08009a71   Thumb Code   172  rtx_mutex.o(.text.osRtxMutexOwnerRestore)
    osRtxPendSV_Handler                      0x08009b59   Thumb Code   184  rtx_system.o(.text.osRtxPendSV_Handler)
    osRtxPostProcess                         0x08009c11   Thumb Code    66  rtx_system.o(.text.osRtxPostProcess)
    osRtxThreadDelayTick                     0x08009e81   Thumb Code   336  rtx_thread.o(.text.osRtxThreadDelayTick)
    osRtxThreadDispatch                      0x0800a031   Thumb Code   150  rtx_thread.o(.text.osRtxThreadDispatch)
    osRtxThreadListGet                       0x0800a1e9   Thumb Code    54  rtx_thread.o(.text.osRtxThreadListGet)
    osRtxThreadListPut                       0x0800a221   Thumb Code   118  rtx_thread.o(.text.osRtxThreadListPut)
    osRtxThreadListRemove                    0x0800a299   Thumb Code    50  rtx_thread.o(.text.osRtxThreadListRemove)
    osRtxThreadListSort                      0x0800a2f1   Thumb Code    88  rtx_thread.o(.text.osRtxThreadListSort)
    osRtxThreadReadyPut                      0x0800a3a5   Thumb Code    32  rtx_thread.o(.text.osRtxThreadReadyPut)
    osRtxThreadRegPtr                        0x0800a3c5   Thumb Code    34  rtx_thread.o(.text.osRtxThreadRegPtr)
    osRtxThreadStartup                       0x0800a411   Thumb Code   150  rtx_thread.o(.text.osRtxThreadStartup)
    osRtxThreadSwitch                        0x0800a4a9   Thumb Code    34  rtx_thread.o(.text.osRtxThreadSwitch)
    osRtxThreadWaitEnter                     0x0800a4cd   Thumb Code   118  rtx_thread.o(.text.osRtxThreadWaitEnter)
    osRtxThreadWaitExit                      0x0800a545   Thumb Code    70  rtx_thread.o(.text.osRtxThreadWaitExit)
    osRtxTick_Handler                        0x0800a58d   Thumb Code   272  rtx_system.o(.text.osRtxTick_Handler)
    osRtxTimerSetup                          0x0800a6a9   Thumb Code    48  rtx_timer.o(.text.osRtxTimerSetup)
    osRtxTimerThread                         0x0800a6d9   Thumb Code    50  rtx_timer.o(.text.osRtxTimerThread)
    osThreadExit                             0x0800a7e9   Thumb Code    36  rtx_thread.o(.text.osThreadExit)
    osThreadGetId                            0x0800a80d   Thumb Code    58  rtx_thread.o(.text.osThreadGetId)
    osThreadNew                              0x0800a849   Thumb Code   114  rtx_thread.o(.text.osThreadNew)
    osThreadTerminate                        0x0800a8bd   Thumb Code    86  rtx_thread.o(.text.osThreadTerminate)
    osTimerNew                               0x0800a915   Thumb Code   138  rtx_timer.o(.text.osTimerNew)
    osTimerStart                             0x0800a9a1   Thumb Code   100  rtx_timer.o(.text.osTimerStart)
    __ARM_fpclassifyf                        0x0800c3d3   Thumb Code    38  fpclassifyf.o(i.__ARM_fpclassifyf)
    __hardfp_asinf                           0x0800c3f9   Thumb Code   258  asinf.o(i.__hardfp_asinf)
    __hardfp_atan2f                          0x0800c525   Thumb Code   594  atan2f.o(i.__hardfp_atan2f)
    __hardfp_cosf                            0x0800c7d1   Thumb Code   280  cosf.o(i.__hardfp_cosf)
    __hardfp_sinf                            0x0800c921   Thumb Code   344  sinf.o(i.__hardfp_sinf)
    __hardfp_sqrt                            0x0800cab1   Thumb Code   122  sqrt.o(i.__hardfp_sqrt)
    __mathlib_flt_infnan                     0x0800cb2b   Thumb Code     6  funder.o(i.__mathlib_flt_infnan)
    __mathlib_flt_infnan2                    0x0800cb31   Thumb Code     6  funder.o(i.__mathlib_flt_infnan2)
    __mathlib_flt_invalid                    0x0800cb39   Thumb Code    10  funder.o(i.__mathlib_flt_invalid)
    __mathlib_flt_underflow                  0x0800cb49   Thumb Code    10  funder.o(i.__mathlib_flt_underflow)
    __mathlib_rredf2                         0x0800cb59   Thumb Code   316  rredf.o(i.__mathlib_rredf2)
    sqrtf                                    0x0800ccad   Thumb Code    62  sqrtf.o(i.sqrtf)
    __aeabi_d2f                              0x0800cced   Thumb Code     0  d2f.o(x$fpl$d2f)
    _d2f                                     0x0800cced   Thumb Code    98  d2f.o(x$fpl$d2f)
    __aeabi_dadd                             0x0800cd51   Thumb Code     0  daddsub_clz.o(x$fpl$dadd)
    _dadd                                    0x0800cd51   Thumb Code   332  daddsub_clz.o(x$fpl$dadd)
    __aeabi_ddiv                             0x0800cea1   Thumb Code     0  ddiv.o(x$fpl$ddiv)
    _ddiv                                    0x0800cea1   Thumb Code   556  ddiv.o(x$fpl$ddiv)
    __aeabi_dmul                             0x0800d155   Thumb Code     0  dmul.o(x$fpl$dmul)
    _dmul                                    0x0800d155   Thumb Code   332  dmul.o(x$fpl$dmul)
    __fpl_dnaninf                            0x0800d2a9   Thumb Code   156  dnaninf.o(x$fpl$dnaninf)
    __fpl_dretinf                            0x0800d345   Thumb Code    12  dretinf.o(x$fpl$dretinf)
    _dsqrt                                   0x0800d351   Thumb Code   404  dsqrt_umaal.o(x$fpl$dsqrt)
    __aeabi_dsub                             0x0800d4e9   Thumb Code     0  daddsub_clz.o(x$fpl$dsub)
    _dsub                                    0x0800d4e9   Thumb Code   472  daddsub_clz.o(x$fpl$dsub)
    __aeabi_f2d                              0x0800d6c5   Thumb Code     0  f2d.o(x$fpl$f2d)
    _f2d                                     0x0800d6c5   Thumb Code    86  f2d.o(x$fpl$f2d)
    __fpl_fnaninf                            0x0800d71b   Thumb Code   140  fnaninf.o(x$fpl$fnaninf)
    $Super$$_fp_init                         0x0800d7a7   Thumb Code    26  fpinit.o(x$fpl$fpinit)
    __fplib_config_fpu_vfp                   0x0800d7bf   Thumb Code     0  fpinit.o(x$fpl$fpinit)
    __fplib_config_pureend_doubles           0x0800d7bf   Thumb Code     0  fpinit.o(x$fpl$fpinit)
    __fpl_fretinf                            0x0800d7c1   Thumb Code    10  fretinf.o(x$fpl$fretinf)
    __I$use$fp                               0x0800d7ca   Number         0  usenofp.o(x$fpl$usenofp)
    osRtxConfig                              0x0800d7ec   Data         112  rtx_lib.o(.rodata)
    os_cb_sections                           0x0800d85c   Data          56  rtx_lib.o(.rodata)
    AHBPrescTable                            0x0800d896   Data          16  system_stm32f4xx.o(.rodata.AHBPrescTable)
    APBPrescTable                            0x0800d8a6   Data           8  system_stm32f4xx.o(.rodata.APBPrescTable)
    osRtxUserSVC                             0x0800d8b8   Data           4  rtx_lib.o(.rodata.osRtxUserSVC)
    Region$$Table$$Base                      0x0800d928   Number         0  anon$$obj.o(Region$$Table)
    Region$$Table$$Limit                     0x0800d948   Number         0  anon$$obj.o(Region$$Table)
    AHRS                                     0x20000000   Data         156  app_main.o(.data.AHRS)
    BMX160                                   0x200000a0   Data         104  app_main.o(.data.BMX160)
    PolePlacement                            0x20000108   Data         404  app_main.o(.data.PolePlacement)
    SystemCoreClock                          0x2000029c   Data           4  system_stm32f4xx.o(.data.SystemCoreClock)
    osRtxInfo                                0x200002a0   Data         164  rtx_kernel.o(.data.os)
    uwTickFreq                               0x20000344   Data           1  stm32f4xx_hal.o(.data.uwTickFreq)
    uwTickPrio                               0x20000348   Data           4  stm32f4xx_hal.o(.data.uwTickPrio)
    __libspace_start                         0x20000350   Data          96  libspace.o(.bss)
    EVT_I2C1_RX                              0x200003b0   Data           4  i2c.o(.bss.EVT_I2C1_RX)
    __temporary_stack_top$libspace           0x200003b0   Data           0  libspace.o(.bss)
    EVT_I2C1_TX                              0x200003b4   Data           4  i2c.o(.bss.EVT_I2C1_TX)
    hdma_i2c1_rx                             0x200003bc   Data          96  i2c.o(.bss.hdma_i2c1_rx)
    hdma_i2c1_tx                             0x2000041c   Data          96  i2c.o(.bss.hdma_i2c1_tx)
    hi2c1                                    0x2000047c   Data          84  i2c.o(.bss.hi2c1)
    htim14                                   0x200004d0   Data          72  stm32f4xx_hal_timebase_tim.o(.bss.htim14)
    huart2                                   0x20000518   Data          68  usart.o(.bss.huart2)
    .bss.os.msgqueue.cb$$Base                0x200171f4   Number         0  rtx_lib.o(.bss.os.msgqueue.cb)
    .bss.os.msgqueue.cb$$Limit               0x20017228   Number         0  rtx_lib.o(.bss.os.msgqueue.cb)
    .bss.os.thread.cb$$Base                  0x20017278   Number         0  rtx_lib.o(.bss.os.thread.cb)
    .bss.os.thread.cb$$Limit                 0x20017300   Number         0  rtx_lib.o(.bss.os.thread.cb)
    uwTick                                   0x20017704   Data           4  stm32f4xx_hal.o(.bss.uwTick)



==============================================================================

Memory Map of the image

  Image Entry point : 0x08000189

  Load Region LR_IROM1 (Base: 0x08000000, Size: 0x0000dc98, Max: 0x00100000, ABSOLUTE, COMPRESSED[0x0000d9b0])

    Execution Region ER_IROM1 (Exec base: 0x08000000, Load base: 0x08000000, Size: 0x0000d948, Max: 0x00100000, ABSOLUTE)

    Exec Addr    Load Addr    Size         Type   Attr      Idx    E Section Name        Object

    0x08000000   0x08000000   0x00000188   Data   RO         2328    RESET               startup_stm32f407xx.o
    0x08000188   0x08000188   0x00000008   Code   RO         2361  * !!!main             c_w.l(__main.o)
    0x08000190   0x08000190   0x00000034   Code   RO         2627    !!!scatter          c_w.l(__scatter.o)
    0x080001c4   0x080001c4   0x0000003a   Code   RO         2625    !!dczerorl          c_w.l(__dczerorl.o)
    0x080001fe   0x080001fe   0x00000002   PAD
    0x08000200   0x08000200   0x0000001c   Code   RO         2629    !!handler_zi        c_w.l(__scatter_zi.o)
    0x0800021c   0x0800021c   0x00000002   Code   RO         2494    .ARM.Collect$$libinit$$00000000  c_w.l(libinit.o)
    0x0800021e   0x0800021e   0x00000004   Code   RO         2503    .ARM.Collect$$libinit$$00000001  c_w.l(libinit2.o)
    0x08000222   0x08000222   0x00000000   Code   RO         2506    .ARM.Collect$$libinit$$00000004  c_w.l(libinit2.o)
    0x08000222   0x08000222   0x00000000   Code   RO         2509    .ARM.Collect$$libinit$$0000000A  c_w.l(libinit2.o)
    0x08000222   0x08000222   0x00000000   Code   RO         2511    .ARM.Collect$$libinit$$0000000C  c_w.l(libinit2.o)
    0x08000222   0x08000222   0x00000000   Code   RO         2513    .ARM.Collect$$libinit$$0000000E  c_w.l(libinit2.o)
    0x08000222   0x08000222   0x00000000   Code   RO         2516    .ARM.Collect$$libinit$$00000011  c_w.l(libinit2.o)
    0x08000222   0x08000222   0x00000000   Code   RO         2518    .ARM.Collect$$libinit$$00000013  c_w.l(libinit2.o)
    0x08000222   0x08000222   0x00000000   Code   RO         2520    .ARM.Collect$$libinit$$00000015  c_w.l(libinit2.o)
    0x08000222   0x08000222   0x00000000   Code   RO         2522    .ARM.Collect$$libinit$$00000017  c_w.l(libinit2.o)
    0x08000222   0x08000222   0x00000000   Code   RO         2524    .ARM.Collect$$libinit$$00000019  c_w.l(libinit2.o)
    0x08000222   0x08000222   0x00000000   Code   RO         2526    .ARM.Collect$$libinit$$0000001B  c_w.l(libinit2.o)
    0x08000222   0x08000222   0x00000000   Code   RO         2528    .ARM.Collect$$libinit$$0000001D  c_w.l(libinit2.o)
    0x08000222   0x08000222   0x00000000   Code   RO         2530    .ARM.Collect$$libinit$$0000001F  c_w.l(libinit2.o)
    0x08000222   0x08000222   0x00000000   Code   RO         2532    .ARM.Collect$$libinit$$00000021  c_w.l(libinit2.o)
    0x08000222   0x08000222   0x00000000   Code   RO         2534    .ARM.Collect$$libinit$$00000023  c_w.l(libinit2.o)
    0x08000222   0x08000222   0x00000000   Code   RO         2536    .ARM.Collect$$libinit$$00000025  c_w.l(libinit2.o)
    0x08000222   0x08000222   0x00000000   Code   RO         2540    .ARM.Collect$$libinit$$0000002C  c_w.l(libinit2.o)
    0x08000222   0x08000222   0x00000000   Code   RO         2542    .ARM.Collect$$libinit$$0000002E  c_w.l(libinit2.o)
    0x08000222   0x08000222   0x00000000   Code   RO         2544    .ARM.Collect$$libinit$$00000030  c_w.l(libinit2.o)
    0x08000222   0x08000222   0x00000000   Code   RO         2546    .ARM.Collect$$libinit$$00000032  c_w.l(libinit2.o)
    0x08000222   0x08000222   0x00000002   Code   RO         2547    .ARM.Collect$$libinit$$00000033  c_w.l(libinit2.o)
    0x08000224   0x08000224   0x00000002   Code   RO         2580    .ARM.Collect$$libshutdown$$00000000  c_w.l(libshutdown.o)
    0x08000226   0x08000226   0x00000000   Code   RO         2608    .ARM.Collect$$libshutdown$$00000002  c_w.l(libshutdown2.o)
    0x08000226   0x08000226   0x00000000   Code   RO         2610    .ARM.Collect$$libshutdown$$00000004  c_w.l(libshutdown2.o)
    0x08000226   0x08000226   0x00000000   Code   RO         2613    .ARM.Collect$$libshutdown$$00000007  c_w.l(libshutdown2.o)
    0x08000226   0x08000226   0x00000000   Code   RO         2616    .ARM.Collect$$libshutdown$$0000000A  c_w.l(libshutdown2.o)
    0x08000226   0x08000226   0x00000000   Code   RO         2618    .ARM.Collect$$libshutdown$$0000000C  c_w.l(libshutdown2.o)
    0x08000226   0x08000226   0x00000000   Code   RO         2621    .ARM.Collect$$libshutdown$$0000000F  c_w.l(libshutdown2.o)
    0x08000226   0x08000226   0x00000002   Code   RO         2622    .ARM.Collect$$libshutdown$$00000010  c_w.l(libshutdown2.o)
    0x08000228   0x08000228   0x00000000   Code   RO         2411    .ARM.Collect$$rtentry$$00000000  c_w.l(__rtentry.o)
    0x08000228   0x08000228   0x00000000   Code   RO         2457    .ARM.Collect$$rtentry$$00000002  c_w.l(__rtentry2.o)
    0x08000228   0x08000228   0x00000006   Code   RO         2469    .ARM.Collect$$rtentry$$00000004  c_w.l(__rtentry4.o)
    0x0800022e   0x0800022e   0x00000008   Code   RO         2458    .ARM.Collect$$rtentry$$00000008  c_w.l(__rtentry2.o)
    0x08000236   0x08000236   0x00000004   Code   RO         2460    .ARM.Collect$$rtentry$$0000000A  c_w.l(__rtentry2.o)
    0x0800023a   0x0800023a   0x00000000   Code   RO         2462    .ARM.Collect$$rtentry$$0000000C  c_w.l(__rtentry2.o)
    0x0800023a   0x0800023a   0x00000008   Code   RO         2463    .ARM.Collect$$rtentry$$0000000D  c_w.l(__rtentry2.o)
    0x08000242   0x08000242   0x00000002   Code   RO         2495    .ARM.Collect$$rtexit$$00000000  c_w.l(rtexit.o)
    0x08000244   0x08000244   0x00000000   Code   RO         2553    .ARM.Collect$$rtexit$$00000002  c_w.l(rtexit2.o)
    0x08000244   0x08000244   0x00000004   Code   RO         2554    .ARM.Collect$$rtexit$$00000003  c_w.l(rtexit2.o)
    0x08000248   0x08000248   0x00000006   Code   RO         2555    .ARM.Collect$$rtexit$$00000004  c_w.l(rtexit2.o)
    0x0800024e   0x0800024e   0x00000002   PAD
    0x08000250   0x08000250   0x000000c8   Code   RO          204    .text               irq_armv7m.o
    0x08000318   0x08000318   0x00000040   Code   RO         2329    .text               startup_stm32f407xx.o
    0x08000358   0x08000358   0x000000f0   Code   RO         2351    .text               c_w.l(lludivv7m.o)
    0x08000448   0x08000448   0x0000008a   Code   RO         2353    .text               c_w.l(rt_memcpy_v6.o)
    0x080004d2   0x080004d2   0x00000044   Code   RO         2355    .text               c_w.l(rt_memclr.o)
    0x08000516   0x08000516   0x0000004e   Code   RO         2357    .text               c_w.l(rt_memclr_w.o)
    0x08000564   0x08000564   0x00000006   Code   RO         2359    .text               c_w.l(heapauxi.o)
    0x0800056a   0x0800056a   0x00000016   Code   RO         2416    .text               c_w.l(_rserrno.o)
    0x08000580   0x08000580   0x00000064   Code   RO         2418    .text               c_w.l(rt_memcpy_w.o)
    0x080005e4   0x080005e4   0x00000004   Code   RO         2478    .text               c_w.l(rt_errno_addr_twolibspace.o)
    0x080005e8   0x080005e8   0x00000008   Code   RO         2480    .text               c_w.l(libspace.o)
    0x080005f0   0x080005f0   0x0000004a   Code   RO         2483    .text               c_w.l(sys_stackheap_outer.o)
    0x0800063a   0x0800063a   0x00000012   Code   RO         2485    .text               c_w.l(exit.o)
    0x0800064c   0x0800064c   0x0000000c   Code   RO         2548    .text               c_w.l(sys_exit.o)
    0x08000658   0x08000658   0x00000002   Code   RO         2569    .text               c_w.l(use_no_semi.o)
    0x0800065a   0x0800065a   0x00000000   Code   RO         2571    .text               c_w.l(indicate_semi.o)
    0x0800065a   0x0800065a   0x00000002   PAD
    0x0800065c   0x0800065c   0x00000016   Code   RO          740    .text.$Sub$$_fp_init  rtx_lib.o
    0x08000672   0x08000672   0x00000002   PAD
    0x08000674   0x08000674   0x00000034   Code   RO          182    .text.AHRS_Enable   ahrs.o
    0x080006a8   0x080006a8   0x00000114   Code   RO          196    .text.AHRS_GetBodyRateFromEulerAnglesRate  ahrs.o
    0x080007bc   0x080007bc   0x000000ce   Code   RO          188    .text.AHRS_GetEulerAngles  ahrs.o
    0x0800088a   0x0800088a   0x00000002   PAD
    0x0800088c   0x0800088c   0x00000058   Code   RO          194    .text.AHRS_GetEulerAnglesRate  ahrs.o
    0x080008e4   0x080008e4   0x00000004   PAD
    0x080008e8   0x080008e8   0x00000c78   Code   RO          190    .text.AHRS_GetMadgwickQuaternion  ahrs.o
    0x08001560   0x08001560   0x0000001a   Code   RO          176    .text.AHRS_IMU_BiasCalcStartedTimerFunc  ahrs.o
    0x0800157a   0x0800157a   0x00000002   PAD
    0x0800157c   0x0800157c   0x00000068   Code   RO          180    .text.AHRS_IMU_BiasCalcThreadFunc  ahrs.o
    0x080015e4   0x080015e4   0x0000001a   Code   RO          174    .text.AHRS_IMU_PeriodicTimerFunc  ahrs.o
    0x080015fe   0x080015fe   0x00000002   PAD
    0x08001600   0x08001600   0x0000006c   Code   RO          178    .text.AHRS_IMU_ThreadFunc  ahrs.o
    0x0800166c   0x0800166c   0x0000007a   Code   RO          172    .text.AHRS_Init     ahrs.o
    0x080016e6   0x080016e6   0x00000002   PAD
    0x080016e8   0x080016e8   0x000002ec   Code   RO          192    .text.AHRS_QuaternionToEulerAngles  ahrs.o
    0x080019d4   0x080019d4   0x0000001a   Code   RO          186    .text.AHRS_RemoveBiasAngle  ahrs.o
    0x080019ee   0x080019ee   0x00000002   PAD
    0x080019f0   0x080019f0   0x0000004e   Code   RO          161    .text.APP_Main      app_main.o
    0x08001a3e   0x08001a3e   0x00000002   PAD
    0x08001a40   0x08001a40   0x000002bc   Code   RO            6    .text.BMX160_GetRawData  bmx160.o
    0x08001cfc   0x08001cfc   0x000000bc   Code   RO            2    .text.BMX160_Init   bmx160.o
    0x08001db8   0x08001db8   0x00000126   Code   RO            4    .text.BMX160_InitMagneto  bmx160.o
    0x08001ede   0x08001ede   0x00000002   PAD
    0x08001ee0   0x08001ee0   0x0000005c   Code   RO            8    .text.BMX160_SetMagnetoManualConfig  bmx160.o
    0x08001f3c   0x08001f3c   0x00000004   Code   RO           76    .text.BusFault_Handler  stm32f4xx_it.o
    0x08001f40   0x08001f40   0x00000034   Code   RO           19    .text.Calc_GetDiscreteDerivative  calc.o
    0x08001f74   0x08001f74   0x00000010   Code   RO           82    .text.DMA1_Stream0_IRQHandler  stm32f4xx_it.o
    0x08001f84   0x08001f84   0x00000010   Code   RO           84    .text.DMA1_Stream6_IRQHandler  stm32f4xx_it.o
    0x08001f94   0x08001f94   0x00000056   Code   RO         1485    .text.DMA_CalcBaseAndBitshift  stm32f4xx_hal_dma.o
    0x08001fea   0x08001fea   0x00000002   PAD
    0x08001fec   0x08001fec   0x000000f0   Code   RO         1483    .text.DMA_CheckFifoParam  stm32f4xx_hal_dma.o
    0x080020dc   0x080020dc   0x00000050   Code   RO         1491    .text.DMA_SetConfig  stm32f4xx_hal_dma.o
    0x0800212c   0x0800212c   0x00000002   Code   RO           80    .text.DebugMon_Handler  stm32f4xx_it.o
    0x0800212e   0x0800212e   0x00000002   PAD
    0x08002130   0x08002130   0x00000006   Code   RO           57    .text.Error_Handler  main.o
    0x08002136   0x08002136   0x00000002   PAD
    0x08002138   0x08002138   0x0000007c   Code   RO          261    .text.EventFlagsCheck  rtx_evflags.o
    0x080021b4   0x080021b4   0x0000001a   Code   RO          271    .text.EventFlagsSet  rtx_evflags.o
    0x080021ce   0x080021ce   0x00000002   PAD
    0x080021d0   0x080021d0   0x00000008   Code   RO          438    .text.EvrRtxDelay   rtx_evr.o
    0x080021d8   0x080021d8   0x00000008   Code   RO          446    .text.EvrRtxDelayCompleted  rtx_evr.o
    0x080021e0   0x080021e0   0x00000008   Code   RO          436    .text.EvrRtxDelayError  rtx_evr.o
    0x080021e8   0x080021e8   0x00000008   Code   RO          442    .text.EvrRtxDelayStarted  rtx_evr.o
    0x080021f0   0x080021f0   0x0000000a   Code   RO          476    .text.EvrRtxEventFlagsCreated  rtx_evr.o
    0x080021fa   0x080021fa   0x00000002   PAD
    0x080021fc   0x080021fc   0x0000000a   Code   RO          472    .text.EvrRtxEventFlagsError  rtx_evr.o
    0x08002206   0x08002206   0x00000002   PAD
    0x08002208   0x08002208   0x00000008   Code   RO          474    .text.EvrRtxEventFlagsNew  rtx_evr.o
    0x08002210   0x08002210   0x0000000a   Code   RO          480    .text.EvrRtxEventFlagsSet  rtx_evr.o
    0x0800221a   0x0800221a   0x00000002   PAD
    0x0800221c   0x0800221c   0x0000000a   Code   RO          482    .text.EvrRtxEventFlagsSetDone  rtx_evr.o
    0x08002226   0x08002226   0x00000002   PAD
    0x08002228   0x08002228   0x0000000e   Code   RO          490    .text.EvrRtxEventFlagsWait  rtx_evr.o
    0x08002236   0x08002236   0x00000002   PAD
    0x08002238   0x08002238   0x0000000e   Code   RO          496    .text.EvrRtxEventFlagsWaitCompleted  rtx_evr.o
    0x08002246   0x08002246   0x00000002   PAD
    0x08002248   0x08002248   0x0000000c   Code   RO          498    .text.EvrRtxEventFlagsWaitNotCompleted  rtx_evr.o
    0x08002254   0x08002254   0x0000000e   Code   RO          492    .text.EvrRtxEventFlagsWaitPending  rtx_evr.o
    0x08002262   0x08002262   0x00000002   PAD
    0x08002264   0x08002264   0x00000008   Code   RO          494    .text.EvrRtxEventFlagsWaitTimeout  rtx_evr.o
    0x0800226c   0x0800226c   0x00000008   Code   RO          308    .text.EvrRtxKernelError  rtx_evr.o
    0x08002274   0x08002274   0x0000000a   Code   RO          352    .text.EvrRtxKernelErrorNotify  rtx_evr.o
    0x0800227e   0x0800227e   0x00000002   PAD
    0x08002280   0x08002280   0x00000008   Code   RO          318    .text.EvrRtxKernelGetState  rtx_evr.o
    0x08002288   0x08002288   0x00000008   Code   RO          344    .text.EvrRtxKernelGetTickCount  rtx_evr.o
    0x08002290   0x08002290   0x00000002   Code   RO          310    .text.EvrRtxKernelInitialize  rtx_evr.o
    0x08002292   0x08002292   0x00000002   PAD
    0x08002294   0x08002294   0x00000002   Code   RO          312    .text.EvrRtxKernelInitialized  rtx_evr.o
    0x08002296   0x08002296   0x00000002   PAD
    0x08002298   0x08002298   0x00000002   Code   RO          320    .text.EvrRtxKernelStart  rtx_evr.o
    0x0800229a   0x0800229a   0x00000002   PAD
    0x0800229c   0x0800229c   0x00000002   Code   RO          322    .text.EvrRtxKernelStarted  rtx_evr.o
    0x0800229e   0x0800229e   0x00000002   PAD
    0x080022a0   0x080022a0   0x0000000e   Code   RO          298    .text.EvrRtxMemoryAlloc  rtx_evr.o
    0x080022ae   0x080022ae   0x00000002   PAD
    0x080022b0   0x080022b0   0x0000000a   Code   RO          304    .text.EvrRtxMemoryBlockAlloc  rtx_evr.o
    0x080022ba   0x080022ba   0x00000002   PAD
    0x080022bc   0x080022bc   0x0000000c   Code   RO          306    .text.EvrRtxMemoryBlockFree  rtx_evr.o
    0x080022c8   0x080022c8   0x0000000e   Code   RO          302    .text.EvrRtxMemoryBlockInit  rtx_evr.o
    0x080022d6   0x080022d6   0x00000002   PAD
    0x080022d8   0x080022d8   0x0000000c   Code   RO          300    .text.EvrRtxMemoryFree  rtx_evr.o
    0x080022e4   0x080022e4   0x0000000c   Code   RO          296    .text.EvrRtxMemoryInit  rtx_evr.o
    0x080022f0   0x080022f0   0x00000008   Code   RO          572    .text.EvrRtxMemoryPoolAllocTimeout  rtx_evr.o
    0x080022f8   0x080022f8   0x0000000a   Code   RO          600    .text.EvrRtxMessageQueueCreated  rtx_evr.o
    0x08002302   0x08002302   0x00000002   PAD
    0x08002304   0x08002304   0x0000000a   Code   RO          596    .text.EvrRtxMessageQueueError  rtx_evr.o
    0x0800230e   0x0800230e   0x00000002   PAD
    0x08002310   0x08002310   0x0000000e   Code   RO          616    .text.EvrRtxMessageQueueGet  rtx_evr.o
    0x0800231e   0x0800231e   0x00000002   PAD
    0x08002320   0x08002320   0x0000000c   Code   RO          618    .text.EvrRtxMessageQueueGetPending  rtx_evr.o
    0x0800232c   0x0800232c   0x00000008   Code   RO          620    .text.EvrRtxMessageQueueGetTimeout  rtx_evr.o
    0x08002334   0x08002334   0x0000000a   Code   RO          610    .text.EvrRtxMessageQueueInsertPending  rtx_evr.o
    0x0800233e   0x0800233e   0x00000002   PAD
    0x08002340   0x08002340   0x0000000a   Code   RO          612    .text.EvrRtxMessageQueueInserted  rtx_evr.o
    0x0800234a   0x0800234a   0x00000002   PAD
    0x0800234c   0x0800234c   0x0000000a   Code   RO          614    .text.EvrRtxMessageQueueNotInserted  rtx_evr.o
    0x08002356   0x08002356   0x00000002   PAD
    0x08002358   0x08002358   0x0000000a   Code   RO          624    .text.EvrRtxMessageQueueNotRetrieved  rtx_evr.o
    0x08002362   0x08002362   0x00000002   PAD
    0x08002364   0x08002364   0x00000010   Code   RO          604    .text.EvrRtxMessageQueuePut  rtx_evr.o
    0x08002374   0x08002374   0x0000000c   Code   RO          606    .text.EvrRtxMessageQueuePutPending  rtx_evr.o
    0x08002380   0x08002380   0x00000008   Code   RO          608    .text.EvrRtxMessageQueuePutTimeout  rtx_evr.o
    0x08002388   0x08002388   0x0000000a   Code   RO          622    .text.EvrRtxMessageQueueRetrieved  rtx_evr.o
    0x08002392   0x08002392   0x00000002   PAD
    0x08002394   0x08002394   0x0000000a   Code   RO          512    .text.EvrRtxMutexAcquire  rtx_evr.o
    0x0800239e   0x0800239e   0x00000002   PAD
    0x080023a0   0x080023a0   0x0000000a   Code   RO          514    .text.EvrRtxMutexAcquirePending  rtx_evr.o
    0x080023aa   0x080023aa   0x00000002   PAD
    0x080023ac   0x080023ac   0x00000008   Code   RO          516    .text.EvrRtxMutexAcquireTimeout  rtx_evr.o
    0x080023b4   0x080023b4   0x0000000a   Code   RO          518    .text.EvrRtxMutexAcquired  rtx_evr.o
    0x080023be   0x080023be   0x00000002   PAD
    0x080023c0   0x080023c0   0x0000000a   Code   RO          508    .text.EvrRtxMutexCreated  rtx_evr.o
    0x080023ca   0x080023ca   0x00000002   PAD
    0x080023cc   0x080023cc   0x00000008   Code   RO          528    .text.EvrRtxMutexDelete  rtx_evr.o
    0x080023d4   0x080023d4   0x00000008   Code   RO          530    .text.EvrRtxMutexDestroyed  rtx_evr.o
    0x080023dc   0x080023dc   0x0000000a   Code   RO          504    .text.EvrRtxMutexError  rtx_evr.o
    0x080023e6   0x080023e6   0x00000002   PAD
    0x080023e8   0x080023e8   0x00000008   Code   RO          506    .text.EvrRtxMutexNew  rtx_evr.o
    0x080023f0   0x080023f0   0x00000008   Code   RO          520    .text.EvrRtxMutexNotAcquired  rtx_evr.o
    0x080023f8   0x080023f8   0x00000008   Code   RO          522    .text.EvrRtxMutexRelease  rtx_evr.o
    0x08002400   0x08002400   0x0000000a   Code   RO          524    .text.EvrRtxMutexReleased  rtx_evr.o
    0x0800240a   0x0800240a   0x00000002   PAD
    0x0800240c   0x0800240c   0x00000008   Code   RO          544    .text.EvrRtxSemaphoreAcquireTimeout  rtx_evr.o
    0x08002414   0x08002414   0x0000000a   Code   RO          396    .text.EvrRtxThreadBlocked  rtx_evr.o
    0x0800241e   0x0800241e   0x00000002   PAD
    0x08002420   0x08002420   0x0000000c   Code   RO          358    .text.EvrRtxThreadCreated  rtx_evr.o
    0x0800242c   0x0800242c   0x00000008   Code   RO          408    .text.EvrRtxThreadDestroyed  rtx_evr.o
    0x08002434   0x08002434   0x0000000a   Code   RO          354    .text.EvrRtxThreadError  rtx_evr.o
    0x0800243e   0x0800243e   0x00000002   PAD
    0x08002440   0x08002440   0x00000002   Code   RO          404    .text.EvrRtxThreadExit  rtx_evr.o
    0x08002442   0x08002442   0x00000002   PAD
    0x08002444   0x08002444   0x0000000e   Code   RO          432    .text.EvrRtxThreadFlagsWaitCompleted  rtx_evr.o
    0x08002452   0x08002452   0x00000002   PAD
    0x08002454   0x08002454   0x00000008   Code   RO          430    .text.EvrRtxThreadFlagsWaitTimeout  rtx_evr.o
    0x0800245c   0x0800245c   0x00000008   Code   RO          362    .text.EvrRtxThreadGetId  rtx_evr.o
    0x08002464   0x08002464   0x00000008   Code   RO          394    .text.EvrRtxThreadJoined  rtx_evr.o
    0x0800246c   0x0800246c   0x0000000c   Code   RO          356    .text.EvrRtxThreadNew  rtx_evr.o
    0x08002478   0x08002478   0x00000008   Code   RO          400    .text.EvrRtxThreadPreempted  rtx_evr.o
    0x08002480   0x08002480   0x00000008   Code   RO          402    .text.EvrRtxThreadSwitched  rtx_evr.o
    0x08002488   0x08002488   0x00000008   Code   RO          406    .text.EvrRtxThreadTerminate  rtx_evr.o
    0x08002490   0x08002490   0x0000000a   Code   RO          398    .text.EvrRtxThreadUnblocked  rtx_evr.o
    0x0800249a   0x0800249a   0x00000002   PAD
    0x0800249c   0x0800249c   0x0000000a   Code   RO          450    .text.EvrRtxTimerCallback  rtx_evr.o
    0x080024a6   0x080024a6   0x00000002   PAD
    0x080024a8   0x080024a8   0x0000000a   Code   RO          454    .text.EvrRtxTimerCreated  rtx_evr.o
    0x080024b2   0x080024b2   0x00000002   PAD
    0x080024b4   0x080024b4   0x0000000a   Code   RO          448    .text.EvrRtxTimerError  rtx_evr.o
    0x080024be   0x080024be   0x00000002   PAD
    0x080024c0   0x080024c0   0x00000010   Code   RO          452    .text.EvrRtxTimerNew  rtx_evr.o
    0x080024d0   0x080024d0   0x0000000a   Code   RO          458    .text.EvrRtxTimerStart  rtx_evr.o
    0x080024da   0x080024da   0x00000002   PAD
    0x080024dc   0x080024dc   0x00000008   Code   RO          460    .text.EvrRtxTimerStarted  rtx_evr.o
    0x080024e4   0x080024e4   0x000000ec   Code   RO         1495    .text.HAL_DMA_Abort  stm32f4xx_hal_dma.o
    0x080025d0   0x080025d0   0x00000044   Code   RO         1497    .text.HAL_DMA_Abort_IT  stm32f4xx_hal_dma.o
    0x08002614   0x08002614   0x0000000c   Code   RO         1509    .text.HAL_DMA_GetError  stm32f4xx_hal_dma.o
    0x08002620   0x08002620   0x0000000e   Code   RO         1507    .text.HAL_DMA_GetState  stm32f4xx_hal_dma.o
    0x0800262e   0x0800262e   0x00000002   PAD
    0x08002630   0x08002630   0x0000031e   Code   RO         1501    .text.HAL_DMA_IRQHandler  stm32f4xx_hal_dma.o
    0x0800294e   0x0800294e   0x00000002   PAD
    0x08002950   0x08002950   0x0000016e   Code   RO         1481    .text.HAL_DMA_Init  stm32f4xx_hal_dma.o
    0x08002abe   0x08002abe   0x00000002   PAD
    0x08002ac0   0x08002ac0   0x000000c2   Code   RO         1493    .text.HAL_DMA_Start_IT  stm32f4xx_hal_dma.o
    0x08002b82   0x08002b82   0x00000002   PAD
    0x08002b84   0x08002b84   0x000003b6   Code   RO         1534    .text.HAL_GPIO_Init  stm32f4xx_hal_gpio.o
    0x08002f3a   0x08002f3a   0x00000002   PAD
    0x08002f3c   0x08002f3c   0x0000002e   Code   RO         1540    .text.HAL_GPIO_WritePin  stm32f4xx_hal_gpio.o
    0x08002f6a   0x08002f6a   0x00000002   PAD
    0x08002f6c   0x08002f6c   0x00000066   Code   RO           51    .text.HAL_GetTick   main.o
    0x08002fd2   0x08002fd2   0x00000002   PAD
    0x08002fd4   0x08002fd4   0x00000008   Code   RO         1705    .text.HAL_I2C_AbortCpltCallback  stm32f4xx_hal_i2c.o
    0x08002fdc   0x08002fdc   0x00000010   Code   RO         1695    .text.HAL_I2C_AddrCallback  stm32f4xx_hal_i2c.o
    0x08002fec   0x08002fec   0x0000017a   Code   RO         1683    .text.HAL_I2C_ER_IRQHandler  stm32f4xx_hal_i2c.o
    0x08003166   0x08003166   0x00000002   PAD
    0x08003168   0x08003168   0x000003ca   Code   RO         1651    .text.HAL_I2C_EV_IRQHandler  stm32f4xx_hal_i2c.o
    0x08003532   0x08003532   0x00000002   PAD
    0x08003534   0x08003534   0x00000008   Code   RO         1703    .text.HAL_I2C_ErrorCallback  stm32f4xx_hal_i2c.o
    0x0800353c   0x0800353c   0x000002a4   Code   RO         1557    .text.HAL_I2C_Init  stm32f4xx_hal_i2c.o
    0x080037e0   0x080037e0   0x00000008   Code   RO         1697    .text.HAL_I2C_ListenCpltCallback  stm32f4xx_hal_i2c.o
    0x080037e8   0x080037e8   0x00000008   Code   RO         1689    .text.HAL_I2C_MasterRxCpltCallback  stm32f4xx_hal_i2c.o
    0x080037f0   0x080037f0   0x00000008   Code   RO         1687    .text.HAL_I2C_MasterTxCpltCallback  stm32f4xx_hal_i2c.o
    0x080037f8   0x080037f8   0x00000044   Code   RO          117    .text.HAL_I2C_MemRxCpltCallback  i2c.o
    0x0800383c   0x0800383c   0x00000044   Code   RO          115    .text.HAL_I2C_MemTxCpltCallback  i2c.o
    0x08003880   0x08003880   0x0000036a   Code   RO         1621    .text.HAL_I2C_Mem_Read_DMA  stm32f4xx_hal_i2c.o
    0x08003bea   0x08003bea   0x00000002   PAD
    0x08003bec   0x08003bec   0x00000302   Code   RO         1619    .text.HAL_I2C_Mem_Write_DMA  stm32f4xx_hal_i2c.o
    0x08003eee   0x08003eee   0x00000002   PAD
    0x08003ef0   0x08003ef0   0x0000015e   Code   RO          111    .text.HAL_I2C_MspInit  i2c.o
    0x0800404e   0x0800404e   0x00000002   PAD
    0x08004050   0x08004050   0x00000008   Code   RO         1693    .text.HAL_I2C_SlaveRxCpltCallback  stm32f4xx_hal_i2c.o
    0x08004058   0x08004058   0x00000008   Code   RO         1691    .text.HAL_I2C_SlaveTxCpltCallback  stm32f4xx_hal_i2c.o
    0x08004060   0x08004060   0x0000001a   Code   RO         1356    .text.HAL_IncTick   stm32f4xx_hal.o
    0x0800407a   0x0800407a   0x00000002   PAD
    0x0800407c   0x0800407c   0x00000036   Code   RO         1346    .text.HAL_Init      stm32f4xx_hal.o
    0x080040b2   0x080040b2   0x00000002   PAD
    0x080040b4   0x080040b4   0x000000f0   Code   RO         2313    .text.HAL_InitTick  stm32f4xx_hal_timebase_tim.o
    0x080041a4   0x080041a4   0x0000004a   Code   RO         2305    .text.HAL_MspInit   stm32f4xx_hal_msp.o
    0x080041ee   0x080041ee   0x00000002   PAD
    0x080041f0   0x080041f0   0x00000014   Code   RO         1422    .text.HAL_NVIC_EnableIRQ  stm32f4xx_hal_cortex.o
    0x08004204   0x08004204   0x00000032   Code   RO         1414    .text.HAL_NVIC_SetPriority  stm32f4xx_hal_cortex.o
    0x08004236   0x08004236   0x00000002   PAD
    0x08004238   0x08004238   0x00000010   Code   RO         1410    .text.HAL_NVIC_SetPriorityGrouping  stm32f4xx_hal_cortex.o
    0x08004248   0x08004248   0x00000262   Code   RO         1790    .text.HAL_RCC_ClockConfig  stm32f4xx_hal_rcc.o
    0x080044aa   0x080044aa   0x00000002   PAD
    0x080044ac   0x080044ac   0x00000054   Code   RO         1808    .text.HAL_RCC_GetClockConfig  stm32f4xx_hal_rcc.o
    0x08004500   0x08004500   0x0000000c   Code   RO         1800    .text.HAL_RCC_GetHCLKFreq  stm32f4xx_hal_rcc.o
    0x0800450c   0x0800450c   0x00000022   Code   RO         1802    .text.HAL_RCC_GetPCLK1Freq  stm32f4xx_hal_rcc.o
    0x0800452e   0x0800452e   0x00000002   PAD
    0x08004530   0x08004530   0x00000022   Code   RO         1804    .text.HAL_RCC_GetPCLK2Freq  stm32f4xx_hal_rcc.o
    0x08004552   0x08004552   0x00000002   PAD
    0x08004554   0x08004554   0x000000e6   Code   RO         1792    .text.HAL_RCC_GetSysClockFreq  stm32f4xx_hal_rcc.o
    0x0800463a   0x0800463a   0x00000002   PAD
    0x0800463c   0x0800463c   0x000006be   Code   RO         1788    .text.HAL_RCC_OscConfig  stm32f4xx_hal_rcc.o
    0x08004cfa   0x08004cfa   0x00000002   PAD
    0x08004cfc   0x08004cfc   0x00000008   Code   RO         2163    .text.HAL_TIMEx_BreakCallback  stm32f4xx_hal_tim_ex.o
    0x08004d04   0x08004d04   0x00000008   Code   RO         2159    .text.HAL_TIMEx_CommutCallback  stm32f4xx_hal_tim_ex.o
    0x08004d0c   0x08004d0c   0x0000009c   Code   RO         1840    .text.HAL_TIM_Base_Init  stm32f4xx_hal_tim.o
    0x08004da8   0x08004da8   0x00000008   Code   RO         1842    .text.HAL_TIM_Base_MspInit  stm32f4xx_hal_tim.o
    0x08004db0   0x08004db0   0x000000f6   Code   RO         1854    .text.HAL_TIM_Base_Start_IT  stm32f4xx_hal_tim.o
    0x08004ea6   0x08004ea6   0x00000002   PAD
    0x08004ea8   0x08004ea8   0x00000008   Code   RO         1976    .text.HAL_TIM_IC_CaptureCallback  stm32f4xx_hal_tim.o
    0x08004eb0   0x08004eb0   0x0000027a   Code   RO         1974    .text.HAL_TIM_IRQHandler  stm32f4xx_hal_tim.o
    0x0800512a   0x0800512a   0x00000002   PAD
    0x0800512c   0x0800512c   0x00000008   Code   RO         1978    .text.HAL_TIM_OC_DelayElapsedCallback  stm32f4xx_hal_tim.o
    0x08005134   0x08005134   0x00000008   Code   RO         1980    .text.HAL_TIM_PWM_PulseFinishedCallback  stm32f4xx_hal_tim.o
    0x0800513c   0x0800513c   0x00000022   Code   RO           59    .text.HAL_TIM_PeriodElapsedCallback  main.o
    0x0800515e   0x0800515e   0x00000002   PAD
    0x08005160   0x08005160   0x00000008   Code   RO         1984    .text.HAL_TIM_TriggerCallback  stm32f4xx_hal_tim.o
    0x08005168   0x08005168   0x0000000c   Code   RO         2266    .text.HAL_UARTEx_RxEventCallback  stm32f4xx_hal_uart.o
    0x08005174   0x08005174   0x00000008   Code   RO         2264    .text.HAL_UART_ErrorCallback  stm32f4xx_hal_uart.o
    0x0800517c   0x0800517c   0x0000041e   Code   RO         2258    .text.HAL_UART_IRQHandler  stm32f4xx_hal_uart.o
    0x0800559a   0x0800559a   0x00000002   PAD
    0x0800559c   0x0800559c   0x0000009a   Code   RO         2176    .text.HAL_UART_Init  stm32f4xx_hal_uart.o
    0x08005636   0x08005636   0x00000002   PAD
    0x08005638   0x08005638   0x000000a2   Code   RO          149    .text.HAL_UART_MspInit  usart.o
    0x080056da   0x080056da   0x00000002   PAD
    0x080056dc   0x080056dc   0x00000008   Code   RO         2276    .text.HAL_UART_RxCpltCallback  stm32f4xx_hal_uart.o
    0x080056e4   0x080056e4   0x00000008   Code   RO         2272    .text.HAL_UART_TxCpltCallback  stm32f4xx_hal_uart.o
    0x080056ec   0x080056ec   0x00000004   Code   RO           72    .text.HardFault_Handler  stm32f4xx_it.o
    0x080056f0   0x080056f0   0x00000010   Code   RO           88    .text.I2C1_ER_IRQHandler  stm32f4xx_it.o
    0x08005700   0x08005700   0x00000010   Code   RO           86    .text.I2C1_EV_IRQHandler  stm32f4xx_it.o
    0x08005710   0x08005710   0x00000052   Code   RO          125    .text.I2C_AsyncMemRead  i2c.o
    0x08005762   0x08005762   0x00000002   PAD
    0x08005764   0x08005764   0x00000052   Code   RO          123    .text.I2C_AsyncMemWrite  i2c.o
    0x080057b6   0x080057b6   0x00000002   PAD
    0x080057b8   0x080057b8   0x00000034   Code   RO         1653    .text.I2C_ConvertOtherXferOptions  stm32f4xx_hal_i2c.o
    0x080057ec   0x080057ec   0x00000156   Code   RO         1637    .text.I2C_DMAAbort  stm32f4xx_hal_i2c.o
    0x08005942   0x08005942   0x00000002   PAD
    0x08005944   0x08005944   0x00000072   Code   RO         1599    .text.I2C_DMAError  stm32f4xx_hal_i2c.o
    0x080059b6   0x080059b6   0x00000002   PAD
    0x080059b8   0x080059b8   0x000001ba   Code   RO         1597    .text.I2C_DMAXferCplt  stm32f4xx_hal_i2c.o
    0x08005b72   0x08005b72   0x00000002   PAD
    0x08005b74   0x08005b74   0x0000027a   Code   RO         1649    .text.I2C_ITError   stm32f4xx_hal_i2c.o
    0x08005dee   0x08005dee   0x00000002   PAD
    0x08005df0   0x08005df0   0x00000064   Code   RO         1717    .text.I2C_IsAcknowledgeFailed  stm32f4xx_hal_i2c.o
    0x08005e54   0x08005e54   0x0000019e   Code   RO         1669    .text.I2C_MasterReceive_BTF  stm32f4xx_hal_i2c.o
    0x08005ff2   0x08005ff2   0x00000002   PAD
    0x08005ff4   0x08005ff4   0x0000013c   Code   RO         1667    .text.I2C_MasterReceive_RXNE  stm32f4xx_hal_i2c.o
    0x08006130   0x08006130   0x000000de   Code   RO         1663    .text.I2C_MasterTransmit_BTF  stm32f4xx_hal_i2c.o
    0x0800620e   0x0800620e   0x00000002   PAD
    0x08006210   0x08006210   0x0000013e   Code   RO         1661    .text.I2C_MasterTransmit_TXE  stm32f4xx_hal_i2c.o
    0x0800634e   0x0800634e   0x00000002   PAD
    0x08006350   0x08006350   0x00000046   Code   RO         1657    .text.I2C_Master_ADD10  stm32f4xx_hal_i2c.o
    0x08006396   0x08006396   0x00000002   PAD
    0x08006398   0x08006398   0x0000033e   Code   RO         1659    .text.I2C_Master_ADDR  stm32f4xx_hal_i2c.o
    0x080066d6   0x080066d6   0x00000002   PAD
    0x080066d8   0x080066d8   0x000000f0   Code   RO         1655    .text.I2C_Master_SB  stm32f4xx_hal_i2c.o
    0x080067c8   0x080067c8   0x00000122   Code   RO         1665    .text.I2C_MemoryTransmit_TXE_BTF  stm32f4xx_hal_i2c.o
    0x080068ea   0x080068ea   0x00000002   PAD
    0x080068ec   0x080068ec   0x000001e2   Code   RO         1613    .text.I2C_RequestMemoryRead  stm32f4xx_hal_i2c.o
    0x08006ace   0x08006ace   0x00000002   PAD
    0x08006ad0   0x08006ad0   0x0000013a   Code   RO         1609    .text.I2C_RequestMemoryWrite  stm32f4xx_hal_i2c.o
    0x08006c0a   0x08006c0a   0x00000002   PAD
    0x08006c0c   0x08006c0c   0x0000002e   Code   RO         1681    .text.I2C_SlaveReceive_BTF  stm32f4xx_hal_i2c.o
    0x08006c3a   0x08006c3a   0x00000002   PAD
    0x08006c3c   0x08006c3c   0x0000006e   Code   RO         1679    .text.I2C_SlaveReceive_RXNE  stm32f4xx_hal_i2c.o
    0x08006caa   0x08006caa   0x00000002   PAD
    0x08006cac   0x08006cac   0x0000002c   Code   RO         1677    .text.I2C_SlaveTransmit_BTF  stm32f4xx_hal_i2c.o
    0x08006cd8   0x08006cd8   0x0000006c   Code   RO         1675    .text.I2C_SlaveTransmit_TXE  stm32f4xx_hal_i2c.o
    0x08006d44   0x08006d44   0x000000ae   Code   RO         1671    .text.I2C_Slave_ADDR  stm32f4xx_hal_i2c.o
    0x08006df2   0x08006df2   0x00000002   PAD
    0x08006df4   0x08006df4   0x000000de   Code   RO         1685    .text.I2C_Slave_AF  stm32f4xx_hal_i2c.o
    0x08006ed2   0x08006ed2   0x00000002   PAD
    0x08006ed4   0x08006ed4   0x0000024a   Code   RO         1673    .text.I2C_Slave_STOPF  stm32f4xx_hal_i2c.o
    0x0800711e   0x0800711e   0x00000002   PAD
    0x08007120   0x08007120   0x000000be   Code   RO         1567    .text.I2C_WaitOnFlagUntilTimeout  stm32f4xx_hal_i2c.o
    0x080071de   0x080071de   0x00000002   PAD
    0x080071e0   0x080071e0   0x00000110   Code   RO         1715    .text.I2C_WaitOnMasterAddressFlagUntilTimeout  stm32f4xx_hal_i2c.o
    0x080072f0   0x080072f0   0x00000078   Code   RO         1713    .text.I2C_WaitOnSTOPRequestThroughIT  stm32f4xx_hal_i2c.o
    0x08007368   0x08007368   0x00000094   Code   RO         1571    .text.I2C_WaitOnTXEFlagUntilTimeout  stm32f4xx_hal_i2c.o
    0x080073fc   0x080073fc   0x0000004a   Code   RO          121    .text.I2C_WaitReceiving  i2c.o
    0x08007446   0x08007446   0x00000002   PAD
    0x08007448   0x08007448   0x0000004a   Code   RO          119    .text.I2C_WaitSending  i2c.o
    0x08007492   0x08007492   0x00000002   PAD
    0x08007494   0x08007494   0x00000014   Code   RO          214    .text.IsException   rtx_delay.o
    0x080074a8   0x080074a8   0x00000014   Code   RO          233    .text.IsException   rtx_evflags.o
    0x080074bc   0x080074bc   0x00000014   Code   RO          655    .text.IsException   rtx_kernel.o
    0x080074d0   0x080074d0   0x00000014   Code   RO          873    .text.IsException   rtx_msgqueue.o
    0x080074e4   0x080074e4   0x00000014   Code   RO          950    .text.IsException   rtx_mutex.o
    0x080074f8   0x080074f8   0x00000014   Code   RO         1131    .text.IsException   rtx_thread.o
    0x0800750c   0x0800750c   0x00000014   Code   RO         1264    .text.IsException   rtx_timer.o
    0x08007520   0x08007520   0x0000002e   Code   RO          216    .text.IsIrqMasked   rtx_delay.o
    0x0800754e   0x0800754e   0x00000002   PAD
    0x08007550   0x08007550   0x0000002e   Code   RO          235    .text.IsIrqMasked   rtx_evflags.o
    0x0800757e   0x0800757e   0x00000002   PAD
    0x08007580   0x08007580   0x0000002e   Code   RO          657    .text.IsIrqMasked   rtx_kernel.o
    0x080075ae   0x080075ae   0x00000002   PAD
    0x080075b0   0x080075b0   0x0000002e   Code   RO          875    .text.IsIrqMasked   rtx_msgqueue.o
    0x080075de   0x080075de   0x00000002   PAD
    0x080075e0   0x080075e0   0x0000002e   Code   RO          952    .text.IsIrqMasked   rtx_mutex.o
    0x0800760e   0x0800760e   0x00000002   PAD
    0x08007610   0x08007610   0x0000002e   Code   RO         1133    .text.IsIrqMasked   rtx_thread.o
    0x0800763e   0x0800763e   0x00000002   PAD
    0x08007640   0x08007640   0x0000002e   Code   RO         1266    .text.IsIrqMasked   rtx_timer.o
    0x0800766e   0x0800766e   0x00000002   PAD
    0x08007670   0x08007670   0x00000014   Code   RO          661    .text.IsPrivileged  rtx_kernel.o
    0x08007684   0x08007684   0x00000050   Code   RO          139    .text.MX_DMA_Init   dma.o
    0x080076d4   0x080076d4   0x000000a8   Code   RO          101    .text.MX_GPIO_Init  gpio.o
    0x0800777c   0x0800777c   0x0000006c   Code   RO          109    .text.MX_I2C1_Init  i2c.o
    0x080077e8   0x080077e8   0x00000040   Code   RO          147    .text.MX_USART2_UART_Init  usart.o
    0x08007828   0x08007828   0x00000018   Code   RO          779    .text.MemBlockPtr   rtx_memory.o
    0x08007840   0x08007840   0x0000000a   Code   RO          777    .text.MemHeadPtr    rtx_memory.o
    0x0800784a   0x0800784a   0x00000002   PAD
    0x0800784c   0x0800784c   0x00000004   Code   RO           74    .text.MemManage_Handler  stm32f4xx_it.o
    0x08007850   0x08007850   0x00000052   Code   RO          923    .text.MessageQueueGet  rtx_msgqueue.o
    0x080078a2   0x080078a2   0x00000002   PAD
    0x080078a4   0x080078a4   0x000000ac   Code   RO          913    .text.MessageQueuePut  rtx_msgqueue.o
    0x08007950   0x08007950   0x00000042   Code   RO          909    .text.MessageQueueRemove  rtx_msgqueue.o
    0x08007992   0x08007992   0x00000002   PAD
    0x08007994   0x08007994   0x00000004   Code   RO           70    .text.NMI_Handler   stm32f4xx_it.o
    0x08007998   0x08007998   0x0000006c   Code   RO         1420    .text.NVIC_EncodePriority  stm32f4xx_hal_cortex.o
    0x08007a04   0x08007a04   0x0000000c   Code   RO         1315    .text.OS_Tick_AcknowledgeIRQ  os_systick.o
    0x08007a10   0x08007a10   0x0000003c   Code   RO         1311    .text.OS_Tick_Enable  os_systick.o
    0x08007a4c   0x08007a4c   0x00000006   Code   RO         1317    .text.OS_Tick_GetIRQn  os_systick.o
    0x08007a52   0x08007a52   0x00000002   PAD
    0x08007a54   0x08007a54   0x0000007e   Code   RO         1309    .text.OS_Tick_Setup  os_systick.o
    0x08007ad2   0x08007ad2   0x00000002   PAD
    0x08007ad4   0x08007ad4   0x0000009e   Code   RO           42    .text.PolePlc_CalculateControlSignal  pole_placement.o
    0x08007b72   0x08007b72   0x00000002   PAD
    0x08007b74   0x08007b74   0x00000034   Code   RO           36    .text.PolePlc_EnableController  pole_placement.o
    0x08007ba8   0x08007ba8   0x0000004c   Code   RO           30    .text.PolePlc_Init  pole_placement.o
    0x08007bf4   0x08007bf4   0x00000010   Code   RO           40    .text.PolePlc_IsControllerEnabled  pole_placement.o
    0x08007c04   0x08007c04   0x0000001a   Code   RO           32    .text.PolePlc_PeriodicTimerFunc  pole_placement.o
    0x08007c1e   0x08007c1e   0x00000002   PAD
    0x08007c20   0x08007c20   0x00000054   Code   RO           34    .text.PolePlc_ThreadFunc  pole_placement.o
    0x08007c74   0x08007c74   0x00000068   Code   RO          703    .text.SVC_Setup     rtx_kernel.o
    0x08007cdc   0x08007cdc   0x00000010   Code   RO         1064    .text.SetPendSV     rtx_system.o
    0x08007cec   0x08007cec   0x00000018   Code   RO         1103    .text.StackOffsetR0  rtx_thread.o
    0x08007d04   0x08007d04   0x0000009e   Code   RO           55    .text.SystemClock_Config  main.o
    0x08007da2   0x08007da2   0x00000002   PAD
    0x08007da4   0x08007da4   0x0000012e   Code   RO         2338    .text.SystemCoreClockUpdate  system_stm32f4xx.o
    0x08007ed2   0x08007ed2   0x00000002   PAD
    0x08007ed4   0x08007ed4   0x00000012   Code   RO         2336    .text.SystemInit    system_stm32f4xx.o
    0x08007ee6   0x08007ee6   0x00000002   PAD
    0x08007ee8   0x08007ee8   0x00000010   Code   RO           92    .text.TIM8_TRG_COM_TIM14_IRQHandler  stm32f4xx_it.o
    0x08007ef8   0x08007ef8   0x0000019a   Code   RO         1844    .text.TIM_Base_SetConfig  stm32f4xx_hal_tim.o
    0x08008092   0x08008092   0x00000002   PAD
    0x08008094   0x08008094   0x0000007c   Code   RO         1183    .text.ThreadFlagsCheck  rtx_thread.o
    0x08008110   0x08008110   0x0000009e   Code   RO         1284    .text.TimerInsert   rtx_timer.o
    0x080081ae   0x080081ae   0x00000002   PAD
    0x080081b0   0x080081b0   0x00000048   Code   RO         1294    .text.TimerRemove   rtx_timer.o
    0x080081f8   0x080081f8   0x00000028   Code   RO         1280    .text.TimerUnlink   rtx_timer.o
    0x08008220   0x08008220   0x00000020   Code   RO         2262    .text.UART_DMAAbortOnError  stm32f4xx_hal_uart.o
    0x08008240   0x08008240   0x00000094   Code   RO         2224    .text.UART_EndRxTransfer  stm32f4xx_hal_uart.o
    0x080082d4   0x080082d4   0x00000026   Code   RO         2270    .text.UART_EndTransmit_IT  stm32f4xx_hal_uart.o
    0x080082fa   0x080082fa   0x00000002   PAD
    0x080082fc   0x080082fc   0x00000164   Code   RO         2260    .text.UART_Receive_IT  stm32f4xx_hal_uart.o
    0x08008460   0x08008460   0x0000013a   Code   RO         2180    .text.UART_SetConfig  stm32f4xx_hal_uart.o
    0x0800859a   0x0800859a   0x00000002   PAD
    0x0800859c   0x0800859c   0x00000094   Code   RO         2268    .text.UART_Transmit_IT  stm32f4xx_hal_uart.o
    0x08008630   0x08008630   0x00000010   Code   RO           90    .text.USART2_IRQHandler  stm32f4xx_it.o
    0x08008640   0x08008640   0x00000004   Code   RO           78    .text.UsageFault_Handler  stm32f4xx_it.o
    0x08008644   0x08008644   0x00000030   Code   RO         1424    .text.__NVIC_EnableIRQ  stm32f4xx_hal_cortex.o
    0x08008674   0x08008674   0x00000010   Code   RO          705    .text.__NVIC_GetPriorityGrouping  rtx_kernel.o
    0x08008684   0x08008684   0x00000010   Code   RO         1416    .text.__NVIC_GetPriorityGrouping  stm32f4xx_hal_cortex.o
    0x08008694   0x08008694   0x00000042   Code   RO         1418    .text.__NVIC_SetPriority  stm32f4xx_hal_cortex.o
    0x080086d6   0x080086d6   0x00000002   PAD
    0x080086d8   0x080086d8   0x0000003c   Code   RO         1412    .text.__NVIC_SetPriorityGrouping  stm32f4xx_hal_cortex.o
    0x08008714   0x08008714   0x00000096   Code   RO          742    .text.__user_perthread_libspace  rtx_lib.o
    0x080087aa   0x080087aa   0x00000002   PAD
    0x080087ac   0x080087ac   0x00000020   Code   RO          748    .text._mutex_acquire  rtx_lib.o
    0x080087cc   0x080087cc   0x00000012   Code   RO          752    .text._mutex_free   rtx_lib.o
    0x080087de   0x080087de   0x00000002   PAD
    0x080087e0   0x080087e0   0x00000032   Code   RO          746    .text._mutex_initialize  rtx_lib.o
    0x08008812   0x08008812   0x00000002   PAD
    0x08008814   0x08008814   0x0000001c   Code   RO          750    .text._mutex_release  rtx_lib.o
    0x08008830   0x08008830   0x00000008   Code   RO          738    .text._platform_post_stackheap_init  rtx_lib.o
    0x08008838   0x08008838   0x00000038   Code   RO          263    .text.atomic_chk32_all  rtx_evflags.o
    0x08008870   0x08008870   0x00000038   Code   RO         1185    .text.atomic_chk32_all  rtx_thread.o
    0x080088a8   0x080088a8   0x00000034   Code   RO          265    .text.atomic_chk32_any  rtx_evflags.o
    0x080088dc   0x080088dc   0x00000034   Code   RO         1187    .text.atomic_chk32_any  rtx_thread.o
    0x08008910   0x08008910   0x0000002c   Code   RO         1066    .text.atomic_dec16_nz  rtx_system.o
    0x0800893c   0x0800893c   0x00000020   Code   RO          804    .text.atomic_dec32  rtx_mempool.o
    0x0800895c   0x0800895c   0x00000028   Code   RO          925    .text.atomic_dec32_nz  rtx_msgqueue.o
    0x08008984   0x08008984   0x00000034   Code   RO         1068    .text.atomic_inc16_lim  rtx_system.o
    0x080089b8   0x080089b8   0x00000038   Code   RO         1072    .text.atomic_inc16_lt  rtx_system.o
    0x080089f0   0x080089f0   0x00000020   Code   RO          798    .text.atomic_inc32  rtx_mempool.o
    0x08008a10   0x08008a10   0x00000020   Code   RO          915    .text.atomic_inc32  rtx_msgqueue.o
    0x08008a30   0x08008a30   0x00000028   Code   RO          796    .text.atomic_link_get  rtx_mempool.o
    0x08008a58   0x08008a58   0x00000030   Code   RO          802    .text.atomic_link_put  rtx_mempool.o
    0x08008a88   0x08008a88   0x00000028   Code   RO          275    .text.atomic_set32  rtx_evflags.o
    0x08008ab0   0x08008ab0   0x00000028   Code   RO          927    .text.atomic_wr8    rtx_msgqueue.o
    0x08008ad8   0x08008ad8   0x00000066   Code   RO          241    .text.isrRtxEventFlagsSet  rtx_evflags.o
    0x08008b3e   0x08008b3e   0x00000002   PAD
    0x08008b40   0x08008b40   0x00000086   Code   RO          253    .text.isrRtxEventFlagsWait  rtx_evflags.o
    0x08008bc6   0x08008bc6   0x00000002   PAD
    0x08008bc8   0x08008bc8   0x000000a8   Code   RO          885    .text.isrRtxMessageQueueGet  rtx_msgqueue.o
    0x08008c70   0x08008c70   0x000000b8   Code   RO          881    .text.isrRtxMessageQueuePut  rtx_msgqueue.o
    0x08008d28   0x08008d28   0x00000054   Code   RO         1048    .text.isr_queue_get  rtx_system.o
    0x08008d7c   0x08008d7c   0x0000005e   Code   RO         1062    .text.isr_queue_put  rtx_system.o
    0x08008dda   0x08008dda   0x00000002   PAD
    0x08008ddc   0x08008ddc   0x00000042   Code   RO           53    .text.main          main.o
    0x08008e1e   0x08008e1e   0x00000002   PAD
    0x08008e20   0x08008e20   0x00000054   Code   RO          212    .text.osDelay       rtx_delay.o
    0x08008e74   0x08008e74   0x00000056   Code   RO          231    .text.osEventFlagsNew  rtx_evflags.o
    0x08008eca   0x08008eca   0x00000002   PAD
    0x08008ecc   0x08008ecc   0x0000005e   Code   RO          239    .text.osEventFlagsSet  rtx_evflags.o
    0x08008f2a   0x08008f2a   0x00000002   PAD
    0x08008f2c   0x08008f2c   0x0000007e   Code   RO          251    .text.osEventFlagsWait  rtx_evflags.o
    0x08008faa   0x08008faa   0x00000002   PAD
    0x08008fac   0x08008fac   0x00000042   Code   RO          665    .text.osKernelGetState  rtx_kernel.o
    0x08008fee   0x08008fee   0x00000002   PAD
    0x08008ff0   0x08008ff0   0x0000003a   Code   RO          681    .text.osKernelGetTickCount  rtx_kernel.o
    0x0800902a   0x0800902a   0x00000002   PAD
    0x0800902c   0x0800902c   0x0000004a   Code   RO          653    .text.osKernelInitialize  rtx_kernel.o
    0x08009076   0x08009076   0x00000002   PAD
    0x08009078   0x08009078   0x00000046   Code   RO          669    .text.osKernelStart  rtx_kernel.o
    0x080090be   0x080090be   0x00000002   PAD
    0x080090c0   0x080090c0   0x0000007e   Code   RO          883    .text.osMessageQueueGet  rtx_msgqueue.o
    0x0800913e   0x0800913e   0x00000002   PAD
    0x08009140   0x08009140   0x0000008a   Code   RO          879    .text.osMessageQueuePut  rtx_msgqueue.o
    0x080091ca   0x080091ca   0x00000002   PAD
    0x080091cc   0x080091cc   0x00000064   Code   RO          956    .text.osMutexAcquire  rtx_mutex.o
    0x08009230   0x08009230   0x00000056   Code   RO          962    .text.osMutexDelete  rtx_mutex.o
    0x08009286   0x08009286   0x00000002   PAD
    0x08009288   0x08009288   0x00000056   Code   RO          948    .text.osMutexNew    rtx_mutex.o
    0x080092de   0x080092de   0x00000002   PAD
    0x080092e0   0x080092e0   0x00000056   Code   RO          958    .text.osMutexRelease  rtx_mutex.o
    0x08009336   0x08009336   0x00000002   PAD
    0x08009338   0x08009338   0x0000002e   Code   RO         1337    .text.osRtxErrorNotify  rtx_config.o
    0x08009366   0x08009366   0x00000002   PAD
    0x08009368   0x08009368   0x0000000a   Code   RO          269    .text.osRtxEventFlagsId  rtx_evflags.o
    0x08009372   0x08009372   0x00000002   PAD
    0x08009374   0x08009374   0x0000000a   Code   RO         1052    .text.osRtxEventFlagsObject  rtx_system.o
    0x0800937e   0x0800937e   0x00000002   PAD
    0x08009380   0x08009380   0x0000005c   Code   RO          259    .text.osRtxEventFlagsPostProcess  rtx_evflags.o
    0x080093dc   0x080093dc   0x00000008   Code   RO         1335    .text.osRtxIdleThread  rtx_config.o
    0x080093e4   0x080093e4   0x0000001c   Code   RO          651    .text.osRtxKernelErrorNotify  rtx_kernel.o
    0x08009400   0x08009400   0x0000000c   Code   RO         1044    .text.osRtxKernelGetState  rtx_system.o
    0x0800940c   0x0800940c   0x0000000c   Code   RO         1109    .text.osRtxKernelGetState  rtx_thread.o
    0x08009418   0x08009418   0x00000002   Code   RO          649    .text.osRtxKernelPreInit  rtx_kernel.o
    0x0800941a   0x0800941a   0x00000002   PAD
    0x0800941c   0x0800941c   0x0000000c   Code   RO          699    .text.osRtxKernelState  rtx_kernel.o
    0x08009428   0x08009428   0x0000014c   Code   RO          781    .text.osRtxMemoryAlloc  rtx_memory.o
    0x08009574   0x08009574   0x000000c2   Code   RO          783    .text.osRtxMemoryFree  rtx_memory.o
    0x08009636   0x08009636   0x00000002   PAD
    0x08009638   0x08009638   0x00000096   Code   RO          775    .text.osRtxMemoryInit  rtx_memory.o
    0x080096ce   0x080096ce   0x00000002   PAD
    0x080096d0   0x080096d0   0x0000004a   Code   RO          794    .text.osRtxMemoryPoolAlloc  rtx_mempool.o
    0x0800971a   0x0800971a   0x00000002   PAD
    0x0800971c   0x0800971c   0x00000064   Code   RO          800    .text.osRtxMemoryPoolFree  rtx_mempool.o
    0x08009780   0x08009780   0x00000098   Code   RO          792    .text.osRtxMemoryPoolInit  rtx_mempool.o
    0x08009818   0x08009818   0x0000000a   Code   RO         1056    .text.osRtxMemoryPoolObject  rtx_system.o
    0x08009822   0x08009822   0x00000002   PAD
    0x08009824   0x08009824   0x0000000a   Code   RO         1058    .text.osRtxMessageObject  rtx_system.o
    0x0800982e   0x0800982e   0x00000002   PAD
    0x08009830   0x08009830   0x0000000a   Code   RO          867    .text.osRtxMessageQueueId  rtx_msgqueue.o
    0x0800983a   0x0800983a   0x00000002   PAD
    0x0800983c   0x0800983c   0x00000144   Code   RO          907    .text.osRtxMessageQueuePostProcess  rtx_msgqueue.o
    0x08009980   0x08009980   0x0000003e   Code   RO          865    .text.osRtxMessageQueueTimerSetup  rtx_msgqueue.o
    0x080099be   0x080099be   0x00000002   PAD
    0x080099c0   0x080099c0   0x0000000a   Code   RO          968    .text.osRtxMutexId  rtx_mutex.o
    0x080099ca   0x080099ca   0x00000002   PAD
    0x080099cc   0x080099cc   0x0000000a   Code   RO         1099    .text.osRtxMutexObject  rtx_thread.o
    0x080099d6   0x080099d6   0x00000002   PAD
    0x080099d8   0x080099d8   0x00000098   Code   RO          942    .text.osRtxMutexOwnerRelease  rtx_mutex.o
    0x08009a70   0x08009a70   0x000000ac   Code   RO          946    .text.osRtxMutexOwnerRestore  rtx_mutex.o
    0x08009b1c   0x08009b1c   0x0000000a   Code   RO          273    .text.osRtxObject   rtx_evflags.o
    0x08009b26   0x08009b26   0x00000002   PAD
    0x08009b28   0x08009b28   0x0000000a   Code   RO          911    .text.osRtxObject   rtx_msgqueue.o
    0x08009b32   0x08009b32   0x00000002   PAD
    0x08009b34   0x08009b34   0x0000000a   Code   RO          944    .text.osRtxObject   rtx_mutex.o
    0x08009b3e   0x08009b3e   0x00000002   PAD
    0x08009b40   0x08009b40   0x0000000a   Code   RO         1070    .text.osRtxObject   rtx_system.o
    0x08009b4a   0x08009b4a   0x00000002   PAD
    0x08009b4c   0x08009b4c   0x0000000a   Code   RO         1089    .text.osRtxObject   rtx_thread.o
    0x08009b56   0x08009b56   0x00000002   PAD
    0x08009b58   0x08009b58   0x000000b8   Code   RO         1046    .text.osRtxPendSV_Handler  rtx_system.o
    0x08009c10   0x08009c10   0x00000042   Code   RO         1060    .text.osRtxPostProcess  rtx_system.o
    0x08009c52   0x08009c52   0x00000002   PAD
    0x08009c54   0x08009c54   0x0000000a   Code   RO         1054    .text.osRtxSemaphoreObject  rtx_system.o
    0x08009c5e   0x08009c5e   0x00000002   PAD
    0x08009c60   0x08009c60   0x00000088   Code   RO         1113    .text.osRtxThreadBlock  rtx_thread.o
    0x08009ce8   0x08009ce8   0x000000fa   Code   RO         1121    .text.osRtxThreadDelayInsert  rtx_thread.o
    0x08009de2   0x08009de2   0x00000002   PAD
    0x08009de4   0x08009de4   0x0000009c   Code   RO         1117    .text.osRtxThreadDelayRemove  rtx_thread.o
    0x08009e80   0x08009e80   0x00000150   Code   RO         1095    .text.osRtxThreadDelayTick  rtx_thread.o
    0x08009fd0   0x08009fd0   0x00000060   Code   RO         1225    .text.osRtxThreadDestroy  rtx_thread.o
    0x0800a030   0x0800a030   0x00000096   Code   RO         1107    .text.osRtxThreadDispatch  rtx_thread.o
    0x0800a0c6   0x0800a0c6   0x00000002   PAD
    0x0800a0c8   0x0800a0c8   0x0000009c   Code   RO         1215    .text.osRtxThreadFree  rtx_thread.o
    0x0800a164   0x0800a164   0x0000000c   Code   RO          285    .text.osRtxThreadGetRunning  rtx_evflags.o
    0x0800a170   0x0800a170   0x0000000c   Code   RO          921    .text.osRtxThreadGetRunning  rtx_msgqueue.o
    0x0800a17c   0x0800a17c   0x0000000c   Code   RO          972    .text.osRtxThreadGetRunning  rtx_mutex.o
    0x0800a188   0x0800a188   0x0000000c   Code   RO         1111    .text.osRtxThreadGetRunning  rtx_thread.o
    0x0800a194   0x0800a194   0x0000000c   Code   RO         1278    .text.osRtxThreadGetRunning  rtx_timer.o
    0x0800a1a0   0x0800a1a0   0x0000000a   Code   RO         1125    .text.osRtxThreadId  rtx_thread.o
    0x0800a1aa   0x0800a1aa   0x00000002   PAD
    0x0800a1ac   0x0800a1ac   0x0000003c   Code   RO         1221    .text.osRtxThreadJoinWakeup  rtx_thread.o
    0x0800a1e8   0x0800a1e8   0x00000036   Code   RO         1085    .text.osRtxThreadListGet  rtx_thread.o
    0x0800a21e   0x0800a21e   0x00000002   PAD
    0x0800a220   0x0800a220   0x00000076   Code   RO         1081    .text.osRtxThreadListPut  rtx_thread.o
    0x0800a296   0x0800a296   0x00000002   PAD
    0x0800a298   0x0800a298   0x00000032   Code   RO         1091    .text.osRtxThreadListRemove  rtx_thread.o
    0x0800a2ca   0x0800a2ca   0x00000002   PAD
    0x0800a2cc   0x0800a2cc   0x00000022   Code   RO         1097    .text.osRtxThreadListRoot  rtx_thread.o
    0x0800a2ee   0x0800a2ee   0x00000002   PAD
    0x0800a2f0   0x0800a2f0   0x00000058   Code   RO         1087    .text.osRtxThreadListSort  rtx_thread.o
    0x0800a348   0x0800a348   0x0000000a   Code   RO         1050    .text.osRtxThreadObject  rtx_system.o
    0x0800a352   0x0800a352   0x00000002   PAD
    0x0800a354   0x0800a354   0x0000000a   Code   RO         1083    .text.osRtxThreadObject  rtx_thread.o
    0x0800a35e   0x0800a35e   0x00000002   PAD
    0x0800a360   0x0800a360   0x00000044   Code   RO         1181    .text.osRtxThreadPostProcess  rtx_thread.o
    0x0800a3a4   0x0800a3a4   0x00000020   Code   RO         1093    .text.osRtxThreadReadyPut  rtx_thread.o
    0x0800a3c4   0x0800a3c4   0x00000022   Code   RO         1101    .text.osRtxThreadRegPtr  rtx_thread.o
    0x0800a3e6   0x0800a3e6   0x00000002   PAD
    0x0800a3e8   0x0800a3e8   0x00000014   Code   RO         1223    .text.osRtxThreadSetRunning  rtx_thread.o
    0x0800a3fc   0x0800a3fc   0x00000014   Code   RO         1282    .text.osRtxThreadSetRunning  rtx_timer.o
    0x0800a410   0x0800a410   0x00000096   Code   RO         1123    .text.osRtxThreadStartup  rtx_thread.o
    0x0800a4a6   0x0800a4a6   0x00000002   PAD
    0x0800a4a8   0x0800a4a8   0x00000022   Code   RO         1105    .text.osRtxThreadSwitch  rtx_thread.o
    0x0800a4ca   0x0800a4ca   0x00000002   PAD
    0x0800a4cc   0x0800a4cc   0x00000076   Code   RO         1119    .text.osRtxThreadWaitEnter  rtx_thread.o
    0x0800a542   0x0800a542   0x00000002   PAD
    0x0800a544   0x0800a544   0x00000046   Code   RO         1115    .text.osRtxThreadWaitExit  rtx_thread.o
    0x0800a58a   0x0800a58a   0x00000002   PAD
    0x0800a58c   0x0800a58c   0x00000110   Code   RO         1042    .text.osRtxTick_Handler  rtx_system.o
    0x0800a69c   0x0800a69c   0x0000000a   Code   RO         1290    .text.osRtxTimerId  rtx_timer.o
    0x0800a6a6   0x0800a6a6   0x00000002   PAD
    0x0800a6a8   0x0800a6a8   0x00000030   Code   RO         1256    .text.osRtxTimerSetup  rtx_timer.o
    0x0800a6d8   0x0800a6d8   0x00000032   Code   RO         1260    .text.osRtxTimerThread  rtx_timer.o
    0x0800a70a   0x0800a70a   0x00000002   PAD
    0x0800a70c   0x0800a70c   0x000000dc   Code   RO         1258    .text.osRtxTimerTick  rtx_timer.o
    0x0800a7e8   0x0800a7e8   0x00000024   Code   RO         1161    .text.osThreadExit  rtx_thread.o
    0x0800a80c   0x0800a80c   0x0000003a   Code   RO         1137    .text.osThreadGetId  rtx_thread.o
    0x0800a846   0x0800a846   0x00000002   PAD
    0x0800a848   0x0800a848   0x00000072   Code   RO         1129    .text.osThreadNew   rtx_thread.o
    0x0800a8ba   0x0800a8ba   0x00000002   PAD
    0x0800a8bc   0x0800a8bc   0x00000056   Code   RO         1163    .text.osThreadTerminate  rtx_thread.o
    0x0800a912   0x0800a912   0x00000002   PAD
    0x0800a914   0x0800a914   0x0000008a   Code   RO         1262    .text.osTimerNew    rtx_timer.o
    0x0800a99e   0x0800a99e   0x00000002   PAD
    0x0800a9a0   0x0800a9a0   0x00000064   Code   RO         1270    .text.osTimerStart  rtx_timer.o
    0x0800aa04   0x0800aa04   0x00000036   Code   RO          744    .text.os_kernel_is_active  rtx_lib.o
    0x0800aa3a   0x0800aa3a   0x00000002   PAD
    0x0800aa3c   0x0800aa3c   0x00000050   Code   RO          220    .text.svcRtxDelay   rtx_delay.o
    0x0800aa8c   0x0800aa8c   0x00000116   Code   RO          257    .text.svcRtxEventFlagsNew  rtx_evflags.o
    0x0800aba2   0x0800aba2   0x00000002   PAD
    0x0800aba4   0x0800aba4   0x000000d4   Code   RO          277    .text.svcRtxEventFlagsSet  rtx_evflags.o
    0x0800ac78   0x0800ac78   0x000000d2   Code   RO          283    .text.svcRtxEventFlagsWait  rtx_evflags.o
    0x0800ad4a   0x0800ad4a   0x00000002   PAD
    0x0800ad4c   0x0800ad4c   0x00000016   Code   RO          667    .text.svcRtxKernelGetState  rtx_kernel.o
    0x0800ad62   0x0800ad62   0x00000002   PAD
    0x0800ad64   0x0800ad64   0x0000001c   Code   RO          683    .text.svcRtxKernelGetTickCount  rtx_kernel.o
    0x0800ad80   0x0800ad80   0x000002f8   Code   RO          697    .text.svcRtxKernelInitialize  rtx_kernel.o
    0x0800b078   0x0800b078   0x000000da   Code   RO          701    .text.svcRtxKernelStart  rtx_kernel.o
    0x0800b152   0x0800b152   0x00000002   PAD
    0x0800b154   0x0800b154   0x00000164   Code   RO          929    .text.svcRtxMessageQueueGet  rtx_msgqueue.o
    0x0800b2b8   0x0800b2b8   0x0000029c   Code   RO          869    .text.svcRtxMessageQueueNew  rtx_msgqueue.o
    0x0800b554   0x0800b554   0x00000158   Code   RO          919    .text.svcRtxMessageQueuePut  rtx_msgqueue.o
    0x0800b6ac   0x0800b6ac   0x00000172   Code   RO          970    .text.svcRtxMutexAcquire  rtx_mutex.o
    0x0800b81e   0x0800b81e   0x00000002   PAD
    0x0800b820   0x0800b820   0x0000016e   Code   RO          978    .text.svcRtxMutexDelete  rtx_mutex.o
    0x0800b98e   0x0800b98e   0x00000002   PAD
    0x0800b990   0x0800b990   0x0000011e   Code   RO          964    .text.svcRtxMutexNew  rtx_mutex.o
    0x0800baae   0x0800baae   0x00000002   PAD
    0x0800bab0   0x0800bab0   0x0000019c   Code   RO          974    .text.svcRtxMutexRelease  rtx_mutex.o
    0x0800bc4c   0x0800bc4c   0x00000062   Code   RO         1219    .text.svcRtxThreadExit  rtx_thread.o
    0x0800bcae   0x0800bcae   0x00000002   PAD
    0x0800bcb0   0x0800bcb0   0x00000016   Code   RO         1139    .text.svcRtxThreadGetId  rtx_thread.o
    0x0800bcc6   0x0800bcc6   0x00000002   PAD
    0x0800bcc8   0x0800bcc8   0x000003f2   Code   RO         1127    .text.svcRtxThreadNew  rtx_thread.o
    0x0800c0ba   0x0800c0ba   0x00000002   PAD
    0x0800c0bc   0x0800c0bc   0x00000110   Code   RO         1227    .text.svcRtxThreadTerminate  rtx_thread.o
    0x0800c1cc   0x0800c1cc   0x00000158   Code   RO         1286    .text.svcRtxTimerNew  rtx_timer.o
    0x0800c324   0x0800c324   0x0000009a   Code   RO         1292    .text.svcRtxTimerStart  rtx_timer.o
    0x0800c3be   0x0800c3be   0x00000002   PAD
    0x0800c3c0   0x0800c3c0   0x00000012   Code   RO         1179    .text.xPSR_InitVal  rtx_thread.o
    0x0800c3d2   0x0800c3d2   0x00000026   Code   RO         2431    i.__ARM_fpclassifyf  m_wm.l(fpclassifyf.o)
    0x0800c3f8   0x0800c3f8   0x0000012c   Code   RO         2381    i.__hardfp_asinf    m_wm.l(asinf.o)
    0x0800c524   0x0800c524   0x000002ac   Code   RO         2387    i.__hardfp_atan2f   m_wm.l(atan2f.o)
    0x0800c7d0   0x0800c7d0   0x00000150   Code   RO         2393    i.__hardfp_cosf     m_wm.l(cosf.o)
    0x0800c920   0x0800c920   0x00000190   Code   RO         2399    i.__hardfp_sinf     m_wm.l(sinf.o)
    0x0800cab0   0x0800cab0   0x0000007a   Code   RO         2405    i.__hardfp_sqrt     m_wm.l(sqrt.o)
    0x0800cb2a   0x0800cb2a   0x00000006   Code   RO         2434    i.__mathlib_flt_infnan  m_wm.l(funder.o)
    0x0800cb30   0x0800cb30   0x00000006   Code   RO         2435    i.__mathlib_flt_infnan2  m_wm.l(funder.o)
    0x0800cb36   0x0800cb36   0x00000002   PAD
    0x0800cb38   0x0800cb38   0x00000010   Code   RO         2436    i.__mathlib_flt_invalid  m_wm.l(funder.o)
    0x0800cb48   0x0800cb48   0x00000010   Code   RO         2439    i.__mathlib_flt_underflow  m_wm.l(funder.o)
    0x0800cb58   0x0800cb58   0x00000154   Code   RO         2447    i.__mathlib_rredf2  m_wm.l(rredf.o)
    0x0800ccac   0x0800ccac   0x0000003e   Code   RO         2452    i.sqrtf             m_wm.l(sqrtf.o)
    0x0800ccea   0x0800ccea   0x00000002   PAD
    0x0800ccec   0x0800ccec   0x00000062   Code   RO         2363    x$fpl$d2f           fz_wm.l(d2f.o)
    0x0800cd4e   0x0800cd4e   0x00000002   PAD
    0x0800cd50   0x0800cd50   0x00000150   Code   RO         2365    x$fpl$dadd          fz_wm.l(daddsub_clz.o)
    0x0800cea0   0x0800cea0   0x000002b4   Code   RO         2372    x$fpl$ddiv          fz_wm.l(ddiv.o)
    0x0800d154   0x0800d154   0x00000154   Code   RO         2375    x$fpl$dmul          fz_wm.l(dmul.o)
    0x0800d2a8   0x0800d2a8   0x0000009c   Code   RO         2420    x$fpl$dnaninf       fz_wm.l(dnaninf.o)
    0x0800d344   0x0800d344   0x0000000c   Code   RO         2422    x$fpl$dretinf       fz_wm.l(dretinf.o)
    0x0800d350   0x0800d350   0x00000198   Code   RO         2424    x$fpl$dsqrt         fz_wm.l(dsqrt_umaal.o)
    0x0800d4e8   0x0800d4e8   0x000001dc   Code   RO         2367    x$fpl$dsub          fz_wm.l(daddsub_clz.o)
    0x0800d6c4   0x0800d6c4   0x00000056   Code   RO         2377    x$fpl$f2d           fz_wm.l(f2d.o)
    0x0800d71a   0x0800d71a   0x0000008c   Code   RO         2426    x$fpl$fnaninf       fz_wm.l(fnaninf.o)
    0x0800d7a6   0x0800d7a6   0x0000001a   Code   RO         2379    x$fpl$fpinit        fz_wm.l(fpinit.o)
    0x0800d7c0   0x0800d7c0   0x0000000a   Code   RO         2428    x$fpl$fretinf       fz_wm.l(fretinf.o)
    0x0800d7ca   0x0800d7ca   0x00000000   Code   RO         2430    x$fpl$usenofp       fz_wm.l(usenofp.o)
    0x0800d7ca   0x0800d7ca   0x00000002   PAD
    0x0800d7cc   0x0800d7cc   0x00000020   Data   RO         2448    .constdata          m_wm.l(rredf.o)
    0x0800d7ec   0x0800d7ec   0x000000a8   Data   RO          758    .rodata             rtx_lib.o
    0x0800d894   0x0800d894   0x00000001   Data   RO           10    .rodata..L__const.BMX160_InitMagneto.magIfReg  bmx160.o
    0x0800d895   0x0800d895   0x00000001   Data   RO           11    .rodata..L__const.BMX160_InitMagneto.magnetoConfig  bmx160.o
    0x0800d896   0x0800d896   0x00000010   Data   RO         2341    .rodata.AHBPrescTable  system_stm32f4xx.o
    0x0800d8a6   0x0800d8a6   0x00000008   Data   RO         2342    .rodata.APBPrescTable  system_stm32f4xx.o
    0x0800d8ae   0x0800d8ae   0x00000008   Data   RO         1511    .rodata.DMA_CalcBaseAndBitshift.flagBitshiftOffset  stm32f4xx_hal_dma.o
    0x0800d8b6   0x0800d8b6   0x00000002   PAD
    0x0800d8b8   0x0800d8b8   0x00000004   Data   RO          760    .rodata.osRtxUserSVC  rtx_lib.o
    0x0800d8bc   0x0800d8bc   0x00000024   Data   RO          755    .rodata.os_idle_thread_attr  rtx_lib.o
    0x0800d8e0   0x0800d8e0   0x00000018   Data   RO          757    .rodata.os_timer_mq_attr  rtx_lib.o
    0x0800d8f8   0x0800d8f8   0x00000024   Data   RO          756    .rodata.os_timer_thread_attr  rtx_lib.o
    0x0800d91c   0x0800d91c   0x0000000b   Data   RO          729    .rodata.str1.1      rtx_kernel.o
    0x0800d927   0x0800d927   0x00000001   PAD
    0x0800d928   0x0800d928   0x00000020   Data   RO         2624    Region$$Table       anon$$obj.o


    Execution Region RW_IRAM1 (Exec base: 0x20000000, Load base: 0x0800d948, Size: 0x00017d08, Max: 0x00020000, ABSOLUTE, COMPRESSED[0x00000068])

    Exec Addr    Load Addr    Size         Type   Attr      Idx    E Section Name        Object

    0x20000000   COMPRESSED   0x0000009c   Data   RW          164    .data.AHRS          app_main.o
    0x2000009c   COMPRESSED   0x00000004   PAD
    0x200000a0   COMPRESSED   0x00000068   Data   RW          163    .data.BMX160        app_main.o
    0x20000108   COMPRESSED   0x00000194   Data   RW          165    .data.PolePlacement  app_main.o
    0x2000029c   COMPRESSED   0x00000004   Data   RW         2340    .data.SystemCoreClock  system_stm32f4xx.o
    0x200002a0   COMPRESSED   0x000000a4   Data   RW          730    .data.os            rtx_kernel.o
    0x20000344   COMPRESSED   0x00000001   Data   RW         1401    .data.uwTickFreq    stm32f4xx_hal.o
    0x20000345   COMPRESSED   0x00000003   PAD
    0x20000348   COMPRESSED   0x00000004   Data   RW         1400    .data.uwTickPrio    stm32f4xx_hal.o
    0x2000034c   COMPRESSED   0x00000004   PAD
    0x20000350        -       0x00000060   Zero   RW         2481    .bss                c_w.l(libspace.o)
    0x200003b0        -       0x00000004   Zero   RW          129    .bss.EVT_I2C1_RX    i2c.o
    0x200003b4        -       0x00000004   Zero   RW          128    .bss.EVT_I2C1_TX    i2c.o
    0x200003b8        -       0x00000004   Zero   RW           61    .bss.HAL_GetTick.ticks  main.o
    0x200003bc        -       0x00000060   Zero   RW          130    .bss.hdma_i2c1_rx   i2c.o
    0x2000041c        -       0x00000060   Zero   RW          131    .bss.hdma_i2c1_tx   i2c.o
    0x2000047c        -       0x00000054   Zero   RW          127    .bss.hi2c1          i2c.o
    0x200004d0        -       0x00000048   Zero   RW         2319    .bss.htim14         stm32f4xx_hal_timebase_tim.o
    0x20000518        -       0x00000044   Zero   RW          153    .bss.huart2         usart.o
    0x2000055c   COMPRESSED   0x00000004   PAD
    0x20000560        -       0x00016aa0   Zero   RW          754    .bss.os             rtx_lib.o
    0x20017000        -       0x00000001   Zero   RW         1327    .bss.os             os_systick.o
    0x20017001   COMPRESSED   0x00000003   PAD
    0x20017004        -       0x000001f0   Zero   RW          761    .bss.os.libspace    rtx_lib.o
    0x200171f4        -       0x00000034   Zero   RW          765    .bss.os.msgqueue.cb  rtx_lib.o
    0x20017228        -       0x00000050   Zero   RW          766    .bss.os.msgqueue.mem  rtx_lib.o
    0x20017278        -       0x00000088   Zero   RW          762    .bss.os.thread.cb   rtx_lib.o
    0x20017300        -       0x00000200   Zero   RW          763    .bss.os.thread.idle.stack  rtx_lib.o
    0x20017500        -       0x00000200   Zero   RW          764    .bss.os.thread.timer.stack  rtx_lib.o
    0x20017700        -       0x00000001   Zero   RW          767    .bss.os_kernel_is_active.os_kernel_active  rtx_lib.o
    0x20017701   COMPRESSED   0x00000003   PAD
    0x20017704        -       0x00000004   Zero   RW         1402    .bss.uwTick         stm32f4xx_hal.o
    0x20017708        -       0x00000200   Zero   RW         2327    HEAP                startup_stm32f407xx.o
    0x20017908        -       0x00000400   Zero   RW         2326    STACK               startup_stm32f407xx.o


==============================================================================

Image component sizes


      Code (inc. data)   RO Data    RW Data    ZI Data      Debug   Object Name

      4974         16          0          0          0       8251   ahrs.o
        78          0          0        664          0       5834   app_main.o
      1274         28          2          0          0       6595   bmx160.o
        52          0          0          0          0        813   calc.o
        80          0          0          0          0       3401   dma.o
       168          0          0          0          0       2271   gpio.o
       906          0          0          0        284       8697   i2c.o
       200         12          0          0          0        749   irq_armv7m.o
       366          0          0          0          4       6455   main.o
       204          0          0          0          1       4644   os_systick.o
       412          4          0          0          0       2660   pole_placement.o
        54          6          0          0          0        720   rtx_config.o
       230          0          0          0          0       2785   rtx_delay.o
      1730          0          0          0          0      10661   rtx_evflags.o
       712          0          0          0          0      25277   rtx_evr.o
      1544          0         11        164          0      14542   rtx_kernel.o
       362          0        268          0      94621       7545   rtx_lib.o
       710          0          0          0          0       2373   rtx_memory.o
       478          0          0          0          0      12333   rtx_mempool.o
      2900          0          0          0          0      14917   rtx_msgqueue.o
      2214          0          0          0          0       8901   rtx_mutex.o
       940         10          0          0          0       6190   rtx_system.o
      4310          6          0          0          0      26429   rtx_thread.o
      1432          0          0          0          0       8917   rtx_timer.o
        64         26        392          0       1536        888   startup_stm32f407xx.o
        80          0          0          5          4       7438   stm32f4xx_hal.o
       384          0          0          0          0       9758   stm32f4xx_hal_cortex.o
      2094          8          8          0          0       8708   stm32f4xx_hal_dma.o
       996          0          0          0          0       5337   stm32f4xx_hal_gpio.o
     10940          0          0          0          0      37573   stm32f4xx_hal_i2c.o
        74          0          0          0          0       1701   stm32f4xx_hal_msp.o
      2730          0          0          0          0       7831   stm32f4xx_hal_rcc.o
      1486          0          0          0          0      36232   stm32f4xx_hal_tim.o
        16          0          0          0          0      15563   stm32f4xx_hal_tim_ex.o
       240          0          0          0         72       7392   stm32f4xx_hal_timebase_tim.o
      2280          0          0          0          0      20360   stm32f4xx_hal_uart.o
       118          0          0          0          0       1425   stm32f4xx_it.o
       320          0         24          4          0       2647   system_stm32f4xx.o
       226          0          0          0         68       6818   usart.o

    ----------------------------------------------------------------------
     48766        116        740        844      96604     361631   Object Totals
         0          0         32          0          0          0   (incl. Generated)
       388          0          3          7         14          0   (incl. Padding)

    ----------------------------------------------------------------------

      Code (inc. data)   RO Data    RW Data    ZI Data      Debug   Library Member Name

        58          0          0          0          0          0   __dczerorl.o
         8          0          0          0          0         68   __main.o
         0          0          0          0          0          0   __rtentry.o
        20          0          0          0          0          0   __rtentry2.o
         6          0          0          0          0          0   __rtentry4.o
        52          8          0          0          0          0   __scatter.o
        28          0          0          0          0          0   __scatter_zi.o
        22          0          0          0          0        100   _rserrno.o
        18          0          0          0          0         80   exit.o
         6          0          0          0          0        152   heapauxi.o
         0          0          0          0          0          0   indicate_semi.o
         2          0          0          0          0          0   libinit.o
         6          0          0          0          0          0   libinit2.o
         2          0          0          0          0          0   libshutdown.o
         2          0          0          0          0          0   libshutdown2.o
         8          4          0          0         96         68   libspace.o
       240          0          0          0          0        100   lludivv7m.o
         4          0          0          0          0         68   rt_errno_addr_twolibspace.o
        68          0          0          0          0         68   rt_memclr.o
        78          0          0          0          0         80   rt_memclr_w.o
       138          0          0          0          0         68   rt_memcpy_v6.o
       100          0          0          0          0         80   rt_memcpy_w.o
         2          0          0          0          0          0   rtexit.o
        10          0          0          0          0          0   rtexit2.o
        12          4          0          0          0         68   sys_exit.o
        74          0          0          0          0         80   sys_stackheap_outer.o
         2          0          0          0          0         68   use_no_semi.o
        98          4          0          0          0        140   d2f.o
       812         16          0          0          0        392   daddsub_clz.o
       692        140          0          0          0        264   ddiv.o
       340         12          0          0          0        152   dmul.o
       156          4          0          0          0        140   dnaninf.o
        12          0          0          0          0        116   dretinf.o
       408         56          0          0          0        168   dsqrt_umaal.o
        86          4          0          0          0        132   f2d.o
       140          4          0          0          0        132   fnaninf.o
        26          0          0          0          0        116   fpinit.o
        10          0          0          0          0        116   fretinf.o
         0          0          0          0          0          0   usenofp.o
       300         42          0          0          0        176   asinf.o
       684         90          0          0          0        208   atan2f.o
       336         56          0          0          0        136   cosf.o
        38          0          0          0          0        116   fpclassifyf.o
        44         12          0          0          0        464   funder.o
       340         24         32          0          0        160   rredf.o
       400         56          0          0          0        212   sinf.o
       122          0          0          0          0        148   sqrt.o
        62          0          0          0          0        136   sqrtf.o

    ----------------------------------------------------------------------
      6086        536         32          0         96       4772   Library Totals
        14          0          0          0          0          0   (incl. Padding)

    ----------------------------------------------------------------------

      Code (inc. data)   RO Data    RW Data    ZI Data      Debug   Library Name

       966         16          0          0         96       1148   c_w.l
      2780        240          0          0          0       1868   fz_wm.l
      2326        280         32          0          0       1756   m_wm.l

    ----------------------------------------------------------------------
      6086        536         32          0         96       4772   Library Totals

    ----------------------------------------------------------------------

==============================================================================


      Code (inc. data)   RO Data    RW Data    ZI Data      Debug   

     54852        652        772        844      96700     363107   Grand Totals
     54852        652        772        104      96700     363107   ELF Image Totals (compressed)
     54852        652        772        104          0          0   ROM Totals

==============================================================================

    Total RO  Size (Code + RO Data)                55624 (  54.32kB)
    Total RW  Size (RW Data + ZI Data)             97544 (  95.26kB)
    Total ROM Size (Code + RO Data + RW Data)      55728 (  54.42kB)

==============================================================================

