Component: ARM Compiler 6.16 Tool: armlink [5dfeaa00]

==============================================================================

Section Cross References

    main.o(.text.HAL_GetTick) refers to rtx_kernel.o(.text.osKernelGetState) for osKernelGetState
    main.o(.text.HAL_GetTick) refers to rtx_kernel.o(.text.osKernelGetTickCount) for osKernelGetTickCount
    main.o(.text.HAL_GetTick) refers to system_stm32f4xx.o(.data.SystemCoreClock) for SystemCoreClock
    main.o(.text.HAL_GetTick) refers to main.o(.bss.HAL_GetTick.ticks) for HAL_GetTick.ticks
    main.o(.ARM.exidx.text.HAL_GetTick) refers to main.o(.text.HAL_GetTick) for [Anonymous Symbol]
    main.o(.text.main) refers to stm32f4xx_hal.o(.text.HAL_Init) for HAL_Init
    main.o(.text.main) refers to main.o(.text.SystemClock_Config) for SystemClock_Config
    main.o(.text.main) refers to gpio.o(.text.MX_GPIO_Init) for MX_GPIO_Init
    main.o(.text.main) refers to dma.o(.text.MX_DMA_Init) for MX_DMA_Init
    main.o(.text.main) refers to i2c.o(.text.MX_I2C1_Init) for MX_I2C1_Init
    main.o(.text.main) refers to system_stm32f4xx.o(.text.SystemCoreClockUpdate) for SystemCoreClockUpdate
    main.o(.text.main) refers to rtx_kernel.o(.text.osKernelInitialize) for osKernelInitialize
    main.o(.text.main) refers to main.o(.text.app_main) for app_main
    main.o(.text.main) refers to rtx_thread.o(.text.osThreadNew) for osThreadNew
    main.o(.text.main) refers to rtx_kernel.o(.text.osKernelStart) for osKernelStart
    main.o(.ARM.exidx.text.main) refers to main.o(.text.main) for [Anonymous Symbol]
    main.o(.text.SystemClock_Config) refers to rt_memclr_w.o(.text) for __aeabi_memclr4
    main.o(.text.SystemClock_Config) refers to stm32f4xx_hal_rcc.o(.text.HAL_RCC_OscConfig) for HAL_RCC_OscConfig
    main.o(.text.SystemClock_Config) refers to main.o(.text.Error_Handler) for Error_Handler
    main.o(.text.SystemClock_Config) refers to stm32f4xx_hal_rcc.o(.text.HAL_RCC_ClockConfig) for HAL_RCC_ClockConfig
    main.o(.ARM.exidx.text.SystemClock_Config) refers to main.o(.text.SystemClock_Config) for [Anonymous Symbol]
    main.o(.text.app_main) refers to com_input.o(.text.COM_Input_Init) for COM_Input_Init
    main.o(.text.app_main) refers to main.o(.rodata.ADXL345) for ADXL345
    main.o(.text.app_main) refers to adxl345.o(.text.ADXL345_InitSensor) for ADXL345_InitSensor
    main.o(.text.app_main) refers to adxl345.o(.text.ADXL345_GetRawDatas) for ADXL345_GetRawDatas
    main.o(.ARM.exidx.text.app_main) refers to main.o(.text.app_main) for [Anonymous Symbol]
    main.o(.ARM.exidx.text.Error_Handler) refers to main.o(.text.Error_Handler) for [Anonymous Symbol]
    main.o(.rodata.ADXL345) refers to i2c.o(.bss.hi2c1) for hi2c1
    main.o(.rodata.ITG3205) refers to i2c.o(.bss.hi2c1) for hi2c1
    stm32f4xx_it.o(.ARM.exidx.text.NMI_Handler) refers to stm32f4xx_it.o(.text.NMI_Handler) for [Anonymous Symbol]
    stm32f4xx_it.o(.ARM.exidx.text.HardFault_Handler) refers to stm32f4xx_it.o(.text.HardFault_Handler) for [Anonymous Symbol]
    stm32f4xx_it.o(.ARM.exidx.text.MemManage_Handler) refers to stm32f4xx_it.o(.text.MemManage_Handler) for [Anonymous Symbol]
    stm32f4xx_it.o(.ARM.exidx.text.BusFault_Handler) refers to stm32f4xx_it.o(.text.BusFault_Handler) for [Anonymous Symbol]
    stm32f4xx_it.o(.ARM.exidx.text.UsageFault_Handler) refers to stm32f4xx_it.o(.text.UsageFault_Handler) for [Anonymous Symbol]
    stm32f4xx_it.o(.ARM.exidx.text.DebugMon_Handler) refers to stm32f4xx_it.o(.text.DebugMon_Handler) for [Anonymous Symbol]
    stm32f4xx_it.o(.text.DMA1_Stream0_IRQHandler) refers to i2c.o(.bss.hdma_i2c1_rx) for hdma_i2c1_rx
    stm32f4xx_it.o(.text.DMA1_Stream0_IRQHandler) refers to stm32f4xx_hal_dma.o(.text.HAL_DMA_IRQHandler) for HAL_DMA_IRQHandler
    stm32f4xx_it.o(.ARM.exidx.text.DMA1_Stream0_IRQHandler) refers to stm32f4xx_it.o(.text.DMA1_Stream0_IRQHandler) for [Anonymous Symbol]
    stm32f4xx_it.o(.text.DMA1_Stream6_IRQHandler) refers to i2c.o(.bss.hdma_i2c1_tx) for hdma_i2c1_tx
    stm32f4xx_it.o(.text.DMA1_Stream6_IRQHandler) refers to stm32f4xx_hal_dma.o(.text.HAL_DMA_IRQHandler) for HAL_DMA_IRQHandler
    stm32f4xx_it.o(.ARM.exidx.text.DMA1_Stream6_IRQHandler) refers to stm32f4xx_it.o(.text.DMA1_Stream6_IRQHandler) for [Anonymous Symbol]
    stm32f4xx_it.o(.text.I2C1_EV_IRQHandler) refers to i2c.o(.bss.hi2c1) for hi2c1
    stm32f4xx_it.o(.text.I2C1_EV_IRQHandler) refers to stm32f4xx_hal_i2c.o(.text.HAL_I2C_EV_IRQHandler) for HAL_I2C_EV_IRQHandler
    stm32f4xx_it.o(.ARM.exidx.text.I2C1_EV_IRQHandler) refers to stm32f4xx_it.o(.text.I2C1_EV_IRQHandler) for [Anonymous Symbol]
    stm32f4xx_it.o(.text.I2C1_ER_IRQHandler) refers to i2c.o(.bss.hi2c1) for hi2c1
    stm32f4xx_it.o(.text.I2C1_ER_IRQHandler) refers to stm32f4xx_hal_i2c.o(.text.HAL_I2C_ER_IRQHandler) for HAL_I2C_ER_IRQHandler
    stm32f4xx_it.o(.ARM.exidx.text.I2C1_ER_IRQHandler) refers to stm32f4xx_it.o(.text.I2C1_ER_IRQHandler) for [Anonymous Symbol]
[...]
    __aeabi_memclr4                          0x080004f7   Thumb Code     0  rt_memclr_w.o(.text)
    __aeabi_memclr8                          0x080004f7   Thumb Code     0  rt_memclr_w.o(.text)
    __rt_memclr_w                            0x080004f7   Thumb Code     0  rt_memclr_w.o(.text)
    _memset_w                                0x080004fb   Thumb Code    74  rt_memclr_w.o(.text)
    __use_two_region_memory                  0x08000545   Thumb Code     2  heapauxi.o(.text)
    __rt_heap_escrow$2region                 0x08000547   Thumb Code     2  heapauxi.o(.text)
    __rt_heap_expand$2region                 0x08000549   Thumb Code     2  heapauxi.o(.text)
    __aeabi_memcpy4                          0x0800054b   Thumb Code     0  rt_memcpy_w.o(.text)
    __aeabi_memcpy8                          0x0800054b   Thumb Code     0  rt_memcpy_w.o(.text)
    __rt_memcpy_w                            0x0800054b   Thumb Code   100  rt_memcpy_w.o(.text)
    _memcpy_lastbytes_aligned                0x08000593   Thumb Code     0  rt_memcpy_w.o(.text)
    __user_setup_stackheap                   0x080005af   Thumb Code    74  sys_stackheap_outer.o(.text)
    exit                                     0x080005f9   Thumb Code    18  exit.o(.text)
    __user_libspace                          0x0800060d   Thumb Code     8  libspace.o(.text)
    __user_perproc_libspace                  0x0800060d   Thumb Code     0  libspace.o(.text)
    _sys_exit                                0x08000615   Thumb Code     8  sys_exit.o(.text)
    __I$use$semihosting                      0x08000621   Thumb Code     0  use_no_semi.o(.text)
    __use_no_semihosting_swi                 0x08000621   Thumb Code     2  use_no_semi.o(.text)
    __semihosting_library_function           0x08000623   Thumb Code     0  indicate_semi.o(.text)
    _fp_init                                 0x08000625   Thumb Code    22  rtx_lib.o(.text.$Sub$$_fp_init)
    ADXL345_GetInterruptStatus               0x0800063d   Thumb Code    50  adxl345.o(.text.ADXL345_GetInterruptStatus)
    ADXL345_GetRawDatas                      0x08000671   Thumb Code   256  adxl345.o(.text.ADXL345_GetRawDatas)
    ADXL345_InitSensor                       0x08000771   Thumb Code    54  adxl345.o(.text.ADXL345_InitSensor)
    ADXL345_SetDataFormat                    0x080007a9   Thumb Code    74  adxl345.o(.text.ADXL345_SetDataFormat)
    ADXL345_SetPowerControl                  0x080007f5   Thumb Code    74  adxl345.o(.text.ADXL345_SetPowerControl)
    BusFault_Handler                         0x08000841   Thumb Code     4  stm32f4xx_it.o(.text.BusFault_Handler)
    COM_Input_Init                           0x08000845   Thumb Code   288  com_input.o(.text.COM_Input_Init)
    COM_Input_RegisterGetter                 0x08000a69   Thumb Code   214  com_input.o(.text.COM_Input_RegisterGetter)
    COM_Input_RegisterSetter                 0x08000b41   Thumb Code   194  com_input.o(.text.COM_Input_RegisterSetter)
    DMA1_Stream0_IRQHandler                  0x08000cf5   Thumb Code    16  stm32f4xx_it.o(.text.DMA1_Stream0_IRQHandler)
    DMA1_Stream6_IRQHandler                  0x08000d05   Thumb Code    16  stm32f4xx_it.o(.text.DMA1_Stream6_IRQHandler)
    DebugMon_Handler                         0x08000ead   Thumb Code     2  stm32f4xx_it.o(.text.DebugMon_Handler)
    Error_Handler                            0x08000eb1   Thumb Code     6  main.o(.text.Error_Handler)
    EvrRtxDelayCompleted                     0x08000f51   Thumb Code     8  rtx_evr.o(.text.EvrRtxDelayCompleted)
    EvrRtxEventFlagsCreated                  0x08000f59   Thumb Code    10  rtx_evr.o(.text.EvrRtxEventFlagsCreated)
    EvrRtxEventFlagsError                    0x08000f65   Thumb Code    10  rtx_evr.o(.text.EvrRtxEventFlagsError)
    EvrRtxEventFlagsNew                      0x08000f71   Thumb Code     8  rtx_evr.o(.text.EvrRtxEventFlagsNew)
    EvrRtxEventFlagsSet                      0x08000f79   Thumb Code    10  rtx_evr.o(.text.EvrRtxEventFlagsSet)
    EvrRtxEventFlagsSetDone                  0x08000f85   Thumb Code    10  rtx_evr.o(.text.EvrRtxEventFlagsSetDone)
    EvrRtxEventFlagsWait                     0x08000f91   Thumb Code    14  rtx_evr.o(.text.EvrRtxEventFlagsWait)
    EvrRtxEventFlagsWaitCompleted            0x08000fa1   Thumb Code    14  rtx_evr.o(.text.EvrRtxEventFlagsWaitCompleted)
    EvrRtxEventFlagsWaitNotCompleted         0x08000fb1   Thumb Code    12  rtx_evr.o(.text.EvrRtxEventFlagsWaitNotCompleted)
    EvrRtxEventFlagsWaitPending              0x08000fbd   Thumb Code    14  rtx_evr.o(.text.EvrRtxEventFlagsWaitPending)
    EvrRtxEventFlagsWaitTimeout              0x08000fcd   Thumb Code     8  rtx_evr.o(.text.EvrRtxEventFlagsWaitTimeout)
    EvrRtxKernelError                        0x08000fd5   Thumb Code     8  rtx_evr.o(.text.EvrRtxKernelError)
    EvrRtxKernelErrorNotify                  0x08000fdd   Thumb Code    10  rtx_evr.o(.text.EvrRtxKernelErrorNotify)
    EvrRtxKernelGetState                     0x08000fe9   Thumb Code     8  rtx_evr.o(.text.EvrRtxKernelGetState)
    EvrRtxKernelGetTickCount                 0x08000ff1   Thumb Code     8  rtx_evr.o(.text.EvrRtxKernelGetTickCount)
    EvrRtxKernelInitialize                   0x08000ff9   Thumb Code     2  rtx_evr.o(.text.EvrRtxKernelInitialize)
    EvrRtxKernelInitialized                  0x08000ffd   Thumb Code     2  rtx_evr.o(.text.EvrRtxKernelInitialized)
    EvrRtxKernelStart                        0x08001001   Thumb Code     2  rtx_evr.o(.text.EvrRtxKernelStart)
    EvrRtxKernelStarted                      0x08001005   Thumb Code     2  rtx_evr.o(.text.EvrRtxKernelStarted)
    EvrRtxMemoryAlloc                        0x08001009   Thumb Code    14  rtx_evr.o(.text.EvrRtxMemoryAlloc)
    EvrRtxMemoryBlockAlloc                   0x08001019   Thumb Code    10  rtx_evr.o(.text.EvrRtxMemoryBlockAlloc)
    EvrRtxMemoryBlockFree                    0x08001025   Thumb Code    12  rtx_evr.o(.text.EvrRtxMemoryBlockFree)
    EvrRtxMemoryBlockInit                    0x08001031   Thumb Code    14  rtx_evr.o(.text.EvrRtxMemoryBlockInit)
    EvrRtxMemoryFree                         0x08001041   Thumb Code    12  rtx_evr.o(.text.EvrRtxMemoryFree)
    EvrRtxMemoryInit                         0x0800104d   Thumb Code    12  rtx_evr.o(.text.EvrRtxMemoryInit)
    EvrRtxMemoryPoolAllocTimeout             0x08001059   Thumb Code     8  rtx_evr.o(.text.EvrRtxMemoryPoolAllocTimeout)
    EvrRtxMessageQueueCreated                0x08001061   Thumb Code    10  rtx_evr.o(.text.EvrRtxMessageQueueCreated)
    EvrRtxMessageQueueError                  0x0800106d   Thumb Code    10  rtx_evr.o(.text.EvrRtxMessageQueueError)
    EvrRtxMessageQueueGet                    0x08001079   Thumb Code    14  rtx_evr.o(.text.EvrRtxMessageQueueGet)
    EvrRtxMessageQueueGetCount               0x08001089   Thumb Code    10  rtx_evr.o(.text.EvrRtxMessageQueueGetCount)
    EvrRtxMessageQueueGetPending             0x08001095   Thumb Code    12  rtx_evr.o(.text.EvrRtxMessageQueueGetPending)
    EvrRtxMessageQueueGetTimeout             0x080010a1   Thumb Code     8  rtx_evr.o(.text.EvrRtxMessageQueueGetTimeout)
    EvrRtxMessageQueueInsertPending          0x080010a9   Thumb Code    10  rtx_evr.o(.text.EvrRtxMessageQueueInsertPending)
    EvrRtxMessageQueueInserted               0x080010b5   Thumb Code    10  rtx_evr.o(.text.EvrRtxMessageQueueInserted)
    EvrRtxMessageQueueNew                    0x080010c1   Thumb Code    12  rtx_evr.o(.text.EvrRtxMessageQueueNew)
    EvrRtxMessageQueueNotInserted            0x080010cd   Thumb Code    10  rtx_evr.o(.text.EvrRtxMessageQueueNotInserted)
    EvrRtxMessageQueueNotRetrieved           0x080010d9   Thumb Code    10  rtx_evr.o(.text.EvrRtxMessageQueueNotRetrieved)
    EvrRtxMessageQueuePut                    0x080010e5   Thumb Code    16  rtx_evr.o(.text.EvrRtxMessageQueuePut)
    EvrRtxMessageQueuePutPending             0x080010f5   Thumb Code    12  rtx_evr.o(.text.EvrRtxMessageQueuePutPending)
    EvrRtxMessageQueuePutTimeout             0x08001101   Thumb Code     8  rtx_evr.o(.text.EvrRtxMessageQueuePutTimeout)
    EvrRtxMessageQueueRetrieved              0x08001109   Thumb Code    10  rtx_evr.o(.text.EvrRtxMessageQueueRetrieved)
    EvrRtxMutexAcquire                       0x08001115   Thumb Code    10  rtx_evr.o(.text.EvrRtxMutexAcquire)
    EvrRtxMutexAcquirePending                0x08001121   Thumb Code    10  rtx_evr.o(.text.EvrRtxMutexAcquirePending)
    EvrRtxMutexAcquireTimeout                0x0800112d   Thumb Code     8  rtx_evr.o(.text.EvrRtxMutexAcquireTimeout)
    EvrRtxMutexAcquired                      0x08001135   Thumb Code    10  rtx_evr.o(.text.EvrRtxMutexAcquired)
    EvrRtxMutexCreated                       0x08001141   Thumb Code    10  rtx_evr.o(.text.EvrRtxMutexCreated)
    EvrRtxMutexDelete                        0x0800114d   Thumb Code     8  rtx_evr.o(.text.EvrRtxMutexDelete)
    EvrRtxMutexDestroyed                     0x08001155   Thumb Code     8  rtx_evr.o(.text.EvrRtxMutexDestroyed)
    EvrRtxMutexError                         0x0800115d   Thumb Code    10  rtx_evr.o(.text.EvrRtxMutexError)
    EvrRtxMutexNew                           0x08001169   Thumb Code     8  rtx_evr.o(.text.EvrRtxMutexNew)
    EvrRtxMutexNotAcquired                   0x08001171   Thumb Code     8  rtx_evr.o(.text.EvrRtxMutexNotAcquired)
    EvrRtxMutexRelease                       0x08001179   Thumb Code     8  rtx_evr.o(.text.EvrRtxMutexRelease)
    EvrRtxMutexReleased                      0x08001181   Thumb Code    10  rtx_evr.o(.text.EvrRtxMutexReleased)
    EvrRtxSemaphoreAcquireTimeout            0x0800118d   Thumb Code     8  rtx_evr.o(.text.EvrRtxSemaphoreAcquireTimeout)
    EvrRtxThreadBlocked                      0x08001195   Thumb Code    10  rtx_evr.o(.text.EvrRtxThreadBlocked)
    EvrRtxThreadCreated                      0x080011a1   Thumb Code    12  rtx_evr.o(.text.EvrRtxThreadCreated)
    EvrRtxThreadDestroyed                    0x080011ad   Thumb Code     8  rtx_evr.o(.text.EvrRtxThreadDestroyed)
    EvrRtxThreadError                        0x080011b5   Thumb Code    10  rtx_evr.o(.text.EvrRtxThreadError)
    EvrRtxThreadExit                         0x080011c1   Thumb Code     2  rtx_evr.o(.text.EvrRtxThreadExit)
    EvrRtxThreadFlagsWaitCompleted           0x080011c5   Thumb Code    14  rtx_evr.o(.text.EvrRtxThreadFlagsWaitCompleted)
    EvrRtxThreadFlagsWaitTimeout             0x080011d5   Thumb Code     8  rtx_evr.o(.text.EvrRtxThreadFlagsWaitTimeout)
    EvrRtxThreadJoined                       0x080011dd   Thumb Code     8  rtx_evr.o(.text.EvrRtxThreadJoined)
    EvrRtxThreadNew                          0x080011e5   Thumb Code    12  rtx_evr.o(.text.EvrRtxThreadNew)
    EvrRtxThreadPreempted                    0x080011f1   Thumb Code     8  rtx_evr.o(.text.EvrRtxThreadPreempted)
    EvrRtxThreadSwitched                     0x080011f9   Thumb Code     8  rtx_evr.o(.text.EvrRtxThreadSwitched)
    EvrRtxThreadUnblocked                    0x08001201   Thumb Code    10  rtx_evr.o(.text.EvrRtxThreadUnblocked)
    EvrRtxTimerCallback                      0x0800120d   Thumb Code    10  rtx_evr.o(.text.EvrRtxTimerCallback)
    Get_HalfWord2sComplement                 0x08001219   Thumb Code    96  calc.o(.text.Get_HalfWord2sComplement)
    HAL_DMA_Abort_IT                         0x08001279   Thumb Code    68  stm32f4xx_hal_dma.o(.text.HAL_DMA_Abort_IT)
    HAL_DMA_GetError                         0x080012bd   Thumb Code    12  stm32f4xx_hal_dma.o(.text.HAL_DMA_GetError)
    HAL_DMA_GetState                         0x080012c9   Thumb Code    14  stm32f4xx_hal_dma.o(.text.HAL_DMA_GetState)
    HAL_DMA_IRQHandler                       0x080012d9   Thumb Code   798  stm32f4xx_hal_dma.o(.text.HAL_DMA_IRQHandler)
    HAL_DMA_Init                             0x080015f9   Thumb Code   366  stm32f4xx_hal_dma.o(.text.HAL_DMA_Init)
    HAL_DMA_Start_IT                         0x08001769   Thumb Code   194  stm32f4xx_hal_dma.o(.text.HAL_DMA_Start_IT)
    HAL_GPIO_Init                            0x0800182d   Thumb Code   950  stm32f4xx_hal_gpio.o(.text.HAL_GPIO_Init)
    HAL_GetTick                              0x08001be5   Thumb Code   102  main.o(.text.HAL_GetTick)
    HAL_I2C_AbortCpltCallback                0x08001c4d   Thumb Code     8  stm32f4xx_hal_i2c.o(.text.HAL_I2C_AbortCpltCallback)
    HAL_I2C_AddrCallback                     0x08001c55   Thumb Code    16  stm32f4xx_hal_i2c.o(.text.HAL_I2C_AddrCallback)
    HAL_I2C_ER_IRQHandler                    0x08001c65   Thumb Code   378  stm32f4xx_hal_i2c.o(.text.HAL_I2C_ER_IRQHandler)
    HAL_I2C_EV_IRQHandler                    0x08001de1   Thumb Code   970  stm32f4xx_hal_i2c.o(.text.HAL_I2C_EV_IRQHandler)
    HAL_I2C_ErrorCallback                    0x080021ad   Thumb Code     8  stm32f4xx_hal_i2c.o(.text.HAL_I2C_ErrorCallback)
    HAL_I2C_Init                             0x080021b5   Thumb Code   676  stm32f4xx_hal_i2c.o(.text.HAL_I2C_Init)
    HAL_I2C_ListenCpltCallback               0x08002459   Thumb Code     8  stm32f4xx_hal_i2c.o(.text.HAL_I2C_ListenCpltCallback)
    HAL_I2C_MasterRxCpltCallback             0x08002461   Thumb Code     8  stm32f4xx_hal_i2c.o(.text.HAL_I2C_MasterRxCpltCallback)
    HAL_I2C_MasterTxCpltCallback             0x08002469   Thumb Code     8  stm32f4xx_hal_i2c.o(.text.HAL_I2C_MasterTxCpltCallback)
    HAL_I2C_MemRxCpltCallback                0x08002471   Thumb Code    26  com_input.o(.text.HAL_I2C_MemRxCpltCallback)
    HAL_I2C_MemTxCpltCallback                0x0800248d   Thumb Code    26  com_input.o(.text.HAL_I2C_MemTxCpltCallback)
    HAL_I2C_Mem_Read_DMA                     0x080024a9   Thumb Code   874  stm32f4xx_hal_i2c.o(.text.HAL_I2C_Mem_Read_DMA)
    HAL_I2C_Mem_Write_DMA                    0x08002815   Thumb Code   770  stm32f4xx_hal_i2c.o(.text.HAL_I2C_Mem_Write_DMA)
    HAL_I2C_MspInit                          0x08002b19   Thumb Code   350  i2c.o(.text.HAL_I2C_MspInit)
    HAL_I2C_SlaveRxCpltCallback              0x08002c79   Thumb Code     8  stm32f4xx_hal_i2c.o(.text.HAL_I2C_SlaveRxCpltCallback)
    HAL_I2C_SlaveTxCpltCallback              0x08002c81   Thumb Code     8  stm32f4xx_hal_i2c.o(.text.HAL_I2C_SlaveTxCpltCallback)
    HAL_Init                                 0x08002c89   Thumb Code    54  stm32f4xx_hal.o(.text.HAL_Init)
    HAL_InitTick                             0x08002cc1   Thumb Code   112  stm32f4xx_hal.o(.text.HAL_InitTick)
    HAL_MspInit                              0x08002d31   Thumb Code    74  stm32f4xx_hal_msp.o(.text.HAL_MspInit)
    HAL_NVIC_EnableIRQ                       0x08002d7d   Thumb Code    20  stm32f4xx_hal_cortex.o(.text.HAL_NVIC_EnableIRQ)
    HAL_NVIC_SetPriority                     0x08002d91   Thumb Code    50  stm32f4xx_hal_cortex.o(.text.HAL_NVIC_SetPriority)
    HAL_NVIC_SetPriorityGrouping             0x08002dc5   Thumb Code    16  stm32f4xx_hal_cortex.o(.text.HAL_NVIC_SetPriorityGrouping)
    HAL_RCC_ClockConfig                      0x08002dd5   Thumb Code   610  stm32f4xx_hal_rcc.o(.text.HAL_RCC_ClockConfig)
    HAL_RCC_GetHCLKFreq                      0x08003039   Thumb Code    12  stm32f4xx_hal_rcc.o(.text.HAL_RCC_GetHCLKFreq)
    HAL_RCC_GetPCLK1Freq                     0x08003045   Thumb Code    34  stm32f4xx_hal_rcc.o(.text.HAL_RCC_GetPCLK1Freq)
    HAL_RCC_GetSysClockFreq                  0x08003069   Thumb Code   230  stm32f4xx_hal_rcc.o(.text.HAL_RCC_GetSysClockFreq)
    HAL_RCC_OscConfig                        0x08003151   Thumb Code  1726  stm32f4xx_hal_rcc.o(.text.HAL_RCC_OscConfig)
    HAL_SYSTICK_Config                       0x08003811   Thumb Code    16  stm32f4xx_hal_cortex.o(.text.HAL_SYSTICK_Config)
    HardFault_Handler                        0x08003821   Thumb Code     4  stm32f4xx_it.o(.text.HardFault_Handler)
    I2C1_ER_IRQHandler                       0x08003825   Thumb Code    16  stm32f4xx_it.o(.text.I2C1_ER_IRQHandler)
    I2C1_EV_IRQHandler                       0x08003835   Thumb Code    16  stm32f4xx_it.o(.text.I2C1_EV_IRQHandler)
    MX_DMA_Init                              0x080055f1   Thumb Code    80  dma.o(.text.MX_DMA_Init)
    MX_GPIO_Init                             0x08005641   Thumb Code    40  gpio.o(.text.MX_GPIO_Init)
    MX_I2C1_Init                             0x08005669   Thumb Code    72  i2c.o(.text.MX_I2C1_Init)
    MemManage_Handler                        0x080056d5   Thumb Code     4  stm32f4xx_it.o(.text.MemManage_Handler)
    NMI_Handler                              0x0800581d   Thumb Code     4  stm32f4xx_it.o(.text.NMI_Handler)
    OS_Tick_AcknowledgeIRQ                   0x0800588d   Thumb Code    12  os_systick.o(.text.OS_Tick_AcknowledgeIRQ)
    OS_Tick_Enable                           0x08005899   Thumb Code    60  os_systick.o(.text.OS_Tick_Enable)
    OS_Tick_GetIRQn                          0x080058d5   Thumb Code     6  os_systick.o(.text.OS_Tick_GetIRQn)
    OS_Tick_Setup                            0x080058dd   Thumb Code   126  os_systick.o(.text.OS_Tick_Setup)
    SystemClock_Config                       0x08005a41   Thumb Code   158  main.o(.text.SystemClock_Config)
    SystemCoreClockUpdate                    0x08005ae1   Thumb Code   302  system_stm32f4xx.o(.text.SystemCoreClockUpdate)
    SystemInit                               0x08005c11   Thumb Code    18  system_stm32f4xx.o(.text.SystemInit)
    UsageFault_Handler                       0x08005d69   Thumb Code     4  stm32f4xx_it.o(.text.UsageFault_Handler)
    _mutex_acquire                           0x08005e3d   Thumb Code    32  rtx_lib.o(.text._mutex_acquire)
    _mutex_free                              0x08005e5d   Thumb Code    18  rtx_lib.o(.text._mutex_free)
    _mutex_initialize                        0x08005e71   Thumb Code    50  rtx_lib.o(.text._mutex_initialize)
    _mutex_release                           0x08005ea5   Thumb Code    28  rtx_lib.o(.text._mutex_release)
    _platform_post_stackheap_init            0x08005ec1   Thumb Code     8  rtx_lib.o(.text._platform_post_stackheap_init)
    app_main                                 0x08005ec9   Thumb Code    44  main.o(.text.app_main)
    main                                     0x08006499   Thumb Code    62  main.o(.text.main)
    osEventFlagsNew                          0x080064d9   Thumb Code    86  rtx_evflags.o(.text.osEventFlagsNew)
    osEventFlagsSet                          0x08006531   Thumb Code    94  rtx_evflags.o(.text.osEventFlagsSet)
    osEventFlagsWait                         0x08006591   Thumb Code   126  rtx_evflags.o(.text.osEventFlagsWait)
    osKernelGetState                         0x08006611   Thumb Code    66  rtx_kernel.o(.text.osKernelGetState)
    osKernelGetTickCount                     0x08006655   Thumb Code    58  rtx_kernel.o(.text.osKernelGetTickCount)
    osKernelInitialize                       0x08006691   Thumb Code    74  rtx_kernel.o(.text.osKernelInitialize)
    osKernelStart                            0x080066dd   Thumb Code    70  rtx_kernel.o(.text.osKernelStart)
    osMessageQueueGet                        0x08006725   Thumb Code   126  rtx_msgqueue.o(.text.osMessageQueueGet)
    osMessageQueueGetCount                   0x080067a5   Thumb Code    72  rtx_msgqueue.o(.text.osMessageQueueGetCount)
    osMessageQueueNew                        0x080067ed   Thumb Code   114  rtx_msgqueue.o(.text.osMessageQueueNew)
    osMessageQueuePut                        0x08006861   Thumb Code   138  rtx_msgqueue.o(.text.osMessageQueuePut)
    osMutexAcquire                           0x080068ed   Thumb Code   100  rtx_mutex.o(.text.osMutexAcquire)
    osMutexDelete                            0x08006951   Thumb Code    86  rtx_mutex.o(.text.osMutexDelete)
    osMutexNew                               0x080069a9   Thumb Code    86  rtx_mutex.o(.text.osMutexNew)
    osMutexRelease                           0x08006a01   Thumb Code    86  rtx_mutex.o(.text.osMutexRelease)
    osRtxErrorNotify                         0x08006a59   Thumb Code    46  rtx_config.o(.text.osRtxErrorNotify)
    osRtxIdleThread                          0x08006afd   Thumb Code     8  rtx_config.o(.text.osRtxIdleThread)
    osRtxKernelErrorNotify                   0x08006b05   Thumb Code    28  rtx_kernel.o(.text.osRtxKernelErrorNotify)
    osRtxKernelPreInit                       0x08006b39   Thumb Code     2  rtx_kernel.o(.text.osRtxKernelPreInit)
    osRtxMemoryAlloc                         0x08006b49   Thumb Code   332  rtx_memory.o(.text.osRtxMemoryAlloc)
    osRtxMemoryFree                          0x08006c95   Thumb Code   194  rtx_memory.o(.text.osRtxMemoryFree)
    osRtxMemoryInit                          0x08006d59   Thumb Code   150  rtx_memory.o(.text.osRtxMemoryInit)
    osRtxMemoryPoolAlloc                     0x08006df1   Thumb Code    74  rtx_mempool.o(.text.osRtxMemoryPoolAlloc)
    osRtxMemoryPoolFree                      0x08006e3d   Thumb Code   100  rtx_mempool.o(.text.osRtxMemoryPoolFree)
    osRtxMemoryPoolInit                      0x08006ea1   Thumb Code   152  rtx_mempool.o(.text.osRtxMemoryPoolInit)
    osRtxMessageQueueTimerSetup              0x080070a1   Thumb Code    62  rtx_msgqueue.o(.text.osRtxMessageQueueTimerSetup)
    osRtxMutexOwnerRelease                   0x080070f9   Thumb Code   152  rtx_mutex.o(.text.osRtxMutexOwnerRelease)
    osRtxMutexOwnerRestore                   0x08007191   Thumb Code   172  rtx_mutex.o(.text.osRtxMutexOwnerRestore)
    osRtxPendSV_Handler                      0x08007279   Thumb Code   184  rtx_system.o(.text.osRtxPendSV_Handler)
    osRtxPostProcess                         0x08007331   Thumb Code    66  rtx_system.o(.text.osRtxPostProcess)
    osRtxThreadDelayTick                     0x080075a1   Thumb Code   336  rtx_thread.o(.text.osRtxThreadDelayTick)
    osRtxThreadDispatch                      0x08007751   Thumb Code   150  rtx_thread.o(.text.osRtxThreadDispatch)
    osRtxThreadListGet                       0x08007909   Thumb Code    54  rtx_thread.o(.text.osRtxThreadListGet)
    osRtxThreadListPut                       0x08007941   Thumb Code   118  rtx_thread.o(.text.osRtxThreadListPut)
    osRtxThreadListRemove                    0x080079b9   Thumb Code    50  rtx_thread.o(.text.osRtxThreadListRemove)
    osRtxThreadListSort                      0x08007a11   Thumb Code    88  rtx_thread.o(.text.osRtxThreadListSort)
    osRtxThreadReadyPut                      0x08007ac5   Thumb Code    32  rtx_thread.o(.text.osRtxThreadReadyPut)
    osRtxThreadRegPtr                        0x08007ae5   Thumb Code    34  rtx_thread.o(.text.osRtxThreadRegPtr)
    osRtxThreadStartup                       0x08007b31   Thumb Code   150  rtx_thread.o(.text.osRtxThreadStartup)
    osRtxThreadSwitch                        0x08007bc9   Thumb Code    34  rtx_thread.o(.text.osRtxThreadSwitch)
    osRtxThreadWaitEnter                     0x08007bed   Thumb Code   118  rtx_thread.o(.text.osRtxThreadWaitEnter)
    osRtxThreadWaitExit                      0x08007c65   Thumb Code    70  rtx_thread.o(.text.osRtxThreadWaitExit)
    osRtxTick_Handler                        0x08007cad   Thumb Code   272  rtx_system.o(.text.osRtxTick_Handler)
    osRtxTimerSetup                          0x08007dbd   Thumb Code    48  rtx_timer.o(.text.osRtxTimerSetup)
    osRtxTimerThread                         0x08007ded   Thumb Code    50  rtx_timer.o(.text.osRtxTimerThread)
    osThreadExit                             0x08007efd   Thumb Code    36  rtx_thread.o(.text.osThreadExit)
    osThreadNew                              0x08007f21   Thumb Code   114  rtx_thread.o(.text.osThreadNew)
    __aeabi_d2f                              0x0800963d   Thumb Code     0  d2f.o(x$fpl$d2f)
    _d2f                                     0x0800963d   Thumb Code    98  d2f.o(x$fpl$d2f)
    __aeabi_i2d                              0x0800969f   Thumb Code     0  dflt_clz.o(x$fpl$dflt)
    _dflt                                    0x0800969f   Thumb Code    46  dflt_clz.o(x$fpl$dflt)
    __aeabi_dmul                             0x080096cd   Thumb Code     0  dmul.o(x$fpl$dmul)
    _dmul                                    0x080096cd   Thumb Code   332  dmul.o(x$fpl$dmul)
    __fpl_dnaninf                            0x08009821   Thumb Code   156  dnaninf.o(x$fpl$dnaninf)
    __fpl_dretinf                            0x080098bd   Thumb Code    12  dretinf.o(x$fpl$dretinf)
    $Super$$_fp_init                         0x080098c9   Thumb Code    26  fpinit.o(x$fpl$fpinit)
    __fplib_config_fpu_vfp                   0x080098e1   Thumb Code     0  fpinit.o(x$fpl$fpinit)
    __fplib_config_pureend_doubles           0x080098e1   Thumb Code     0  fpinit.o(x$fpl$fpinit)
    __fpl_fretinf                            0x080098e3   Thumb Code    10  fretinf.o(x$fpl$fretinf)
    __I$use$fp                               0x080098ec   Number         0  usenofp.o(x$fpl$usenofp)
    osRtxConfig                              0x080098ec   Data         112  rtx_lib.o(.rodata)
    os_cb_sections                           0x0800995c   Data          56  rtx_lib.o(.rodata)
    ADXL345                                  0x080099ac   Data           8  main.o(.rodata.ADXL345)
    AHBPrescTable                            0x080099b4   Data          16  system_stm32f4xx.o(.rodata.AHBPrescTable)
    APBPrescTable                            0x080099c4   Data           8  system_stm32f4xx.o(.rodata.APBPrescTable)
    comInputRxDatasAttr                      0x080099d4   Data          24  com_input.o(.rodata.comInputRxDatasAttr)
    comInputRxEvtAttr                        0x080099ec   Data          16  com_input.o(.rodata.comInputRxEvtAttr)
    comInputRxMtxAttr                        0x080099fc   Data          16  com_input.o(.rodata.comInputRxMtxAttr)
    comInputRxThreadAttr                     0x08009a0c   Data          36  com_input.o(.rodata.comInputRxThreadAttr)
    comInputTxDatasAttr                      0x08009a30   Data          24  com_input.o(.rodata.comInputTxDatasAttr)
    comInputTxEvtAttr                        0x08009a48   Data          16  com_input.o(.rodata.comInputTxEvtAttr)
    comInputTxMtxAttr                        0x08009a58   Data          16  com_input.o(.rodata.comInputTxMtxAttr)
    comInputTxThreadAttr                     0x08009a68   Data          36  com_input.o(.rodata.comInputTxThreadAttr)
    osRtxUserSVC                             0x08009a8c   Data           4  rtx_lib.o(.rodata.osRtxUserSVC)
    Region$$Table$$Base                      0x08009b98   Number         0  anon$$obj.o(Region$$Table)
    Region$$Table$$Limit                     0x08009bb8   Number         0  anon$$obj.o(Region$$Table)
    SystemCoreClock                          0x20000000   Data           4  system_stm32f4xx.o(.data.SystemCoreClock)
    osRtxInfo                                0x20000004   Data         164  rtx_kernel.o(.data.os)
    uwTickFreq                               0x200000a8   Data           1  stm32f4xx_hal.o(.data.uwTickFreq)
    uwTickPrio                               0x200000ac   Data           4  stm32f4xx_hal.o(.data.uwTickPrio)
    __libspace_start                         0x200000b0   Data          96  libspace.o(.bss)
    __temporary_stack_top$libspace           0x20000110   Data           0  libspace.o(.bss)
    EVT_comInputRx                           0x20000114   Data           4  com_input.o(.bss.EVT_comInputRx)
    EVT_comInputTx                           0x20000118   Data           4  com_input.o(.bss.EVT_comInputTx)
    MSG_comInputRx                           0x20000120   Data           4  com_input.o(.bss.MSG_comInputRx)
    MSG_comInputTx                           0x20000124   Data           4  com_input.o(.bss.MSG_comInputTx)
    MTX_comInputRx                           0x20000128   Data           4  com_input.o(.bss.MTX_comInputRx)
    MTX_comInputTx                           0x2000012c   Data           4  com_input.o(.bss.MTX_comInputTx)
    TID_comInputRxThread                     0x20000130   Data           4  com_input.o(.bss.TID_comInputRxThread)
    TID_comInputTxThread                     0x20000134   Data           4  com_input.o(.bss.TID_comInputTxThread)
    hdma_i2c1_rx                             0x20000138   Data          96  i2c.o(.bss.hdma_i2c1_rx)
    hdma_i2c1_tx                             0x20000198   Data          96  i2c.o(.bss.hdma_i2c1_tx)
    hi2c1                                    0x200001f8   Data          84  i2c.o(.bss.hi2c1)
    .bss.os.msgqueue.cb$$Base                0x20008294   Number         0  rtx_lib.o(.bss.os.msgqueue.cb)
    .bss.os.msgqueue.cb$$Limit               0x200082c8   Number         0  rtx_lib.o(.bss.os.msgqueue.cb)
    .bss.os.thread.cb$$Base                  0x20008318   Number         0  rtx_lib.o(.bss.os.thread.cb)
    .bss.os.thread.cb$$Limit                 0x200083a0   Number         0  rtx_lib.o(.bss.os.thread.cb)



==============================================================================

Memory Map of the image

  Image Entry point : 0x08000189

  Load Region LR_IROM1 (Base: 0x08000000, Size: 0x00009c68, Max: 0x00100000, ABSOLUTE)

    Execution Region ER_IROM1 (Exec base: 0x08000000, Load base: 0x08000000, Size: 0x00009bb8, Max: 0x00100000, ABSOLUTE)

    Exec Addr    Load Addr    Size         Type   Attr      Idx    E Section Name        Object

    0x08000000   0x08000000   0x00000188   Data   RO         1893    RESET               startup_stm32f407xx.o
    0x08000188   0x08000188   0x00000008   Code   RO         1926  * !!!main             c_w.l(__main.o)
    0x08000190   0x08000190   0x00000034   Code   RO         2138    !!!scatter          c_w.l(__scatter.o)
    0x080001c4   0x080001c4   0x0000001a   Code   RO         2140    !!handler_copy      c_w.l(__scatter_copy.o)
    0x080001de   0x080001de   0x00000002   PAD
    0x080001e0   0x080001e0   0x0000001c   Code   RO         2142    !!handler_zi        c_w.l(__scatter_zi.o)
    0x080001fc   0x080001fc   0x00000002   Code   RO         2004    .ARM.Collect$$libinit$$00000000  c_w.l(libinit.o)
    0x080001fe   0x080001fe   0x00000004   Code   RO         2016    .ARM.Collect$$libinit$$00000001  c_w.l(libinit2.o)
    0x08000202   0x08000202   0x00000000   Code   RO         2019    .ARM.Collect$$libinit$$00000004  c_w.l(libinit2.o)
    0x08000202   0x08000202   0x00000000   Code   RO         2022    .ARM.Collect$$libinit$$0000000A  c_w.l(libinit2.o)
    0x08000202   0x08000202   0x00000000   Code   RO         2024    .ARM.Collect$$libinit$$0000000C  c_w.l(libinit2.o)
    0x08000202   0x08000202   0x00000000   Code   RO         2026    .ARM.Collect$$libinit$$0000000E  c_w.l(libinit2.o)
    0x08000202   0x08000202   0x00000000   Code   RO         2029    .ARM.Collect$$libinit$$00000011  c_w.l(libinit2.o)
    0x08000202   0x08000202   0x00000000   Code   RO         2031    .ARM.Collect$$libinit$$00000013  c_w.l(libinit2.o)
    0x08000202   0x08000202   0x00000000   Code   RO         2033    .ARM.Collect$$libinit$$00000015  c_w.l(libinit2.o)
    0x08000202   0x08000202   0x00000000   Code   RO         2035    .ARM.Collect$$libinit$$00000017  c_w.l(libinit2.o)
    0x08000202   0x08000202   0x00000000   Code   RO         2037    .ARM.Collect$$libinit$$00000019  c_w.l(libinit2.o)
    0x08000202   0x08000202   0x00000000   Code   RO         2039    .ARM.Collect$$libinit$$0000001B  c_w.l(libinit2.o)
    0x08000202   0x08000202   0x00000000   Code   RO         2041    .ARM.Collect$$libinit$$0000001D  c_w.l(libinit2.o)
    0x08000202   0x08000202   0x00000000   Code   RO         2043    .ARM.Collect$$libinit$$0000001F  c_w.l(libinit2.o)
    0x08000202   0x08000202   0x00000000   Code   RO         2045    .ARM.Collect$$libinit$$00000021  c_w.l(libinit2.o)
    0x08000202   0x08000202   0x00000000   Code   RO         2047    .ARM.Collect$$libinit$$00000023  c_w.l(libinit2.o)
    0x08000202   0x08000202   0x00000000   Code   RO         2049    .ARM.Collect$$libinit$$00000025  c_w.l(libinit2.o)
    0x08000202   0x08000202   0x00000000   Code   RO         2053    .ARM.Collect$$libinit$$0000002C  c_w.l(libinit2.o)
    0x08000202   0x08000202   0x00000000   Code   RO         2055    .ARM.Collect$$libinit$$0000002E  c_w.l(libinit2.o)
    0x08000202   0x08000202   0x00000000   Code   RO         2057    .ARM.Collect$$libinit$$00000030  c_w.l(libinit2.o)
    0x08000202   0x08000202   0x00000000   Code   RO         2059    .ARM.Collect$$libinit$$00000032  c_w.l(libinit2.o)
    0x08000202   0x08000202   0x00000002   Code   RO         2060    .ARM.Collect$$libinit$$00000033  c_w.l(libinit2.o)
    0x08000204   0x08000204   0x00000002   Code   RO         2093    .ARM.Collect$$libshutdown$$00000000  c_w.l(libshutdown.o)
    0x08000206   0x08000206   0x00000000   Code   RO         2121    .ARM.Collect$$libshutdown$$00000002  c_w.l(libshutdown2.o)
    0x08000206   0x08000206   0x00000000   Code   RO         2123    .ARM.Collect$$libshutdown$$00000004  c_w.l(libshutdown2.o)
    0x08000206   0x08000206   0x00000000   Code   RO         2126    .ARM.Collect$$libshutdown$$00000007  c_w.l(libshutdown2.o)
    0x08000206   0x08000206   0x00000000   Code   RO         2129    .ARM.Collect$$libshutdown$$0000000A  c_w.l(libshutdown2.o)
    0x08000206   0x08000206   0x00000000   Code   RO         2131    .ARM.Collect$$libshutdown$$0000000C  c_w.l(libshutdown2.o)
    0x08000206   0x08000206   0x00000000   Code   RO         2134    .ARM.Collect$$libshutdown$$0000000F  c_w.l(libshutdown2.o)
    0x08000206   0x08000206   0x00000002   Code   RO         2135    .ARM.Collect$$libshutdown$$00000010  c_w.l(libshutdown2.o)
    0x08000208   0x08000208   0x00000000   Code   RO         1954    .ARM.Collect$$rtentry$$00000000  c_w.l(__rtentry.o)
    0x08000208   0x08000208   0x00000000   Code   RO         1975    .ARM.Collect$$rtentry$$00000002  c_w.l(__rtentry2.o)
    0x08000208   0x08000208   0x00000006   Code   RO         1987    .ARM.Collect$$rtentry$$00000004  c_w.l(__rtentry4.o)
    0x0800020e   0x0800020e   0x00000008   Code   RO         1976    .ARM.Collect$$rtentry$$00000008  c_w.l(__rtentry2.o)
    0x08000216   0x08000216   0x00000004   Code   RO         1978    .ARM.Collect$$rtentry$$0000000A  c_w.l(__rtentry2.o)
    0x0800021a   0x0800021a   0x00000000   Code   RO         1980    .ARM.Collect$$rtentry$$0000000C  c_w.l(__rtentry2.o)
    0x0800021a   0x0800021a   0x00000008   Code   RO         1981    .ARM.Collect$$rtentry$$0000000D  c_w.l(__rtentry2.o)
    0x08000222   0x08000222   0x00000002   Code   RO         2008    .ARM.Collect$$rtexit$$00000000  c_w.l(rtexit.o)
    0x08000224   0x08000224   0x00000000   Code   RO         2066    .ARM.Collect$$rtexit$$00000002  c_w.l(rtexit2.o)
    0x08000224   0x08000224   0x00000004   Code   RO         2067    .ARM.Collect$$rtexit$$00000003  c_w.l(rtexit2.o)
    0x08000228   0x08000228   0x00000006   Code   RO         2068    .ARM.Collect$$rtexit$$00000004  c_w.l(rtexit2.o)
    0x0800022e   0x0800022e   0x00000002   PAD
    0x08000230   0x08000230   0x000000c8   Code   RO          248    .text               irq_armv7m.o
    0x080002f8   0x080002f8   0x00000040   Code   RO         1894    .text               startup_stm32f407xx.o
    0x08000338   0x08000338   0x000000f0   Code   RO         1916    .text               c_w.l(lludivv7m.o)
    0x08000428   0x08000428   0x0000008a   Code   RO         1918    .text               c_w.l(rt_memcpy_v6.o)
    0x080004b2   0x080004b2   0x00000044   Code   RO         1920    .text               c_w.l(rt_memclr.o)
    0x080004f6   0x080004f6   0x0000004e   Code   RO         1922    .text               c_w.l(rt_memclr_w.o)
    0x08000544   0x08000544   0x00000006   Code   RO         1924    .text               c_w.l(heapauxi.o)
    0x0800054a   0x0800054a   0x00000064   Code   RO         1959    .text               c_w.l(rt_memcpy_w.o)
    0x080005ae   0x080005ae   0x0000004a   Code   RO         1993    .text               c_w.l(sys_stackheap_outer.o)
    0x080005f8   0x080005f8   0x00000012   Code   RO         1995    .text               c_w.l(exit.o)
    0x0800060a   0x0800060a   0x00000002   PAD
    0x0800060c   0x0800060c   0x00000008   Code   RO         2005    .text               c_w.l(libspace.o)
    0x08000614   0x08000614   0x0000000c   Code   RO         2061    .text               c_w.l(sys_exit.o)
    0x08000620   0x08000620   0x00000002   Code   RO         2082    .text               c_w.l(use_no_semi.o)
    0x08000622   0x08000622   0x00000000   Code   RO         2084    .text               c_w.l(indicate_semi.o)
    0x08000622   0x08000622   0x00000002   PAD
    0x08000624   0x08000624   0x00000016   Code   RO          784    .text.$Sub$$_fp_init  rtx_lib.o
    0x0800063a   0x0800063a   0x00000002   PAD
    0x0800063c   0x0800063c   0x00000032   Code   RO          166    .text.ADXL345_GetInterruptStatus  adxl345.o
    0x0800066e   0x0800066e   0x00000002   PAD
    0x08000670   0x08000670   0x00000100   Code   RO          170    .text.ADXL345_GetRawDatas  adxl345.o
    0x08000770   0x08000770   0x00000036   Code   RO          124    .text.ADXL345_InitSensor  adxl345.o
    0x080007a6   0x080007a6   0x00000002   PAD
    0x080007a8   0x080007a8   0x0000004a   Code   RO          126    .text.ADXL345_SetDataFormat  adxl345.o
    0x080007f2   0x080007f2   0x00000002   PAD
    0x080007f4   0x080007f4   0x0000004a   Code   RO          128    .text.ADXL345_SetPowerControl  adxl345.o
    0x0800083e   0x0800083e   0x00000002   PAD
    0x08000840   0x08000840   0x00000004   Code   RO           29    .text.BusFault_Handler  stm32f4xx_it.o
    0x08000844   0x08000844   0x00000120   Code   RO           84    .text.COM_Input_Init  com_input.o
    0x08000964   0x08000964   0x00000102   Code   RO           88    .text.COM_Input_ReceiveThread  com_input.o
    0x08000a66   0x08000a66   0x00000002   PAD
    0x08000a68   0x08000a68   0x000000d6   Code   RO           92    .text.COM_Input_RegisterGetter  com_input.o
    0x08000b3e   0x08000b3e   0x00000002   PAD
    0x08000b40   0x08000b40   0x000000c2   Code   RO           90    .text.COM_Input_RegisterSetter  com_input.o
    0x08000c02   0x08000c02   0x00000002   PAD
    0x08000c04   0x08000c04   0x000000f0   Code   RO           86    .text.COM_Input_SendThread  com_input.o
    0x08000cf4   0x08000cf4   0x00000010   Code   RO           35    .text.DMA1_Stream0_IRQHandler  stm32f4xx_it.o
    0x08000d04   0x08000d04   0x00000010   Code   RO           37    .text.DMA1_Stream6_IRQHandler  stm32f4xx_it.o
    0x08000d14   0x08000d14   0x00000056   Code   RO         1529    .text.DMA_CalcBaseAndBitshift  stm32f4xx_hal_dma.o
    0x08000d6a   0x08000d6a   0x00000002   PAD
    0x08000d6c   0x08000d6c   0x000000f0   Code   RO         1527    .text.DMA_CheckFifoParam  stm32f4xx_hal_dma.o
    0x08000e5c   0x08000e5c   0x00000050   Code   RO         1535    .text.DMA_SetConfig  stm32f4xx_hal_dma.o
    0x08000eac   0x08000eac   0x00000002   Code   RO           33    .text.DebugMon_Handler  stm32f4xx_it.o
    0x08000eae   0x08000eae   0x00000002   PAD
    0x08000eb0   0x08000eb0   0x00000006   Code   RO           10    .text.Error_Handler  main.o
    0x08000eb6   0x08000eb6   0x00000002   PAD
    0x08000eb8   0x08000eb8   0x0000007c   Code   RO          305    .text.EventFlagsCheck  rtx_evflags.o
    0x08000f34   0x08000f34   0x0000001a   Code   RO          315    .text.EventFlagsSet  rtx_evflags.o
    0x08000f4e   0x08000f4e   0x00000002   PAD
    0x08000f50   0x08000f50   0x00000008   Code   RO          490    .text.EvrRtxDelayCompleted  rtx_evr.o
    0x08000f58   0x08000f58   0x0000000a   Code   RO          520    .text.EvrRtxEventFlagsCreated  rtx_evr.o
    0x08000f62   0x08000f62   0x00000002   PAD
    0x08000f64   0x08000f64   0x0000000a   Code   RO          516    .text.EvrRtxEventFlagsError  rtx_evr.o
    0x08000f6e   0x08000f6e   0x00000002   PAD
    0x08000f70   0x08000f70   0x00000008   Code   RO          518    .text.EvrRtxEventFlagsNew  rtx_evr.o
    0x08000f78   0x08000f78   0x0000000a   Code   RO          524    .text.EvrRtxEventFlagsSet  rtx_evr.o
    0x08000f82   0x08000f82   0x00000002   PAD
    0x08000f84   0x08000f84   0x0000000a   Code   RO          526    .text.EvrRtxEventFlagsSetDone  rtx_evr.o
    0x08000f8e   0x08000f8e   0x00000002   PAD
    0x08000f90   0x08000f90   0x0000000e   Code   RO          534    .text.EvrRtxEventFlagsWait  rtx_evr.o
    0x08000f9e   0x08000f9e   0x00000002   PAD
    0x08000fa0   0x08000fa0   0x0000000e   Code   RO          540    .text.EvrRtxEventFlagsWaitCompleted  rtx_evr.o
    0x08000fae   0x08000fae   0x00000002   PAD
    0x08000fb0   0x08000fb0   0x0000000c   Code   RO          542    .text.EvrRtxEventFlagsWaitNotCompleted  rtx_evr.o
    0x08000fbc   0x08000fbc   0x0000000e   Code   RO          536    .text.EvrRtxEventFlagsWaitPending  rtx_evr.o
    0x08000fca   0x08000fca   0x00000002   PAD
    0x08000fcc   0x08000fcc   0x00000008   Code   RO          538    .text.EvrRtxEventFlagsWaitTimeout  rtx_evr.o
    0x08000fd4   0x08000fd4   0x00000008   Code   RO          352    .text.EvrRtxKernelError  rtx_evr.o
    0x08000fdc   0x08000fdc   0x0000000a   Code   RO          396    .text.EvrRtxKernelErrorNotify  rtx_evr.o
    0x08000fe6   0x08000fe6   0x00000002   PAD
    0x08000fe8   0x08000fe8   0x00000008   Code   RO          362    .text.EvrRtxKernelGetState  rtx_evr.o
    0x08000ff0   0x08000ff0   0x00000008   Code   RO          388    .text.EvrRtxKernelGetTickCount  rtx_evr.o
    0x08000ff8   0x08000ff8   0x00000002   Code   RO          354    .text.EvrRtxKernelInitialize  rtx_evr.o
    0x08000ffa   0x08000ffa   0x00000002   PAD
    0x08000ffc   0x08000ffc   0x00000002   Code   RO          356    .text.EvrRtxKernelInitialized  rtx_evr.o
    0x08000ffe   0x08000ffe   0x00000002   PAD
    0x08001000   0x08001000   0x00000002   Code   RO          364    .text.EvrRtxKernelStart  rtx_evr.o
    0x08001002   0x08001002   0x00000002   PAD
    0x08001004   0x08001004   0x00000002   Code   RO          366    .text.EvrRtxKernelStarted  rtx_evr.o
    0x08001006   0x08001006   0x00000002   PAD
    0x08001008   0x08001008   0x0000000e   Code   RO          342    .text.EvrRtxMemoryAlloc  rtx_evr.o
    0x08001016   0x08001016   0x00000002   PAD
    0x08001018   0x08001018   0x0000000a   Code   RO          348    .text.EvrRtxMemoryBlockAlloc  rtx_evr.o
    0x08001022   0x08001022   0x00000002   PAD
    0x08001024   0x08001024   0x0000000c   Code   RO          350    .text.EvrRtxMemoryBlockFree  rtx_evr.o
    0x08001030   0x08001030   0x0000000e   Code   RO          346    .text.EvrRtxMemoryBlockInit  rtx_evr.o
    0x0800103e   0x0800103e   0x00000002   PAD
    0x08001040   0x08001040   0x0000000c   Code   RO          344    .text.EvrRtxMemoryFree  rtx_evr.o
    0x0800104c   0x0800104c   0x0000000c   Code   RO          340    .text.EvrRtxMemoryInit  rtx_evr.o
    0x08001058   0x08001058   0x00000008   Code   RO          616    .text.EvrRtxMemoryPoolAllocTimeout  rtx_evr.o
    0x08001060   0x08001060   0x0000000a   Code   RO          644    .text.EvrRtxMessageQueueCreated  rtx_evr.o
    0x0800106a   0x0800106a   0x00000002   PAD
    0x0800106c   0x0800106c   0x0000000a   Code   RO          640    .text.EvrRtxMessageQueueError  rtx_evr.o
    0x08001076   0x08001076   0x00000002   PAD
    0x08001078   0x08001078   0x0000000e   Code   RO          660    .text.EvrRtxMessageQueueGet  rtx_evr.o
    0x08001086   0x08001086   0x00000002   PAD
    0x08001088   0x08001088   0x0000000a   Code   RO          674    .text.EvrRtxMessageQueueGetCount  rtx_evr.o
    0x08001092   0x08001092   0x00000002   PAD
    0x08001094   0x08001094   0x0000000c   Code   RO          662    .text.EvrRtxMessageQueueGetPending  rtx_evr.o
    0x080010a0   0x080010a0   0x00000008   Code   RO          664    .text.EvrRtxMessageQueueGetTimeout  rtx_evr.o
    0x080010a8   0x080010a8   0x0000000a   Code   RO          654    .text.EvrRtxMessageQueueInsertPending  rtx_evr.o
    0x080010b2   0x080010b2   0x00000002   PAD
    0x080010b4   0x080010b4   0x0000000a   Code   RO          656    .text.EvrRtxMessageQueueInserted  rtx_evr.o
    0x080010be   0x080010be   0x00000002   PAD
    0x080010c0   0x080010c0   0x0000000c   Code   RO          642    .text.EvrRtxMessageQueueNew  rtx_evr.o
    0x080010cc   0x080010cc   0x0000000a   Code   RO          658    .text.EvrRtxMessageQueueNotInserted  rtx_evr.o
    0x080010d6   0x080010d6   0x00000002   PAD
    0x080010d8   0x080010d8   0x0000000a   Code   RO          668    .text.EvrRtxMessageQueueNotRetrieved  rtx_evr.o
    0x080010e2   0x080010e2   0x00000002   PAD
    0x080010e4   0x080010e4   0x00000010   Code   RO          648    .text.EvrRtxMessageQueuePut  rtx_evr.o
    0x080010f4   0x080010f4   0x0000000c   Code   RO          650    .text.EvrRtxMessageQueuePutPending  rtx_evr.o
    0x08001100   0x08001100   0x00000008   Code   RO          652    .text.EvrRtxMessageQueuePutTimeout  rtx_evr.o
    0x08001108   0x08001108   0x0000000a   Code   RO          666    .text.EvrRtxMessageQueueRetrieved  rtx_evr.o
    0x08001112   0x08001112   0x00000002   PAD
    0x08001114   0x08001114   0x0000000a   Code   RO          556    .text.EvrRtxMutexAcquire  rtx_evr.o
    0x0800111e   0x0800111e   0x00000002   PAD
    0x08001120   0x08001120   0x0000000a   Code   RO          558    .text.EvrRtxMutexAcquirePending  rtx_evr.o
    0x0800112a   0x0800112a   0x00000002   PAD
    0x0800112c   0x0800112c   0x00000008   Code   RO          560    .text.EvrRtxMutexAcquireTimeout  rtx_evr.o
    0x08001134   0x08001134   0x0000000a   Code   RO          562    .text.EvrRtxMutexAcquired  rtx_evr.o
    0x0800113e   0x0800113e   0x00000002   PAD
    0x08001140   0x08001140   0x0000000a   Code   RO          552    .text.EvrRtxMutexCreated  rtx_evr.o
    0x0800114a   0x0800114a   0x00000002   PAD
    0x0800114c   0x0800114c   0x00000008   Code   RO          572    .text.EvrRtxMutexDelete  rtx_evr.o
    0x08001154   0x08001154   0x00000008   Code   RO          574    .text.EvrRtxMutexDestroyed  rtx_evr.o
    0x0800115c   0x0800115c   0x0000000a   Code   RO          548    .text.EvrRtxMutexError  rtx_evr.o
    0x08001166   0x08001166   0x00000002   PAD
    0x08001168   0x08001168   0x00000008   Code   RO          550    .text.EvrRtxMutexNew  rtx_evr.o
    0x08001170   0x08001170   0x00000008   Code   RO          564    .text.EvrRtxMutexNotAcquired  rtx_evr.o
    0x08001178   0x08001178   0x00000008   Code   RO          566    .text.EvrRtxMutexRelease  rtx_evr.o
    0x08001180   0x08001180   0x0000000a   Code   RO          568    .text.EvrRtxMutexReleased  rtx_evr.o
    0x0800118a   0x0800118a   0x00000002   PAD
    0x0800118c   0x0800118c   0x00000008   Code   RO          588    .text.EvrRtxSemaphoreAcquireTimeout  rtx_evr.o
    0x08001194   0x08001194   0x0000000a   Code   RO          440    .text.EvrRtxThreadBlocked  rtx_evr.o
    0x0800119e   0x0800119e   0x00000002   PAD
    0x080011a0   0x080011a0   0x0000000c   Code   RO          402    .text.EvrRtxThreadCreated  rtx_evr.o
    0x080011ac   0x080011ac   0x00000008   Code   RO          452    .text.EvrRtxThreadDestroyed  rtx_evr.o
    0x080011b4   0x080011b4   0x0000000a   Code   RO          398    .text.EvrRtxThreadError  rtx_evr.o
    0x080011be   0x080011be   0x00000002   PAD
    0x080011c0   0x080011c0   0x00000002   Code   RO          448    .text.EvrRtxThreadExit  rtx_evr.o
    0x080011c2   0x080011c2   0x00000002   PAD
    0x080011c4   0x080011c4   0x0000000e   Code   RO          476    .text.EvrRtxThreadFlagsWaitCompleted  rtx_evr.o
    0x080011d2   0x080011d2   0x00000002   PAD
    0x080011d4   0x080011d4   0x00000008   Code   RO          474    .text.EvrRtxThreadFlagsWaitTimeout  rtx_evr.o
    0x080011dc   0x080011dc   0x00000008   Code   RO          438    .text.EvrRtxThreadJoined  rtx_evr.o
    0x080011e4   0x080011e4   0x0000000c   Code   RO          400    .text.EvrRtxThreadNew  rtx_evr.o
    0x080011f0   0x080011f0   0x00000008   Code   RO          444    .text.EvrRtxThreadPreempted  rtx_evr.o
    0x080011f8   0x080011f8   0x00000008   Code   RO          446    .text.EvrRtxThreadSwitched  rtx_evr.o
    0x08001200   0x08001200   0x0000000a   Code   RO          442    .text.EvrRtxThreadUnblocked  rtx_evr.o
    0x0800120a   0x0800120a   0x00000002   PAD
    0x0800120c   0x0800120c   0x0000000a   Code   RO          494    .text.EvrRtxTimerCallback  rtx_evr.o
    0x08001216   0x08001216   0x00000002   PAD
    0x08001218   0x08001218   0x00000060   Code   RO          238    .text.Get_HalfWord2sComplement  calc.o
    0x08001278   0x08001278   0x00000044   Code   RO         1541    .text.HAL_DMA_Abort_IT  stm32f4xx_hal_dma.o
    0x080012bc   0x080012bc   0x0000000c   Code   RO         1553    .text.HAL_DMA_GetError  stm32f4xx_hal_dma.o
    0x080012c8   0x080012c8   0x0000000e   Code   RO         1551    .text.HAL_DMA_GetState  stm32f4xx_hal_dma.o
    0x080012d6   0x080012d6   0x00000002   PAD
    0x080012d8   0x080012d8   0x0000031e   Code   RO         1545    .text.HAL_DMA_IRQHandler  stm32f4xx_hal_dma.o
    0x080015f6   0x080015f6   0x00000002   PAD
    0x080015f8   0x080015f8   0x0000016e   Code   RO         1525    .text.HAL_DMA_Init  stm32f4xx_hal_dma.o
    0x08001766   0x08001766   0x00000002   PAD
    0x08001768   0x08001768   0x000000c2   Code   RO         1537    .text.HAL_DMA_Start_IT  stm32f4xx_hal_dma.o
    0x0800182a   0x0800182a   0x00000002   PAD
    0x0800182c   0x0800182c   0x000003b6   Code   RO         1578    .text.HAL_GPIO_Init  stm32f4xx_hal_gpio.o
    0x08001be2   0x08001be2   0x00000002   PAD
    0x08001be4   0x08001be4   0x00000066   Code   RO            2    .text.HAL_GetTick   main.o
    0x08001c4a   0x08001c4a   0x00000002   PAD
    0x08001c4c   0x08001c4c   0x00000008   Code   RO         1749    .text.HAL_I2C_AbortCpltCallback  stm32f4xx_hal_i2c.o
    0x08001c54   0x08001c54   0x00000010   Code   RO         1739    .text.HAL_I2C_AddrCallback  stm32f4xx_hal_i2c.o
    0x08001c64   0x08001c64   0x0000017a   Code   RO         1727    .text.HAL_I2C_ER_IRQHandler  stm32f4xx_hal_i2c.o
    0x08001dde   0x08001dde   0x00000002   PAD
    0x08001de0   0x08001de0   0x000003ca   Code   RO         1695    .text.HAL_I2C_EV_IRQHandler  stm32f4xx_hal_i2c.o
    0x080021aa   0x080021aa   0x00000002   PAD
    0x080021ac   0x080021ac   0x00000008   Code   RO         1747    .text.HAL_I2C_ErrorCallback  stm32f4xx_hal_i2c.o
    0x080021b4   0x080021b4   0x000002a4   Code   RO         1601    .text.HAL_I2C_Init  stm32f4xx_hal_i2c.o
    0x08002458   0x08002458   0x00000008   Code   RO         1741    .text.HAL_I2C_ListenCpltCallback  stm32f4xx_hal_i2c.o
    0x08002460   0x08002460   0x00000008   Code   RO         1733    .text.HAL_I2C_MasterRxCpltCallback  stm32f4xx_hal_i2c.o
    0x08002468   0x08002468   0x00000008   Code   RO         1731    .text.HAL_I2C_MasterTxCpltCallback  stm32f4xx_hal_i2c.o
    0x08002470   0x08002470   0x0000001a   Code   RO           96    .text.HAL_I2C_MemRxCpltCallback  com_input.o
    0x0800248a   0x0800248a   0x00000002   PAD
    0x0800248c   0x0800248c   0x0000001a   Code   RO           94    .text.HAL_I2C_MemTxCpltCallback  com_input.o
    0x080024a6   0x080024a6   0x00000002   PAD
    0x080024a8   0x080024a8   0x0000036a   Code   RO         1665    .text.HAL_I2C_Mem_Read_DMA  stm32f4xx_hal_i2c.o
    0x08002812   0x08002812   0x00000002   PAD
    0x08002814   0x08002814   0x00000302   Code   RO         1663    .text.HAL_I2C_Mem_Write_DMA  stm32f4xx_hal_i2c.o
    0x08002b16   0x08002b16   0x00000002   PAD
    0x08002b18   0x08002b18   0x0000015e   Code   RO           60    .text.HAL_I2C_MspInit  i2c.o
    0x08002c76   0x08002c76   0x00000002   PAD
    0x08002c78   0x08002c78   0x00000008   Code   RO         1737    .text.HAL_I2C_SlaveRxCpltCallback  stm32f4xx_hal_i2c.o
    0x08002c80   0x08002c80   0x00000008   Code   RO         1735    .text.HAL_I2C_SlaveTxCpltCallback  stm32f4xx_hal_i2c.o
    0x08002c88   0x08002c88   0x00000036   Code   RO         1390    .text.HAL_Init      stm32f4xx_hal.o
    0x08002cbe   0x08002cbe   0x00000002   PAD
    0x08002cc0   0x08002cc0   0x00000070   Code   RO         1392    .text.HAL_InitTick  stm32f4xx_hal.o
    0x08002d30   0x08002d30   0x0000004a   Code   RO         1884    .text.HAL_MspInit   stm32f4xx_hal_msp.o
    0x08002d7a   0x08002d7a   0x00000002   PAD
    0x08002d7c   0x08002d7c   0x00000014   Code   RO         1466    .text.HAL_NVIC_EnableIRQ  stm32f4xx_hal_cortex.o
    0x08002d90   0x08002d90   0x00000032   Code   RO         1458    .text.HAL_NVIC_SetPriority  stm32f4xx_hal_cortex.o
    0x08002dc2   0x08002dc2   0x00000002   PAD
    0x08002dc4   0x08002dc4   0x00000010   Code   RO         1454    .text.HAL_NVIC_SetPriorityGrouping  stm32f4xx_hal_cortex.o
    0x08002dd4   0x08002dd4   0x00000262   Code   RO         1834    .text.HAL_RCC_ClockConfig  stm32f4xx_hal_rcc.o
    0x08003036   0x08003036   0x00000002   PAD
    0x08003038   0x08003038   0x0000000c   Code   RO         1844    .text.HAL_RCC_GetHCLKFreq  stm32f4xx_hal_rcc.o
    0x08003044   0x08003044   0x00000022   Code   RO         1846    .text.HAL_RCC_GetPCLK1Freq  stm32f4xx_hal_rcc.o
    0x08003066   0x08003066   0x00000002   PAD
    0x08003068   0x08003068   0x000000e6   Code   RO         1836    .text.HAL_RCC_GetSysClockFreq  stm32f4xx_hal_rcc.o
    0x0800314e   0x0800314e   0x00000002   PAD
    0x08003150   0x08003150   0x000006be   Code   RO         1832    .text.HAL_RCC_OscConfig  stm32f4xx_hal_rcc.o
    0x0800380e   0x0800380e   0x00000002   PAD
    0x08003810   0x08003810   0x00000010   Code   RO         1478    .text.HAL_SYSTICK_Config  stm32f4xx_hal_cortex.o
    0x08003820   0x08003820   0x00000004   Code   RO           25    .text.HardFault_Handler  stm32f4xx_it.o
    0x08003824   0x08003824   0x00000010   Code   RO           41    .text.I2C1_ER_IRQHandler  stm32f4xx_it.o
    0x08003834   0x08003834   0x00000010   Code   RO           39    .text.I2C1_EV_IRQHandler  stm32f4xx_it.o
    0x08003844   0x08003844   0x00000034   Code   RO         1697    .text.I2C_ConvertOtherXferOptions  stm32f4xx_hal_i2c.o
    0x08003878   0x08003878   0x00000156   Code   RO         1681    .text.I2C_DMAAbort  stm32f4xx_hal_i2c.o
    0x080039ce   0x080039ce   0x00000002   PAD
    0x080039d0   0x080039d0   0x00000072   Code   RO         1643    .text.I2C_DMAError  stm32f4xx_hal_i2c.o
    0x08003a42   0x08003a42   0x00000002   PAD
    0x08003a44   0x08003a44   0x000001ba   Code   RO         1641    .text.I2C_DMAXferCplt  stm32f4xx_hal_i2c.o
    0x08003bfe   0x08003bfe   0x00000002   PAD
    0x08003c00   0x08003c00   0x0000027a   Code   RO         1693    .text.I2C_ITError   stm32f4xx_hal_i2c.o
    0x08003e7a   0x08003e7a   0x00000002   PAD
    0x08003e7c   0x08003e7c   0x00000064   Code   RO         1761    .text.I2C_IsAcknowledgeFailed  stm32f4xx_hal_i2c.o
    0x08003ee0   0x08003ee0   0x0000019e   Code   RO         1713    .text.I2C_MasterReceive_BTF  stm32f4xx_hal_i2c.o
    0x0800407e   0x0800407e   0x00000002   PAD
    0x08004080   0x08004080   0x0000013c   Code   RO         1711    .text.I2C_MasterReceive_RXNE  stm32f4xx_hal_i2c.o
    0x080041bc   0x080041bc   0x000000de   Code   RO         1707    .text.I2C_MasterTransmit_BTF  stm32f4xx_hal_i2c.o
    0x0800429a   0x0800429a   0x00000002   PAD
    0x0800429c   0x0800429c   0x0000013e   Code   RO         1705    .text.I2C_MasterTransmit_TXE  stm32f4xx_hal_i2c.o
    0x080043da   0x080043da   0x00000002   PAD
    0x080043dc   0x080043dc   0x00000046   Code   RO         1701    .text.I2C_Master_ADD10  stm32f4xx_hal_i2c.o
    0x08004422   0x08004422   0x00000002   PAD
    0x08004424   0x08004424   0x0000033e   Code   RO         1703    .text.I2C_Master_ADDR  stm32f4xx_hal_i2c.o
    0x08004762   0x08004762   0x00000002   PAD
    0x08004764   0x08004764   0x000000f0   Code   RO         1699    .text.I2C_Master_SB  stm32f4xx_hal_i2c.o
    0x08004854   0x08004854   0x00000122   Code   RO         1709    .text.I2C_MemoryTransmit_TXE_BTF  stm32f4xx_hal_i2c.o
    0x08004976   0x08004976   0x00000002   PAD
    0x08004978   0x08004978   0x000001e2   Code   RO         1657    .text.I2C_RequestMemoryRead  stm32f4xx_hal_i2c.o
    0x08004b5a   0x08004b5a   0x00000002   PAD
    0x08004b5c   0x08004b5c   0x0000013a   Code   RO         1653    .text.I2C_RequestMemoryWrite  stm32f4xx_hal_i2c.o
    0x08004c96   0x08004c96   0x00000002   PAD
    0x08004c98   0x08004c98   0x0000002e   Code   RO         1725    .text.I2C_SlaveReceive_BTF  stm32f4xx_hal_i2c.o
    0x08004cc6   0x08004cc6   0x00000002   PAD
    0x08004cc8   0x08004cc8   0x0000006e   Code   RO         1723    .text.I2C_SlaveReceive_RXNE  stm32f4xx_hal_i2c.o
    0x08004d36   0x08004d36   0x00000002   PAD
    0x08004d38   0x08004d38   0x0000002c   Code   RO         1721    .text.I2C_SlaveTransmit_BTF  stm32f4xx_hal_i2c.o
    0x08004d64   0x08004d64   0x0000006c   Code   RO         1719    .text.I2C_SlaveTransmit_TXE  stm32f4xx_hal_i2c.o
    0x08004dd0   0x08004dd0   0x000000ae   Code   RO         1715    .text.I2C_Slave_ADDR  stm32f4xx_hal_i2c.o
    0x08004e7e   0x08004e7e   0x00000002   PAD
    0x08004e80   0x08004e80   0x000000de   Code   RO         1729    .text.I2C_Slave_AF  stm32f4xx_hal_i2c.o
    0x08004f5e   0x08004f5e   0x00000002   PAD
    0x08004f60   0x08004f60   0x0000024a   Code   RO         1717    .text.I2C_Slave_STOPF  stm32f4xx_hal_i2c.o
    0x080051aa   0x080051aa   0x00000002   PAD
    0x080051ac   0x080051ac   0x000000be   Code   RO         1611    .text.I2C_WaitOnFlagUntilTimeout  stm32f4xx_hal_i2c.o
    0x0800526a   0x0800526a   0x00000002   PAD
    0x0800526c   0x0800526c   0x00000110   Code   RO         1759    .text.I2C_WaitOnMasterAddressFlagUntilTimeout  stm32f4xx_hal_i2c.o
    0x0800537c   0x0800537c   0x00000078   Code   RO         1757    .text.I2C_WaitOnSTOPRequestThroughIT  stm32f4xx_hal_i2c.o
    0x080053f4   0x080053f4   0x00000094   Code   RO         1615    .text.I2C_WaitOnTXEFlagUntilTimeout  stm32f4xx_hal_i2c.o
    0x08005488   0x08005488   0x00000014   Code   RO          277    .text.IsException   rtx_evflags.o
    0x0800549c   0x0800549c   0x00000014   Code   RO          699    .text.IsException   rtx_kernel.o
    0x080054b0   0x080054b0   0x00000014   Code   RO          917    .text.IsException   rtx_msgqueue.o
    0x080054c4   0x080054c4   0x00000014   Code   RO          994    .text.IsException   rtx_mutex.o
    0x080054d8   0x080054d8   0x00000014   Code   RO         1175    .text.IsException   rtx_thread.o
    0x080054ec   0x080054ec   0x0000002e   Code   RO          279    .text.IsIrqMasked   rtx_evflags.o
    0x0800551a   0x0800551a   0x00000002   PAD
    0x0800551c   0x0800551c   0x0000002e   Code   RO          701    .text.IsIrqMasked   rtx_kernel.o
    0x0800554a   0x0800554a   0x00000002   PAD
    0x0800554c   0x0800554c   0x0000002e   Code   RO          919    .text.IsIrqMasked   rtx_msgqueue.o
    0x0800557a   0x0800557a   0x00000002   PAD
    0x0800557c   0x0800557c   0x0000002e   Code   RO          996    .text.IsIrqMasked   rtx_mutex.o
    0x080055aa   0x080055aa   0x00000002   PAD
    0x080055ac   0x080055ac   0x0000002e   Code   RO         1177    .text.IsIrqMasked   rtx_thread.o
    0x080055da   0x080055da   0x00000002   PAD
    0x080055dc   0x080055dc   0x00000014   Code   RO          705    .text.IsPrivileged  rtx_kernel.o
    0x080055f0   0x080055f0   0x00000050   Code   RO           74    .text.MX_DMA_Init   dma.o
    0x08005640   0x08005640   0x00000028   Code   RO           50    .text.MX_GPIO_Init  gpio.o
    0x08005668   0x08005668   0x00000048   Code   RO           58    .text.MX_I2C1_Init  i2c.o
    0x080056b0   0x080056b0   0x00000018   Code   RO          823    .text.MemBlockPtr   rtx_memory.o
    0x080056c8   0x080056c8   0x0000000a   Code   RO          821    .text.MemHeadPtr    rtx_memory.o
    0x080056d2   0x080056d2   0x00000002   PAD
    0x080056d4   0x080056d4   0x00000004   Code   RO           27    .text.MemManage_Handler  stm32f4xx_it.o
    0x080056d8   0x080056d8   0x00000052   Code   RO          967    .text.MessageQueueGet  rtx_msgqueue.o
    0x0800572a   0x0800572a   0x00000002   PAD
    0x0800572c   0x0800572c   0x000000ac   Code   RO          957    .text.MessageQueuePut  rtx_msgqueue.o
    0x080057d8   0x080057d8   0x00000042   Code   RO          953    .text.MessageQueueRemove  rtx_msgqueue.o
    0x0800581a   0x0800581a   0x00000002   PAD
    0x0800581c   0x0800581c   0x00000004   Code   RO           23    .text.NMI_Handler   stm32f4xx_it.o
    0x08005820   0x08005820   0x0000006c   Code   RO         1464    .text.NVIC_EncodePriority  stm32f4xx_hal_cortex.o
    0x0800588c   0x0800588c   0x0000000c   Code   RO         1359    .text.OS_Tick_AcknowledgeIRQ  os_systick.o
    0x08005898   0x08005898   0x0000003c   Code   RO         1355    .text.OS_Tick_Enable  os_systick.o
    0x080058d4   0x080058d4   0x00000006   Code   RO         1361    .text.OS_Tick_GetIRQn  os_systick.o
    0x080058da   0x080058da   0x00000002   PAD
    0x080058dc   0x080058dc   0x0000007e   Code   RO         1353    .text.OS_Tick_Setup  os_systick.o
    0x0800595a   0x0800595a   0x00000002   PAD
    0x0800595c   0x0800595c   0x00000068   Code   RO          747    .text.SVC_Setup     rtx_kernel.o
    0x080059c4   0x080059c4   0x00000010   Code   RO         1108    .text.SetPendSV     rtx_system.o
    0x080059d4   0x080059d4   0x00000018   Code   RO         1147    .text.StackOffsetR0  rtx_thread.o
    0x080059ec   0x080059ec   0x00000052   Code   RO         1480    .text.SysTick_Config  stm32f4xx_hal_cortex.o
    0x08005a3e   0x08005a3e   0x00000002   PAD
    0x08005a40   0x08005a40   0x0000009e   Code   RO            6    .text.SystemClock_Config  main.o
    0x08005ade   0x08005ade   0x00000002   PAD
    0x08005ae0   0x08005ae0   0x0000012e   Code   RO         1903    .text.SystemCoreClockUpdate  system_stm32f4xx.o
    0x08005c0e   0x08005c0e   0x00000002   PAD
    0x08005c10   0x08005c10   0x00000012   Code   RO         1901    .text.SystemInit    system_stm32f4xx.o
    0x08005c22   0x08005c22   0x00000002   PAD
    0x08005c24   0x08005c24   0x0000007c   Code   RO         1227    .text.ThreadFlagsCheck  rtx_thread.o
    0x08005ca0   0x08005ca0   0x0000009e   Code   RO         1328    .text.TimerInsert   rtx_timer.o
    0x08005d3e   0x08005d3e   0x00000002   PAD
    0x08005d40   0x08005d40   0x00000028   Code   RO         1324    .text.TimerUnlink   rtx_timer.o
    0x08005d68   0x08005d68   0x00000004   Code   RO           31    .text.UsageFault_Handler  stm32f4xx_it.o
    0x08005d6c   0x08005d6c   0x00000030   Code   RO         1468    .text.__NVIC_EnableIRQ  stm32f4xx_hal_cortex.o
    0x08005d9c   0x08005d9c   0x00000010   Code   RO          749    .text.__NVIC_GetPriorityGrouping  rtx_kernel.o
    0x08005dac   0x08005dac   0x00000010   Code   RO         1460    .text.__NVIC_GetPriorityGrouping  stm32f4xx_hal_cortex.o
    0x08005dbc   0x08005dbc   0x00000042   Code   RO         1462    .text.__NVIC_SetPriority  stm32f4xx_hal_cortex.o
    0x08005dfe   0x08005dfe   0x00000002   PAD
    0x08005e00   0x08005e00   0x0000003c   Code   RO         1456    .text.__NVIC_SetPriorityGrouping  stm32f4xx_hal_cortex.o
    0x08005e3c   0x08005e3c   0x00000020   Code   RO          792    .text._mutex_acquire  rtx_lib.o
    0x08005e5c   0x08005e5c   0x00000012   Code   RO          796    .text._mutex_free   rtx_lib.o
    0x08005e6e   0x08005e6e   0x00000002   PAD
    0x08005e70   0x08005e70   0x00000032   Code   RO          790    .text._mutex_initialize  rtx_lib.o
    0x08005ea2   0x08005ea2   0x00000002   PAD
    0x08005ea4   0x08005ea4   0x0000001c   Code   RO          794    .text._mutex_release  rtx_lib.o
    0x08005ec0   0x08005ec0   0x00000008   Code   RO          782    .text._platform_post_stackheap_init  rtx_lib.o
    0x08005ec8   0x08005ec8   0x0000002c   Code   RO            8    .text.app_main      main.o
    0x08005ef4   0x08005ef4   0x00000038   Code   RO          307    .text.atomic_chk32_all  rtx_evflags.o
    0x08005f2c   0x08005f2c   0x00000038   Code   RO         1229    .text.atomic_chk32_all  rtx_thread.o
    0x08005f64   0x08005f64   0x00000034   Code   RO          309    .text.atomic_chk32_any  rtx_evflags.o
    0x08005f98   0x08005f98   0x00000034   Code   RO         1231    .text.atomic_chk32_any  rtx_thread.o
    0x08005fcc   0x08005fcc   0x0000002c   Code   RO         1110    .text.atomic_dec16_nz  rtx_system.o
    0x08005ff8   0x08005ff8   0x00000020   Code   RO          848    .text.atomic_dec32  rtx_mempool.o
    0x08006018   0x08006018   0x00000028   Code   RO          969    .text.atomic_dec32_nz  rtx_msgqueue.o
    0x08006040   0x08006040   0x00000034   Code   RO         1112    .text.atomic_inc16_lim  rtx_system.o
    0x08006074   0x08006074   0x00000038   Code   RO         1116    .text.atomic_inc16_lt  rtx_system.o
    0x080060ac   0x080060ac   0x00000020   Code   RO          842    .text.atomic_inc32  rtx_mempool.o
    0x080060cc   0x080060cc   0x00000020   Code   RO          959    .text.atomic_inc32  rtx_msgqueue.o
    0x080060ec   0x080060ec   0x00000028   Code   RO          840    .text.atomic_link_get  rtx_mempool.o
    0x08006114   0x08006114   0x00000030   Code   RO          846    .text.atomic_link_put  rtx_mempool.o
    0x08006144   0x08006144   0x00000028   Code   RO          319    .text.atomic_set32  rtx_evflags.o
    0x0800616c   0x0800616c   0x00000028   Code   RO          971    .text.atomic_wr8    rtx_msgqueue.o
    0x08006194   0x08006194   0x00000066   Code   RO          285    .text.isrRtxEventFlagsSet  rtx_evflags.o
    0x080061fa   0x080061fa   0x00000002   PAD
    0x080061fc   0x080061fc   0x00000086   Code   RO          297    .text.isrRtxEventFlagsWait  rtx_evflags.o
    0x08006282   0x08006282   0x00000002   PAD
    0x08006284   0x08006284   0x000000a8   Code   RO          929    .text.isrRtxMessageQueueGet  rtx_msgqueue.o
    0x0800632c   0x0800632c   0x000000b8   Code   RO          925    .text.isrRtxMessageQueuePut  rtx_msgqueue.o
    0x080063e4   0x080063e4   0x00000054   Code   RO         1092    .text.isr_queue_get  rtx_system.o
    0x08006438   0x08006438   0x0000005e   Code   RO         1106    .text.isr_queue_put  rtx_system.o
    0x08006496   0x08006496   0x00000002   PAD
    0x08006498   0x08006498   0x0000003e   Code   RO            4    .text.main          main.o
    0x080064d6   0x080064d6   0x00000002   PAD
    0x080064d8   0x080064d8   0x00000056   Code   RO          275    .text.osEventFlagsNew  rtx_evflags.o
    0x0800652e   0x0800652e   0x00000002   PAD
    0x08006530   0x08006530   0x0000005e   Code   RO          283    .text.osEventFlagsSet  rtx_evflags.o
    0x0800658e   0x0800658e   0x00000002   PAD
    0x08006590   0x08006590   0x0000007e   Code   RO          295    .text.osEventFlagsWait  rtx_evflags.o
    0x0800660e   0x0800660e   0x00000002   PAD
    0x08006610   0x08006610   0x00000042   Code   RO          709    .text.osKernelGetState  rtx_kernel.o
    0x08006652   0x08006652   0x00000002   PAD
    0x08006654   0x08006654   0x0000003a   Code   RO          725    .text.osKernelGetTickCount  rtx_kernel.o
    0x0800668e   0x0800668e   0x00000002   PAD
    0x08006690   0x08006690   0x0000004a   Code   RO          697    .text.osKernelInitialize  rtx_kernel.o
    0x080066da   0x080066da   0x00000002   PAD
    0x080066dc   0x080066dc   0x00000046   Code   RO          713    .text.osKernelStart  rtx_kernel.o
    0x08006722   0x08006722   0x00000002   PAD
    0x08006724   0x08006724   0x0000007e   Code   RO          927    .text.osMessageQueueGet  rtx_msgqueue.o
    0x080067a2   0x080067a2   0x00000002   PAD
    0x080067a4   0x080067a4   0x00000048   Code   RO          939    .text.osMessageQueueGetCount  rtx_msgqueue.o
    0x080067ec   0x080067ec   0x00000072   Code   RO          915    .text.osMessageQueueNew  rtx_msgqueue.o
    0x0800685e   0x0800685e   0x00000002   PAD
    0x08006860   0x08006860   0x0000008a   Code   RO          923    .text.osMessageQueuePut  rtx_msgqueue.o
    0x080068ea   0x080068ea   0x00000002   PAD
    0x080068ec   0x080068ec   0x00000064   Code   RO         1000    .text.osMutexAcquire  rtx_mutex.o
    0x08006950   0x08006950   0x00000056   Code   RO         1006    .text.osMutexDelete  rtx_mutex.o
    0x080069a6   0x080069a6   0x00000002   PAD
    0x080069a8   0x080069a8   0x00000056   Code   RO          992    .text.osMutexNew    rtx_mutex.o
    0x080069fe   0x080069fe   0x00000002   PAD
    0x08006a00   0x08006a00   0x00000056   Code   RO         1002    .text.osMutexRelease  rtx_mutex.o
    0x08006a56   0x08006a56   0x00000002   PAD
    0x08006a58   0x08006a58   0x0000002e   Code   RO         1381    .text.osRtxErrorNotify  rtx_config.o
    0x08006a86   0x08006a86   0x00000002   PAD
    0x08006a88   0x08006a88   0x0000000a   Code   RO          313    .text.osRtxEventFlagsId  rtx_evflags.o
    0x08006a92   0x08006a92   0x00000002   PAD
    0x08006a94   0x08006a94   0x0000000a   Code   RO         1096    .text.osRtxEventFlagsObject  rtx_system.o
    0x08006a9e   0x08006a9e   0x00000002   PAD
    0x08006aa0   0x08006aa0   0x0000005c   Code   RO          303    .text.osRtxEventFlagsPostProcess  rtx_evflags.o
    0x08006afc   0x08006afc   0x00000008   Code   RO         1379    .text.osRtxIdleThread  rtx_config.o
    0x08006b04   0x08006b04   0x0000001c   Code   RO          695    .text.osRtxKernelErrorNotify  rtx_kernel.o
    0x08006b20   0x08006b20   0x0000000c   Code   RO         1088    .text.osRtxKernelGetState  rtx_system.o
    0x08006b2c   0x08006b2c   0x0000000c   Code   RO         1153    .text.osRtxKernelGetState  rtx_thread.o
    0x08006b38   0x08006b38   0x00000002   Code   RO          693    .text.osRtxKernelPreInit  rtx_kernel.o
    0x08006b3a   0x08006b3a   0x00000002   PAD
    0x08006b3c   0x08006b3c   0x0000000c   Code   RO          743    .text.osRtxKernelState  rtx_kernel.o
    0x08006b48   0x08006b48   0x0000014c   Code   RO          825    .text.osRtxMemoryAlloc  rtx_memory.o
    0x08006c94   0x08006c94   0x000000c2   Code   RO          827    .text.osRtxMemoryFree  rtx_memory.o
    0x08006d56   0x08006d56   0x00000002   PAD
    0x08006d58   0x08006d58   0x00000096   Code   RO          819    .text.osRtxMemoryInit  rtx_memory.o
    0x08006dee   0x08006dee   0x00000002   PAD
    0x08006df0   0x08006df0   0x0000004a   Code   RO          838    .text.osRtxMemoryPoolAlloc  rtx_mempool.o
    0x08006e3a   0x08006e3a   0x00000002   PAD
    0x08006e3c   0x08006e3c   0x00000064   Code   RO          844    .text.osRtxMemoryPoolFree  rtx_mempool.o
    0x08006ea0   0x08006ea0   0x00000098   Code   RO          836    .text.osRtxMemoryPoolInit  rtx_mempool.o
    0x08006f38   0x08006f38   0x0000000a   Code   RO         1100    .text.osRtxMemoryPoolObject  rtx_system.o
    0x08006f42   0x08006f42   0x00000002   PAD
    0x08006f44   0x08006f44   0x0000000a   Code   RO         1102    .text.osRtxMessageObject  rtx_system.o
    0x08006f4e   0x08006f4e   0x00000002   PAD
    0x08006f50   0x08006f50   0x0000000a   Code   RO          911    .text.osRtxMessageQueueId  rtx_msgqueue.o
    0x08006f5a   0x08006f5a   0x00000002   PAD
    0x08006f5c   0x08006f5c   0x00000144   Code   RO          951    .text.osRtxMessageQueuePostProcess  rtx_msgqueue.o
    0x080070a0   0x080070a0   0x0000003e   Code   RO          909    .text.osRtxMessageQueueTimerSetup  rtx_msgqueue.o
    0x080070de   0x080070de   0x00000002   PAD
    0x080070e0   0x080070e0   0x0000000a   Code   RO         1012    .text.osRtxMutexId  rtx_mutex.o
    0x080070ea   0x080070ea   0x00000002   PAD
    0x080070ec   0x080070ec   0x0000000a   Code   RO         1143    .text.osRtxMutexObject  rtx_thread.o
    0x080070f6   0x080070f6   0x00000002   PAD
    0x080070f8   0x080070f8   0x00000098   Code   RO          986    .text.osRtxMutexOwnerRelease  rtx_mutex.o
    0x08007190   0x08007190   0x000000ac   Code   RO          990    .text.osRtxMutexOwnerRestore  rtx_mutex.o
    0x0800723c   0x0800723c   0x0000000a   Code   RO          317    .text.osRtxObject   rtx_evflags.o
    0x08007246   0x08007246   0x00000002   PAD
    0x08007248   0x08007248   0x0000000a   Code   RO          955    .text.osRtxObject   rtx_msgqueue.o
    0x08007252   0x08007252   0x00000002   PAD
    0x08007254   0x08007254   0x0000000a   Code   RO          988    .text.osRtxObject   rtx_mutex.o
    0x0800725e   0x0800725e   0x00000002   PAD
    0x08007260   0x08007260   0x0000000a   Code   RO         1114    .text.osRtxObject   rtx_system.o
    0x0800726a   0x0800726a   0x00000002   PAD
    0x0800726c   0x0800726c   0x0000000a   Code   RO         1133    .text.osRtxObject   rtx_thread.o
    0x08007276   0x08007276   0x00000002   PAD
    0x08007278   0x08007278   0x000000b8   Code   RO         1090    .text.osRtxPendSV_Handler  rtx_system.o
    0x08007330   0x08007330   0x00000042   Code   RO         1104    .text.osRtxPostProcess  rtx_system.o
    0x08007372   0x08007372   0x00000002   PAD
    0x08007374   0x08007374   0x0000000a   Code   RO         1098    .text.osRtxSemaphoreObject  rtx_system.o
    0x0800737e   0x0800737e   0x00000002   PAD
    0x08007380   0x08007380   0x00000088   Code   RO         1157    .text.osRtxThreadBlock  rtx_thread.o
    0x08007408   0x08007408   0x000000fa   Code   RO         1165    .text.osRtxThreadDelayInsert  rtx_thread.o
    0x08007502   0x08007502   0x00000002   PAD
    0x08007504   0x08007504   0x0000009c   Code   RO         1161    .text.osRtxThreadDelayRemove  rtx_thread.o
    0x080075a0   0x080075a0   0x00000150   Code   RO         1139    .text.osRtxThreadDelayTick  rtx_thread.o
    0x080076f0   0x080076f0   0x00000060   Code   RO         1269    .text.osRtxThreadDestroy  rtx_thread.o
    0x08007750   0x08007750   0x00000096   Code   RO         1151    .text.osRtxThreadDispatch  rtx_thread.o
    0x080077e6   0x080077e6   0x00000002   PAD
    0x080077e8   0x080077e8   0x0000009c   Code   RO         1259    .text.osRtxThreadFree  rtx_thread.o
    0x08007884   0x08007884   0x0000000c   Code   RO          329    .text.osRtxThreadGetRunning  rtx_evflags.o
    0x08007890   0x08007890   0x0000000c   Code   RO          965    .text.osRtxThreadGetRunning  rtx_msgqueue.o
    0x0800789c   0x0800789c   0x0000000c   Code   RO         1016    .text.osRtxThreadGetRunning  rtx_mutex.o
    0x080078a8   0x080078a8   0x0000000c   Code   RO         1155    .text.osRtxThreadGetRunning  rtx_thread.o
    0x080078b4   0x080078b4   0x0000000c   Code   RO         1322    .text.osRtxThreadGetRunning  rtx_timer.o
    0x080078c0   0x080078c0   0x0000000a   Code   RO         1169    .text.osRtxThreadId  rtx_thread.o
    0x080078ca   0x080078ca   0x00000002   PAD
    0x080078cc   0x080078cc   0x0000003c   Code   RO         1265    .text.osRtxThreadJoinWakeup  rtx_thread.o
    0x08007908   0x08007908   0x00000036   Code   RO         1129    .text.osRtxThreadListGet  rtx_thread.o
    0x0800793e   0x0800793e   0x00000002   PAD
    0x08007940   0x08007940   0x00000076   Code   RO         1125    .text.osRtxThreadListPut  rtx_thread.o
    0x080079b6   0x080079b6   0x00000002   PAD
    0x080079b8   0x080079b8   0x00000032   Code   RO         1135    .text.osRtxThreadListRemove  rtx_thread.o
    0x080079ea   0x080079ea   0x00000002   PAD
    0x080079ec   0x080079ec   0x00000022   Code   RO         1141    .text.osRtxThreadListRoot  rtx_thread.o
    0x08007a0e   0x08007a0e   0x00000002   PAD
    0x08007a10   0x08007a10   0x00000058   Code   RO         1131    .text.osRtxThreadListSort  rtx_thread.o
    0x08007a68   0x08007a68   0x0000000a   Code   RO         1094    .text.osRtxThreadObject  rtx_system.o
    0x08007a72   0x08007a72   0x00000002   PAD
    0x08007a74   0x08007a74   0x0000000a   Code   RO         1127    .text.osRtxThreadObject  rtx_thread.o
    0x08007a7e   0x08007a7e   0x00000002   PAD
    0x08007a80   0x08007a80   0x00000044   Code   RO         1225    .text.osRtxThreadPostProcess  rtx_thread.o
    0x08007ac4   0x08007ac4   0x00000020   Code   RO         1137    .text.osRtxThreadReadyPut  rtx_thread.o
    0x08007ae4   0x08007ae4   0x00000022   Code   RO         1145    .text.osRtxThreadRegPtr  rtx_thread.o
    0x08007b06   0x08007b06   0x00000002   PAD
    0x08007b08   0x08007b08   0x00000014   Code   RO         1267    .text.osRtxThreadSetRunning  rtx_thread.o
    0x08007b1c   0x08007b1c   0x00000014   Code   RO         1326    .text.osRtxThreadSetRunning  rtx_timer.o
    0x08007b30   0x08007b30   0x00000096   Code   RO         1167    .text.osRtxThreadStartup  rtx_thread.o
    0x08007bc6   0x08007bc6   0x00000002   PAD
    0x08007bc8   0x08007bc8   0x00000022   Code   RO         1149    .text.osRtxThreadSwitch  rtx_thread.o
    0x08007bea   0x08007bea   0x00000002   PAD
    0x08007bec   0x08007bec   0x00000076   Code   RO         1163    .text.osRtxThreadWaitEnter  rtx_thread.o
    0x08007c62   0x08007c62   0x00000002   PAD
    0x08007c64   0x08007c64   0x00000046   Code   RO         1159    .text.osRtxThreadWaitExit  rtx_thread.o
    0x08007caa   0x08007caa   0x00000002   PAD
    0x08007cac   0x08007cac   0x00000110   Code   RO         1086    .text.osRtxTick_Handler  rtx_system.o
    0x08007dbc   0x08007dbc   0x00000030   Code   RO         1300    .text.osRtxTimerSetup  rtx_timer.o
    0x08007dec   0x08007dec   0x00000032   Code   RO         1304    .text.osRtxTimerThread  rtx_timer.o
    0x08007e1e   0x08007e1e   0x00000002   PAD
    0x08007e20   0x08007e20   0x000000dc   Code   RO         1302    .text.osRtxTimerTick  rtx_timer.o
    0x08007efc   0x08007efc   0x00000024   Code   RO         1205    .text.osThreadExit  rtx_thread.o
    0x08007f20   0x08007f20   0x00000072   Code   RO         1173    .text.osThreadNew   rtx_thread.o
    0x08007f92   0x08007f92   0x00000002   PAD
    0x08007f94   0x08007f94   0x00000036   Code   RO          788    .text.os_kernel_is_active  rtx_lib.o
    0x08007fca   0x08007fca   0x00000002   PAD
    0x08007fcc   0x08007fcc   0x00000116   Code   RO          301    .text.svcRtxEventFlagsNew  rtx_evflags.o
    0x080080e2   0x080080e2   0x00000002   PAD
    0x080080e4   0x080080e4   0x000000d4   Code   RO          321    .text.svcRtxEventFlagsSet  rtx_evflags.o
    0x080081b8   0x080081b8   0x000000d2   Code   RO          327    .text.svcRtxEventFlagsWait  rtx_evflags.o
    0x0800828a   0x0800828a   0x00000002   PAD
    0x0800828c   0x0800828c   0x00000016   Code   RO          711    .text.svcRtxKernelGetState  rtx_kernel.o
    0x080082a2   0x080082a2   0x00000002   PAD
    0x080082a4   0x080082a4   0x0000001c   Code   RO          727    .text.svcRtxKernelGetTickCount  rtx_kernel.o
    0x080082c0   0x080082c0   0x000002f8   Code   RO          741    .text.svcRtxKernelInitialize  rtx_kernel.o
    0x080085b8   0x080085b8   0x000000da   Code   RO          745    .text.svcRtxKernelStart  rtx_kernel.o
    0x08008692   0x08008692   0x00000002   PAD
    0x08008694   0x08008694   0x00000164   Code   RO          973    .text.svcRtxMessageQueueGet  rtx_msgqueue.o
    0x080087f8   0x080087f8   0x00000044   Code   RO          941    .text.svcRtxMessageQueueGetCount  rtx_msgqueue.o
    0x0800883c   0x0800883c   0x0000029c   Code   RO          913    .text.svcRtxMessageQueueNew  rtx_msgqueue.o
    0x08008ad8   0x08008ad8   0x00000158   Code   RO          963    .text.svcRtxMessageQueuePut  rtx_msgqueue.o
    0x08008c30   0x08008c30   0x00000172   Code   RO         1014    .text.svcRtxMutexAcquire  rtx_mutex.o
    0x08008da2   0x08008da2   0x00000002   PAD
    0x08008da4   0x08008da4   0x0000016e   Code   RO         1022    .text.svcRtxMutexDelete  rtx_mutex.o
    0x08008f12   0x08008f12   0x00000002   PAD
    0x08008f14   0x08008f14   0x0000011e   Code   RO         1008    .text.svcRtxMutexNew  rtx_mutex.o
    0x08009032   0x08009032   0x00000002   PAD
    0x08009034   0x08009034   0x0000019c   Code   RO         1018    .text.svcRtxMutexRelease  rtx_mutex.o
    0x080091d0   0x080091d0   0x00000062   Code   RO         1263    .text.svcRtxThreadExit  rtx_thread.o
    0x08009232   0x08009232   0x00000002   PAD
    0x08009234   0x08009234   0x000003f2   Code   RO         1171    .text.svcRtxThreadNew  rtx_thread.o
    0x08009626   0x08009626   0x00000002   PAD
    0x08009628   0x08009628   0x00000012   Code   RO         1223    .text.xPSR_InitVal  rtx_thread.o
    0x0800963a   0x0800963a   0x00000002   PAD
    0x0800963c   0x0800963c   0x00000062   Code   RO         1928    x$fpl$d2f           fz_wm.l(d2f.o)
    0x0800969e   0x0800969e   0x0000002e   Code   RO         1945    x$fpl$dflt          fz_wm.l(dflt_clz.o)
    0x080096cc   0x080096cc   0x00000154   Code   RO         1950    x$fpl$dmul          fz_wm.l(dmul.o)
    0x08009820   0x08009820   0x0000009c   Code   RO         1967    x$fpl$dnaninf       fz_wm.l(dnaninf.o)
    0x080098bc   0x080098bc   0x0000000c   Code   RO         1969    x$fpl$dretinf       fz_wm.l(dretinf.o)
    0x080098c8   0x080098c8   0x0000001a   Code   RO         1952    x$fpl$fpinit        fz_wm.l(fpinit.o)
    0x080098e2   0x080098e2   0x0000000a   Code   RO         1971    x$fpl$fretinf       fz_wm.l(fretinf.o)
    0x080098ec   0x080098ec   0x00000000   Code   RO         1973    x$fpl$usenofp       fz_wm.l(usenofp.o)
    0x080098ec   0x080098ec   0x000000a8   Data   RO          802    .rodata             rtx_lib.o
    0x08009994   0x08009994   0x0000000a   Data   RO          186    .rodata..L__const.ADXL345_GetInterruptStatus.comData  adxl345.o
    0x0800999e   0x0800999e   0x0000000a   Data   RO          187    .rodata..L__const.ADXL345_GetRawDatas.comData  adxl345.o
    0x080099a8   0x080099a8   0x00000001   Data   RO          176    .rodata..L__const.ADXL345_InitSensor.setDataFormat  adxl345.o
    0x080099a9   0x080099a9   0x00000001   Data   RO          177    .rodata..L__const.ADXL345_InitSensor.setPowerControl  adxl345.o
    0x080099aa   0x080099aa   0x00000002   PAD
    0x080099ac   0x080099ac   0x00000008   Data   RO           12    .rodata.ADXL345     main.o
    0x080099b4   0x080099b4   0x00000010   Data   RO         1906    .rodata.AHBPrescTable  system_stm32f4xx.o
    0x080099c4   0x080099c4   0x00000008   Data   RO         1907    .rodata.APBPrescTable  system_stm32f4xx.o
    0x080099cc   0x080099cc   0x00000008   Data   RO         1555    .rodata.DMA_CalcBaseAndBitshift.flagBitshiftOffset  stm32f4xx_hal_dma.o
    0x080099d4   0x080099d4   0x00000018   Data   RO          102    .rodata.comInputRxDatasAttr  com_input.o
    0x080099ec   0x080099ec   0x00000010   Data   RO          104    .rodata.comInputRxEvtAttr  com_input.o
    0x080099fc   0x080099fc   0x00000010   Data   RO          106    .rodata.comInputRxMtxAttr  com_input.o
    0x08009a0c   0x08009a0c   0x00000024   Data   RO          100    .rodata.comInputRxThreadAttr  com_input.o
    0x08009a30   0x08009a30   0x00000018   Data   RO          101    .rodata.comInputTxDatasAttr  com_input.o
    0x08009a48   0x08009a48   0x00000010   Data   RO          103    .rodata.comInputTxEvtAttr  com_input.o
    0x08009a58   0x08009a58   0x00000010   Data   RO          105    .rodata.comInputTxMtxAttr  com_input.o
    0x08009a68   0x08009a68   0x00000024   Data   RO           99    .rodata.comInputTxThreadAttr  com_input.o
    0x08009a8c   0x08009a8c   0x00000004   Data   RO          804    .rodata.osRtxUserSVC  rtx_lib.o
    0x08009a90   0x08009a90   0x00000024   Data   RO          799    .rodata.os_idle_thread_attr  rtx_lib.o
    0x08009ab4   0x08009ab4   0x00000018   Data   RO          801    .rodata.os_timer_mq_attr  rtx_lib.o
    0x08009acc   0x08009acc   0x00000024   Data   RO          800    .rodata.os_timer_thread_attr  rtx_lib.o
    0x08009af0   0x08009af0   0x0000009a   Data   RO           98    .rodata.str1.1      com_input.o
    0x08009b8a   0x08009b8a   0x0000000b   Data   RO          773    .rodata.str1.1      rtx_kernel.o
    0x08009b95   0x08009b95   0x00000003   PAD
    0x08009b98   0x08009b98   0x00000020   Data   RO         2137    Region$$Table       anon$$obj.o


    Execution Region RW_IRAM1 (Exec base: 0x20000000, Load base: 0x08009bb8, Size: 0x00008da8, Max: 0x00020000, ABSOLUTE)

    Exec Addr    Load Addr    Size         Type   Attr      Idx    E Section Name        Object

    0x20000000   0x08009bb8   0x00000004   Data   RW         1905    .data.SystemCoreClock  system_stm32f4xx.o
    0x20000004   0x08009bbc   0x000000a4   Data   RW          774    .data.os            rtx_kernel.o
    0x200000a8   0x08009c60   0x00000001   Data   RW         1445    .data.uwTickFreq    stm32f4xx_hal.o
    0x200000a9   0x08009c61   0x00000003   PAD
    0x200000ac   0x08009c64   0x00000004   Data   RW         1444    .data.uwTickPrio    stm32f4xx_hal.o
    0x200000b0        -       0x00000060   Zero   RW         2006    .bss                c_w.l(libspace.o)
    0x20000110        -       0x00000001   Zero   RW          116    .bss.COM_Input_ReceiveThread.rxMsgState  com_input.o
    0x20000111        -       0x00000001   Zero   RW          115    .bss.COM_Input_SendThread.txMsgState  com_input.o
    0x20000112   0x08009c68   0x00000002   PAD
    0x20000114        -       0x00000004   Zero   RW          112    .bss.EVT_comInputRx  com_input.o
    0x20000118        -       0x00000004   Zero   RW          111    .bss.EVT_comInputTx  com_input.o
    0x2000011c        -       0x00000004   Zero   RW           14    .bss.HAL_GetTick.ticks  main.o
    0x20000120        -       0x00000004   Zero   RW          110    .bss.MSG_comInputRx  com_input.o
    0x20000124        -       0x00000004   Zero   RW          109    .bss.MSG_comInputTx  com_input.o
    0x20000128        -       0x00000004   Zero   RW          114    .bss.MTX_comInputRx  com_input.o
    0x2000012c        -       0x00000004   Zero   RW          113    .bss.MTX_comInputTx  com_input.o
    0x20000130        -       0x00000004   Zero   RW          108    .bss.TID_comInputRxThread  com_input.o
    0x20000134        -       0x00000004   Zero   RW          107    .bss.TID_comInputTxThread  com_input.o
    0x20000138        -       0x00000060   Zero   RW           65    .bss.hdma_i2c1_rx   i2c.o
    0x20000198        -       0x00000060   Zero   RW           66    .bss.hdma_i2c1_tx   i2c.o
    0x200001f8        -       0x00000054   Zero   RW           64    .bss.hi2c1          i2c.o
    0x2000024c   0x08009c68   0x00000004   PAD
    0x20000250        -       0x00008040   Zero   RW          798    .bss.os             rtx_lib.o
    0x20008290        -       0x00000001   Zero   RW         1371    .bss.os             os_systick.o
    0x20008291   0x08009c68   0x00000003   PAD
    0x20008294        -       0x00000034   Zero   RW          809    .bss.os.msgqueue.cb  rtx_lib.o
    0x200082c8        -       0x00000050   Zero   RW          810    .bss.os.msgqueue.mem  rtx_lib.o
    0x20008318        -       0x00000088   Zero   RW          806    .bss.os.thread.cb   rtx_lib.o
    0x200083a0        -       0x00000200   Zero   RW          807    .bss.os.thread.idle.stack  rtx_lib.o
    0x200085a0        -       0x00000200   Zero   RW          808    .bss.os.thread.timer.stack  rtx_lib.o
    0x200087a0        -       0x00000001   Zero   RW          811    .bss.os_kernel_is_active.os_kernel_active  rtx_lib.o
    0x200087a1   0x08009c68   0x00000007   PAD
    0x200087a8        -       0x00000200   Zero   RW         1892    HEAP                startup_stm32f407xx.o
    0x200089a8        -       0x00000400   Zero   RW         1891    STACK               startup_stm32f407xx.o


==============================================================================

Image component sizes


      Code (inc. data)   RO Data    RW Data    ZI Data      Debug   Object Name

       508          8         22          0          0      11697   adxl345.o
        96          0          0          0          0       1079   calc.o
      1246          0        338          0         34       8596   com_input.o
        80          0          0          0          0       3420   dma.o
        40          0          0          0          0       1543   gpio.o
       422          0          0          0        276       7288   i2c.o
       200         12          0          0          0        768   irq_armv7m.o
       372          0          8          0          4       6758   main.o
       204          0          0          0          1       4663   os_systick.o
        54          6          0          0          0        739   rtx_config.o
      1730          0          0          0          0      10680   rtx_evflags.o
       640          0          0          0          0      25296   rtx_evr.o
      1544          0         11        164          0      14561   rtx_kernel.o
       212          0        268          0      34125       7564   rtx_lib.o
       710          0          0          0          0       2392   rtx_memory.o
       478          0          0          0          0      12352   rtx_mempool.o
      3154          0          0          0          0      14936   rtx_msgqueue.o
      2214          0          0          0          0       8920   rtx_mutex.o
       940         10          0          0          0       6209   rtx_system.o
      3872          0          0          0          0      26448   rtx_thread.o
       548          0          0          0          0       8936   rtx_timer.o
        64         26        392          0       1536        908   startup_stm32f407xx.o
       166          0          0          5          0       7457   stm32f4xx_hal.o
       482          0          0          0          0       9777   stm32f4xx_hal_cortex.o
      1858          8          8          0          0       8727   stm32f4xx_hal_dma.o
       950          0          0          0          0       5356   stm32f4xx_hal_gpio.o
     10940          0          0          0          0      37592   stm32f4xx_hal_i2c.o
        74          0          0          0          0       1758   stm32f4xx_hal_msp.o
      2612          0          0          0          0       7850   stm32f4xx_hal_rcc.o
        86          0          0          0          0       1248   stm32f4xx_it.o
       320          0         24          4          0       2666   system_stm32f4xx.o

    ----------------------------------------------------------------------
     37152         70       1108        176      35992     268184   Object Totals
         0          0         32          0          0          0   (incl. Generated)
       336          0          5          3         16          0   (incl. Padding)

    ----------------------------------------------------------------------

      Code (inc. data)   RO Data    RW Data    ZI Data      Debug   Library Member Name

         8          0          0          0          0         68   __main.o
         0          0          0          0          0          0   __rtentry.o
        20          0          0          0          0          0   __rtentry2.o
         6          0          0          0          0          0   __rtentry4.o
        52          8          0          0          0          0   __scatter.o
        26          0          0          0          0          0   __scatter_copy.o
        28          0          0          0          0          0   __scatter_zi.o
        18          0          0          0          0         80   exit.o
         6          0          0          0          0        152   heapauxi.o
         0          0          0          0          0          0   indicate_semi.o
         2          0          0          0          0          0   libinit.o
         6          0          0          0          0          0   libinit2.o
         2          0          0          0          0          0   libshutdown.o
         2          0          0          0          0          0   libshutdown2.o
         8          4          0          0         96         68   libspace.o
       240          0          0          0          0        100   lludivv7m.o
        68          0          0          0          0         68   rt_memclr.o
        78          0          0          0          0         80   rt_memclr_w.o
       138          0          0          0          0         68   rt_memcpy_v6.o
       100          0          0          0          0         80   rt_memcpy_w.o
         2          0          0          0          0          0   rtexit.o
        10          0          0          0          0          0   rtexit2.o
        12          4          0          0          0         68   sys_exit.o
        74          0          0          0          0         80   sys_stackheap_outer.o
         2          0          0          0          0         68   use_no_semi.o
        98          4          0          0          0        140   d2f.o
        46          0          0          0          0        116   dflt_clz.o
       340         12          0          0          0        152   dmul.o
       156          4          0          0          0        140   dnaninf.o
        12          0          0          0          0        116   dretinf.o
        26          0          0          0          0        116   fpinit.o
        10          0          0          0          0        116   fretinf.o
         0          0          0          0          0          0   usenofp.o

    ----------------------------------------------------------------------
      1604         36          0          0         96       1876   Library Totals
         8          0          0          0          0          0   (incl. Padding)

    ----------------------------------------------------------------------

      Code (inc. data)   RO Data    RW Data    ZI Data      Debug   Library Name

       908         16          0          0         96        980   c_w.l
       688         20          0          0          0        896   fz_wm.l

    ----------------------------------------------------------------------
      1604         36          0          0         96       1876   Library Totals

    ----------------------------------------------------------------------

==============================================================================


      Code (inc. data)   RO Data    RW Data    ZI Data      Debug   

     38756        106       1108        176      36088     268596   Grand Totals
     38756        106       1108        176      36088     268596   ELF Image Totals
     38756        106       1108        176          0          0   ROM Totals

==============================================================================

    Total RO  Size (Code + RO Data)                39864 (  38.93kB)
    Total RW  Size (RW Data + ZI Data)             36264 (  35.41kB)
    Total ROM Size (Code + RO Data + RW Data)      40040 (  39.10kB)

==============================================================================

