Component: ARM Compiler 6.16 Tool: armlink [5dfeaa00]

==============================================================================

Section Cross References

    bmx160.o(.text.BMX160_Init) refers to i2c.o(.text.I2C_AsyncMemWrite) for I2C_AsyncMemWrite
    bmx160.o(.text.BMX160_Init) refers to rtx_delay.o(.text.osDelay) for osDelay
    bmx160.o(.text.BMX160_Init) refers to bmx160.o(.text.BMX160_InitMagneto) for BMX160_InitMagneto
    bmx160.o(.ARM.exidx.text.BMX160_Init) refers to bmx160.o(.text.BMX160_Init) for [Anonymous Symbol]
    bmx160.o(.text.BMX160_InitMagneto) refers to bmx160.o(.rodata..L__const.BMX160_InitMagneto.magIfReg) for .L__const.BMX160_InitMagneto.magIfReg
    bmx160.o(.text.BMX160_InitMagneto) refers to i2c.o(.text.I2C_AsyncMemWrite) for I2C_AsyncMemWrite
    bmx160.o(.text.BMX160_InitMagneto) refers to rtx_delay.o(.text.osDelay) for osDelay
    bmx160.o(.text.BMX160_InitMagneto) refers to bmx160.o(.text.BMX160_SetMagnetoManualConfig) for BMX160_SetMagnetoManualConfig
    bmx160.o(.text.BMX160_InitMagneto) refers to bmx160.o(.rodata..L__const.BMX160_InitMagneto.magnetoConfig) for .L__const.BMX160_InitMagneto.magnetoConfig
    bmx160.o(.ARM.exidx.text.BMX160_InitMagneto) refers to bmx160.o(.text.BMX160_InitMagneto) for [Anonymous Symbol]
    bmx160.o(.text.BMX160_GetRawData) refers to i2c.o(.text.I2C_AsyncMemRead) for I2C_AsyncMemRead
    bmx160.o(.text.BMX160_GetRawData) refers to f2d.o(x$fpl$f2d) for __aeabi_f2d
    bmx160.o(.text.BMX160_GetRawData) refers to dmul.o(x$fpl$dmul) for __aeabi_dmul
    bmx160.o(.text.BMX160_GetRawData) refers to ddiv.o(x$fpl$ddiv) for __aeabi_ddiv
    bmx160.o(.ARM.exidx.text.BMX160_GetRawData) refers to bmx160.o(.text.BMX160_GetRawData) for [Anonymous Symbol]
    bmx160.o(.text.BMX160_SetMagnetoManualConfig) refers to i2c.o(.text.I2C_AsyncMemWrite) for I2C_AsyncMemWrite
    bmx160.o(.ARM.exidx.text.BMX160_SetMagnetoManualConfig) refers to bmx160.o(.text.BMX160_SetMagnetoManualConfig) for [Anonymous Symbol]
    calc.o(.ARM.exidx.text.Calc_GetDiscreteDerivative) refers to calc.o(.text.Calc_GetDiscreteDerivative) for [Anonymous Symbol]
    calc.o(.ARM.exidx.text.Calc_GetDiscreteIntegral) refers to calc.o(.text.Calc_GetDiscreteIntegral) for [Anonymous Symbol]
    pole_placement.o(.text.PolePlc_Init) refers to rtx_evflags.o(.text.osEventFlagsNew) for osEventFlagsNew
    pole_placement.o(.text.PolePlc_Init) refers to pole_placement.o(.text.PolePlc_PeriodicTimerFunc) for PolePlc_PeriodicTimerFunc
    pole_placement.o(.text.PolePlc_Init) refers to rtx_timer.o(.text.osTimerNew) for osTimerNew
    pole_placement.o(.text.PolePlc_Init) refers to pole_placement.o(.text.PolePlc_ThreadFunc) for PolePlc_ThreadFunc
    pole_placement.o(.text.PolePlc_Init) refers to rtx_thread.o(.text.osThreadNew) for osThreadNew
    pole_placement.o(.text.PolePlc_Init) refers to pole_placement.o(.text.PolePlc_EnableController) for PolePlc_EnableController
    pole_placement.o(.ARM.exidx.text.PolePlc_Init) refers to pole_placement.o(.text.PolePlc_Init) for [Anonymous Symbol]
    pole_placement.o(.text.PolePlc_PeriodicTimerFunc) refers to rtx_evflags.o(.text.osEventFlagsSet) for osEventFlagsSet
    pole_placement.o(.ARM.exidx.text.PolePlc_PeriodicTimerFunc) refers to pole_placement.o(.text.PolePlc_PeriodicTimerFunc) for [Anonymous Symbol]
    pole_placement.o(.text.PolePlc_ThreadFunc) refers to rtx_evflags.o(.text.osEventFlagsWait) for osEventFlagsWait
    pole_placement.o(.text.PolePlc_ThreadFunc) refers to pole_placement.o(.text.PolePlc_IsControllerEnabled) for PolePlc_IsControllerEnabled
    pole_placement.o(.text.PolePlc_ThreadFunc) refers to pole_placement.o(.text.PolePlc_CalculateControlSignal) for PolePlc_CalculateControlSignal
    pole_placement.o(.text.PolePlc_ThreadFunc) refers to f2d.o(x$fpl$f2d) for __aeabi_f2d
    pole_placement.o(.text.PolePlc_ThreadFunc) refers to dmul.o(x$fpl$dmul) for __aeabi_dmul
    pole_placement.o(.text.PolePlc_ThreadFunc) refers to daddsub_clz.o(x$fpl$dsub) for __aeabi_dsub
    pole_placement.o(.text.PolePlc_ThreadFunc) refers to dcmp.o(x$fpl$fcmp) for __aeabi_dcmpge
    pole_placement.o(.text.PolePlc_ThreadFunc) refers to pole_placement.o(.bss.z) for z
    pole_placement.o(.text.PolePlc_ThreadFunc) refers to daddsub_clz.o(x$fpl$dadd) for __aeabi_dadd
    pole_placement.o(.text.PolePlc_ThreadFunc) refers to ddiv.o(x$fpl$ddiv) for __aeabi_ddiv
    pole_placement.o(.text.PolePlc_ThreadFunc) refers to sqrt.o(i.__hardfp_sqrt) for __hardfp_sqrt
    pole_placement.o(.text.PolePlc_ThreadFunc) refers to pole_placement.o(.bss.w1) for w1
    pole_placement.o(.text.PolePlc_ThreadFunc) refers to pole_placement.o(.bss.w2) for w2
    pole_placement.o(.text.PolePlc_ThreadFunc) refers to pole_placement.o(.bss.w3) for w3
    pole_placement.o(.text.PolePlc_ThreadFunc) refers to pole_placement.o(.bss.w4) for w4
    pole_placement.o(.text.PolePlc_ThreadFunc) refers to dfixu.o(x$fpl$dfixu) for __aeabi_d2uiz
[...]
    osRtxIdleThread                          0x0800a9a1   Thumb Code     8  rtx_config.o(.text.osRtxIdleThread)
    osRtxKernelErrorNotify                   0x0800a9a9   Thumb Code    28  rtx_kernel.o(.text.osRtxKernelErrorNotify)
    osRtxKernelPreInit                       0x0800a9dd   Thumb Code     2  rtx_kernel.o(.text.osRtxKernelPreInit)
    osRtxMemoryAlloc                         0x0800a9ed   Thumb Code   332  rtx_memory.o(.text.osRtxMemoryAlloc)
    osRtxMemoryFree                          0x0800ab39   Thumb Code   194  rtx_memory.o(.text.osRtxMemoryFree)
    osRtxMemoryInit                          0x0800abfd   Thumb Code   150  rtx_memory.o(.text.osRtxMemoryInit)
    osRtxMemoryPoolAlloc                     0x0800ac95   Thumb Code    74  rtx_mempool.o(.text.osRtxMemoryPoolAlloc)
    osRtxMemoryPoolFree                      0x0800ace1   Thumb Code   100  rtx_mempool.o(.text.osRtxMemoryPoolFree)
    osRtxMemoryPoolInit                      0x0800ad45   Thumb Code   152  rtx_mempool.o(.text.osRtxMemoryPoolInit)
    osRtxMessageQueueTimerSetup              0x0800af45   Thumb Code    62  rtx_msgqueue.o(.text.osRtxMessageQueueTimerSetup)
    osRtxMutexOwnerRelease                   0x0800af9d   Thumb Code   152  rtx_mutex.o(.text.osRtxMutexOwnerRelease)
    osRtxMutexOwnerRestore                   0x0800b035   Thumb Code   172  rtx_mutex.o(.text.osRtxMutexOwnerRestore)
    osRtxPendSV_Handler                      0x0800b11d   Thumb Code   184  rtx_system.o(.text.osRtxPendSV_Handler)
    osRtxPostProcess                         0x0800b1d5   Thumb Code    66  rtx_system.o(.text.osRtxPostProcess)
    osRtxThreadDelayTick                     0x0800b445   Thumb Code   336  rtx_thread.o(.text.osRtxThreadDelayTick)
    osRtxThreadDispatch                      0x0800b5f5   Thumb Code   150  rtx_thread.o(.text.osRtxThreadDispatch)
    osRtxThreadListGet                       0x0800b7ad   Thumb Code    54  rtx_thread.o(.text.osRtxThreadListGet)
    osRtxThreadListPut                       0x0800b7e5   Thumb Code   118  rtx_thread.o(.text.osRtxThreadListPut)
    osRtxThreadListRemove                    0x0800b85d   Thumb Code    50  rtx_thread.o(.text.osRtxThreadListRemove)
    osRtxThreadListSort                      0x0800b8b5   Thumb Code    88  rtx_thread.o(.text.osRtxThreadListSort)
    osRtxThreadReadyPut                      0x0800b969   Thumb Code    32  rtx_thread.o(.text.osRtxThreadReadyPut)
    osRtxThreadRegPtr                        0x0800b989   Thumb Code    34  rtx_thread.o(.text.osRtxThreadRegPtr)
    osRtxThreadStartup                       0x0800b9d5   Thumb Code   150  rtx_thread.o(.text.osRtxThreadStartup)
    osRtxThreadSwitch                        0x0800ba6d   Thumb Code    34  rtx_thread.o(.text.osRtxThreadSwitch)
    osRtxThreadWaitEnter                     0x0800ba91   Thumb Code   118  rtx_thread.o(.text.osRtxThreadWaitEnter)
    osRtxThreadWaitExit                      0x0800bb09   Thumb Code    70  rtx_thread.o(.text.osRtxThreadWaitExit)
    osRtxTick_Handler                        0x0800bb51   Thumb Code   272  rtx_system.o(.text.osRtxTick_Handler)
    osRtxTimerSetup                          0x0800bc6d   Thumb Code    48  rtx_timer.o(.text.osRtxTimerSetup)
    osRtxTimerThread                         0x0800bc9d   Thumb Code    50  rtx_timer.o(.text.osRtxTimerThread)
    osThreadExit                             0x0800bdad   Thumb Code    36  rtx_thread.o(.text.osThreadExit)
    osThreadGetId                            0x0800bdd1   Thumb Code    58  rtx_thread.o(.text.osThreadGetId)
    osThreadNew                              0x0800be0d   Thumb Code   114  rtx_thread.o(.text.osThreadNew)
    osThreadTerminate                        0x0800be81   Thumb Code    86  rtx_thread.o(.text.osThreadTerminate)
    osTimerNew                               0x0800bed9   Thumb Code   138  rtx_timer.o(.text.osTimerNew)
    osTimerStart                             0x0800bf65   Thumb Code   100  rtx_timer.o(.text.osTimerStart)
    __ARM_fpclassifyf                        0x0800d997   Thumb Code    38  fpclassifyf.o(i.__ARM_fpclassifyf)
    __hardfp_asinf                           0x0800d9bd   Thumb Code   258  asinf.o(i.__hardfp_asinf)
    __hardfp_atan2f                          0x0800dae9   Thumb Code   594  atan2f.o(i.__hardfp_atan2f)
    __hardfp_cosf                            0x0800dd95   Thumb Code   280  cosf.o(i.__hardfp_cosf)
    __hardfp_sinf                            0x0800dee5   Thumb Code   344  sinf.o(i.__hardfp_sinf)
    __hardfp_sqrt                            0x0800e075   Thumb Code   122  sqrt.o(i.__hardfp_sqrt)
    __mathlib_flt_infnan                     0x0800e0ef   Thumb Code     6  funder.o(i.__mathlib_flt_infnan)
    __mathlib_flt_infnan2                    0x0800e0f5   Thumb Code     6  funder.o(i.__mathlib_flt_infnan2)
    __mathlib_flt_invalid                    0x0800e0fd   Thumb Code    10  funder.o(i.__mathlib_flt_invalid)
    __mathlib_flt_underflow                  0x0800e10d   Thumb Code    10  funder.o(i.__mathlib_flt_underflow)
    __mathlib_rredf2                         0x0800e11d   Thumb Code   316  rredf.o(i.__mathlib_rredf2)
    sqrtf                                    0x0800e271   Thumb Code    62  sqrtf.o(i.sqrtf)
    __aeabi_d2f                              0x0800e2b1   Thumb Code     0  d2f.o(x$fpl$d2f)
    _d2f                                     0x0800e2b1   Thumb Code    98  d2f.o(x$fpl$d2f)
    __aeabi_dadd                             0x0800e315   Thumb Code     0  daddsub_clz.o(x$fpl$dadd)
    _dadd                                    0x0800e315   Thumb Code   332  daddsub_clz.o(x$fpl$dadd)
    __fpl_dcmp_Inf                           0x0800e465   Thumb Code    24  dcmpi.o(x$fpl$dcmpinf)
    __aeabi_ddiv                             0x0800e47d   Thumb Code     0  ddiv.o(x$fpl$ddiv)
    _ddiv                                    0x0800e47d   Thumb Code   556  ddiv.o(x$fpl$ddiv)
    __aeabi_cdcmpeq                          0x0800e731   Thumb Code     0  deqf.o(x$fpl$deqf)
    _dcmpeq                                  0x0800e731   Thumb Code   120  deqf.o(x$fpl$deqf)
    __aeabi_d2uiz                            0x0800e7a9   Thumb Code     0  dfixu.o(x$fpl$dfixu)
    _dfixu                                   0x0800e7a9   Thumb Code    90  dfixu.o(x$fpl$dfixu)
    __aeabi_cdcmpge                          0x0800e805   Thumb Code     0  dgeqf.o(x$fpl$dgeqf)
    _dcmpge                                  0x0800e805   Thumb Code   120  dgeqf.o(x$fpl$dgeqf)
    __aeabi_cdcmple                          0x0800e87d   Thumb Code     0  dleqf.o(x$fpl$dleqf)
    _dcmple                                  0x0800e87d   Thumb Code   120  dleqf.o(x$fpl$dleqf)
    __fpl_dcmple_InfNaN                      0x0800e8df   Thumb Code     0  dleqf.o(x$fpl$dleqf)
    __aeabi_dmul                             0x0800e8f5   Thumb Code     0  dmul.o(x$fpl$dmul)
    _dmul                                    0x0800e8f5   Thumb Code   332  dmul.o(x$fpl$dmul)
    __fpl_dnaninf                            0x0800ea49   Thumb Code   156  dnaninf.o(x$fpl$dnaninf)
    __fpl_dretinf                            0x0800eae5   Thumb Code    12  dretinf.o(x$fpl$dretinf)
    _dsqrt                                   0x0800eaf1   Thumb Code   404  dsqrt_umaal.o(x$fpl$dsqrt)
    __aeabi_dsub                             0x0800ec89   Thumb Code     0  daddsub_clz.o(x$fpl$dsub)
    _dsub                                    0x0800ec89   Thumb Code   472  daddsub_clz.o(x$fpl$dsub)
    __aeabi_f2d                              0x0800ee65   Thumb Code     0  f2d.o(x$fpl$f2d)
    _f2d                                     0x0800ee65   Thumb Code    86  f2d.o(x$fpl$f2d)
    __aeabi_dcmpeq                           0x0800eebb   Thumb Code     0  dcmp.o(x$fpl$fcmp)
    _deq                                     0x0800eebb   Thumb Code    14  dcmp.o(x$fpl$fcmp)
    _dneq                                    0x0800eec9   Thumb Code    14  dcmp.o(x$fpl$fcmp)
    __aeabi_dcmpgt                           0x0800eed7   Thumb Code     0  dcmp.o(x$fpl$fcmp)
    _dgr                                     0x0800eed7   Thumb Code    14  dcmp.o(x$fpl$fcmp)
    __aeabi_dcmpge                           0x0800eee5   Thumb Code     0  dcmp.o(x$fpl$fcmp)
    _dgeq                                    0x0800eee5   Thumb Code    14  dcmp.o(x$fpl$fcmp)
    __aeabi_dcmple                           0x0800eef3   Thumb Code     0  dcmp.o(x$fpl$fcmp)
    _dleq                                    0x0800eef3   Thumb Code    14  dcmp.o(x$fpl$fcmp)
    __aeabi_dcmplt                           0x0800ef01   Thumb Code     0  dcmp.o(x$fpl$fcmp)
    _dls                                     0x0800ef01   Thumb Code    14  dcmp.o(x$fpl$fcmp)
    __fpl_fnaninf                            0x0800ef0f   Thumb Code   140  fnaninf.o(x$fpl$fnaninf)
    $Super$$_fp_init                         0x0800ef9b   Thumb Code    26  fpinit.o(x$fpl$fpinit)
    __fplib_config_fpu_vfp                   0x0800efb3   Thumb Code     0  fpinit.o(x$fpl$fpinit)
    __fplib_config_pureend_doubles           0x0800efb3   Thumb Code     0  fpinit.o(x$fpl$fpinit)
    __fpl_fretinf                            0x0800efb5   Thumb Code    10  fretinf.o(x$fpl$fretinf)
    __I$use$fp                               0x0800efbe   Number         0  usenofp.o(x$fpl$usenofp)
    osRtxConfig                              0x0800efe0   Data         112  rtx_lib.o(.rodata)
    os_cb_sections                           0x0800f050   Data          56  rtx_lib.o(.rodata)
    AHBPrescTable                            0x0800f08a   Data          16  system_stm32f4xx.o(.rodata.AHBPrescTable)
    APBPrescTable                            0x0800f09a   Data           8  system_stm32f4xx.o(.rodata.APBPrescTable)
    osRtxUserSVC                             0x0800f0ac   Data           4  rtx_lib.o(.rodata.osRtxUserSVC)
    Region$$Table$$Base                      0x0800f11c   Number         0  anon$$obj.o(Region$$Table)
    Region$$Table$$Limit                     0x0800f13c   Number         0  anon$$obj.o(Region$$Table)
    AHRS                                     0x20000000   Data         168  app_main.o(.data.AHRS)
    BMX160                                   0x200000a8   Data         104  app_main.o(.data.BMX160)
    PolePlacement                            0x20000110   Data         404  app_main.o(.data.PolePlacement)
    SystemCoreClock                          0x200002a4   Data           4  system_stm32f4xx.o(.data.SystemCoreClock)
    osRtxInfo                                0x200002a8   Data         164  rtx_kernel.o(.data.os)
    uwTickFreq                               0x2000034c   Data           1  stm32f4xx_hal.o(.data.uwTickFreq)
    uwTickPrio                               0x20000350   Data           4  stm32f4xx_hal.o(.data.uwTickPrio)
    __libspace_start                         0x20000358   Data          96  libspace.o(.bss)
    EVT_I2C1_RX                              0x200003b8   Data           4  i2c.o(.bss.EVT_I2C1_RX)
    __temporary_stack_top$libspace           0x200003b8   Data           0  libspace.o(.bss)
    EVT_I2C1_TX                              0x200003bc   Data           4  i2c.o(.bss.EVT_I2C1_TX)
    hdma_i2c1_rx                             0x200003c4   Data          96  i2c.o(.bss.hdma_i2c1_rx)
    hdma_i2c1_tx                             0x20000424   Data          96  i2c.o(.bss.hdma_i2c1_tx)
    hi2c1                                    0x20000484   Data          84  i2c.o(.bss.hi2c1)
    htim1                                    0x200004d8   Data          72  tim.o(.bss.htim1)
    htim14                                   0x20000520   Data          72  stm32f4xx_hal_timebase_tim.o(.bss.htim14)
    huart2                                   0x20000568   Data          68  usart.o(.bss.huart2)
    .bss.os.msgqueue.cb$$Base                0x20017244   Number         0  rtx_lib.o(.bss.os.msgqueue.cb)
    .bss.os.msgqueue.cb$$Limit               0x20017278   Number         0  rtx_lib.o(.bss.os.msgqueue.cb)
    .bss.os.thread.cb$$Base                  0x200172c8   Number         0  rtx_lib.o(.bss.os.thread.cb)
    .bss.os.thread.cb$$Limit                 0x20017350   Number         0  rtx_lib.o(.bss.os.thread.cb)
    uwTick                                   0x20017754   Data           4  stm32f4xx_hal.o(.bss.uwTick)
    w1                                       0x20017758   Data           8  pole_placement.o(.bss.w1)
    w2                                       0x20017760   Data           8  pole_placement.o(.bss.w2)
    w3                                       0x20017768   Data           8  pole_placement.o(.bss.w3)
    w4                                       0x20017770   Data           8  pole_placement.o(.bss.w4)
    z                                        0x20017778   Data           8  pole_placement.o(.bss.z)



==============================================================================

Memory Map of the image

  Image Entry point : 0x08000189

  Load Region LR_IROM1 (Base: 0x08000000, Size: 0x0000f498, Max: 0x00100000, ABSOLUTE, COMPRESSED[0x0000f1a8])

    Execution Region ER_IROM1 (Exec base: 0x08000000, Load base: 0x08000000, Size: 0x0000f13c, Max: 0x00100000, ABSOLUTE)

    Exec Addr    Load Addr    Size         Type   Attr      Idx    E Section Name        Object

    0x08000000   0x08000000   0x00000188   Data   RO         2357    RESET               startup_stm32f407xx.o
    0x08000188   0x08000188   0x00000008   Code   RO         2390  * !!!main             c_w.l(__main.o)
    0x08000190   0x08000190   0x00000034   Code   RO         2670    !!!scatter          c_w.l(__scatter.o)
    0x080001c4   0x080001c4   0x0000003a   Code   RO         2668    !!dczerorl          c_w.l(__dczerorl.o)
    0x080001fe   0x080001fe   0x00000002   PAD
    0x08000200   0x08000200   0x0000001c   Code   RO         2672    !!handler_zi        c_w.l(__scatter_zi.o)
    0x0800021c   0x0800021c   0x00000002   Code   RO         2537    .ARM.Collect$$libinit$$00000000  c_w.l(libinit.o)
    0x0800021e   0x0800021e   0x00000004   Code   RO         2546    .ARM.Collect$$libinit$$00000001  c_w.l(libinit2.o)
    0x08000222   0x08000222   0x00000000   Code   RO         2549    .ARM.Collect$$libinit$$00000004  c_w.l(libinit2.o)
    0x08000222   0x08000222   0x00000000   Code   RO         2552    .ARM.Collect$$libinit$$0000000A  c_w.l(libinit2.o)
    0x08000222   0x08000222   0x00000000   Code   RO         2554    .ARM.Collect$$libinit$$0000000C  c_w.l(libinit2.o)
    0x08000222   0x08000222   0x00000000   Code   RO         2556    .ARM.Collect$$libinit$$0000000E  c_w.l(libinit2.o)
    0x08000222   0x08000222   0x00000000   Code   RO         2559    .ARM.Collect$$libinit$$00000011  c_w.l(libinit2.o)
    0x08000222   0x08000222   0x00000000   Code   RO         2561    .ARM.Collect$$libinit$$00000013  c_w.l(libinit2.o)
    0x08000222   0x08000222   0x00000000   Code   RO         2563    .ARM.Collect$$libinit$$00000015  c_w.l(libinit2.o)
    0x08000222   0x08000222   0x00000000   Code   RO         2565    .ARM.Collect$$libinit$$00000017  c_w.l(libinit2.o)
    0x08000222   0x08000222   0x00000000   Code   RO         2567    .ARM.Collect$$libinit$$00000019  c_w.l(libinit2.o)
    0x08000222   0x08000222   0x00000000   Code   RO         2569    .ARM.Collect$$libinit$$0000001B  c_w.l(libinit2.o)
    0x08000222   0x08000222   0x00000000   Code   RO         2571    .ARM.Collect$$libinit$$0000001D  c_w.l(libinit2.o)
    0x08000222   0x08000222   0x00000000   Code   RO         2573    .ARM.Collect$$libinit$$0000001F  c_w.l(libinit2.o)
    0x08000222   0x08000222   0x00000000   Code   RO         2575    .ARM.Collect$$libinit$$00000021  c_w.l(libinit2.o)
    0x08000222   0x08000222   0x00000000   Code   RO         2577    .ARM.Collect$$libinit$$00000023  c_w.l(libinit2.o)
    0x08000222   0x08000222   0x00000000   Code   RO         2579    .ARM.Collect$$libinit$$00000025  c_w.l(libinit2.o)
    0x08000222   0x08000222   0x00000000   Code   RO         2583    .ARM.Collect$$libinit$$0000002C  c_w.l(libinit2.o)
    0x08000222   0x08000222   0x00000000   Code   RO         2585    .ARM.Collect$$libinit$$0000002E  c_w.l(libinit2.o)
    0x08000222   0x08000222   0x00000000   Code   RO         2587    .ARM.Collect$$libinit$$00000030  c_w.l(libinit2.o)
    0x08000222   0x08000222   0x00000000   Code   RO         2589    .ARM.Collect$$libinit$$00000032  c_w.l(libinit2.o)
    0x08000222   0x08000222   0x00000002   Code   RO         2590    .ARM.Collect$$libinit$$00000033  c_w.l(libinit2.o)
    0x08000224   0x08000224   0x00000002   Code   RO         2623    .ARM.Collect$$libshutdown$$00000000  c_w.l(libshutdown.o)
    0x08000226   0x08000226   0x00000000   Code   RO         2651    .ARM.Collect$$libshutdown$$00000002  c_w.l(libshutdown2.o)
    0x08000226   0x08000226   0x00000000   Code   RO         2653    .ARM.Collect$$libshutdown$$00000004  c_w.l(libshutdown2.o)
    0x08000226   0x08000226   0x00000000   Code   RO         2656    .ARM.Collect$$libshutdown$$00000007  c_w.l(libshutdown2.o)
    0x08000226   0x08000226   0x00000000   Code   RO         2659    .ARM.Collect$$libshutdown$$0000000A  c_w.l(libshutdown2.o)
    0x08000226   0x08000226   0x00000000   Code   RO         2661    .ARM.Collect$$libshutdown$$0000000C  c_w.l(libshutdown2.o)
    0x08000226   0x08000226   0x00000000   Code   RO         2664    .ARM.Collect$$libshutdown$$0000000F  c_w.l(libshutdown2.o)
    0x08000226   0x08000226   0x00000002   Code   RO         2665    .ARM.Collect$$libshutdown$$00000010  c_w.l(libshutdown2.o)
    0x08000228   0x08000228   0x00000000   Code   RO         2446    .ARM.Collect$$rtentry$$00000000  c_w.l(__rtentry.o)
    0x08000228   0x08000228   0x00000000   Code   RO         2498    .ARM.Collect$$rtentry$$00000002  c_w.l(__rtentry2.o)
    0x08000228   0x08000228   0x00000006   Code   RO         2510    .ARM.Collect$$rtentry$$00000004  c_w.l(__rtentry4.o)
    0x0800022e   0x0800022e   0x00000008   Code   RO         2499    .ARM.Collect$$rtentry$$00000008  c_w.l(__rtentry2.o)
    0x08000236   0x08000236   0x00000004   Code   RO         2501    .ARM.Collect$$rtentry$$0000000A  c_w.l(__rtentry2.o)
    0x0800023a   0x0800023a   0x00000000   Code   RO         2503    .ARM.Collect$$rtentry$$0000000C  c_w.l(__rtentry2.o)
    0x0800023a   0x0800023a   0x00000008   Code   RO         2504    .ARM.Collect$$rtentry$$0000000D  c_w.l(__rtentry2.o)
    0x08000242   0x08000242   0x00000002   Code   RO         2538    .ARM.Collect$$rtexit$$00000000  c_w.l(rtexit.o)
    0x08000244   0x08000244   0x00000000   Code   RO         2596    .ARM.Collect$$rtexit$$00000002  c_w.l(rtexit2.o)
    0x08000244   0x08000244   0x00000004   Code   RO         2597    .ARM.Collect$$rtexit$$00000003  c_w.l(rtexit2.o)
    0x08000248   0x08000248   0x00000006   Code   RO         2598    .ARM.Collect$$rtexit$$00000004  c_w.l(rtexit2.o)
    0x0800024e   0x0800024e   0x00000002   PAD
    0x08000250   0x08000250   0x000000c8   Code   RO          233    .text               irq_armv7m.o
    0x08000318   0x08000318   0x00000040   Code   RO         2358    .text               startup_stm32f407xx.o
    0x08000358   0x08000358   0x000000f0   Code   RO         2380    .text               c_w.l(lludivv7m.o)
    0x08000448   0x08000448   0x0000008a   Code   RO         2382    .text               c_w.l(rt_memcpy_v6.o)
    0x080004d2   0x080004d2   0x00000044   Code   RO         2384    .text               c_w.l(rt_memclr.o)
    0x08000516   0x08000516   0x0000004e   Code   RO         2386    .text               c_w.l(rt_memclr_w.o)
    0x08000564   0x08000564   0x00000006   Code   RO         2388    .text               c_w.l(heapauxi.o)
    0x0800056a   0x0800056a   0x00000016   Code   RO         2451    .text               c_w.l(_rserrno.o)
    0x08000580   0x08000580   0x00000064   Code   RO         2453    .text               c_w.l(rt_memcpy_w.o)
    0x080005e4   0x080005e4   0x00000004   Code   RO         2519    .text               c_w.l(rt_errno_addr_twolibspace.o)
    0x080005e8   0x080005e8   0x00000008   Code   RO         2523    .text               c_w.l(libspace.o)
    0x080005f0   0x080005f0   0x0000004a   Code   RO         2526    .text               c_w.l(sys_stackheap_outer.o)
    0x0800063a   0x0800063a   0x00000012   Code   RO         2528    .text               c_w.l(exit.o)
    0x0800064c   0x0800064c   0x0000000c   Code   RO         2591    .text               c_w.l(sys_exit.o)
    0x08000658   0x08000658   0x00000002   Code   RO         2612    .text               c_w.l(use_no_semi.o)
    0x0800065a   0x0800065a   0x00000000   Code   RO         2614    .text               c_w.l(indicate_semi.o)
    0x0800065a   0x0800065a   0x00000002   PAD
    0x0800065c   0x0800065c   0x00000016   Code   RO          769    .text.$Sub$$_fp_init  rtx_lib.o
    0x08000672   0x08000672   0x00000002   PAD
    0x08000674   0x08000674   0x00000034   Code   RO          211    .text.AHRS_Enable   ahrs.o
    0x080006a8   0x080006a8   0x00000114   Code   RO          225    .text.AHRS_GetBodyRateFromEulerAnglesRate  ahrs.o
    0x080007bc   0x080007bc   0x000000ce   Code   RO          217    .text.AHRS_GetEulerAngles  ahrs.o
    0x0800088a   0x0800088a   0x00000002   PAD
    0x0800088c   0x0800088c   0x00000058   Code   RO          223    .text.AHRS_GetEulerAnglesRate  ahrs.o
    0x080008e4   0x080008e4   0x00000004   PAD
    0x080008e8   0x080008e8   0x00000c78   Code   RO          219    .text.AHRS_GetMadgwickQuaternion  ahrs.o
    0x08001560   0x08001560   0x0000001a   Code   RO          205    .text.AHRS_IMU_BiasCalcStartedTimerFunc  ahrs.o
    0x0800157a   0x0800157a   0x00000002   PAD
    0x0800157c   0x0800157c   0x00000068   Code   RO          209    .text.AHRS_IMU_BiasCalcThreadFunc  ahrs.o
    0x080015e4   0x080015e4   0x0000001a   Code   RO          203    .text.AHRS_IMU_PeriodicTimerFunc  ahrs.o
    0x080015fe   0x080015fe   0x00000002   PAD
    0x08001600   0x08001600   0x00000144   Code   RO          207    .text.AHRS_IMU_ThreadFunc  ahrs.o
    0x08001744   0x08001744   0x00000082   Code   RO          201    .text.AHRS_Init     ahrs.o
    0x080017c6   0x080017c6   0x00000002   PAD
    0x080017c8   0x080017c8   0x000002ec   Code   RO          221    .text.AHRS_QuaternionToEulerAngles  ahrs.o
    0x08001ab4   0x08001ab4   0x0000001a   Code   RO          215    .text.AHRS_RemoveBiasAngle  ahrs.o
    0x08001ace   0x08001ace   0x00000002   PAD
    0x08001ad0   0x08001ad0   0x0000005a   Code   RO          190    .text.APP_Main      app_main.o
    0x08001b2a   0x08001b2a   0x00000006   PAD
    0x08001b30   0x08001b30   0x000002bc   Code   RO            6    .text.BMX160_GetRawData  bmx160.o
    0x08001dec   0x08001dec   0x000000bc   Code   RO            2    .text.BMX160_Init   bmx160.o
    0x08001ea8   0x08001ea8   0x00000126   Code   RO            4    .text.BMX160_InitMagneto  bmx160.o
    0x08001fce   0x08001fce   0x00000002   PAD
    0x08001fd0   0x08001fd0   0x0000005c   Code   RO            8    .text.BMX160_SetMagnetoManualConfig  bmx160.o
    0x0800202c   0x0800202c   0x00000004   Code   RO           89    .text.BusFault_Handler  stm32f4xx_it.o
    0x08002030   0x08002030   0x00000034   Code   RO           19    .text.Calc_GetDiscreteDerivative  calc.o
    0x08002064   0x08002064   0x00000010   Code   RO           95    .text.DMA1_Stream0_IRQHandler  stm32f4xx_it.o
    0x08002074   0x08002074   0x00000010   Code   RO           97    .text.DMA1_Stream6_IRQHandler  stm32f4xx_it.o
    0x08002084   0x08002084   0x00000056   Code   RO         1514    .text.DMA_CalcBaseAndBitshift  stm32f4xx_hal_dma.o
    0x080020da   0x080020da   0x00000002   PAD
    0x080020dc   0x080020dc   0x000000f0   Code   RO         1512    .text.DMA_CheckFifoParam  stm32f4xx_hal_dma.o
    0x080021cc   0x080021cc   0x00000050   Code   RO         1520    .text.DMA_SetConfig  stm32f4xx_hal_dma.o
    0x0800221c   0x0800221c   0x00000002   Code   RO           93    .text.DebugMon_Handler  stm32f4xx_it.o
    0x0800221e   0x0800221e   0x00000002   PAD
    0x08002220   0x08002220   0x00000044   Code   RO           56    .text.ESC_CalibrateThrottle  esc.o
    0x08002264   0x08002264   0x00000006   Code   RO           70    .text.Error_Handler  main.o
    0x0800226a   0x0800226a   0x00000002   PAD
    0x0800226c   0x0800226c   0x0000007c   Code   RO          290    .text.EventFlagsCheck  rtx_evflags.o
    0x080022e8   0x080022e8   0x0000001a   Code   RO          300    .text.EventFlagsSet  rtx_evflags.o
    0x08002302   0x08002302   0x00000002   PAD
    0x08002304   0x08002304   0x00000008   Code   RO          467    .text.EvrRtxDelay   rtx_evr.o
    0x0800230c   0x0800230c   0x00000008   Code   RO          475    .text.EvrRtxDelayCompleted  rtx_evr.o
    0x08002314   0x08002314   0x00000008   Code   RO          465    .text.EvrRtxDelayError  rtx_evr.o
    0x0800231c   0x0800231c   0x00000008   Code   RO          471    .text.EvrRtxDelayStarted  rtx_evr.o
    0x08002324   0x08002324   0x0000000a   Code   RO          505    .text.EvrRtxEventFlagsCreated  rtx_evr.o
    0x0800232e   0x0800232e   0x00000002   PAD
    0x08002330   0x08002330   0x0000000a   Code   RO          501    .text.EvrRtxEventFlagsError  rtx_evr.o
    0x0800233a   0x0800233a   0x00000002   PAD
    0x0800233c   0x0800233c   0x00000008   Code   RO          503    .text.EvrRtxEventFlagsNew  rtx_evr.o
    0x08002344   0x08002344   0x0000000a   Code   RO          509    .text.EvrRtxEventFlagsSet  rtx_evr.o
    0x0800234e   0x0800234e   0x00000002   PAD
    0x08002350   0x08002350   0x0000000a   Code   RO          511    .text.EvrRtxEventFlagsSetDone  rtx_evr.o
    0x0800235a   0x0800235a   0x00000002   PAD
    0x0800235c   0x0800235c   0x0000000e   Code   RO          519    .text.EvrRtxEventFlagsWait  rtx_evr.o
    0x0800236a   0x0800236a   0x00000002   PAD
    0x0800236c   0x0800236c   0x0000000e   Code   RO          525    .text.EvrRtxEventFlagsWaitCompleted  rtx_evr.o
    0x0800237a   0x0800237a   0x00000002   PAD
    0x0800237c   0x0800237c   0x0000000c   Code   RO          527    .text.EvrRtxEventFlagsWaitNotCompleted  rtx_evr.o
    0x08002388   0x08002388   0x0000000e   Code   RO          521    .text.EvrRtxEventFlagsWaitPending  rtx_evr.o
    0x08002396   0x08002396   0x00000002   PAD
    0x08002398   0x08002398   0x00000008   Code   RO          523    .text.EvrRtxEventFlagsWaitTimeout  rtx_evr.o
    0x080023a0   0x080023a0   0x00000008   Code   RO          337    .text.EvrRtxKernelError  rtx_evr.o
    0x080023a8   0x080023a8   0x0000000a   Code   RO          381    .text.EvrRtxKernelErrorNotify  rtx_evr.o
    0x080023b2   0x080023b2   0x00000002   PAD
    0x080023b4   0x080023b4   0x00000008   Code   RO          347    .text.EvrRtxKernelGetState  rtx_evr.o
    0x080023bc   0x080023bc   0x00000008   Code   RO          373    .text.EvrRtxKernelGetTickCount  rtx_evr.o
    0x080023c4   0x080023c4   0x00000002   Code   RO          339    .text.EvrRtxKernelInitialize  rtx_evr.o
    0x080023c6   0x080023c6   0x00000002   PAD
    0x080023c8   0x080023c8   0x00000002   Code   RO          341    .text.EvrRtxKernelInitialized  rtx_evr.o
    0x080023ca   0x080023ca   0x00000002   PAD
    0x080023cc   0x080023cc   0x00000002   Code   RO          349    .text.EvrRtxKernelStart  rtx_evr.o
    0x080023ce   0x080023ce   0x00000002   PAD
    0x080023d0   0x080023d0   0x00000002   Code   RO          351    .text.EvrRtxKernelStarted  rtx_evr.o
    0x080023d2   0x080023d2   0x00000002   PAD
    0x080023d4   0x080023d4   0x0000000e   Code   RO          327    .text.EvrRtxMemoryAlloc  rtx_evr.o
    0x080023e2   0x080023e2   0x00000002   PAD
    0x080023e4   0x080023e4   0x0000000a   Code   RO          333    .text.EvrRtxMemoryBlockAlloc  rtx_evr.o
    0x080023ee   0x080023ee   0x00000002   PAD
    0x080023f0   0x080023f0   0x0000000c   Code   RO          335    .text.EvrRtxMemoryBlockFree  rtx_evr.o
    0x080023fc   0x080023fc   0x0000000e   Code   RO          331    .text.EvrRtxMemoryBlockInit  rtx_evr.o
    0x0800240a   0x0800240a   0x00000002   PAD
    0x0800240c   0x0800240c   0x0000000c   Code   RO          329    .text.EvrRtxMemoryFree  rtx_evr.o
    0x08002418   0x08002418   0x0000000c   Code   RO          325    .text.EvrRtxMemoryInit  rtx_evr.o
    0x08002424   0x08002424   0x00000008   Code   RO          601    .text.EvrRtxMemoryPoolAllocTimeout  rtx_evr.o
    0x0800242c   0x0800242c   0x0000000a   Code   RO          629    .text.EvrRtxMessageQueueCreated  rtx_evr.o
    0x08002436   0x08002436   0x00000002   PAD
    0x08002438   0x08002438   0x0000000a   Code   RO          625    .text.EvrRtxMessageQueueError  rtx_evr.o
    0x08002442   0x08002442   0x00000002   PAD
    0x08002444   0x08002444   0x0000000e   Code   RO          645    .text.EvrRtxMessageQueueGet  rtx_evr.o
    0x08002452   0x08002452   0x00000002   PAD
    0x08002454   0x08002454   0x0000000c   Code   RO          647    .text.EvrRtxMessageQueueGetPending  rtx_evr.o
    0x08002460   0x08002460   0x00000008   Code   RO          649    .text.EvrRtxMessageQueueGetTimeout  rtx_evr.o
    0x08002468   0x08002468   0x0000000a   Code   RO          639    .text.EvrRtxMessageQueueInsertPending  rtx_evr.o
    0x08002472   0x08002472   0x00000002   PAD
    0x08002474   0x08002474   0x0000000a   Code   RO          641    .text.EvrRtxMessageQueueInserted  rtx_evr.o
    0x0800247e   0x0800247e   0x00000002   PAD
    0x08002480   0x08002480   0x0000000a   Code   RO          643    .text.EvrRtxMessageQueueNotInserted  rtx_evr.o
    0x0800248a   0x0800248a   0x00000002   PAD
    0x0800248c   0x0800248c   0x0000000a   Code   RO          653    .text.EvrRtxMessageQueueNotRetrieved  rtx_evr.o
    0x08002496   0x08002496   0x00000002   PAD
    0x08002498   0x08002498   0x00000010   Code   RO          633    .text.EvrRtxMessageQueuePut  rtx_evr.o
    0x080024a8   0x080024a8   0x0000000c   Code   RO          635    .text.EvrRtxMessageQueuePutPending  rtx_evr.o
    0x080024b4   0x080024b4   0x00000008   Code   RO          637    .text.EvrRtxMessageQueuePutTimeout  rtx_evr.o
    0x080024bc   0x080024bc   0x0000000a   Code   RO          651    .text.EvrRtxMessageQueueRetrieved  rtx_evr.o
    0x080024c6   0x080024c6   0x00000002   PAD
    0x080024c8   0x080024c8   0x0000000a   Code   RO          541    .text.EvrRtxMutexAcquire  rtx_evr.o
    0x080024d2   0x080024d2   0x00000002   PAD
    0x080024d4   0x080024d4   0x0000000a   Code   RO          543    .text.EvrRtxMutexAcquirePending  rtx_evr.o
    0x080024de   0x080024de   0x00000002   PAD
    0x080024e0   0x080024e0   0x00000008   Code   RO          545    .text.EvrRtxMutexAcquireTimeout  rtx_evr.o
    0x080024e8   0x080024e8   0x0000000a   Code   RO          547    .text.EvrRtxMutexAcquired  rtx_evr.o
    0x080024f2   0x080024f2   0x00000002   PAD
    0x080024f4   0x080024f4   0x0000000a   Code   RO          537    .text.EvrRtxMutexCreated  rtx_evr.o
    0x080024fe   0x080024fe   0x00000002   PAD
    0x08002500   0x08002500   0x00000008   Code   RO          557    .text.EvrRtxMutexDelete  rtx_evr.o
    0x08002508   0x08002508   0x00000008   Code   RO          559    .text.EvrRtxMutexDestroyed  rtx_evr.o
    0x08002510   0x08002510   0x0000000a   Code   RO          533    .text.EvrRtxMutexError  rtx_evr.o
    0x0800251a   0x0800251a   0x00000002   PAD
    0x0800251c   0x0800251c   0x00000008   Code   RO          535    .text.EvrRtxMutexNew  rtx_evr.o
    0x08002524   0x08002524   0x00000008   Code   RO          549    .text.EvrRtxMutexNotAcquired  rtx_evr.o
    0x0800252c   0x0800252c   0x00000008   Code   RO          551    .text.EvrRtxMutexRelease  rtx_evr.o
    0x08002534   0x08002534   0x0000000a   Code   RO          553    .text.EvrRtxMutexReleased  rtx_evr.o
    0x0800253e   0x0800253e   0x00000002   PAD
    0x08002540   0x08002540   0x00000008   Code   RO          573    .text.EvrRtxSemaphoreAcquireTimeout  rtx_evr.o
    0x08002548   0x08002548   0x0000000a   Code   RO          425    .text.EvrRtxThreadBlocked  rtx_evr.o
    0x08002552   0x08002552   0x00000002   PAD
    0x08002554   0x08002554   0x0000000c   Code   RO          387    .text.EvrRtxThreadCreated  rtx_evr.o
    0x08002560   0x08002560   0x00000008   Code   RO          437    .text.EvrRtxThreadDestroyed  rtx_evr.o
    0x08002568   0x08002568   0x0000000a   Code   RO          383    .text.EvrRtxThreadError  rtx_evr.o
    0x08002572   0x08002572   0x00000002   PAD
    0x08002574   0x08002574   0x00000002   Code   RO          433    .text.EvrRtxThreadExit  rtx_evr.o
    0x08002576   0x08002576   0x00000002   PAD
    0x08002578   0x08002578   0x0000000e   Code   RO          461    .text.EvrRtxThreadFlagsWaitCompleted  rtx_evr.o
    0x08002586   0x08002586   0x00000002   PAD
    0x08002588   0x08002588   0x00000008   Code   RO          459    .text.EvrRtxThreadFlagsWaitTimeout  rtx_evr.o
    0x08002590   0x08002590   0x00000008   Code   RO          391    .text.EvrRtxThreadGetId  rtx_evr.o
    0x08002598   0x08002598   0x00000008   Code   RO          423    .text.EvrRtxThreadJoined  rtx_evr.o
    0x080025a0   0x080025a0   0x0000000c   Code   RO          385    .text.EvrRtxThreadNew  rtx_evr.o
    0x080025ac   0x080025ac   0x00000008   Code   RO          429    .text.EvrRtxThreadPreempted  rtx_evr.o
    0x080025b4   0x080025b4   0x00000008   Code   RO          431    .text.EvrRtxThreadSwitched  rtx_evr.o
    0x080025bc   0x080025bc   0x00000008   Code   RO          435    .text.EvrRtxThreadTerminate  rtx_evr.o
    0x080025c4   0x080025c4   0x0000000a   Code   RO          427    .text.EvrRtxThreadUnblocked  rtx_evr.o
    0x080025ce   0x080025ce   0x00000002   PAD
    0x080025d0   0x080025d0   0x0000000a   Code   RO          479    .text.EvrRtxTimerCallback  rtx_evr.o
    0x080025da   0x080025da   0x00000002   PAD
    0x080025dc   0x080025dc   0x0000000a   Code   RO          483    .text.EvrRtxTimerCreated  rtx_evr.o
    0x080025e6   0x080025e6   0x00000002   PAD
    0x080025e8   0x080025e8   0x0000000a   Code   RO          477    .text.EvrRtxTimerError  rtx_evr.o
    0x080025f2   0x080025f2   0x00000002   PAD
    0x080025f4   0x080025f4   0x00000010   Code   RO          481    .text.EvrRtxTimerNew  rtx_evr.o
    0x08002604   0x08002604   0x0000000a   Code   RO          487    .text.EvrRtxTimerStart  rtx_evr.o
    0x0800260e   0x0800260e   0x00000002   PAD
    0x08002610   0x08002610   0x00000008   Code   RO          489    .text.EvrRtxTimerStarted  rtx_evr.o
    0x08002618   0x08002618   0x000000ec   Code   RO         1524    .text.HAL_DMA_Abort  stm32f4xx_hal_dma.o
    0x08002704   0x08002704   0x00000044   Code   RO         1526    .text.HAL_DMA_Abort_IT  stm32f4xx_hal_dma.o
    0x08002748   0x08002748   0x0000000c   Code   RO         1538    .text.HAL_DMA_GetError  stm32f4xx_hal_dma.o
    0x08002754   0x08002754   0x0000000e   Code   RO         1536    .text.HAL_DMA_GetState  stm32f4xx_hal_dma.o
    0x08002762   0x08002762   0x00000002   PAD
    0x08002764   0x08002764   0x0000031e   Code   RO         1530    .text.HAL_DMA_IRQHandler  stm32f4xx_hal_dma.o
    0x08002a82   0x08002a82   0x00000002   PAD
    0x08002a84   0x08002a84   0x0000016e   Code   RO         1510    .text.HAL_DMA_Init  stm32f4xx_hal_dma.o
    0x08002bf2   0x08002bf2   0x00000002   PAD
    0x08002bf4   0x08002bf4   0x000000c2   Code   RO         1522    .text.HAL_DMA_Start_IT  stm32f4xx_hal_dma.o
    0x08002cb6   0x08002cb6   0x00000002   PAD
    0x08002cb8   0x08002cb8   0x000003b6   Code   RO         1563    .text.HAL_GPIO_Init  stm32f4xx_hal_gpio.o
    0x0800306e   0x0800306e   0x00000002   PAD
    0x08003070   0x08003070   0x0000002e   Code   RO         1569    .text.HAL_GPIO_WritePin  stm32f4xx_hal_gpio.o
    0x0800309e   0x0800309e   0x00000002   PAD
    0x080030a0   0x080030a0   0x00000066   Code   RO           64    .text.HAL_GetTick   main.o
    0x08003106   0x08003106   0x00000002   PAD
    0x08003108   0x08003108   0x00000008   Code   RO         1734    .text.HAL_I2C_AbortCpltCallback  stm32f4xx_hal_i2c.o
    0x08003110   0x08003110   0x00000010   Code   RO         1724    .text.HAL_I2C_AddrCallback  stm32f4xx_hal_i2c.o
    0x08003120   0x08003120   0x0000017a   Code   RO         1712    .text.HAL_I2C_ER_IRQHandler  stm32f4xx_hal_i2c.o
    0x0800329a   0x0800329a   0x00000002   PAD
    0x0800329c   0x0800329c   0x000003ca   Code   RO         1680    .text.HAL_I2C_EV_IRQHandler  stm32f4xx_hal_i2c.o
    0x08003666   0x08003666   0x00000002   PAD
    0x08003668   0x08003668   0x00000008   Code   RO         1732    .text.HAL_I2C_ErrorCallback  stm32f4xx_hal_i2c.o
    0x08003670   0x08003670   0x000002a4   Code   RO         1586    .text.HAL_I2C_Init  stm32f4xx_hal_i2c.o
    0x08003914   0x08003914   0x00000008   Code   RO         1726    .text.HAL_I2C_ListenCpltCallback  stm32f4xx_hal_i2c.o
    0x0800391c   0x0800391c   0x00000008   Code   RO         1718    .text.HAL_I2C_MasterRxCpltCallback  stm32f4xx_hal_i2c.o
    0x08003924   0x08003924   0x00000008   Code   RO         1716    .text.HAL_I2C_MasterTxCpltCallback  stm32f4xx_hal_i2c.o
    0x0800392c   0x0800392c   0x00000044   Code   RO          130    .text.HAL_I2C_MemRxCpltCallback  i2c.o
    0x08003970   0x08003970   0x00000044   Code   RO          128    .text.HAL_I2C_MemTxCpltCallback  i2c.o
    0x080039b4   0x080039b4   0x0000036a   Code   RO         1650    .text.HAL_I2C_Mem_Read_DMA  stm32f4xx_hal_i2c.o
    0x08003d1e   0x08003d1e   0x00000002   PAD
    0x08003d20   0x08003d20   0x00000302   Code   RO         1648    .text.HAL_I2C_Mem_Write_DMA  stm32f4xx_hal_i2c.o
    0x08004022   0x08004022   0x00000002   PAD
    0x08004024   0x08004024   0x0000015e   Code   RO          124    .text.HAL_I2C_MspInit  i2c.o
    0x08004182   0x08004182   0x00000002   PAD
    0x08004184   0x08004184   0x00000008   Code   RO         1722    .text.HAL_I2C_SlaveRxCpltCallback  stm32f4xx_hal_i2c.o
    0x0800418c   0x0800418c   0x00000008   Code   RO         1720    .text.HAL_I2C_SlaveTxCpltCallback  stm32f4xx_hal_i2c.o
    0x08004194   0x08004194   0x0000001a   Code   RO         1385    .text.HAL_IncTick   stm32f4xx_hal.o
    0x080041ae   0x080041ae   0x00000002   PAD
    0x080041b0   0x080041b0   0x00000036   Code   RO         1375    .text.HAL_Init      stm32f4xx_hal.o
    0x080041e6   0x080041e6   0x00000002   PAD
    0x080041e8   0x080041e8   0x000000f0   Code   RO         2342    .text.HAL_InitTick  stm32f4xx_hal_timebase_tim.o
    0x080042d8   0x080042d8   0x0000004a   Code   RO         2334    .text.HAL_MspInit   stm32f4xx_hal_msp.o
    0x08004322   0x08004322   0x00000002   PAD
    0x08004324   0x08004324   0x00000014   Code   RO         1451    .text.HAL_NVIC_EnableIRQ  stm32f4xx_hal_cortex.o
    0x08004338   0x08004338   0x00000032   Code   RO         1443    .text.HAL_NVIC_SetPriority  stm32f4xx_hal_cortex.o
    0x0800436a   0x0800436a   0x00000002   PAD
    0x0800436c   0x0800436c   0x00000010   Code   RO         1439    .text.HAL_NVIC_SetPriorityGrouping  stm32f4xx_hal_cortex.o
    0x0800437c   0x0800437c   0x00000262   Code   RO         1819    .text.HAL_RCC_ClockConfig  stm32f4xx_hal_rcc.o
    0x080045de   0x080045de   0x00000002   PAD
    0x080045e0   0x080045e0   0x00000054   Code   RO         1837    .text.HAL_RCC_GetClockConfig  stm32f4xx_hal_rcc.o
    0x08004634   0x08004634   0x0000000c   Code   RO         1829    .text.HAL_RCC_GetHCLKFreq  stm32f4xx_hal_rcc.o
    0x08004640   0x08004640   0x00000022   Code   RO         1831    .text.HAL_RCC_GetPCLK1Freq  stm32f4xx_hal_rcc.o
    0x08004662   0x08004662   0x00000002   PAD
    0x08004664   0x08004664   0x00000022   Code   RO         1833    .text.HAL_RCC_GetPCLK2Freq  stm32f4xx_hal_rcc.o
    0x08004686   0x08004686   0x00000002   PAD
    0x08004688   0x08004688   0x000000e6   Code   RO         1821    .text.HAL_RCC_GetSysClockFreq  stm32f4xx_hal_rcc.o
    0x0800476e   0x0800476e   0x00000002   PAD
    0x08004770   0x08004770   0x000006be   Code   RO         1817    .text.HAL_RCC_OscConfig  stm32f4xx_hal_rcc.o
    0x08004e2e   0x08004e2e   0x00000002   PAD
    0x08004e30   0x08004e30   0x00000008   Code   RO         2192    .text.HAL_TIMEx_BreakCallback  stm32f4xx_hal_tim_ex.o
    0x08004e38   0x08004e38   0x00000008   Code   RO         2188    .text.HAL_TIMEx_CommutCallback  stm32f4xx_hal_tim_ex.o
    0x08004e40   0x08004e40   0x000000b2   Code   RO         2184    .text.HAL_TIMEx_ConfigBreakDeadTime  stm32f4xx_hal_tim_ex.o
    0x08004ef2   0x08004ef2   0x00000002   PAD
    0x08004ef4   0x08004ef4   0x00000122   Code   RO         2182    .text.HAL_TIMEx_MasterConfigSynchronization  stm32f4xx_hal_tim_ex.o
    0x08005016   0x08005016   0x00000002   PAD
    0x08005018   0x08005018   0x0000009c   Code   RO         1869    .text.HAL_TIM_Base_Init  stm32f4xx_hal_tim.o
    0x080050b4   0x080050b4   0x0000003c   Code   RO          178    .text.HAL_TIM_Base_MspInit  tim.o
    0x080050f0   0x080050f0   0x000000f6   Code   RO         1883    .text.HAL_TIM_Base_Start_IT  stm32f4xx_hal_tim.o
    0x080051e6   0x080051e6   0x00000002   PAD
    0x080051e8   0x080051e8   0x00000184   Code   RO         2061    .text.HAL_TIM_ConfigClockSource  stm32f4xx_hal_tim.o
    0x0800536c   0x0800536c   0x00000008   Code   RO         2005    .text.HAL_TIM_IC_CaptureCallback  stm32f4xx_hal_tim.o
    0x08005374   0x08005374   0x0000027a   Code   RO         2003    .text.HAL_TIM_IRQHandler  stm32f4xx_hal_tim.o
    0x080055ee   0x080055ee   0x00000002   PAD
    0x080055f0   0x080055f0   0x0000006c   Code   RO          176    .text.HAL_TIM_MspPostInit  tim.o
    0x0800565c   0x0800565c   0x00000008   Code   RO         2007    .text.HAL_TIM_OC_DelayElapsedCallback  stm32f4xx_hal_tim.o
    0x08005664   0x08005664   0x00000142   Code   RO         2035    .text.HAL_TIM_PWM_ConfigChannel  stm32f4xx_hal_tim.o
    0x080057a6   0x080057a6   0x00000002   PAD
    0x080057a8   0x080057a8   0x0000009c   Code   RO         1923    .text.HAL_TIM_PWM_Init  stm32f4xx_hal_tim.o
    0x08005844   0x08005844   0x00000008   Code   RO         1925    .text.HAL_TIM_PWM_MspInit  stm32f4xx_hal_tim.o
    0x0800584c   0x0800584c   0x00000008   Code   RO         2009    .text.HAL_TIM_PWM_PulseFinishedCallback  stm32f4xx_hal_tim.o
    0x08005854   0x08005854   0x000001ca   Code   RO         1931    .text.HAL_TIM_PWM_Start  stm32f4xx_hal_tim.o
    0x08005a1e   0x08005a1e   0x00000002   PAD
    0x08005a20   0x08005a20   0x00000022   Code   RO           72    .text.HAL_TIM_PeriodElapsedCallback  main.o
    0x08005a42   0x08005a42   0x00000002   PAD
    0x08005a44   0x08005a44   0x00000008   Code   RO         2013    .text.HAL_TIM_TriggerCallback  stm32f4xx_hal_tim.o
    0x08005a4c   0x08005a4c   0x0000000c   Code   RO         2295    .text.HAL_UARTEx_RxEventCallback  stm32f4xx_hal_uart.o
    0x08005a58   0x08005a58   0x00000008   Code   RO         2293    .text.HAL_UART_ErrorCallback  stm32f4xx_hal_uart.o
    0x08005a60   0x08005a60   0x0000041e   Code   RO         2287    .text.HAL_UART_IRQHandler  stm32f4xx_hal_uart.o
    0x08005e7e   0x08005e7e   0x00000002   PAD
    0x08005e80   0x08005e80   0x0000009a   Code   RO         2205    .text.HAL_UART_Init  stm32f4xx_hal_uart.o
    0x08005f1a   0x08005f1a   0x00000002   PAD
    0x08005f1c   0x08005f1c   0x000000a2   Code   RO          162    .text.HAL_UART_MspInit  usart.o
    0x08005fbe   0x08005fbe   0x00000002   PAD
    0x08005fc0   0x08005fc0   0x00000008   Code   RO         2305    .text.HAL_UART_RxCpltCallback  stm32f4xx_hal_uart.o
    0x08005fc8   0x08005fc8   0x00000008   Code   RO         2301    .text.HAL_UART_TxCpltCallback  stm32f4xx_hal_uart.o
    0x08005fd0   0x08005fd0   0x00000004   Code   RO           85    .text.HardFault_Handler  stm32f4xx_it.o
    0x08005fd4   0x08005fd4   0x00000010   Code   RO          101    .text.I2C1_ER_IRQHandler  stm32f4xx_it.o
    0x08005fe4   0x08005fe4   0x00000010   Code   RO           99    .text.I2C1_EV_IRQHandler  stm32f4xx_it.o
    0x08005ff4   0x08005ff4   0x00000052   Code   RO          138    .text.I2C_AsyncMemRead  i2c.o
    0x08006046   0x08006046   0x00000002   PAD
    0x08006048   0x08006048   0x00000052   Code   RO          136    .text.I2C_AsyncMemWrite  i2c.o
    0x0800609a   0x0800609a   0x00000002   PAD
    0x0800609c   0x0800609c   0x00000034   Code   RO         1682    .text.I2C_ConvertOtherXferOptions  stm32f4xx_hal_i2c.o
    0x080060d0   0x080060d0   0x00000156   Code   RO         1666    .text.I2C_DMAAbort  stm32f4xx_hal_i2c.o
    0x08006226   0x08006226   0x00000002   PAD
    0x08006228   0x08006228   0x00000072   Code   RO         1628    .text.I2C_DMAError  stm32f4xx_hal_i2c.o
    0x0800629a   0x0800629a   0x00000002   PAD
    0x0800629c   0x0800629c   0x000001ba   Code   RO         1626    .text.I2C_DMAXferCplt  stm32f4xx_hal_i2c.o
    0x08006456   0x08006456   0x00000002   PAD
    0x08006458   0x08006458   0x0000027a   Code   RO         1678    .text.I2C_ITError   stm32f4xx_hal_i2c.o
    0x080066d2   0x080066d2   0x00000002   PAD
    0x080066d4   0x080066d4   0x00000064   Code   RO         1746    .text.I2C_IsAcknowledgeFailed  stm32f4xx_hal_i2c.o
    0x08006738   0x08006738   0x0000019e   Code   RO         1698    .text.I2C_MasterReceive_BTF  stm32f4xx_hal_i2c.o
    0x080068d6   0x080068d6   0x00000002   PAD
    0x080068d8   0x080068d8   0x0000013c   Code   RO         1696    .text.I2C_MasterReceive_RXNE  stm32f4xx_hal_i2c.o
    0x08006a14   0x08006a14   0x000000de   Code   RO         1692    .text.I2C_MasterTransmit_BTF  stm32f4xx_hal_i2c.o
    0x08006af2   0x08006af2   0x00000002   PAD
    0x08006af4   0x08006af4   0x0000013e   Code   RO         1690    .text.I2C_MasterTransmit_TXE  stm32f4xx_hal_i2c.o
    0x08006c32   0x08006c32   0x00000002   PAD
    0x08006c34   0x08006c34   0x00000046   Code   RO         1686    .text.I2C_Master_ADD10  stm32f4xx_hal_i2c.o
    0x08006c7a   0x08006c7a   0x00000002   PAD
    0x08006c7c   0x08006c7c   0x0000033e   Code   RO         1688    .text.I2C_Master_ADDR  stm32f4xx_hal_i2c.o
    0x08006fba   0x08006fba   0x00000002   PAD
    0x08006fbc   0x08006fbc   0x000000f0   Code   RO         1684    .text.I2C_Master_SB  stm32f4xx_hal_i2c.o
    0x080070ac   0x080070ac   0x00000122   Code   RO         1694    .text.I2C_MemoryTransmit_TXE_BTF  stm32f4xx_hal_i2c.o
    0x080071ce   0x080071ce   0x00000002   PAD
    0x080071d0   0x080071d0   0x000001e2   Code   RO         1642    .text.I2C_RequestMemoryRead  stm32f4xx_hal_i2c.o
    0x080073b2   0x080073b2   0x00000002   PAD
    0x080073b4   0x080073b4   0x0000013a   Code   RO         1638    .text.I2C_RequestMemoryWrite  stm32f4xx_hal_i2c.o
    0x080074ee   0x080074ee   0x00000002   PAD
    0x080074f0   0x080074f0   0x0000002e   Code   RO         1710    .text.I2C_SlaveReceive_BTF  stm32f4xx_hal_i2c.o
    0x0800751e   0x0800751e   0x00000002   PAD
    0x08007520   0x08007520   0x0000006e   Code   RO         1708    .text.I2C_SlaveReceive_RXNE  stm32f4xx_hal_i2c.o
    0x0800758e   0x0800758e   0x00000002   PAD
    0x08007590   0x08007590   0x0000002c   Code   RO         1706    .text.I2C_SlaveTransmit_BTF  stm32f4xx_hal_i2c.o
    0x080075bc   0x080075bc   0x0000006c   Code   RO         1704    .text.I2C_SlaveTransmit_TXE  stm32f4xx_hal_i2c.o
    0x08007628   0x08007628   0x000000ae   Code   RO         1700    .text.I2C_Slave_ADDR  stm32f4xx_hal_i2c.o
    0x080076d6   0x080076d6   0x00000002   PAD
    0x080076d8   0x080076d8   0x000000de   Code   RO         1714    .text.I2C_Slave_AF  stm32f4xx_hal_i2c.o
    0x080077b6   0x080077b6   0x00000002   PAD
    0x080077b8   0x080077b8   0x0000024a   Code   RO         1702    .text.I2C_Slave_STOPF  stm32f4xx_hal_i2c.o
    0x08007a02   0x08007a02   0x00000002   PAD
    0x08007a04   0x08007a04   0x000000be   Code   RO         1596    .text.I2C_WaitOnFlagUntilTimeout  stm32f4xx_hal_i2c.o
    0x08007ac2   0x08007ac2   0x00000002   PAD
    0x08007ac4   0x08007ac4   0x00000110   Code   RO         1744    .text.I2C_WaitOnMasterAddressFlagUntilTimeout  stm32f4xx_hal_i2c.o
    0x08007bd4   0x08007bd4   0x00000078   Code   RO         1742    .text.I2C_WaitOnSTOPRequestThroughIT  stm32f4xx_hal_i2c.o
    0x08007c4c   0x08007c4c   0x00000094   Code   RO         1600    .text.I2C_WaitOnTXEFlagUntilTimeout  stm32f4xx_hal_i2c.o
    0x08007ce0   0x08007ce0   0x0000004a   Code   RO          134    .text.I2C_WaitReceiving  i2c.o
    0x08007d2a   0x08007d2a   0x00000002   PAD
    0x08007d2c   0x08007d2c   0x0000004a   Code   RO          132    .text.I2C_WaitSending  i2c.o
    0x08007d76   0x08007d76   0x00000002   PAD
    0x08007d78   0x08007d78   0x00000014   Code   RO          243    .text.IsException   rtx_delay.o
    0x08007d8c   0x08007d8c   0x00000014   Code   RO          262    .text.IsException   rtx_evflags.o
    0x08007da0   0x08007da0   0x00000014   Code   RO          684    .text.IsException   rtx_kernel.o
    0x08007db4   0x08007db4   0x00000014   Code   RO          902    .text.IsException   rtx_msgqueue.o
    0x08007dc8   0x08007dc8   0x00000014   Code   RO          979    .text.IsException   rtx_mutex.o
    0x08007ddc   0x08007ddc   0x00000014   Code   RO         1160    .text.IsException   rtx_thread.o
    0x08007df0   0x08007df0   0x00000014   Code   RO         1293    .text.IsException   rtx_timer.o
    0x08007e04   0x08007e04   0x0000002e   Code   RO          245    .text.IsIrqMasked   rtx_delay.o
    0x08007e32   0x08007e32   0x00000002   PAD
    0x08007e34   0x08007e34   0x0000002e   Code   RO          264    .text.IsIrqMasked   rtx_evflags.o
    0x08007e62   0x08007e62   0x00000002   PAD
    0x08007e64   0x08007e64   0x0000002e   Code   RO          686    .text.IsIrqMasked   rtx_kernel.o
    0x08007e92   0x08007e92   0x00000002   PAD
    0x08007e94   0x08007e94   0x0000002e   Code   RO          904    .text.IsIrqMasked   rtx_msgqueue.o
    0x08007ec2   0x08007ec2   0x00000002   PAD
    0x08007ec4   0x08007ec4   0x0000002e   Code   RO          981    .text.IsIrqMasked   rtx_mutex.o
    0x08007ef2   0x08007ef2   0x00000002   PAD
    0x08007ef4   0x08007ef4   0x0000002e   Code   RO         1162    .text.IsIrqMasked   rtx_thread.o
    0x08007f22   0x08007f22   0x00000002   PAD
    0x08007f24   0x08007f24   0x0000002e   Code   RO         1295    .text.IsIrqMasked   rtx_timer.o
    0x08007f52   0x08007f52   0x00000002   PAD
    0x08007f54   0x08007f54   0x00000014   Code   RO          690    .text.IsPrivileged  rtx_kernel.o
    0x08007f68   0x08007f68   0x00000050   Code   RO          152    .text.MX_DMA_Init   dma.o
    0x08007fb8   0x08007fb8   0x000000ca   Code   RO          114    .text.MX_GPIO_Init  gpio.o
    0x08008082   0x08008082   0x00000002   PAD
    0x08008084   0x08008084   0x0000006c   Code   RO          122    .text.MX_I2C1_Init  i2c.o
    0x080080f0   0x080080f0   0x0000016c   Code   RO          174    .text.MX_TIM1_Init  tim.o
    0x0800825c   0x0800825c   0x00000040   Code   RO          160    .text.MX_USART2_UART_Init  usart.o
    0x0800829c   0x0800829c   0x00000018   Code   RO          808    .text.MemBlockPtr   rtx_memory.o
    0x080082b4   0x080082b4   0x0000000a   Code   RO          806    .text.MemHeadPtr    rtx_memory.o
    0x080082be   0x080082be   0x00000002   PAD
    0x080082c0   0x080082c0   0x00000004   Code   RO           87    .text.MemManage_Handler  stm32f4xx_it.o
    0x080082c4   0x080082c4   0x00000052   Code   RO          952    .text.MessageQueueGet  rtx_msgqueue.o
    0x08008316   0x08008316   0x00000002   PAD
    0x08008318   0x08008318   0x000000ac   Code   RO          942    .text.MessageQueuePut  rtx_msgqueue.o
    0x080083c4   0x080083c4   0x00000042   Code   RO          938    .text.MessageQueueRemove  rtx_msgqueue.o
    0x08008406   0x08008406   0x00000002   PAD
    0x08008408   0x08008408   0x00000004   Code   RO           83    .text.NMI_Handler   stm32f4xx_it.o
    0x0800840c   0x0800840c   0x0000006c   Code   RO         1449    .text.NVIC_EncodePriority  stm32f4xx_hal_cortex.o
    0x08008478   0x08008478   0x0000000c   Code   RO         1344    .text.OS_Tick_AcknowledgeIRQ  os_systick.o
    0x08008484   0x08008484   0x0000003c   Code   RO         1340    .text.OS_Tick_Enable  os_systick.o
    0x080084c0   0x080084c0   0x00000006   Code   RO         1346    .text.OS_Tick_GetIRQn  os_systick.o
    0x080084c6   0x080084c6   0x00000002   PAD
    0x080084c8   0x080084c8   0x0000007e   Code   RO         1338    .text.OS_Tick_Setup  os_systick.o
    0x08008546   0x08008546   0x00000002   PAD
    0x08008548   0x08008548   0x0000009e   Code   RO           42    .text.PolePlc_CalculateControlSignal  pole_placement.o
    0x080085e6   0x080085e6   0x00000002   PAD
    0x080085e8   0x080085e8   0x00000034   Code   RO           36    .text.PolePlc_EnableController  pole_placement.o
    0x0800861c   0x0800861c   0x0000004c   Code   RO           30    .text.PolePlc_Init  pole_placement.o
    0x08008668   0x08008668   0x00000010   Code   RO           40    .text.PolePlc_IsControllerEnabled  pole_placement.o
    0x08008678   0x08008678   0x0000001a   Code   RO           32    .text.PolePlc_PeriodicTimerFunc  pole_placement.o
    0x08008692   0x08008692   0x00000006   PAD
    0x08008698   0x08008698   0x000006d0   Code   RO           34    .text.PolePlc_ThreadFunc  pole_placement.o
    0x08008d68   0x08008d68   0x00000068   Code   RO          732    .text.SVC_Setup     rtx_kernel.o
    0x08008dd0   0x08008dd0   0x00000010   Code   RO         1093    .text.SetPendSV     rtx_system.o
    0x08008de0   0x08008de0   0x00000018   Code   RO         1132    .text.StackOffsetR0  rtx_thread.o
    0x08008df8   0x08008df8   0x000000b6   Code   RO           68    .text.SystemClock_Config  main.o
    0x08008eae   0x08008eae   0x00000002   PAD
    0x08008eb0   0x08008eb0   0x0000012e   Code   RO         2367    .text.SystemCoreClockUpdate  system_stm32f4xx.o
    0x08008fde   0x08008fde   0x00000002   PAD
    0x08008fe0   0x08008fe0   0x00000012   Code   RO         2365    .text.SystemInit    system_stm32f4xx.o
    0x08008ff2   0x08008ff2   0x00000002   PAD
    0x08008ff4   0x08008ff4   0x00000010   Code   RO          105    .text.TIM8_TRG_COM_TIM14_IRQHandler  stm32f4xx_it.o
    0x08009004   0x08009004   0x0000019a   Code   RO         1873    .text.TIM_Base_SetConfig  stm32f4xx_hal_tim.o
    0x0800919e   0x0800919e   0x00000002   PAD
    0x080091a0   0x080091a0   0x00000036   Code   RO         1907    .text.TIM_CCxChannelCmd  stm32f4xx_hal_tim.o
    0x080091d6   0x080091d6   0x00000002   PAD
    0x080091d8   0x080091d8   0x00000034   Code   RO         2059    .text.TIM_ETR_SetConfig  stm32f4xx_hal_tim.o
    0x0800920c   0x0800920c   0x0000002a   Code   RO         2065    .text.TIM_ITRx_SetConfig  stm32f4xx_hal_tim.o
    0x08009236   0x08009236   0x00000002   PAD
    0x08009238   0x08009238   0x000000ea   Code   RO         2017    .text.TIM_OC1_SetConfig  stm32f4xx_hal_tim.o
    0x08009322   0x08009322   0x00000002   PAD
    0x08009324   0x08009324   0x000000f4   Code   RO         2019    .text.TIM_OC2_SetConfig  stm32f4xx_hal_tim.o
    0x08009418   0x08009418   0x000000f2   Code   RO         2021    .text.TIM_OC3_SetConfig  stm32f4xx_hal_tim.o
    0x0800950a   0x0800950a   0x00000002   PAD
    0x0800950c   0x0800950c   0x000000a4   Code   RO         2023    .text.TIM_OC4_SetConfig  stm32f4xx_hal_tim.o
    0x080095b0   0x080095b0   0x00000050   Code   RO         2063    .text.TIM_TI1_ConfigInputStage  stm32f4xx_hal_tim.o
    0x08009600   0x08009600   0x00000052   Code   RO         2067    .text.TIM_TI2_ConfigInputStage  stm32f4xx_hal_tim.o
    0x08009652   0x08009652   0x00000002   PAD
    0x08009654   0x08009654   0x0000007c   Code   RO         1212    .text.ThreadFlagsCheck  rtx_thread.o
    0x080096d0   0x080096d0   0x0000009e   Code   RO         1313    .text.TimerInsert   rtx_timer.o
    0x0800976e   0x0800976e   0x00000002   PAD
    0x08009770   0x08009770   0x00000048   Code   RO         1323    .text.TimerRemove   rtx_timer.o
    0x080097b8   0x080097b8   0x00000028   Code   RO         1309    .text.TimerUnlink   rtx_timer.o
    0x080097e0   0x080097e0   0x00000020   Code   RO         2291    .text.UART_DMAAbortOnError  stm32f4xx_hal_uart.o
    0x08009800   0x08009800   0x00000094   Code   RO         2253    .text.UART_EndRxTransfer  stm32f4xx_hal_uart.o
    0x08009894   0x08009894   0x00000026   Code   RO         2299    .text.UART_EndTransmit_IT  stm32f4xx_hal_uart.o
    0x080098ba   0x080098ba   0x00000002   PAD
    0x080098bc   0x080098bc   0x00000164   Code   RO         2289    .text.UART_Receive_IT  stm32f4xx_hal_uart.o
    0x08009a20   0x08009a20   0x0000013a   Code   RO         2209    .text.UART_SetConfig  stm32f4xx_hal_uart.o
    0x08009b5a   0x08009b5a   0x00000002   PAD
    0x08009b5c   0x08009b5c   0x00000094   Code   RO         2297    .text.UART_Transmit_IT  stm32f4xx_hal_uart.o
    0x08009bf0   0x08009bf0   0x00000010   Code   RO          103    .text.USART2_IRQHandler  stm32f4xx_it.o
    0x08009c00   0x08009c00   0x00000004   Code   RO           91    .text.UsageFault_Handler  stm32f4xx_it.o
    0x08009c04   0x08009c04   0x00000030   Code   RO         1453    .text.__NVIC_EnableIRQ  stm32f4xx_hal_cortex.o
    0x08009c34   0x08009c34   0x00000010   Code   RO          734    .text.__NVIC_GetPriorityGrouping  rtx_kernel.o
    0x08009c44   0x08009c44   0x00000010   Code   RO         1445    .text.__NVIC_GetPriorityGrouping  stm32f4xx_hal_cortex.o
    0x08009c54   0x08009c54   0x00000042   Code   RO         1447    .text.__NVIC_SetPriority  stm32f4xx_hal_cortex.o
    0x08009c96   0x08009c96   0x00000002   PAD
    0x08009c98   0x08009c98   0x0000003c   Code   RO         1441    .text.__NVIC_SetPriorityGrouping  stm32f4xx_hal_cortex.o
    0x08009cd4   0x08009cd4   0x00000096   Code   RO          771    .text.__user_perthread_libspace  rtx_lib.o
    0x08009d6a   0x08009d6a   0x00000002   PAD
    0x08009d6c   0x08009d6c   0x00000020   Code   RO          777    .text._mutex_acquire  rtx_lib.o
    0x08009d8c   0x08009d8c   0x00000012   Code   RO          781    .text._mutex_free   rtx_lib.o
    0x08009d9e   0x08009d9e   0x00000002   PAD
    0x08009da0   0x08009da0   0x00000032   Code   RO          775    .text._mutex_initialize  rtx_lib.o
    0x08009dd2   0x08009dd2   0x00000002   PAD
    0x08009dd4   0x08009dd4   0x0000001c   Code   RO          779    .text._mutex_release  rtx_lib.o
    0x08009df0   0x08009df0   0x00000008   Code   RO          767    .text._platform_post_stackheap_init  rtx_lib.o
    0x08009df8   0x08009df8   0x00000038   Code   RO          292    .text.atomic_chk32_all  rtx_evflags.o
    0x08009e30   0x08009e30   0x00000038   Code   RO         1214    .text.atomic_chk32_all  rtx_thread.o
    0x08009e68   0x08009e68   0x00000034   Code   RO          294    .text.atomic_chk32_any  rtx_evflags.o
    0x08009e9c   0x08009e9c   0x00000034   Code   RO         1216    .text.atomic_chk32_any  rtx_thread.o
    0x08009ed0   0x08009ed0   0x0000002c   Code   RO         1095    .text.atomic_dec16_nz  rtx_system.o
    0x08009efc   0x08009efc   0x00000020   Code   RO          833    .text.atomic_dec32  rtx_mempool.o
    0x08009f1c   0x08009f1c   0x00000028   Code   RO          954    .text.atomic_dec32_nz  rtx_msgqueue.o
    0x08009f44   0x08009f44   0x00000034   Code   RO         1097    .text.atomic_inc16_lim  rtx_system.o
    0x08009f78   0x08009f78   0x00000038   Code   RO         1101    .text.atomic_inc16_lt  rtx_system.o
    0x08009fb0   0x08009fb0   0x00000020   Code   RO          827    .text.atomic_inc32  rtx_mempool.o
    0x08009fd0   0x08009fd0   0x00000020   Code   RO          944    .text.atomic_inc32  rtx_msgqueue.o
    0x08009ff0   0x08009ff0   0x00000028   Code   RO          825    .text.atomic_link_get  rtx_mempool.o
    0x0800a018   0x0800a018   0x00000030   Code   RO          831    .text.atomic_link_put  rtx_mempool.o
    0x0800a048   0x0800a048   0x00000028   Code   RO          304    .text.atomic_set32  rtx_evflags.o
    0x0800a070   0x0800a070   0x00000028   Code   RO          956    .text.atomic_wr8    rtx_msgqueue.o
    0x0800a098   0x0800a098   0x00000066   Code   RO          270    .text.isrRtxEventFlagsSet  rtx_evflags.o
    0x0800a0fe   0x0800a0fe   0x00000002   PAD
    0x0800a100   0x0800a100   0x00000086   Code   RO          282    .text.isrRtxEventFlagsWait  rtx_evflags.o
    0x0800a186   0x0800a186   0x00000002   PAD
    0x0800a188   0x0800a188   0x000000a8   Code   RO          914    .text.isrRtxMessageQueueGet  rtx_msgqueue.o
    0x0800a230   0x0800a230   0x000000b8   Code   RO          910    .text.isrRtxMessageQueuePut  rtx_msgqueue.o
    0x0800a2e8   0x0800a2e8   0x00000054   Code   RO         1077    .text.isr_queue_get  rtx_system.o
    0x0800a33c   0x0800a33c   0x0000005e   Code   RO         1091    .text.isr_queue_put  rtx_system.o
    0x0800a39a   0x0800a39a   0x00000002   PAD
    0x0800a39c   0x0800a39c   0x00000046   Code   RO           66    .text.main          main.o
    0x0800a3e2   0x0800a3e2   0x00000002   PAD
    0x0800a3e4   0x0800a3e4   0x00000054   Code   RO          241    .text.osDelay       rtx_delay.o
    0x0800a438   0x0800a438   0x00000056   Code   RO          260    .text.osEventFlagsNew  rtx_evflags.o
    0x0800a48e   0x0800a48e   0x00000002   PAD
    0x0800a490   0x0800a490   0x0000005e   Code   RO          268    .text.osEventFlagsSet  rtx_evflags.o
    0x0800a4ee   0x0800a4ee   0x00000002   PAD
    0x0800a4f0   0x0800a4f0   0x0000007e   Code   RO          280    .text.osEventFlagsWait  rtx_evflags.o
    0x0800a56e   0x0800a56e   0x00000002   PAD
    0x0800a570   0x0800a570   0x00000042   Code   RO          694    .text.osKernelGetState  rtx_kernel.o
    0x0800a5b2   0x0800a5b2   0x00000002   PAD
    0x0800a5b4   0x0800a5b4   0x0000003a   Code   RO          710    .text.osKernelGetTickCount  rtx_kernel.o
    0x0800a5ee   0x0800a5ee   0x00000002   PAD
    0x0800a5f0   0x0800a5f0   0x0000004a   Code   RO          682    .text.osKernelInitialize  rtx_kernel.o
    0x0800a63a   0x0800a63a   0x00000002   PAD
    0x0800a63c   0x0800a63c   0x00000046   Code   RO          698    .text.osKernelStart  rtx_kernel.o
    0x0800a682   0x0800a682   0x00000002   PAD
    0x0800a684   0x0800a684   0x0000007e   Code   RO          912    .text.osMessageQueueGet  rtx_msgqueue.o
    0x0800a702   0x0800a702   0x00000002   PAD
    0x0800a704   0x0800a704   0x0000008a   Code   RO          908    .text.osMessageQueuePut  rtx_msgqueue.o
    0x0800a78e   0x0800a78e   0x00000002   PAD
    0x0800a790   0x0800a790   0x00000064   Code   RO          985    .text.osMutexAcquire  rtx_mutex.o
    0x0800a7f4   0x0800a7f4   0x00000056   Code   RO          991    .text.osMutexDelete  rtx_mutex.o
    0x0800a84a   0x0800a84a   0x00000002   PAD
    0x0800a84c   0x0800a84c   0x00000056   Code   RO          977    .text.osMutexNew    rtx_mutex.o
    0x0800a8a2   0x0800a8a2   0x00000002   PAD
    0x0800a8a4   0x0800a8a4   0x00000056   Code   RO          987    .text.osMutexRelease  rtx_mutex.o
    0x0800a8fa   0x0800a8fa   0x00000002   PAD
    0x0800a8fc   0x0800a8fc   0x0000002e   Code   RO         1366    .text.osRtxErrorNotify  rtx_config.o
    0x0800a92a   0x0800a92a   0x00000002   PAD
    0x0800a92c   0x0800a92c   0x0000000a   Code   RO          298    .text.osRtxEventFlagsId  rtx_evflags.o
    0x0800a936   0x0800a936   0x00000002   PAD
    0x0800a938   0x0800a938   0x0000000a   Code   RO         1081    .text.osRtxEventFlagsObject  rtx_system.o
    0x0800a942   0x0800a942   0x00000002   PAD
    0x0800a944   0x0800a944   0x0000005c   Code   RO          288    .text.osRtxEventFlagsPostProcess  rtx_evflags.o
    0x0800a9a0   0x0800a9a0   0x00000008   Code   RO         1364    .text.osRtxIdleThread  rtx_config.o
    0x0800a9a8   0x0800a9a8   0x0000001c   Code   RO          680    .text.osRtxKernelErrorNotify  rtx_kernel.o
    0x0800a9c4   0x0800a9c4   0x0000000c   Code   RO         1073    .text.osRtxKernelGetState  rtx_system.o
    0x0800a9d0   0x0800a9d0   0x0000000c   Code   RO         1138    .text.osRtxKernelGetState  rtx_thread.o
    0x0800a9dc   0x0800a9dc   0x00000002   Code   RO          678    .text.osRtxKernelPreInit  rtx_kernel.o
    0x0800a9de   0x0800a9de   0x00000002   PAD
    0x0800a9e0   0x0800a9e0   0x0000000c   Code   RO          728    .text.osRtxKernelState  rtx_kernel.o
    0x0800a9ec   0x0800a9ec   0x0000014c   Code   RO          810    .text.osRtxMemoryAlloc  rtx_memory.o
    0x0800ab38   0x0800ab38   0x000000c2   Code   RO          812    .text.osRtxMemoryFree  rtx_memory.o
    0x0800abfa   0x0800abfa   0x00000002   PAD
    0x0800abfc   0x0800abfc   0x00000096   Code   RO          804    .text.osRtxMemoryInit  rtx_memory.o
    0x0800ac92   0x0800ac92   0x00000002   PAD
    0x0800ac94   0x0800ac94   0x0000004a   Code   RO          823    .text.osRtxMemoryPoolAlloc  rtx_mempool.o
    0x0800acde   0x0800acde   0x00000002   PAD
    0x0800ace0   0x0800ace0   0x00000064   Code   RO          829    .text.osRtxMemoryPoolFree  rtx_mempool.o
    0x0800ad44   0x0800ad44   0x00000098   Code   RO          821    .text.osRtxMemoryPoolInit  rtx_mempool.o
    0x0800addc   0x0800addc   0x0000000a   Code   RO         1085    .text.osRtxMemoryPoolObject  rtx_system.o
    0x0800ade6   0x0800ade6   0x00000002   PAD
    0x0800ade8   0x0800ade8   0x0000000a   Code   RO         1087    .text.osRtxMessageObject  rtx_system.o
    0x0800adf2   0x0800adf2   0x00000002   PAD
    0x0800adf4   0x0800adf4   0x0000000a   Code   RO          896    .text.osRtxMessageQueueId  rtx_msgqueue.o
    0x0800adfe   0x0800adfe   0x00000002   PAD
    0x0800ae00   0x0800ae00   0x00000144   Code   RO          936    .text.osRtxMessageQueuePostProcess  rtx_msgqueue.o
    0x0800af44   0x0800af44   0x0000003e   Code   RO          894    .text.osRtxMessageQueueTimerSetup  rtx_msgqueue.o
    0x0800af82   0x0800af82   0x00000002   PAD
    0x0800af84   0x0800af84   0x0000000a   Code   RO          997    .text.osRtxMutexId  rtx_mutex.o
    0x0800af8e   0x0800af8e   0x00000002   PAD
    0x0800af90   0x0800af90   0x0000000a   Code   RO         1128    .text.osRtxMutexObject  rtx_thread.o
    0x0800af9a   0x0800af9a   0x00000002   PAD
    0x0800af9c   0x0800af9c   0x00000098   Code   RO          971    .text.osRtxMutexOwnerRelease  rtx_mutex.o
    0x0800b034   0x0800b034   0x000000ac   Code   RO          975    .text.osRtxMutexOwnerRestore  rtx_mutex.o
    0x0800b0e0   0x0800b0e0   0x0000000a   Code   RO          302    .text.osRtxObject   rtx_evflags.o
    0x0800b0ea   0x0800b0ea   0x00000002   PAD
    0x0800b0ec   0x0800b0ec   0x0000000a   Code   RO          940    .text.osRtxObject   rtx_msgqueue.o
    0x0800b0f6   0x0800b0f6   0x00000002   PAD
    0x0800b0f8   0x0800b0f8   0x0000000a   Code   RO          973    .text.osRtxObject   rtx_mutex.o
    0x0800b102   0x0800b102   0x00000002   PAD
    0x0800b104   0x0800b104   0x0000000a   Code   RO         1099    .text.osRtxObject   rtx_system.o
    0x0800b10e   0x0800b10e   0x00000002   PAD
    0x0800b110   0x0800b110   0x0000000a   Code   RO         1118    .text.osRtxObject   rtx_thread.o
    0x0800b11a   0x0800b11a   0x00000002   PAD
    0x0800b11c   0x0800b11c   0x000000b8   Code   RO         1075    .text.osRtxPendSV_Handler  rtx_system.o
    0x0800b1d4   0x0800b1d4   0x00000042   Code   RO         1089    .text.osRtxPostProcess  rtx_system.o
    0x0800b216   0x0800b216   0x00000002   PAD
    0x0800b218   0x0800b218   0x0000000a   Code   RO         1083    .text.osRtxSemaphoreObject  rtx_system.o
    0x0800b222   0x0800b222   0x00000002   PAD
    0x0800b224   0x0800b224   0x00000088   Code   RO         1142    .text.osRtxThreadBlock  rtx_thread.o
    0x0800b2ac   0x0800b2ac   0x000000fa   Code   RO         1150    .text.osRtxThreadDelayInsert  rtx_thread.o
    0x0800b3a6   0x0800b3a6   0x00000002   PAD
    0x0800b3a8   0x0800b3a8   0x0000009c   Code   RO         1146    .text.osRtxThreadDelayRemove  rtx_thread.o
    0x0800b444   0x0800b444   0x00000150   Code   RO         1124    .text.osRtxThreadDelayTick  rtx_thread.o
    0x0800b594   0x0800b594   0x00000060   Code   RO         1254    .text.osRtxThreadDestroy  rtx_thread.o
    0x0800b5f4   0x0800b5f4   0x00000096   Code   RO         1136    .text.osRtxThreadDispatch  rtx_thread.o
    0x0800b68a   0x0800b68a   0x00000002   PAD
    0x0800b68c   0x0800b68c   0x0000009c   Code   RO         1244    .text.osRtxThreadFree  rtx_thread.o
    0x0800b728   0x0800b728   0x0000000c   Code   RO          314    .text.osRtxThreadGetRunning  rtx_evflags.o
    0x0800b734   0x0800b734   0x0000000c   Code   RO          950    .text.osRtxThreadGetRunning  rtx_msgqueue.o
    0x0800b740   0x0800b740   0x0000000c   Code   RO         1001    .text.osRtxThreadGetRunning  rtx_mutex.o
    0x0800b74c   0x0800b74c   0x0000000c   Code   RO         1140    .text.osRtxThreadGetRunning  rtx_thread.o
    0x0800b758   0x0800b758   0x0000000c   Code   RO         1307    .text.osRtxThreadGetRunning  rtx_timer.o
    0x0800b764   0x0800b764   0x0000000a   Code   RO         1154    .text.osRtxThreadId  rtx_thread.o
    0x0800b76e   0x0800b76e   0x00000002   PAD
    0x0800b770   0x0800b770   0x0000003c   Code   RO         1250    .text.osRtxThreadJoinWakeup  rtx_thread.o
    0x0800b7ac   0x0800b7ac   0x00000036   Code   RO         1114    .text.osRtxThreadListGet  rtx_thread.o
    0x0800b7e2   0x0800b7e2   0x00000002   PAD
    0x0800b7e4   0x0800b7e4   0x00000076   Code   RO         1110    .text.osRtxThreadListPut  rtx_thread.o
    0x0800b85a   0x0800b85a   0x00000002   PAD
    0x0800b85c   0x0800b85c   0x00000032   Code   RO         1120    .text.osRtxThreadListRemove  rtx_thread.o
    0x0800b88e   0x0800b88e   0x00000002   PAD
    0x0800b890   0x0800b890   0x00000022   Code   RO         1126    .text.osRtxThreadListRoot  rtx_thread.o
    0x0800b8b2   0x0800b8b2   0x00000002   PAD
    0x0800b8b4   0x0800b8b4   0x00000058   Code   RO         1116    .text.osRtxThreadListSort  rtx_thread.o
    0x0800b90c   0x0800b90c   0x0000000a   Code   RO         1079    .text.osRtxThreadObject  rtx_system.o
    0x0800b916   0x0800b916   0x00000002   PAD
    0x0800b918   0x0800b918   0x0000000a   Code   RO         1112    .text.osRtxThreadObject  rtx_thread.o
    0x0800b922   0x0800b922   0x00000002   PAD
    0x0800b924   0x0800b924   0x00000044   Code   RO         1210    .text.osRtxThreadPostProcess  rtx_thread.o
    0x0800b968   0x0800b968   0x00000020   Code   RO         1122    .text.osRtxThreadReadyPut  rtx_thread.o
    0x0800b988   0x0800b988   0x00000022   Code   RO         1130    .text.osRtxThreadRegPtr  rtx_thread.o
    0x0800b9aa   0x0800b9aa   0x00000002   PAD
    0x0800b9ac   0x0800b9ac   0x00000014   Code   RO         1252    .text.osRtxThreadSetRunning  rtx_thread.o
    0x0800b9c0   0x0800b9c0   0x00000014   Code   RO         1311    .text.osRtxThreadSetRunning  rtx_timer.o
    0x0800b9d4   0x0800b9d4   0x00000096   Code   RO         1152    .text.osRtxThreadStartup  rtx_thread.o
    0x0800ba6a   0x0800ba6a   0x00000002   PAD
    0x0800ba6c   0x0800ba6c   0x00000022   Code   RO         1134    .text.osRtxThreadSwitch  rtx_thread.o
    0x0800ba8e   0x0800ba8e   0x00000002   PAD
    0x0800ba90   0x0800ba90   0x00000076   Code   RO         1148    .text.osRtxThreadWaitEnter  rtx_thread.o
    0x0800bb06   0x0800bb06   0x00000002   PAD
    0x0800bb08   0x0800bb08   0x00000046   Code   RO         1144    .text.osRtxThreadWaitExit  rtx_thread.o
    0x0800bb4e   0x0800bb4e   0x00000002   PAD
    0x0800bb50   0x0800bb50   0x00000110   Code   RO         1071    .text.osRtxTick_Handler  rtx_system.o
    0x0800bc60   0x0800bc60   0x0000000a   Code   RO         1319    .text.osRtxTimerId  rtx_timer.o
    0x0800bc6a   0x0800bc6a   0x00000002   PAD
    0x0800bc6c   0x0800bc6c   0x00000030   Code   RO         1285    .text.osRtxTimerSetup  rtx_timer.o
    0x0800bc9c   0x0800bc9c   0x00000032   Code   RO         1289    .text.osRtxTimerThread  rtx_timer.o
    0x0800bcce   0x0800bcce   0x00000002   PAD
    0x0800bcd0   0x0800bcd0   0x000000dc   Code   RO         1287    .text.osRtxTimerTick  rtx_timer.o
    0x0800bdac   0x0800bdac   0x00000024   Code   RO         1190    .text.osThreadExit  rtx_thread.o
    0x0800bdd0   0x0800bdd0   0x0000003a   Code   RO         1166    .text.osThreadGetId  rtx_thread.o
    0x0800be0a   0x0800be0a   0x00000002   PAD
    0x0800be0c   0x0800be0c   0x00000072   Code   RO         1158    .text.osThreadNew   rtx_thread.o
    0x0800be7e   0x0800be7e   0x00000002   PAD
    0x0800be80   0x0800be80   0x00000056   Code   RO         1192    .text.osThreadTerminate  rtx_thread.o
    0x0800bed6   0x0800bed6   0x00000002   PAD
    0x0800bed8   0x0800bed8   0x0000008a   Code   RO         1291    .text.osTimerNew    rtx_timer.o
    0x0800bf62   0x0800bf62   0x00000002   PAD
    0x0800bf64   0x0800bf64   0x00000064   Code   RO         1299    .text.osTimerStart  rtx_timer.o
    0x0800bfc8   0x0800bfc8   0x00000036   Code   RO          773    .text.os_kernel_is_active  rtx_lib.o
    0x0800bffe   0x0800bffe   0x00000002   PAD
    0x0800c000   0x0800c000   0x00000050   Code   RO          249    .text.svcRtxDelay   rtx_delay.o
    0x0800c050   0x0800c050   0x00000116   Code   RO          286    .text.svcRtxEventFlagsNew  rtx_evflags.o
    0x0800c166   0x0800c166   0x00000002   PAD
    0x0800c168   0x0800c168   0x000000d4   Code   RO          306    .text.svcRtxEventFlagsSet  rtx_evflags.o
    0x0800c23c   0x0800c23c   0x000000d2   Code   RO          312    .text.svcRtxEventFlagsWait  rtx_evflags.o
    0x0800c30e   0x0800c30e   0x00000002   PAD
    0x0800c310   0x0800c310   0x00000016   Code   RO          696    .text.svcRtxKernelGetState  rtx_kernel.o
    0x0800c326   0x0800c326   0x00000002   PAD
    0x0800c328   0x0800c328   0x0000001c   Code   RO          712    .text.svcRtxKernelGetTickCount  rtx_kernel.o
    0x0800c344   0x0800c344   0x000002f8   Code   RO          726    .text.svcRtxKernelInitialize  rtx_kernel.o
    0x0800c63c   0x0800c63c   0x000000da   Code   RO          730    .text.svcRtxKernelStart  rtx_kernel.o
    0x0800c716   0x0800c716   0x00000002   PAD
    0x0800c718   0x0800c718   0x00000164   Code   RO          958    .text.svcRtxMessageQueueGet  rtx_msgqueue.o
    0x0800c87c   0x0800c87c   0x0000029c   Code   RO          898    .text.svcRtxMessageQueueNew  rtx_msgqueue.o
    0x0800cb18   0x0800cb18   0x00000158   Code   RO          948    .text.svcRtxMessageQueuePut  rtx_msgqueue.o
    0x0800cc70   0x0800cc70   0x00000172   Code   RO          999    .text.svcRtxMutexAcquire  rtx_mutex.o
    0x0800cde2   0x0800cde2   0x00000002   PAD
    0x0800cde4   0x0800cde4   0x0000016e   Code   RO         1007    .text.svcRtxMutexDelete  rtx_mutex.o
    0x0800cf52   0x0800cf52   0x00000002   PAD
    0x0800cf54   0x0800cf54   0x0000011e   Code   RO          993    .text.svcRtxMutexNew  rtx_mutex.o
    0x0800d072   0x0800d072   0x00000002   PAD
    0x0800d074   0x0800d074   0x0000019c   Code   RO         1003    .text.svcRtxMutexRelease  rtx_mutex.o
    0x0800d210   0x0800d210   0x00000062   Code   RO         1248    .text.svcRtxThreadExit  rtx_thread.o
    0x0800d272   0x0800d272   0x00000002   PAD
    0x0800d274   0x0800d274   0x00000016   Code   RO         1168    .text.svcRtxThreadGetId  rtx_thread.o
    0x0800d28a   0x0800d28a   0x00000002   PAD
    0x0800d28c   0x0800d28c   0x000003f2   Code   RO         1156    .text.svcRtxThreadNew  rtx_thread.o
    0x0800d67e   0x0800d67e   0x00000002   PAD
    0x0800d680   0x0800d680   0x00000110   Code   RO         1256    .text.svcRtxThreadTerminate  rtx_thread.o
    0x0800d790   0x0800d790   0x00000158   Code   RO         1315    .text.svcRtxTimerNew  rtx_timer.o
    0x0800d8e8   0x0800d8e8   0x0000009a   Code   RO         1321    .text.svcRtxTimerStart  rtx_timer.o
    0x0800d982   0x0800d982   0x00000002   PAD
    0x0800d984   0x0800d984   0x00000012   Code   RO         1208    .text.xPSR_InitVal  rtx_thread.o
    0x0800d996   0x0800d996   0x00000026   Code   RO         2472    i.__ARM_fpclassifyf  m_wm.l(fpclassifyf.o)
    0x0800d9bc   0x0800d9bc   0x0000012c   Code   RO         2416    i.__hardfp_asinf    m_wm.l(asinf.o)
    0x0800dae8   0x0800dae8   0x000002ac   Code   RO         2422    i.__hardfp_atan2f   m_wm.l(atan2f.o)
    0x0800dd94   0x0800dd94   0x00000150   Code   RO         2428    i.__hardfp_cosf     m_wm.l(cosf.o)
    0x0800dee4   0x0800dee4   0x00000190   Code   RO         2434    i.__hardfp_sinf     m_wm.l(sinf.o)
    0x0800e074   0x0800e074   0x0000007a   Code   RO         2440    i.__hardfp_sqrt     m_wm.l(sqrt.o)
    0x0800e0ee   0x0800e0ee   0x00000006   Code   RO         2475    i.__mathlib_flt_infnan  m_wm.l(funder.o)
    0x0800e0f4   0x0800e0f4   0x00000006   Code   RO         2476    i.__mathlib_flt_infnan2  m_wm.l(funder.o)
    0x0800e0fa   0x0800e0fa   0x00000002   PAD
    0x0800e0fc   0x0800e0fc   0x00000010   Code   RO         2477    i.__mathlib_flt_invalid  m_wm.l(funder.o)
    0x0800e10c   0x0800e10c   0x00000010   Code   RO         2480    i.__mathlib_flt_underflow  m_wm.l(funder.o)
    0x0800e11c   0x0800e11c   0x00000154   Code   RO         2488    i.__mathlib_rredf2  m_wm.l(rredf.o)
    0x0800e270   0x0800e270   0x0000003e   Code   RO         2493    i.sqrtf             m_wm.l(sqrtf.o)
    0x0800e2ae   0x0800e2ae   0x00000002   PAD
    0x0800e2b0   0x0800e2b0   0x00000062   Code   RO         2392    x$fpl$d2f           fz_wm.l(d2f.o)
    0x0800e312   0x0800e312   0x00000002   PAD
    0x0800e314   0x0800e314   0x00000150   Code   RO         2394    x$fpl$dadd          fz_wm.l(daddsub_clz.o)
    0x0800e464   0x0800e464   0x00000018   Code   RO         2521    x$fpl$dcmpinf       fz_wm.l(dcmpi.o)
    0x0800e47c   0x0800e47c   0x000002b4   Code   RO         2403    x$fpl$ddiv          fz_wm.l(ddiv.o)
    0x0800e730   0x0800e730   0x00000078   Code   RO         2455    x$fpl$deqf          fz_wm.l(deqf.o)
    0x0800e7a8   0x0800e7a8   0x0000005a   Code   RO         2406    x$fpl$dfixu         fz_wm.l(dfixu.o)
    0x0800e802   0x0800e802   0x00000002   PAD
    0x0800e804   0x0800e804   0x00000078   Code   RO         2457    x$fpl$dgeqf         fz_wm.l(dgeqf.o)
    0x0800e87c   0x0800e87c   0x00000078   Code   RO         2459    x$fpl$dleqf         fz_wm.l(dleqf.o)
    0x0800e8f4   0x0800e8f4   0x00000154   Code   RO         2410    x$fpl$dmul          fz_wm.l(dmul.o)
    0x0800ea48   0x0800ea48   0x0000009c   Code   RO         2461    x$fpl$dnaninf       fz_wm.l(dnaninf.o)
    0x0800eae4   0x0800eae4   0x0000000c   Code   RO         2463    x$fpl$dretinf       fz_wm.l(dretinf.o)
    0x0800eaf0   0x0800eaf0   0x00000198   Code   RO         2465    x$fpl$dsqrt         fz_wm.l(dsqrt_umaal.o)
    0x0800ec88   0x0800ec88   0x000001dc   Code   RO         2396    x$fpl$dsub          fz_wm.l(daddsub_clz.o)
    0x0800ee64   0x0800ee64   0x00000056   Code   RO         2412    x$fpl$f2d           fz_wm.l(f2d.o)
    0x0800eeba   0x0800eeba   0x00000054   Code   RO         2400    x$fpl$fcmp          fz_wm.l(dcmp.o)
    0x0800ef0e   0x0800ef0e   0x0000008c   Code   RO         2467    x$fpl$fnaninf       fz_wm.l(fnaninf.o)
    0x0800ef9a   0x0800ef9a   0x0000001a   Code   RO         2414    x$fpl$fpinit        fz_wm.l(fpinit.o)
    0x0800efb4   0x0800efb4   0x0000000a   Code   RO         2469    x$fpl$fretinf       fz_wm.l(fretinf.o)
    0x0800efbe   0x0800efbe   0x00000000   Code   RO         2471    x$fpl$usenofp       fz_wm.l(usenofp.o)
    0x0800efbe   0x0800efbe   0x00000002   PAD
    0x0800efc0   0x0800efc0   0x00000020   Data   RO         2489    .constdata          m_wm.l(rredf.o)
    0x0800efe0   0x0800efe0   0x000000a8   Data   RO          787    .rodata             rtx_lib.o
    0x0800f088   0x0800f088   0x00000001   Data   RO           10    .rodata..L__const.BMX160_InitMagneto.magIfReg  bmx160.o
    0x0800f089   0x0800f089   0x00000001   Data   RO           11    .rodata..L__const.BMX160_InitMagneto.magnetoConfig  bmx160.o
    0x0800f08a   0x0800f08a   0x00000010   Data   RO         2370    .rodata.AHBPrescTable  system_stm32f4xx.o
    0x0800f09a   0x0800f09a   0x00000008   Data   RO         2371    .rodata.APBPrescTable  system_stm32f4xx.o
    0x0800f0a2   0x0800f0a2   0x00000008   Data   RO         1540    .rodata.DMA_CalcBaseAndBitshift.flagBitshiftOffset  stm32f4xx_hal_dma.o
    0x0800f0aa   0x0800f0aa   0x00000002   PAD
    0x0800f0ac   0x0800f0ac   0x00000004   Data   RO          789    .rodata.osRtxUserSVC  rtx_lib.o
    0x0800f0b0   0x0800f0b0   0x00000024   Data   RO          784    .rodata.os_idle_thread_attr  rtx_lib.o
    0x0800f0d4   0x0800f0d4   0x00000018   Data   RO          786    .rodata.os_timer_mq_attr  rtx_lib.o
    0x0800f0ec   0x0800f0ec   0x00000024   Data   RO          785    .rodata.os_timer_thread_attr  rtx_lib.o
    0x0800f110   0x0800f110   0x0000000b   Data   RO          758    .rodata.str1.1      rtx_kernel.o
    0x0800f11b   0x0800f11b   0x00000001   PAD
    0x0800f11c   0x0800f11c   0x00000020   Data   RO         2667    Region$$Table       anon$$obj.o


    Execution Region RW_IRAM1 (Exec base: 0x20000000, Load base: 0x0800f140, Size: 0x00017d80, Max: 0x00020000, ABSOLUTE, COMPRESSED[0x00000068])

    Exec Addr    Load Addr    Size         Type   Attr      Idx    E Section Name        Object

    0x20000000   COMPRESSED   0x000000a8   Data   RW          193    .data.AHRS          app_main.o
    0x200000a8   COMPRESSED   0x00000068   Data   RW          192    .data.BMX160        app_main.o
    0x20000110   COMPRESSED   0x00000194   Data   RW          194    .data.PolePlacement  app_main.o
    0x200002a4   COMPRESSED   0x00000004   Data   RW         2369    .data.SystemCoreClock  system_stm32f4xx.o
    0x200002a8   COMPRESSED   0x000000a4   Data   RW          759    .data.os            rtx_kernel.o
    0x2000034c   COMPRESSED   0x00000001   Data   RW         1430    .data.uwTickFreq    stm32f4xx_hal.o
    0x2000034d   COMPRESSED   0x00000003   PAD
    0x20000350   COMPRESSED   0x00000004   Data   RW         1429    .data.uwTickPrio    stm32f4xx_hal.o
    0x20000354   COMPRESSED   0x00000004   PAD
    0x20000358        -       0x00000060   Zero   RW         2524    .bss                c_w.l(libspace.o)
    0x200003b8        -       0x00000004   Zero   RW          142    .bss.EVT_I2C1_RX    i2c.o
    0x200003bc        -       0x00000004   Zero   RW          141    .bss.EVT_I2C1_TX    i2c.o
    0x200003c0        -       0x00000004   Zero   RW           74    .bss.HAL_GetTick.ticks  main.o
    0x200003c4        -       0x00000060   Zero   RW          143    .bss.hdma_i2c1_rx   i2c.o
    0x20000424        -       0x00000060   Zero   RW          144    .bss.hdma_i2c1_tx   i2c.o
    0x20000484        -       0x00000054   Zero   RW          140    .bss.hi2c1          i2c.o
    0x200004d8        -       0x00000048   Zero   RW          182    .bss.htim1          tim.o
    0x20000520        -       0x00000048   Zero   RW         2348    .bss.htim14         stm32f4xx_hal_timebase_tim.o
    0x20000568        -       0x00000044   Zero   RW          166    .bss.huart2         usart.o
    0x200005ac   COMPRESSED   0x00000004   PAD
    0x200005b0        -       0x00016aa0   Zero   RW          783    .bss.os             rtx_lib.o
    0x20017050        -       0x00000001   Zero   RW         1356    .bss.os             os_systick.o
    0x20017051   COMPRESSED   0x00000003   PAD
    0x20017054        -       0x000001f0   Zero   RW          790    .bss.os.libspace    rtx_lib.o
    0x20017244        -       0x00000034   Zero   RW          794    .bss.os.msgqueue.cb  rtx_lib.o
    0x20017278        -       0x00000050   Zero   RW          795    .bss.os.msgqueue.mem  rtx_lib.o
    0x200172c8        -       0x00000088   Zero   RW          791    .bss.os.thread.cb   rtx_lib.o
    0x20017350        -       0x00000200   Zero   RW          792    .bss.os.thread.idle.stack  rtx_lib.o
    0x20017550        -       0x00000200   Zero   RW          793    .bss.os.thread.timer.stack  rtx_lib.o
    0x20017750        -       0x00000001   Zero   RW          796    .bss.os_kernel_is_active.os_kernel_active  rtx_lib.o
    0x20017751   COMPRESSED   0x00000003   PAD
    0x20017754        -       0x00000004   Zero   RW         1431    .bss.uwTick         stm32f4xx_hal.o
    0x20017758        -       0x00000008   Zero   RW           44    .bss.w1             pole_placement.o
    0x20017760        -       0x00000008   Zero   RW           45    .bss.w2             pole_placement.o
    0x20017768        -       0x00000008   Zero   RW           46    .bss.w3             pole_placement.o
    0x20017770        -       0x00000008   Zero   RW           47    .bss.w4             pole_placement.o
    0x20017778        -       0x00000008   Zero   RW           48    .bss.z              pole_placement.o
    0x20017780        -       0x00000200   Zero   RW         2356    HEAP                startup_stm32f407xx.o
    0x20017980        -       0x00000400   Zero   RW         2355    STACK               startup_stm32f407xx.o


==============================================================================

Image component sizes


      Code (inc. data)   RO Data    RW Data    ZI Data      Debug   Object Name

      5198         32          0          0          0       8312   ahrs.o
        90          0          0        676          0       5865   app_main.o
      1274         28          2          0          0       6595   bmx160.o
        52          0          0          0          0        813   calc.o
        80          0          0          0          0       3401   dma.o
        68          0          0          0          0       3761   esc.o
       202          0          0          0          0       2305   gpio.o
       906          0          0          0        284       8697   i2c.o
       200         12          0          0          0        749   irq_armv7m.o
       394          0          0          0          4       6465   main.o
       204          0          0          0          1       4644   os_systick.o
      2072         36          0          0         40       3469   pole_placement.o
        54          6          0          0          0        720   rtx_config.o
       230          0          0          0          0       2785   rtx_delay.o
      1730          0          0          0          0      10661   rtx_evflags.o
       712          0          0          0          0      25277   rtx_evr.o
      1544          0         11        164          0      14542   rtx_kernel.o
       362          0        268          0      94621       7545   rtx_lib.o
       710          0          0          0          0       2373   rtx_memory.o
       478          0          0          0          0      12333   rtx_mempool.o
      2900          0          0          0          0      14917   rtx_msgqueue.o
      2214          0          0          0          0       8901   rtx_mutex.o
       940         10          0          0          0       6190   rtx_system.o
      4310          6          0          0          0      26429   rtx_thread.o
      1432          0          0          0          0       8917   rtx_timer.o
        64         26        392          0       1536        888   startup_stm32f407xx.o
        80          0          0          5          4       7438   stm32f4xx_hal.o
       384          0          0          0          0       9758   stm32f4xx_hal_cortex.o
      2094          8          8          0          0       8708   stm32f4xx_hal_dma.o
       996          0          0          0          0       5337   stm32f4xx_hal_gpio.o
     10940          0          0          0          0      37573   stm32f4xx_hal_i2c.o
        74          0          0          0          0       1701   stm32f4xx_hal_msp.o
      2730          0          0          0          0       7831   stm32f4xx_hal_rcc.o
      4004         14          0          0          0      36232   stm32f4xx_hal_tim.o
       484          0          0          0          0      15563   stm32f4xx_hal_tim_ex.o
       240          0          0          0         72       7392   stm32f4xx_hal_timebase_tim.o
      2280          0          0          0          0      20360   stm32f4xx_hal_uart.o
       118          0          0          0          0       1425   stm32f4xx_it.o
       320          0         24          4          0       2647   system_stm32f4xx.o
       532          0          0          0         72       6575   tim.o
       226          0          0          0         68       6818   usart.o

    ----------------------------------------------------------------------
     54338        178        740        852      96716     372912   Object Totals
         0          0         32          0          0          0   (incl. Generated)
       416          0          3          3         14          0   (incl. Padding)

    ----------------------------------------------------------------------

      Code (inc. data)   RO Data    RW Data    ZI Data      Debug   Library Member Name

        58          0          0          0          0          0   __dczerorl.o
         8          0          0          0          0         68   __main.o
         0          0          0          0          0          0   __rtentry.o
        20          0          0          0          0          0   __rtentry2.o
         6          0          0          0          0          0   __rtentry4.o
        52          8          0          0          0          0   __scatter.o
        28          0          0          0          0          0   __scatter_zi.o
        22          0          0          0          0        100   _rserrno.o
        18          0          0          0          0         80   exit.o
         6          0          0          0          0        152   heapauxi.o
         0          0          0          0          0          0   indicate_semi.o
         2          0          0          0          0          0   libinit.o
         6          0          0          0          0          0   libinit2.o
         2          0          0          0          0          0   libshutdown.o
         2          0          0          0          0          0   libshutdown2.o
         8          4          0          0         96         68   libspace.o
       240          0          0          0          0        100   lludivv7m.o
         4          0          0          0          0         68   rt_errno_addr_twolibspace.o
        68          0          0          0          0         68   rt_memclr.o
        78          0          0          0          0         80   rt_memclr_w.o
       138          0          0          0          0         68   rt_memcpy_v6.o
       100          0          0          0          0         80   rt_memcpy_w.o
         2          0          0          0          0          0   rtexit.o
        10          0          0          0          0          0   rtexit2.o
        12          4          0          0          0         68   sys_exit.o
        74          0          0          0          0         80   sys_stackheap_outer.o
         2          0          0          0          0         68   use_no_semi.o
        98          4          0          0          0        140   d2f.o
       812         16          0          0          0        392   daddsub_clz.o
        84          0          0          0          0        244   dcmp.o
        24          0          0          0          0        116   dcmpi.o
       692        140          0          0          0        264   ddiv.o
       120          4          0          0          0        140   deqf.o
        90          4          0          0          0        140   dfixu.o
       120          4          0          0          0        140   dgeqf.o
       120          4          0          0          0        140   dleqf.o
       340         12          0          0          0        152   dmul.o
       156          4          0          0          0        140   dnaninf.o
        12          0          0          0          0        116   dretinf.o
       408         56          0          0          0        168   dsqrt_umaal.o
        86          4          0          0          0        132   f2d.o
       140          4          0          0          0        132   fnaninf.o
        26          0          0          0          0        116   fpinit.o
        10          0          0          0          0        116   fretinf.o
         0          0          0          0          0          0   usenofp.o
       300         42          0          0          0        176   asinf.o
       684         90          0          0          0        208   atan2f.o
       336         56          0          0          0        136   cosf.o
        38          0          0          0          0        116   fpclassifyf.o
        44         12          0          0          0        464   funder.o
       340         24         32          0          0        160   rredf.o
       400         56          0          0          0        212   sinf.o
       122          0          0          0          0        148   sqrt.o
        62          0          0          0          0        136   sqrtf.o

    ----------------------------------------------------------------------
      6646        552         32          0         96       5692   Library Totals
        16          0          0          0          0          0   (incl. Padding)

    ----------------------------------------------------------------------

      Code (inc. data)   RO Data    RW Data    ZI Data      Debug   Library Name

       966         16          0          0         96       1148   c_w.l
      3338        256          0          0          0       2788   fz_wm.l
      2326        280         32          0          0       1756   m_wm.l

    ----------------------------------------------------------------------
      6646        552         32          0         96       5692   Library Totals

    ----------------------------------------------------------------------

==============================================================================


      Code (inc. data)   RO Data    RW Data    ZI Data      Debug   

     60984        730        772        852      96812     374676   Grand Totals
     60984        730        772        104      96812     374676   ELF Image Totals (compressed)
     60984        730        772        104          0          0   ROM Totals

==============================================================================

    Total RO  Size (Code + RO Data)                61756 (  60.31kB)
    Total RW  Size (RW Data + ZI Data)             97664 (  95.38kB)
    Total ROM Size (Code + RO Data + RW Data)      61860 (  60.41kB)

==============================================================================

