Component: ARM Compiler 6.16 Tool: armlink [5dfeaa00]

==============================================================================

Section Cross References

    main.o(.text.HAL_GetTick) refers to rtx_kernel.o(.text.osKernelGetState) for osKernelGetState
    main.o(.text.HAL_GetTick) refers to rtx_kernel.o(.text.osKernelGetTickCount) for osKernelGetTickCount
    main.o(.text.HAL_GetTick) refers to system_stm32f4xx.o(.data.SystemCoreClock) for SystemCoreClock
    main.o(.text.HAL_GetTick) refers to main.o(.bss.HAL_GetTick.ticks) for HAL_GetTick.ticks
    main.o(.ARM.exidx.text.HAL_GetTick) refers to main.o(.text.HAL_GetTick) for [Anonymous Symbol]
    main.o(.text.main) refers to stm32f4xx_hal.o(.text.HAL_Init) for HAL_Init
    main.o(.text.main) refers to main.o(.text.SystemClock_Config) for SystemClock_Config
    main.o(.text.main) refers to gpio.o(.text.MX_GPIO_Init) for MX_GPIO_Init
    main.o(.text.main) refers to dma.o(.text.MX_DMA_Init) for MX_DMA_Init
    main.o(.text.main) refers to i2c.o(.text.MX_I2C1_Init) for MX_I2C1_Init
    main.o(.text.main) refers to usart.o(.text.MX_USART2_UART_Init) for MX_USART2_UART_Init
    main.o(.text.main) refers to system_stm32f4xx.o(.text.SystemCoreClockUpdate) for SystemCoreClockUpdate
    main.o(.text.main) refers to rtx_kernel.o(.text.osKernelInitialize) for osKernelInitialize
    main.o(.text.main) refers to main.o(.text.app_main) for app_main
    main.o(.text.main) refers to rtx_thread.o(.text.osThreadNew) for osThreadNew
    main.o(.text.main) refers to rtx_kernel.o(.text.osKernelStart) for osKernelStart
    main.o(.ARM.exidx.text.main) refers to main.o(.text.main) for [Anonymous Symbol]
    main.o(.text.SystemClock_Config) refers to rt_memclr_w.o(.text) for __aeabi_memclr4
    main.o(.text.SystemClock_Config) refers to stm32f4xx_hal_rcc.o(.text.HAL_RCC_OscConfig) for HAL_RCC_OscConfig
    main.o(.text.SystemClock_Config) refers to main.o(.text.Error_Handler) for Error_Handler
    main.o(.text.SystemClock_Config) refers to stm32f4xx_hal_rcc.o(.text.HAL_RCC_ClockConfig) for HAL_RCC_ClockConfig
    main.o(.ARM.exidx.text.SystemClock_Config) refers to main.o(.text.SystemClock_Config) for [Anonymous Symbol]
    main.o(.text.app_main) refers to com_interface.o(.text.COM_Init) for COM_Init
    main.o(.text.app_main) refers to ahrs.o(.text.AHRS_Init) for AHRS_Init
    main.o(.ARM.exidx.text.app_main) refers to main.o(.text.app_main) for [Anonymous Symbol]
    main.o(.ARM.exidx.text.Error_Handler) refers to main.o(.text.Error_Handler) for [Anonymous Symbol]
    main.o(.text.HAL_TIM_PeriodElapsedCallback) refers to stm32f4xx_hal.o(.text.HAL_IncTick) for HAL_IncTick
    main.o(.ARM.exidx.text.HAL_TIM_PeriodElapsedCallback) refers to main.o(.text.HAL_TIM_PeriodElapsedCallback) for [Anonymous Symbol]
    stm32f4xx_it.o(.ARM.exidx.text.NMI_Handler) refers to stm32f4xx_it.o(.text.NMI_Handler) for [Anonymous Symbol]
    stm32f4xx_it.o(.ARM.exidx.text.HardFault_Handler) refers to stm32f4xx_it.o(.text.HardFault_Handler) for [Anonymous Symbol]
    stm32f4xx_it.o(.ARM.exidx.text.MemManage_Handler) refers to stm32f4xx_it.o(.text.MemManage_Handler) for [Anonymous Symbol]
    stm32f4xx_it.o(.ARM.exidx.text.BusFault_Handler) refers to stm32f4xx_it.o(.text.BusFault_Handler) for [Anonymous Symbol]
    stm32f4xx_it.o(.ARM.exidx.text.UsageFault_Handler) refers to stm32f4xx_it.o(.text.UsageFault_Handler) for [Anonymous Symbol]
    stm32f4xx_it.o(.ARM.exidx.text.DebugMon_Handler) refers to stm32f4xx_it.o(.text.DebugMon_Handler) for [Anonymous Symbol]
    stm32f4xx_it.o(.text.DMA1_Stream0_IRQHandler) refers to i2c.o(.bss.hdma_i2c1_rx) for hdma_i2c1_rx
    stm32f4xx_it.o(.text.DMA1_Stream0_IRQHandler) refers to stm32f4xx_hal_dma.o(.text.HAL_DMA_IRQHandler) for HAL_DMA_IRQHandler
    stm32f4xx_it.o(.ARM.exidx.text.DMA1_Stream0_IRQHandler) refers to stm32f4xx_it.o(.text.DMA1_Stream0_IRQHandler) for [Anonymous Symbol]
    stm32f4xx_it.o(.text.DMA1_Stream6_IRQHandler) refers to i2c.o(.bss.hdma_i2c1_tx) for hdma_i2c1_tx
    stm32f4xx_it.o(.text.DMA1_Stream6_IRQHandler) refers to stm32f4xx_hal_dma.o(.text.HAL_DMA_IRQHandler) for HAL_DMA_IRQHandler
    stm32f4xx_it.o(.ARM.exidx.text.DMA1_Stream6_IRQHandler) refers to stm32f4xx_it.o(.text.DMA1_Stream6_IRQHandler) for [Anonymous Symbol]
    stm32f4xx_it.o(.text.I2C1_EV_IRQHandler) refers to i2c.o(.bss.hi2c1) for hi2c1
    stm32f4xx_it.o(.text.I2C1_EV_IRQHandler) refers to stm32f4xx_hal_i2c.o(.text.HAL_I2C_EV_IRQHandler) for HAL_I2C_EV_IRQHandler
    stm32f4xx_it.o(.ARM.exidx.text.I2C1_EV_IRQHandler) refers to stm32f4xx_it.o(.text.I2C1_EV_IRQHandler) for [Anonymous Symbol]
    stm32f4xx_it.o(.text.I2C1_ER_IRQHandler) refers to i2c.o(.bss.hi2c1) for hi2c1
    stm32f4xx_it.o(.text.I2C1_ER_IRQHandler) refers to stm32f4xx_hal_i2c.o(.text.HAL_I2C_ER_IRQHandler) for HAL_I2C_ER_IRQHandler
    stm32f4xx_it.o(.ARM.exidx.text.I2C1_ER_IRQHandler) refers to stm32f4xx_it.o(.text.I2C1_ER_IRQHandler) for [Anonymous Symbol]
[...]
    osRtxThreadStartup                       0x0800a7bd   Thumb Code   150  rtx_thread.o(.text.osRtxThreadStartup)
    osRtxThreadSwitch                        0x0800a855   Thumb Code    34  rtx_thread.o(.text.osRtxThreadSwitch)
    osRtxThreadWaitEnter                     0x0800a879   Thumb Code   118  rtx_thread.o(.text.osRtxThreadWaitEnter)
    osRtxThreadWaitExit                      0x0800a8f1   Thumb Code    70  rtx_thread.o(.text.osRtxThreadWaitExit)
    osRtxTick_Handler                        0x0800a939   Thumb Code   272  rtx_system.o(.text.osRtxTick_Handler)
    osRtxTimerSetup                          0x0800aa55   Thumb Code    48  rtx_timer.o(.text.osRtxTimerSetup)
    osRtxTimerThread                         0x0800aa85   Thumb Code    50  rtx_timer.o(.text.osRtxTimerThread)
    osThreadExit                             0x0800ab95   Thumb Code    36  rtx_thread.o(.text.osThreadExit)
    osThreadGetId                            0x0800abb9   Thumb Code    58  rtx_thread.o(.text.osThreadGetId)
    osThreadNew                              0x0800abf5   Thumb Code   114  rtx_thread.o(.text.osThreadNew)
    osTimerNew                               0x0800ac69   Thumb Code   138  rtx_timer.o(.text.osTimerNew)
    osTimerStart                             0x0800acf5   Thumb Code   100  rtx_timer.o(.text.osTimerStart)
    __ARM_fpclassifyf                        0x0800c617   Thumb Code    38  fpclassifyf.o(i.__ARM_fpclassifyf)
    __hardfp_asinf                           0x0800c63d   Thumb Code   258  asinf.o(i.__hardfp_asinf)
    __hardfp_atan2f                          0x0800c769   Thumb Code   594  atan2f.o(i.__hardfp_atan2f)
    __hardfp_sqrt                            0x0800ca15   Thumb Code   122  sqrt.o(i.__hardfp_sqrt)
    __mathlib_flt_infnan                     0x0800ca8f   Thumb Code     6  funder.o(i.__mathlib_flt_infnan)
    __mathlib_flt_infnan2                    0x0800ca95   Thumb Code     6  funder.o(i.__mathlib_flt_infnan2)
    __mathlib_flt_invalid                    0x0800ca9d   Thumb Code    10  funder.o(i.__mathlib_flt_invalid)
    __mathlib_flt_underflow                  0x0800caad   Thumb Code    10  funder.o(i.__mathlib_flt_underflow)
    sqrtf                                    0x0800cabd   Thumb Code    62  sqrtf.o(i.sqrtf)
    __aeabi_d2f                              0x0800cafd   Thumb Code     0  d2f.o(x$fpl$d2f)
    _d2f                                     0x0800cafd   Thumb Code    98  d2f.o(x$fpl$d2f)
    __aeabi_dadd                             0x0800cb61   Thumb Code     0  daddsub_clz.o(x$fpl$dadd)
    _dadd                                    0x0800cb61   Thumb Code   332  daddsub_clz.o(x$fpl$dadd)
    __fpl_dcmp_Inf                           0x0800ccb1   Thumb Code    24  dcmpi.o(x$fpl$dcmpinf)
    __aeabi_ddiv                             0x0800ccc9   Thumb Code     0  ddiv.o(x$fpl$ddiv)
    _ddiv                                    0x0800ccc9   Thumb Code   556  ddiv.o(x$fpl$ddiv)
    __aeabi_cdcmpeq                          0x0800cf7d   Thumb Code     0  deqf.o(x$fpl$deqf)
    _dcmpeq                                  0x0800cf7d   Thumb Code   120  deqf.o(x$fpl$deqf)
    __aeabi_cdcmpge                          0x0800cff5   Thumb Code     0  dgeqf.o(x$fpl$dgeqf)
    _dcmpge                                  0x0800cff5   Thumb Code   120  dgeqf.o(x$fpl$dgeqf)
    __aeabi_cdcmple                          0x0800d06d   Thumb Code     0  dleqf.o(x$fpl$dleqf)
    _dcmple                                  0x0800d06d   Thumb Code   120  dleqf.o(x$fpl$dleqf)
    __fpl_dcmple_InfNaN                      0x0800d0cf   Thumb Code     0  dleqf.o(x$fpl$dleqf)
    __aeabi_dmul                             0x0800d0e5   Thumb Code     0  dmul.o(x$fpl$dmul)
    _dmul                                    0x0800d0e5   Thumb Code   332  dmul.o(x$fpl$dmul)
    __fpl_dnaninf                            0x0800d239   Thumb Code   156  dnaninf.o(x$fpl$dnaninf)
    __fpl_dretinf                            0x0800d2d5   Thumb Code    12  dretinf.o(x$fpl$dretinf)
    _dsqrt                                   0x0800d2e1   Thumb Code   404  dsqrt_umaal.o(x$fpl$dsqrt)
    __aeabi_dsub                             0x0800d479   Thumb Code     0  daddsub_clz.o(x$fpl$dsub)
    _dsub                                    0x0800d479   Thumb Code   472  daddsub_clz.o(x$fpl$dsub)
    __aeabi_f2d                              0x0800d655   Thumb Code     0  f2d.o(x$fpl$f2d)
    _f2d                                     0x0800d655   Thumb Code    86  f2d.o(x$fpl$f2d)
    __aeabi_dcmpeq                           0x0800d6ab   Thumb Code     0  dcmp.o(x$fpl$fcmp)
    _deq                                     0x0800d6ab   Thumb Code    14  dcmp.o(x$fpl$fcmp)
    _dneq                                    0x0800d6b9   Thumb Code    14  dcmp.o(x$fpl$fcmp)
    __aeabi_dcmpgt                           0x0800d6c7   Thumb Code     0  dcmp.o(x$fpl$fcmp)
    _dgr                                     0x0800d6c7   Thumb Code    14  dcmp.o(x$fpl$fcmp)
    __aeabi_dcmpge                           0x0800d6d5   Thumb Code     0  dcmp.o(x$fpl$fcmp)
    _dgeq                                    0x0800d6d5   Thumb Code    14  dcmp.o(x$fpl$fcmp)
    __aeabi_dcmple                           0x0800d6e3   Thumb Code     0  dcmp.o(x$fpl$fcmp)
    _dleq                                    0x0800d6e3   Thumb Code    14  dcmp.o(x$fpl$fcmp)
    __aeabi_dcmplt                           0x0800d6f1   Thumb Code     0  dcmp.o(x$fpl$fcmp)
    _dls                                     0x0800d6f1   Thumb Code    14  dcmp.o(x$fpl$fcmp)
    __fpl_fnaninf                            0x0800d6ff   Thumb Code   140  fnaninf.o(x$fpl$fnaninf)
    $Super$$_fp_init                         0x0800d78b   Thumb Code    26  fpinit.o(x$fpl$fpinit)
    __fplib_config_fpu_vfp                   0x0800d7a3   Thumb Code     0  fpinit.o(x$fpl$fpinit)
    __fplib_config_pureend_doubles           0x0800d7a3   Thumb Code     0  fpinit.o(x$fpl$fpinit)
    __fpl_fretinf                            0x0800d7a5   Thumb Code    10  fretinf.o(x$fpl$fretinf)
    __I$use$fp                               0x0800d7ae   Number         0  usenofp.o(x$fpl$usenofp)
    osRtxConfig                              0x0800d7b0   Data         112  rtx_lib.o(.rodata)
    os_cb_sections                           0x0800d820   Data          56  rtx_lib.o(.rodata)
    AHBPrescTable                            0x0800d85a   Data          16  system_stm32f4xx.o(.rodata.AHBPrescTable)
    APBPrescTable                            0x0800d86a   Data           8  system_stm32f4xx.o(.rodata.APBPrescTable)
    IMU_ReadingThreadAttr                    0x0800d87c   Data          36  ahrs.o(.rodata.IMU_ReadingThreadAttr)
    IMU_ReadingTimerAttr                     0x0800d8a0   Data          16  ahrs.o(.rodata.IMU_ReadingTimerAttr)
    IMU_ThreadFlagAttr                       0x0800d8b0   Data          16  ahrs.o(.rodata.IMU_ThreadFlagAttr)
    osRtxUserSVC                             0x0800d8c0   Data           4  rtx_lib.o(.rodata.osRtxUserSVC)
    Region$$Table$$Base                      0x0800d964   Number         0  anon$$obj.o(Region$$Table)
    Region$$Table$$Limit                     0x0800d984   Number         0  anon$$obj.o(Region$$Table)
    COM_I2CChannelHandlers                   0x20000000   Data           4  com_interface.o(.data.COM_I2CChannelHandlers)
    SystemCoreClock                          0x20000034   Data           4  system_stm32f4xx.o(.data.SystemCoreClock)
    comPorts                                 0x20000050   Data          12  com_interface.o(.data.comPorts)
    comRXBuff                                0x2000005c   Data          12  com_interface.o(.data.comRXBuff)
    osRtxInfo                                0x200000b0   Data         164  rtx_kernel.o(.data.os)
    quaternions                              0x20000158   Data          32  ahrs.o(.data.quaternions)
    uwTickFreq                               0x20000190   Data           1  stm32f4xx_hal.o(.data.uwTickFreq)
    uwTickPrio                               0x20000194   Data           4  stm32f4xx_hal.o(.data.uwTickPrio)
    __libspace_start                         0x20000198   Data          96  libspace.o(.bss)
    BMX160                                   0x200001f8   Data         168  ahrs.o(.bss.BMX160)
    __temporary_stack_top$libspace           0x200001f8   Data           0  libspace.o(.bss)
    comI2CChannels                           0x200002f8   Data           2  com_interface.o(.bss.comI2CChannels)
    comI2CRXBuff                             0x200002fa   Data           1  com_interface.o(.bss.comI2CRXBuff)
    comSPIChannels                           0x20000394   Data           2  com_interface.o(.bss.comSPIChannels)
    comSPIRXBuff                             0x20000396   Data           1  com_interface.o(.bss.comSPIRXBuff)
    comUARTChannels                          0x20000430   Data           2  com_interface.o(.bss.comUARTChannels)
    comUARTRXBuff                            0x20000432   Data           1  com_interface.o(.bss.comUARTRXBuff)
    eulerAngles                              0x200004d0   Data          24  ahrs.o(.bss.eulerAngles)
    hdma_i2c1_rx                             0x200004e8   Data          96  i2c.o(.bss.hdma_i2c1_rx)
    hdma_i2c1_tx                             0x20000548   Data          96  i2c.o(.bss.hdma_i2c1_tx)
    hi2c1                                    0x200005a8   Data          84  i2c.o(.bss.hi2c1)
    htim14                                   0x200005fc   Data          72  stm32f4xx_hal_timebase_tim.o(.bss.htim14)
    huart2                                   0x20000644   Data          68  usart.o(.bss.huart2)
    .bss.os.msgqueue.cb$$Base                0x20017324   Number         0  rtx_lib.o(.bss.os.msgqueue.cb)
    .bss.os.msgqueue.cb$$Limit               0x20017358   Number         0  rtx_lib.o(.bss.os.msgqueue.cb)
    .bss.os.thread.cb$$Base                  0x200173a8   Number         0  rtx_lib.o(.bss.os.thread.cb)
    .bss.os.thread.cb$$Limit                 0x20017430   Number         0  rtx_lib.o(.bss.os.thread.cb)
    uwTick                                   0x20017838   Data           4  stm32f4xx_hal.o(.bss.uwTick)



==============================================================================

Memory Map of the image

  Image Entry point : 0x08000189

  Load Region LR_IROM1 (Base: 0x08000000, Size: 0x0000db20, Max: 0x00100000, ABSOLUTE, COMPRESSED[0x0000da38])

    Execution Region ER_IROM1 (Exec base: 0x08000000, Load base: 0x08000000, Size: 0x0000d984, Max: 0x00100000, ABSOLUTE)

    Exec Addr    Load Addr    Size         Type   Attr      Idx    E Section Name        Object

    0x08000000   0x08000000   0x00000188   Data   RO         2418    RESET               startup_stm32f407xx.o
    0x08000188   0x08000188   0x00000008   Code   RO         2451  * !!!main             c_w.l(__main.o)
    0x08000190   0x08000190   0x00000034   Code   RO         2712    !!!scatter          c_w.l(__scatter.o)
    0x080001c4   0x080001c4   0x0000005a   Code   RO         2710    !!dczerorl2         c_w.l(__dczerorl2.o)
    0x0800021e   0x0800021e   0x00000002   PAD
    0x08000220   0x08000220   0x0000001c   Code   RO         2714    !!handler_zi        c_w.l(__scatter_zi.o)
    0x0800023c   0x0800023c   0x00000002   Code   RO         2579    .ARM.Collect$$libinit$$00000000  c_w.l(libinit.o)
    0x0800023e   0x0800023e   0x00000004   Code   RO         2588    .ARM.Collect$$libinit$$00000001  c_w.l(libinit2.o)
    0x08000242   0x08000242   0x00000000   Code   RO         2591    .ARM.Collect$$libinit$$00000004  c_w.l(libinit2.o)
    0x08000242   0x08000242   0x00000000   Code   RO         2594    .ARM.Collect$$libinit$$0000000A  c_w.l(libinit2.o)
    0x08000242   0x08000242   0x00000000   Code   RO         2596    .ARM.Collect$$libinit$$0000000C  c_w.l(libinit2.o)
    0x08000242   0x08000242   0x00000000   Code   RO         2598    .ARM.Collect$$libinit$$0000000E  c_w.l(libinit2.o)
    0x08000242   0x08000242   0x00000000   Code   RO         2601    .ARM.Collect$$libinit$$00000011  c_w.l(libinit2.o)
    0x08000242   0x08000242   0x00000000   Code   RO         2603    .ARM.Collect$$libinit$$00000013  c_w.l(libinit2.o)
    0x08000242   0x08000242   0x00000000   Code   RO         2605    .ARM.Collect$$libinit$$00000015  c_w.l(libinit2.o)
    0x08000242   0x08000242   0x00000000   Code   RO         2607    .ARM.Collect$$libinit$$00000017  c_w.l(libinit2.o)
    0x08000242   0x08000242   0x00000000   Code   RO         2609    .ARM.Collect$$libinit$$00000019  c_w.l(libinit2.o)
    0x08000242   0x08000242   0x00000000   Code   RO         2611    .ARM.Collect$$libinit$$0000001B  c_w.l(libinit2.o)
    0x08000242   0x08000242   0x00000000   Code   RO         2613    .ARM.Collect$$libinit$$0000001D  c_w.l(libinit2.o)
    0x08000242   0x08000242   0x00000000   Code   RO         2615    .ARM.Collect$$libinit$$0000001F  c_w.l(libinit2.o)
    0x08000242   0x08000242   0x00000000   Code   RO         2617    .ARM.Collect$$libinit$$00000021  c_w.l(libinit2.o)
    0x08000242   0x08000242   0x00000000   Code   RO         2619    .ARM.Collect$$libinit$$00000023  c_w.l(libinit2.o)
    0x08000242   0x08000242   0x00000000   Code   RO         2621    .ARM.Collect$$libinit$$00000025  c_w.l(libinit2.o)
    0x08000242   0x08000242   0x00000000   Code   RO         2625    .ARM.Collect$$libinit$$0000002C  c_w.l(libinit2.o)
    0x08000242   0x08000242   0x00000000   Code   RO         2627    .ARM.Collect$$libinit$$0000002E  c_w.l(libinit2.o)
    0x08000242   0x08000242   0x00000000   Code   RO         2629    .ARM.Collect$$libinit$$00000030  c_w.l(libinit2.o)
    0x08000242   0x08000242   0x00000000   Code   RO         2631    .ARM.Collect$$libinit$$00000032  c_w.l(libinit2.o)
    0x08000242   0x08000242   0x00000002   Code   RO         2632    .ARM.Collect$$libinit$$00000033  c_w.l(libinit2.o)
    0x08000244   0x08000244   0x00000002   Code   RO         2665    .ARM.Collect$$libshutdown$$00000000  c_w.l(libshutdown.o)
    0x08000246   0x08000246   0x00000000   Code   RO         2693    .ARM.Collect$$libshutdown$$00000002  c_w.l(libshutdown2.o)
    0x08000246   0x08000246   0x00000000   Code   RO         2695    .ARM.Collect$$libshutdown$$00000004  c_w.l(libshutdown2.o)
    0x08000246   0x08000246   0x00000000   Code   RO         2698    .ARM.Collect$$libshutdown$$00000007  c_w.l(libshutdown2.o)
    0x08000246   0x08000246   0x00000000   Code   RO         2701    .ARM.Collect$$libshutdown$$0000000A  c_w.l(libshutdown2.o)
    0x08000246   0x08000246   0x00000000   Code   RO         2703    .ARM.Collect$$libshutdown$$0000000C  c_w.l(libshutdown2.o)
    0x08000246   0x08000246   0x00000000   Code   RO         2706    .ARM.Collect$$libshutdown$$0000000F  c_w.l(libshutdown2.o)
    0x08000246   0x08000246   0x00000002   Code   RO         2707    .ARM.Collect$$libshutdown$$00000010  c_w.l(libshutdown2.o)
    0x08000248   0x08000248   0x00000000   Code   RO         2491    .ARM.Collect$$rtentry$$00000000  c_w.l(__rtentry.o)
    0x08000248   0x08000248   0x00000000   Code   RO         2540    .ARM.Collect$$rtentry$$00000002  c_w.l(__rtentry2.o)
    0x08000248   0x08000248   0x00000006   Code   RO         2552    .ARM.Collect$$rtentry$$00000004  c_w.l(__rtentry4.o)
    0x0800024e   0x0800024e   0x00000008   Code   RO         2541    .ARM.Collect$$rtentry$$00000008  c_w.l(__rtentry2.o)
    0x08000256   0x08000256   0x00000004   Code   RO         2543    .ARM.Collect$$rtentry$$0000000A  c_w.l(__rtentry2.o)
    0x0800025a   0x0800025a   0x00000000   Code   RO         2545    .ARM.Collect$$rtentry$$0000000C  c_w.l(__rtentry2.o)
    0x0800025a   0x0800025a   0x00000008   Code   RO         2546    .ARM.Collect$$rtentry$$0000000D  c_w.l(__rtentry2.o)
    0x08000262   0x08000262   0x00000002   Code   RO         2580    .ARM.Collect$$rtexit$$00000000  c_w.l(rtexit.o)
    0x08000264   0x08000264   0x00000000   Code   RO         2638    .ARM.Collect$$rtexit$$00000002  c_w.l(rtexit2.o)
    0x08000264   0x08000264   0x00000004   Code   RO         2639    .ARM.Collect$$rtexit$$00000003  c_w.l(rtexit2.o)
    0x08000268   0x08000268   0x00000006   Code   RO         2640    .ARM.Collect$$rtexit$$00000004  c_w.l(rtexit2.o)
    0x0800026e   0x0800026e   0x00000002   PAD
    0x08000270   0x08000270   0x000000c8   Code   RO          294    .text               irq_armv7m.o
    0x08000338   0x08000338   0x00000040   Code   RO         2419    .text               startup_stm32f407xx.o
    0x08000378   0x08000378   0x000000f0   Code   RO         2441    .text               c_w.l(lludivv7m.o)
    0x08000468   0x08000468   0x0000008a   Code   RO         2443    .text               c_w.l(rt_memcpy_v6.o)
    0x080004f2   0x080004f2   0x00000044   Code   RO         2445    .text               c_w.l(rt_memclr.o)
    0x08000536   0x08000536   0x0000004e   Code   RO         2447    .text               c_w.l(rt_memclr_w.o)
    0x08000584   0x08000584   0x00000006   Code   RO         2449    .text               c_w.l(heapauxi.o)
    0x0800058a   0x0800058a   0x00000016   Code   RO         2496    .text               c_w.l(_rserrno.o)
    0x080005a0   0x080005a0   0x00000064   Code   RO         2498    .text               c_w.l(rt_memcpy_w.o)
    0x08000604   0x08000604   0x00000004   Code   RO         2561    .text               c_w.l(rt_errno_addr_twolibspace.o)
    0x08000608   0x08000608   0x00000008   Code   RO         2565    .text               c_w.l(libspace.o)
    0x08000610   0x08000610   0x0000004a   Code   RO         2568    .text               c_w.l(sys_stackheap_outer.o)
    0x0800065a   0x0800065a   0x00000012   Code   RO         2570    .text               c_w.l(exit.o)
    0x0800066c   0x0800066c   0x0000000c   Code   RO         2633    .text               c_w.l(sys_exit.o)
    0x08000678   0x08000678   0x00000002   Code   RO         2654    .text               c_w.l(use_no_semi.o)
    0x0800067a   0x0800067a   0x00000000   Code   RO         2656    .text               c_w.l(indicate_semi.o)
    0x0800067a   0x0800067a   0x00000002   PAD
    0x0800067c   0x0800067c   0x00000016   Code   RO          830    .text.$Sub$$_fp_init  rtx_lib.o
    0x08000692   0x08000692   0x00000002   PAD
    0x08000694   0x08000694   0x00000078   Code   RO          110    .text.AHRS_GetEulerAngles  ahrs.o
    0x0800070c   0x0800070c   0x00000004   PAD
    0x08000710   0x08000710   0x00000d28   Code   RO          106    .text.AHRS_GetMadgwickQuaternion  ahrs.o
    0x08001438   0x08001438   0x00000034   Code   RO          104    .text.AHRS_IMU_ReadingThread  ahrs.o
    0x0800146c   0x0800146c   0x0000001a   Code   RO          102    .text.AHRS_IMU_ReadingTimCallback  ahrs.o
    0x08001486   0x08001486   0x00000002   PAD
    0x08001488   0x08001488   0x0000009e   Code   RO          100    .text.AHRS_Init     ahrs.o
    0x08001526   0x08001526   0x00000002   PAD
    0x08001528   0x08001528   0x00000450   Code   RO          108    .text.AHRS_QuaternionToEulerAngles  ahrs.o
    0x08001978   0x08001978   0x000002a4   Code   RO          148    .text.BMX160_GetRawData  bmx160.o
    0x08001c1c   0x08001c1c   0x00000096   Code   RO          134    .text.BMX160_InitMagneto  bmx160.o
    0x08001cb2   0x08001cb2   0x00000002   PAD
    0x08001cb4   0x08001cb4   0x00000064   Code   RO          130    .text.BMX160_InitSensor  bmx160.o
    0x08001d18   0x08001d18   0x00000036   Code   RO          132    .text.BMX160_SetCMD  bmx160.o
    0x08001d4e   0x08001d4e   0x00000002   PAD
    0x08001d50   0x08001d50   0x00000034   Code   RO          136    .text.BMX160_SetMagIF0  bmx160.o
    0x08001d84   0x08001d84   0x00000036   Code   RO          144    .text.BMX160_SetMagIF1  bmx160.o
    0x08001dba   0x08001dba   0x00000002   PAD
    0x08001dbc   0x08001dbc   0x00000036   Code   RO          142    .text.BMX160_SetMagIF2  bmx160.o
    0x08001df2   0x08001df2   0x00000002   PAD
    0x08001df4   0x08001df4   0x00000036   Code   RO          140    .text.BMX160_SetMagIF3  bmx160.o
    0x08001e2a   0x08001e2a   0x00000002   PAD
    0x08001e2c   0x08001e2c   0x00000034   Code   RO          146    .text.BMX160_SetMagnetoConfig  bmx160.o
    0x08001e60   0x08001e60   0x00000026   Code   RO          138    .text.BMX160_SetMagnetoManualConfig  bmx160.o
    0x08001e86   0x08001e86   0x00000002   PAD
    0x08001e88   0x08001e88   0x00000004   Code   RO           29    .text.BusFault_Handler  stm32f4xx_it.o
    0x08001e8c   0x08001e8c   0x00000056   Code   RO          213    .text.COM_GetI2CParentChannel  com_interface.o
    0x08001ee2   0x08001ee2   0x00000002   PAD
    0x08001ee4   0x08001ee4   0x00000266   Code   RO          201    .text.COM_Init      com_interface.o
    0x0800214a   0x0800214a   0x00000002   PAD
    0x0800214c   0x0800214c   0x000001a4   Code   RO          205    .text.COM_ReceiveHandler  com_interface.o
    0x080022f0   0x080022f0   0x000000ba   Code   RO          209    .text.COM_RegisterGetter  com_interface.o
    0x080023aa   0x080023aa   0x00000002   PAD
    0x080023ac   0x080023ac   0x00000096   Code   RO          207    .text.COM_RegisterSetter  com_interface.o
    0x08002442   0x08002442   0x00000002   PAD
    0x08002444   0x08002444   0x00000182   Code   RO          203    .text.COM_SendHandler  com_interface.o
    0x080025c6   0x080025c6   0x00000002   PAD
    0x080025c8   0x080025c8   0x00000010   Code   RO           35    .text.DMA1_Stream0_IRQHandler  stm32f4xx_it.o
    0x080025d8   0x080025d8   0x00000010   Code   RO           37    .text.DMA1_Stream6_IRQHandler  stm32f4xx_it.o
    0x080025e8   0x080025e8   0x00000056   Code   RO         1575    .text.DMA_CalcBaseAndBitshift  stm32f4xx_hal_dma.o
    0x0800263e   0x0800263e   0x00000002   PAD
    0x08002640   0x08002640   0x000000f0   Code   RO         1573    .text.DMA_CheckFifoParam  stm32f4xx_hal_dma.o
    0x08002730   0x08002730   0x00000050   Code   RO         1581    .text.DMA_SetConfig  stm32f4xx_hal_dma.o
    0x08002780   0x08002780   0x00000002   Code   RO           33    .text.DebugMon_Handler  stm32f4xx_it.o
    0x08002782   0x08002782   0x00000002   PAD
    0x08002784   0x08002784   0x00000006   Code   RO           10    .text.Error_Handler  main.o
    0x0800278a   0x0800278a   0x00000002   PAD
    0x0800278c   0x0800278c   0x0000007c   Code   RO          351    .text.EventFlagsCheck  rtx_evflags.o
    0x08002808   0x08002808   0x0000001a   Code   RO          361    .text.EventFlagsSet  rtx_evflags.o
    0x08002822   0x08002822   0x00000002   PAD
    0x08002824   0x08002824   0x00000008   Code   RO          528    .text.EvrRtxDelay   rtx_evr.o
    0x0800282c   0x0800282c   0x00000008   Code   RO          536    .text.EvrRtxDelayCompleted  rtx_evr.o
    0x08002834   0x08002834   0x00000008   Code   RO          526    .text.EvrRtxDelayError  rtx_evr.o
    0x0800283c   0x0800283c   0x00000008   Code   RO          532    .text.EvrRtxDelayStarted  rtx_evr.o
    0x08002844   0x08002844   0x0000000a   Code   RO          566    .text.EvrRtxEventFlagsCreated  rtx_evr.o
    0x0800284e   0x0800284e   0x00000002   PAD
    0x08002850   0x08002850   0x0000000a   Code   RO          562    .text.EvrRtxEventFlagsError  rtx_evr.o
    0x0800285a   0x0800285a   0x00000002   PAD
    0x0800285c   0x0800285c   0x00000008   Code   RO          564    .text.EvrRtxEventFlagsNew  rtx_evr.o
    0x08002864   0x08002864   0x0000000a   Code   RO          570    .text.EvrRtxEventFlagsSet  rtx_evr.o
    0x0800286e   0x0800286e   0x00000002   PAD
    0x08002870   0x08002870   0x0000000a   Code   RO          572    .text.EvrRtxEventFlagsSetDone  rtx_evr.o
    0x0800287a   0x0800287a   0x00000002   PAD
    0x0800287c   0x0800287c   0x0000000e   Code   RO          580    .text.EvrRtxEventFlagsWait  rtx_evr.o
    0x0800288a   0x0800288a   0x00000002   PAD
    0x0800288c   0x0800288c   0x0000000e   Code   RO          586    .text.EvrRtxEventFlagsWaitCompleted  rtx_evr.o
    0x0800289a   0x0800289a   0x00000002   PAD
    0x0800289c   0x0800289c   0x0000000c   Code   RO          588    .text.EvrRtxEventFlagsWaitNotCompleted  rtx_evr.o
    0x080028a8   0x080028a8   0x0000000e   Code   RO          582    .text.EvrRtxEventFlagsWaitPending  rtx_evr.o
    0x080028b6   0x080028b6   0x00000002   PAD
    0x080028b8   0x080028b8   0x00000008   Code   RO          584    .text.EvrRtxEventFlagsWaitTimeout  rtx_evr.o
    0x080028c0   0x080028c0   0x00000008   Code   RO          398    .text.EvrRtxKernelError  rtx_evr.o
    0x080028c8   0x080028c8   0x0000000a   Code   RO          442    .text.EvrRtxKernelErrorNotify  rtx_evr.o
    0x080028d2   0x080028d2   0x00000002   PAD
    0x080028d4   0x080028d4   0x00000008   Code   RO          408    .text.EvrRtxKernelGetState  rtx_evr.o
    0x080028dc   0x080028dc   0x00000008   Code   RO          434    .text.EvrRtxKernelGetTickCount  rtx_evr.o
    0x080028e4   0x080028e4   0x00000002   Code   RO          400    .text.EvrRtxKernelInitialize  rtx_evr.o
    0x080028e6   0x080028e6   0x00000002   PAD
    0x080028e8   0x080028e8   0x00000002   Code   RO          402    .text.EvrRtxKernelInitialized  rtx_evr.o
    0x080028ea   0x080028ea   0x00000002   PAD
    0x080028ec   0x080028ec   0x00000002   Code   RO          410    .text.EvrRtxKernelStart  rtx_evr.o
    0x080028ee   0x080028ee   0x00000002   PAD
    0x080028f0   0x080028f0   0x00000002   Code   RO          412    .text.EvrRtxKernelStarted  rtx_evr.o
    0x080028f2   0x080028f2   0x00000002   PAD
    0x080028f4   0x080028f4   0x0000000e   Code   RO          388    .text.EvrRtxMemoryAlloc  rtx_evr.o
    0x08002902   0x08002902   0x00000002   PAD
    0x08002904   0x08002904   0x0000000a   Code   RO          394    .text.EvrRtxMemoryBlockAlloc  rtx_evr.o
    0x0800290e   0x0800290e   0x00000002   PAD
    0x08002910   0x08002910   0x0000000c   Code   RO          396    .text.EvrRtxMemoryBlockFree  rtx_evr.o
    0x0800291c   0x0800291c   0x0000000e   Code   RO          392    .text.EvrRtxMemoryBlockInit  rtx_evr.o
    0x0800292a   0x0800292a   0x00000002   PAD
    0x0800292c   0x0800292c   0x0000000c   Code   RO          390    .text.EvrRtxMemoryFree  rtx_evr.o
    0x08002938   0x08002938   0x0000000c   Code   RO          386    .text.EvrRtxMemoryInit  rtx_evr.o
    0x08002944   0x08002944   0x00000008   Code   RO          662    .text.EvrRtxMemoryPoolAllocTimeout  rtx_evr.o
    0x0800294c   0x0800294c   0x0000000a   Code   RO          690    .text.EvrRtxMessageQueueCreated  rtx_evr.o
    0x08002956   0x08002956   0x00000002   PAD
    0x08002958   0x08002958   0x0000000a   Code   RO          686    .text.EvrRtxMessageQueueError  rtx_evr.o
    0x08002962   0x08002962   0x00000002   PAD
    0x08002964   0x08002964   0x0000000e   Code   RO          706    .text.EvrRtxMessageQueueGet  rtx_evr.o
    0x08002972   0x08002972   0x00000002   PAD
    0x08002974   0x08002974   0x0000000c   Code   RO          708    .text.EvrRtxMessageQueueGetPending  rtx_evr.o
    0x08002980   0x08002980   0x00000008   Code   RO          710    .text.EvrRtxMessageQueueGetTimeout  rtx_evr.o
    0x08002988   0x08002988   0x0000000a   Code   RO          700    .text.EvrRtxMessageQueueInsertPending  rtx_evr.o
    0x08002992   0x08002992   0x00000002   PAD
    0x08002994   0x08002994   0x0000000a   Code   RO          702    .text.EvrRtxMessageQueueInserted  rtx_evr.o
    0x0800299e   0x0800299e   0x00000002   PAD
    0x080029a0   0x080029a0   0x0000000c   Code   RO          688    .text.EvrRtxMessageQueueNew  rtx_evr.o
    0x080029ac   0x080029ac   0x0000000a   Code   RO          704    .text.EvrRtxMessageQueueNotInserted  rtx_evr.o
    0x080029b6   0x080029b6   0x00000002   PAD
    0x080029b8   0x080029b8   0x0000000a   Code   RO          714    .text.EvrRtxMessageQueueNotRetrieved  rtx_evr.o
    0x080029c2   0x080029c2   0x00000002   PAD
    0x080029c4   0x080029c4   0x00000010   Code   RO          694    .text.EvrRtxMessageQueuePut  rtx_evr.o
    0x080029d4   0x080029d4   0x0000000c   Code   RO          696    .text.EvrRtxMessageQueuePutPending  rtx_evr.o
    0x080029e0   0x080029e0   0x00000008   Code   RO          698    .text.EvrRtxMessageQueuePutTimeout  rtx_evr.o
    0x080029e8   0x080029e8   0x0000000a   Code   RO          712    .text.EvrRtxMessageQueueRetrieved  rtx_evr.o
    0x080029f2   0x080029f2   0x00000002   PAD
    0x080029f4   0x080029f4   0x0000000a   Code   RO          602    .text.EvrRtxMutexAcquire  rtx_evr.o
    0x080029fe   0x080029fe   0x00000002   PAD
    0x08002a00   0x08002a00   0x0000000a   Code   RO          604    .text.EvrRtxMutexAcquirePending  rtx_evr.o
    0x08002a0a   0x08002a0a   0x00000002   PAD
    0x08002a0c   0x08002a0c   0x00000008   Code   RO          606    .text.EvrRtxMutexAcquireTimeout  rtx_evr.o
    0x08002a14   0x08002a14   0x0000000a   Code   RO          608    .text.EvrRtxMutexAcquired  rtx_evr.o
    0x08002a1e   0x08002a1e   0x00000002   PAD
    0x08002a20   0x08002a20   0x0000000a   Code   RO          598    .text.EvrRtxMutexCreated  rtx_evr.o
    0x08002a2a   0x08002a2a   0x00000002   PAD
    0x08002a2c   0x08002a2c   0x00000008   Code   RO          618    .text.EvrRtxMutexDelete  rtx_evr.o
    0x08002a34   0x08002a34   0x00000008   Code   RO          620    .text.EvrRtxMutexDestroyed  rtx_evr.o
    0x08002a3c   0x08002a3c   0x0000000a   Code   RO          594    .text.EvrRtxMutexError  rtx_evr.o
    0x08002a46   0x08002a46   0x00000002   PAD
    0x08002a48   0x08002a48   0x00000008   Code   RO          596    .text.EvrRtxMutexNew  rtx_evr.o
    0x08002a50   0x08002a50   0x00000008   Code   RO          610    .text.EvrRtxMutexNotAcquired  rtx_evr.o
    0x08002a58   0x08002a58   0x00000008   Code   RO          612    .text.EvrRtxMutexRelease  rtx_evr.o
    0x08002a60   0x08002a60   0x0000000a   Code   RO          614    .text.EvrRtxMutexReleased  rtx_evr.o
    0x08002a6a   0x08002a6a   0x00000002   PAD
    0x08002a6c   0x08002a6c   0x00000008   Code   RO          634    .text.EvrRtxSemaphoreAcquireTimeout  rtx_evr.o
    0x08002a74   0x08002a74   0x0000000a   Code   RO          486    .text.EvrRtxThreadBlocked  rtx_evr.o
    0x08002a7e   0x08002a7e   0x00000002   PAD
    0x08002a80   0x08002a80   0x0000000c   Code   RO          448    .text.EvrRtxThreadCreated  rtx_evr.o
    0x08002a8c   0x08002a8c   0x00000008   Code   RO          498    .text.EvrRtxThreadDestroyed  rtx_evr.o
    0x08002a94   0x08002a94   0x0000000a   Code   RO          444    .text.EvrRtxThreadError  rtx_evr.o
    0x08002a9e   0x08002a9e   0x00000002   PAD
    0x08002aa0   0x08002aa0   0x00000002   Code   RO          494    .text.EvrRtxThreadExit  rtx_evr.o
    0x08002aa2   0x08002aa2   0x00000002   PAD
    0x08002aa4   0x08002aa4   0x0000000e   Code   RO          522    .text.EvrRtxThreadFlagsWaitCompleted  rtx_evr.o
    0x08002ab2   0x08002ab2   0x00000002   PAD
    0x08002ab4   0x08002ab4   0x00000008   Code   RO          520    .text.EvrRtxThreadFlagsWaitTimeout  rtx_evr.o
    0x08002abc   0x08002abc   0x00000008   Code   RO          452    .text.EvrRtxThreadGetId  rtx_evr.o
    0x08002ac4   0x08002ac4   0x00000008   Code   RO          484    .text.EvrRtxThreadJoined  rtx_evr.o
    0x08002acc   0x08002acc   0x0000000c   Code   RO          446    .text.EvrRtxThreadNew  rtx_evr.o
    0x08002ad8   0x08002ad8   0x00000008   Code   RO          490    .text.EvrRtxThreadPreempted  rtx_evr.o
    0x08002ae0   0x08002ae0   0x00000008   Code   RO          492    .text.EvrRtxThreadSwitched  rtx_evr.o
    0x08002ae8   0x08002ae8   0x0000000a   Code   RO          488    .text.EvrRtxThreadUnblocked  rtx_evr.o
    0x08002af2   0x08002af2   0x00000002   PAD
    0x08002af4   0x08002af4   0x0000000a   Code   RO          540    .text.EvrRtxTimerCallback  rtx_evr.o
    0x08002afe   0x08002afe   0x00000002   PAD
    0x08002b00   0x08002b00   0x0000000a   Code   RO          544    .text.EvrRtxTimerCreated  rtx_evr.o
    0x08002b0a   0x08002b0a   0x00000002   PAD
    0x08002b0c   0x08002b0c   0x0000000a   Code   RO          538    .text.EvrRtxTimerError  rtx_evr.o
    0x08002b16   0x08002b16   0x00000002   PAD
    0x08002b18   0x08002b18   0x00000010   Code   RO          542    .text.EvrRtxTimerNew  rtx_evr.o
    0x08002b28   0x08002b28   0x0000000a   Code   RO          548    .text.EvrRtxTimerStart  rtx_evr.o
    0x08002b32   0x08002b32   0x00000002   PAD
    0x08002b34   0x08002b34   0x00000008   Code   RO          550    .text.EvrRtxTimerStarted  rtx_evr.o
    0x08002b3c   0x08002b3c   0x000000ec   Code   RO         1585    .text.HAL_DMA_Abort  stm32f4xx_hal_dma.o
    0x08002c28   0x08002c28   0x00000044   Code   RO         1587    .text.HAL_DMA_Abort_IT  stm32f4xx_hal_dma.o
    0x08002c6c   0x08002c6c   0x0000000c   Code   RO         1599    .text.HAL_DMA_GetError  stm32f4xx_hal_dma.o
    0x08002c78   0x08002c78   0x0000000e   Code   RO         1597    .text.HAL_DMA_GetState  stm32f4xx_hal_dma.o
    0x08002c86   0x08002c86   0x00000002   PAD
    0x08002c88   0x08002c88   0x0000031e   Code   RO         1591    .text.HAL_DMA_IRQHandler  stm32f4xx_hal_dma.o
    0x08002fa6   0x08002fa6   0x00000002   PAD
    0x08002fa8   0x08002fa8   0x0000016e   Code   RO         1571    .text.HAL_DMA_Init  stm32f4xx_hal_dma.o
    0x08003116   0x08003116   0x00000002   PAD
    0x08003118   0x08003118   0x000000c2   Code   RO         1583    .text.HAL_DMA_Start_IT  stm32f4xx_hal_dma.o
    0x080031da   0x080031da   0x00000002   PAD
    0x080031dc   0x080031dc   0x000003b6   Code   RO         1624    .text.HAL_GPIO_Init  stm32f4xx_hal_gpio.o
    0x08003592   0x08003592   0x00000002   PAD
    0x08003594   0x08003594   0x0000002e   Code   RO         1630    .text.HAL_GPIO_WritePin  stm32f4xx_hal_gpio.o
    0x080035c2   0x080035c2   0x00000002   PAD
    0x080035c4   0x080035c4   0x00000066   Code   RO            2    .text.HAL_GetTick   main.o
    0x0800362a   0x0800362a   0x00000002   PAD
    0x0800362c   0x0800362c   0x00000008   Code   RO         1795    .text.HAL_I2C_AbortCpltCallback  stm32f4xx_hal_i2c.o
    0x08003634   0x08003634   0x00000010   Code   RO         1785    .text.HAL_I2C_AddrCallback  stm32f4xx_hal_i2c.o
    0x08003644   0x08003644   0x0000017a   Code   RO         1773    .text.HAL_I2C_ER_IRQHandler  stm32f4xx_hal_i2c.o
    0x080037be   0x080037be   0x00000002   PAD
    0x080037c0   0x080037c0   0x000003ca   Code   RO         1741    .text.HAL_I2C_EV_IRQHandler  stm32f4xx_hal_i2c.o
    0x08003b8a   0x08003b8a   0x00000002   PAD
    0x08003b8c   0x08003b8c   0x00000008   Code   RO         1793    .text.HAL_I2C_ErrorCallback  stm32f4xx_hal_i2c.o
    0x08003b94   0x08003b94   0x000002a4   Code   RO         1647    .text.HAL_I2C_Init  stm32f4xx_hal_i2c.o
    0x08003e38   0x08003e38   0x00000008   Code   RO         1787    .text.HAL_I2C_ListenCpltCallback  stm32f4xx_hal_i2c.o
    0x08003e40   0x08003e40   0x00000008   Code   RO         1779    .text.HAL_I2C_MasterRxCpltCallback  stm32f4xx_hal_i2c.o
    0x08003e48   0x08003e48   0x00000008   Code   RO         1777    .text.HAL_I2C_MasterTxCpltCallback  stm32f4xx_hal_i2c.o
    0x08003e50   0x08003e50   0x0000002c   Code   RO          215    .text.HAL_I2C_MemRxCpltCallback  com_interface.o
    0x08003e7c   0x08003e7c   0x0000002c   Code   RO          211    .text.HAL_I2C_MemTxCpltCallback  com_interface.o
    0x08003ea8   0x08003ea8   0x0000036a   Code   RO         1711    .text.HAL_I2C_Mem_Read_DMA  stm32f4xx_hal_i2c.o
    0x08004212   0x08004212   0x00000002   PAD
    0x08004214   0x08004214   0x00000302   Code   RO         1709    .text.HAL_I2C_Mem_Write_DMA  stm32f4xx_hal_i2c.o
    0x08004516   0x08004516   0x00000002   PAD
    0x08004518   0x08004518   0x0000015e   Code   RO           64    .text.HAL_I2C_MspInit  i2c.o
    0x08004676   0x08004676   0x00000002   PAD
    0x08004678   0x08004678   0x00000008   Code   RO         1783    .text.HAL_I2C_SlaveRxCpltCallback  stm32f4xx_hal_i2c.o
    0x08004680   0x08004680   0x00000008   Code   RO         1781    .text.HAL_I2C_SlaveTxCpltCallback  stm32f4xx_hal_i2c.o
    0x08004688   0x08004688   0x0000001a   Code   RO         1446    .text.HAL_IncTick   stm32f4xx_hal.o
    0x080046a2   0x080046a2   0x00000002   PAD
    0x080046a4   0x080046a4   0x00000036   Code   RO         1436    .text.HAL_Init      stm32f4xx_hal.o
    0x080046da   0x080046da   0x00000002   PAD
    0x080046dc   0x080046dc   0x000000f0   Code   RO         2403    .text.HAL_InitTick  stm32f4xx_hal_timebase_tim.o
    0x080047cc   0x080047cc   0x0000004a   Code   RO         2395    .text.HAL_MspInit   stm32f4xx_hal_msp.o
    0x08004816   0x08004816   0x00000002   PAD
    0x08004818   0x08004818   0x00000014   Code   RO         1512    .text.HAL_NVIC_EnableIRQ  stm32f4xx_hal_cortex.o
    0x0800482c   0x0800482c   0x00000032   Code   RO         1504    .text.HAL_NVIC_SetPriority  stm32f4xx_hal_cortex.o
    0x0800485e   0x0800485e   0x00000002   PAD
    0x08004860   0x08004860   0x00000010   Code   RO         1500    .text.HAL_NVIC_SetPriorityGrouping  stm32f4xx_hal_cortex.o
    0x08004870   0x08004870   0x00000262   Code   RO         1880    .text.HAL_RCC_ClockConfig  stm32f4xx_hal_rcc.o
    0x08004ad2   0x08004ad2   0x00000002   PAD
    0x08004ad4   0x08004ad4   0x00000054   Code   RO         1898    .text.HAL_RCC_GetClockConfig  stm32f4xx_hal_rcc.o
    0x08004b28   0x08004b28   0x0000000c   Code   RO         1890    .text.HAL_RCC_GetHCLKFreq  stm32f4xx_hal_rcc.o
    0x08004b34   0x08004b34   0x00000022   Code   RO         1892    .text.HAL_RCC_GetPCLK1Freq  stm32f4xx_hal_rcc.o
    0x08004b56   0x08004b56   0x00000002   PAD
    0x08004b58   0x08004b58   0x00000022   Code   RO         1894    .text.HAL_RCC_GetPCLK2Freq  stm32f4xx_hal_rcc.o
    0x08004b7a   0x08004b7a   0x00000002   PAD
    0x08004b7c   0x08004b7c   0x000000e6   Code   RO         1882    .text.HAL_RCC_GetSysClockFreq  stm32f4xx_hal_rcc.o
    0x08004c62   0x08004c62   0x00000002   PAD
    0x08004c64   0x08004c64   0x000006be   Code   RO         1878    .text.HAL_RCC_OscConfig  stm32f4xx_hal_rcc.o
    0x08005322   0x08005322   0x00000002   PAD
    0x08005324   0x08005324   0x00000008   Code   RO         2253    .text.HAL_TIMEx_BreakCallback  stm32f4xx_hal_tim_ex.o
    0x0800532c   0x0800532c   0x00000008   Code   RO         2249    .text.HAL_TIMEx_CommutCallback  stm32f4xx_hal_tim_ex.o
    0x08005334   0x08005334   0x0000009c   Code   RO         1930    .text.HAL_TIM_Base_Init  stm32f4xx_hal_tim.o
    0x080053d0   0x080053d0   0x00000008   Code   RO         1932    .text.HAL_TIM_Base_MspInit  stm32f4xx_hal_tim.o
    0x080053d8   0x080053d8   0x000000f6   Code   RO         1944    .text.HAL_TIM_Base_Start_IT  stm32f4xx_hal_tim.o
    0x080054ce   0x080054ce   0x00000002   PAD
    0x080054d0   0x080054d0   0x00000008   Code   RO         2066    .text.HAL_TIM_IC_CaptureCallback  stm32f4xx_hal_tim.o
    0x080054d8   0x080054d8   0x0000027a   Code   RO         2064    .text.HAL_TIM_IRQHandler  stm32f4xx_hal_tim.o
    0x08005752   0x08005752   0x00000002   PAD
    0x08005754   0x08005754   0x00000008   Code   RO         2068    .text.HAL_TIM_OC_DelayElapsedCallback  stm32f4xx_hal_tim.o
    0x0800575c   0x0800575c   0x00000008   Code   RO         2070    .text.HAL_TIM_PWM_PulseFinishedCallback  stm32f4xx_hal_tim.o
    0x08005764   0x08005764   0x00000022   Code   RO           12    .text.HAL_TIM_PeriodElapsedCallback  main.o
    0x08005786   0x08005786   0x00000002   PAD
    0x08005788   0x08005788   0x00000008   Code   RO         2074    .text.HAL_TIM_TriggerCallback  stm32f4xx_hal_tim.o
    0x08005790   0x08005790   0x0000000c   Code   RO         2356    .text.HAL_UARTEx_RxEventCallback  stm32f4xx_hal_uart.o
    0x0800579c   0x0800579c   0x00000008   Code   RO         2354    .text.HAL_UART_ErrorCallback  stm32f4xx_hal_uart.o
    0x080057a4   0x080057a4   0x0000041e   Code   RO         2348    .text.HAL_UART_IRQHandler  stm32f4xx_hal_uart.o
    0x08005bc2   0x08005bc2   0x00000002   PAD
    0x08005bc4   0x08005bc4   0x0000009a   Code   RO         2266    .text.HAL_UART_Init  stm32f4xx_hal_uart.o
    0x08005c5e   0x08005c5e   0x00000002   PAD
    0x08005c60   0x08005c60   0x000000a2   Code   RO           88    .text.HAL_UART_MspInit  usart.o
    0x08005d02   0x08005d02   0x00000002   PAD
    0x08005d04   0x08005d04   0x00000008   Code   RO         2366    .text.HAL_UART_RxCpltCallback  stm32f4xx_hal_uart.o
    0x08005d0c   0x08005d0c   0x00000008   Code   RO         2362    .text.HAL_UART_TxCpltCallback  stm32f4xx_hal_uart.o
    0x08005d14   0x08005d14   0x00000004   Code   RO           25    .text.HardFault_Handler  stm32f4xx_it.o
    0x08005d18   0x08005d18   0x00000010   Code   RO           41    .text.I2C1_ER_IRQHandler  stm32f4xx_it.o
    0x08005d28   0x08005d28   0x00000010   Code   RO           39    .text.I2C1_EV_IRQHandler  stm32f4xx_it.o
    0x08005d38   0x08005d38   0x00000034   Code   RO         1743    .text.I2C_ConvertOtherXferOptions  stm32f4xx_hal_i2c.o
    0x08005d6c   0x08005d6c   0x00000156   Code   RO         1727    .text.I2C_DMAAbort  stm32f4xx_hal_i2c.o
    0x08005ec2   0x08005ec2   0x00000002   PAD
    0x08005ec4   0x08005ec4   0x00000072   Code   RO         1689    .text.I2C_DMAError  stm32f4xx_hal_i2c.o
    0x08005f36   0x08005f36   0x00000002   PAD
    0x08005f38   0x08005f38   0x000001ba   Code   RO         1687    .text.I2C_DMAXferCplt  stm32f4xx_hal_i2c.o
    0x080060f2   0x080060f2   0x00000002   PAD
    0x080060f4   0x080060f4   0x0000027a   Code   RO         1739    .text.I2C_ITError   stm32f4xx_hal_i2c.o
    0x0800636e   0x0800636e   0x00000002   PAD
    0x08006370   0x08006370   0x00000064   Code   RO         1807    .text.I2C_IsAcknowledgeFailed  stm32f4xx_hal_i2c.o
    0x080063d4   0x080063d4   0x0000019e   Code   RO         1759    .text.I2C_MasterReceive_BTF  stm32f4xx_hal_i2c.o
    0x08006572   0x08006572   0x00000002   PAD
    0x08006574   0x08006574   0x0000013c   Code   RO         1757    .text.I2C_MasterReceive_RXNE  stm32f4xx_hal_i2c.o
    0x080066b0   0x080066b0   0x000000de   Code   RO         1753    .text.I2C_MasterTransmit_BTF  stm32f4xx_hal_i2c.o
    0x0800678e   0x0800678e   0x00000002   PAD
    0x08006790   0x08006790   0x0000013e   Code   RO         1751    .text.I2C_MasterTransmit_TXE  stm32f4xx_hal_i2c.o
    0x080068ce   0x080068ce   0x00000002   PAD
    0x080068d0   0x080068d0   0x00000046   Code   RO         1747    .text.I2C_Master_ADD10  stm32f4xx_hal_i2c.o
    0x08006916   0x08006916   0x00000002   PAD
    0x08006918   0x08006918   0x0000033e   Code   RO         1749    .text.I2C_Master_ADDR  stm32f4xx_hal_i2c.o
    0x08006c56   0x08006c56   0x00000002   PAD
    0x08006c58   0x08006c58   0x000000f0   Code   RO         1745    .text.I2C_Master_SB  stm32f4xx_hal_i2c.o
    0x08006d48   0x08006d48   0x00000122   Code   RO         1755    .text.I2C_MemoryTransmit_TXE_BTF  stm32f4xx_hal_i2c.o
    0x08006e6a   0x08006e6a   0x00000002   PAD
    0x08006e6c   0x08006e6c   0x000001e2   Code   RO         1703    .text.I2C_RequestMemoryRead  stm32f4xx_hal_i2c.o
    0x0800704e   0x0800704e   0x00000002   PAD
    0x08007050   0x08007050   0x0000013a   Code   RO         1699    .text.I2C_RequestMemoryWrite  stm32f4xx_hal_i2c.o
    0x0800718a   0x0800718a   0x00000002   PAD
    0x0800718c   0x0800718c   0x0000002e   Code   RO         1771    .text.I2C_SlaveReceive_BTF  stm32f4xx_hal_i2c.o
    0x080071ba   0x080071ba   0x00000002   PAD
    0x080071bc   0x080071bc   0x0000006e   Code   RO         1769    .text.I2C_SlaveReceive_RXNE  stm32f4xx_hal_i2c.o
    0x0800722a   0x0800722a   0x00000002   PAD
    0x0800722c   0x0800722c   0x0000002c   Code   RO         1767    .text.I2C_SlaveTransmit_BTF  stm32f4xx_hal_i2c.o
    0x08007258   0x08007258   0x0000006c   Code   RO         1765    .text.I2C_SlaveTransmit_TXE  stm32f4xx_hal_i2c.o
    0x080072c4   0x080072c4   0x000000ae   Code   RO         1761    .text.I2C_Slave_ADDR  stm32f4xx_hal_i2c.o
    0x08007372   0x08007372   0x00000002   PAD
    0x08007374   0x08007374   0x000000de   Code   RO         1775    .text.I2C_Slave_AF  stm32f4xx_hal_i2c.o
    0x08007452   0x08007452   0x00000002   PAD
    0x08007454   0x08007454   0x0000024a   Code   RO         1763    .text.I2C_Slave_STOPF  stm32f4xx_hal_i2c.o
    0x0800769e   0x0800769e   0x00000002   PAD
    0x080076a0   0x080076a0   0x000000be   Code   RO         1657    .text.I2C_WaitOnFlagUntilTimeout  stm32f4xx_hal_i2c.o
    0x0800775e   0x0800775e   0x00000002   PAD
    0x08007760   0x08007760   0x00000110   Code   RO         1805    .text.I2C_WaitOnMasterAddressFlagUntilTimeout  stm32f4xx_hal_i2c.o
    0x08007870   0x08007870   0x00000078   Code   RO         1803    .text.I2C_WaitOnSTOPRequestThroughIT  stm32f4xx_hal_i2c.o
    0x080078e8   0x080078e8   0x00000094   Code   RO         1661    .text.I2C_WaitOnTXEFlagUntilTimeout  stm32f4xx_hal_i2c.o
    0x0800797c   0x0800797c   0x00000014   Code   RO          304    .text.IsException   rtx_delay.o
    0x08007990   0x08007990   0x00000014   Code   RO          323    .text.IsException   rtx_evflags.o
    0x080079a4   0x080079a4   0x00000014   Code   RO          745    .text.IsException   rtx_kernel.o
    0x080079b8   0x080079b8   0x00000014   Code   RO          963    .text.IsException   rtx_msgqueue.o
    0x080079cc   0x080079cc   0x00000014   Code   RO         1040    .text.IsException   rtx_mutex.o
    0x080079e0   0x080079e0   0x00000014   Code   RO         1221    .text.IsException   rtx_thread.o
    0x080079f4   0x080079f4   0x00000014   Code   RO         1354    .text.IsException   rtx_timer.o
    0x08007a08   0x08007a08   0x0000002e   Code   RO          306    .text.IsIrqMasked   rtx_delay.o
    0x08007a36   0x08007a36   0x00000002   PAD
    0x08007a38   0x08007a38   0x0000002e   Code   RO          325    .text.IsIrqMasked   rtx_evflags.o
    0x08007a66   0x08007a66   0x00000002   PAD
    0x08007a68   0x08007a68   0x0000002e   Code   RO          747    .text.IsIrqMasked   rtx_kernel.o
    0x08007a96   0x08007a96   0x00000002   PAD
    0x08007a98   0x08007a98   0x0000002e   Code   RO          965    .text.IsIrqMasked   rtx_msgqueue.o
    0x08007ac6   0x08007ac6   0x00000002   PAD
    0x08007ac8   0x08007ac8   0x0000002e   Code   RO         1042    .text.IsIrqMasked   rtx_mutex.o
    0x08007af6   0x08007af6   0x00000002   PAD
    0x08007af8   0x08007af8   0x0000002e   Code   RO         1223    .text.IsIrqMasked   rtx_thread.o
    0x08007b26   0x08007b26   0x00000002   PAD
    0x08007b28   0x08007b28   0x0000002e   Code   RO         1356    .text.IsIrqMasked   rtx_timer.o
    0x08007b56   0x08007b56   0x00000002   PAD
    0x08007b58   0x08007b58   0x00000014   Code   RO          751    .text.IsPrivileged  rtx_kernel.o
    0x08007b6c   0x08007b6c   0x00000050   Code   RO           78    .text.MX_DMA_Init   dma.o
    0x08007bbc   0x08007bbc   0x000000a8   Code   RO           54    .text.MX_GPIO_Init  gpio.o
    0x08007c64   0x08007c64   0x00000048   Code   RO           62    .text.MX_I2C1_Init  i2c.o
    0x08007cac   0x08007cac   0x00000040   Code   RO           86    .text.MX_USART2_UART_Init  usart.o
    0x08007cec   0x08007cec   0x00000018   Code   RO          869    .text.MemBlockPtr   rtx_memory.o
    0x08007d04   0x08007d04   0x0000000a   Code   RO          867    .text.MemHeadPtr    rtx_memory.o
    0x08007d0e   0x08007d0e   0x00000002   PAD
    0x08007d10   0x08007d10   0x00000004   Code   RO           27    .text.MemManage_Handler  stm32f4xx_it.o
    0x08007d14   0x08007d14   0x00000052   Code   RO         1013    .text.MessageQueueGet  rtx_msgqueue.o
    0x08007d66   0x08007d66   0x00000002   PAD
    0x08007d68   0x08007d68   0x000000ac   Code   RO         1003    .text.MessageQueuePut  rtx_msgqueue.o
    0x08007e14   0x08007e14   0x00000042   Code   RO          999    .text.MessageQueueRemove  rtx_msgqueue.o
    0x08007e56   0x08007e56   0x00000002   PAD
    0x08007e58   0x08007e58   0x00000004   Code   RO           23    .text.NMI_Handler   stm32f4xx_it.o
    0x08007e5c   0x08007e5c   0x0000006c   Code   RO         1510    .text.NVIC_EncodePriority  stm32f4xx_hal_cortex.o
    0x08007ec8   0x08007ec8   0x0000000c   Code   RO         1405    .text.OS_Tick_AcknowledgeIRQ  os_systick.o
    0x08007ed4   0x08007ed4   0x0000003c   Code   RO         1401    .text.OS_Tick_Enable  os_systick.o
    0x08007f10   0x08007f10   0x00000006   Code   RO         1407    .text.OS_Tick_GetIRQn  os_systick.o
    0x08007f16   0x08007f16   0x00000002   PAD
    0x08007f18   0x08007f18   0x0000007e   Code   RO         1399    .text.OS_Tick_Setup  os_systick.o
    0x08007f96   0x08007f96   0x00000002   PAD
    0x08007f98   0x08007f98   0x00000068   Code   RO          793    .text.SVC_Setup     rtx_kernel.o
    0x08008000   0x08008000   0x00000010   Code   RO         1154    .text.SetPendSV     rtx_system.o
    0x08008010   0x08008010   0x00000018   Code   RO         1193    .text.StackOffsetR0  rtx_thread.o
    0x08008028   0x08008028   0x0000009e   Code   RO            6    .text.SystemClock_Config  main.o
    0x080080c6   0x080080c6   0x00000002   PAD
    0x080080c8   0x080080c8   0x0000012e   Code   RO         2428    .text.SystemCoreClockUpdate  system_stm32f4xx.o
    0x080081f6   0x080081f6   0x00000002   PAD
    0x080081f8   0x080081f8   0x00000012   Code   RO         2426    .text.SystemInit    system_stm32f4xx.o
    0x0800820a   0x0800820a   0x00000002   PAD
    0x0800820c   0x0800820c   0x00000010   Code   RO           45    .text.TIM8_TRG_COM_TIM14_IRQHandler  stm32f4xx_it.o
    0x0800821c   0x0800821c   0x0000019a   Code   RO         1934    .text.TIM_Base_SetConfig  stm32f4xx_hal_tim.o
    0x080083b6   0x080083b6   0x00000002   PAD
    0x080083b8   0x080083b8   0x0000007c   Code   RO         1273    .text.ThreadFlagsCheck  rtx_thread.o
    0x08008434   0x08008434   0x0000009e   Code   RO         1374    .text.TimerInsert   rtx_timer.o
    0x080084d2   0x080084d2   0x00000002   PAD
    0x080084d4   0x080084d4   0x00000048   Code   RO         1384    .text.TimerRemove   rtx_timer.o
    0x0800851c   0x0800851c   0x00000028   Code   RO         1370    .text.TimerUnlink   rtx_timer.o
    0x08008544   0x08008544   0x00000020   Code   RO         2352    .text.UART_DMAAbortOnError  stm32f4xx_hal_uart.o
    0x08008564   0x08008564   0x00000094   Code   RO         2314    .text.UART_EndRxTransfer  stm32f4xx_hal_uart.o
    0x080085f8   0x080085f8   0x00000026   Code   RO         2360    .text.UART_EndTransmit_IT  stm32f4xx_hal_uart.o
    0x0800861e   0x0800861e   0x00000002   PAD
    0x08008620   0x08008620   0x00000164   Code   RO         2350    .text.UART_Receive_IT  stm32f4xx_hal_uart.o
    0x08008784   0x08008784   0x0000013a   Code   RO         2270    .text.UART_SetConfig  stm32f4xx_hal_uart.o
    0x080088be   0x080088be   0x00000002   PAD
    0x080088c0   0x080088c0   0x00000094   Code   RO         2358    .text.UART_Transmit_IT  stm32f4xx_hal_uart.o
    0x08008954   0x08008954   0x00000010   Code   RO           43    .text.USART2_IRQHandler  stm32f4xx_it.o
    0x08008964   0x08008964   0x00000004   Code   RO           31    .text.UsageFault_Handler  stm32f4xx_it.o
    0x08008968   0x08008968   0x00000030   Code   RO         1514    .text.__NVIC_EnableIRQ  stm32f4xx_hal_cortex.o
    0x08008998   0x08008998   0x00000010   Code   RO          795    .text.__NVIC_GetPriorityGrouping  rtx_kernel.o
    0x080089a8   0x080089a8   0x00000010   Code   RO         1506    .text.__NVIC_GetPriorityGrouping  stm32f4xx_hal_cortex.o
    0x080089b8   0x080089b8   0x00000042   Code   RO         1508    .text.__NVIC_SetPriority  stm32f4xx_hal_cortex.o
    0x080089fa   0x080089fa   0x00000002   PAD
    0x080089fc   0x080089fc   0x0000003c   Code   RO         1502    .text.__NVIC_SetPriorityGrouping  stm32f4xx_hal_cortex.o
    0x08008a38   0x08008a38   0x00000096   Code   RO          832    .text.__user_perthread_libspace  rtx_lib.o
    0x08008ace   0x08008ace   0x00000002   PAD
    0x08008ad0   0x08008ad0   0x00000020   Code   RO          838    .text._mutex_acquire  rtx_lib.o
    0x08008af0   0x08008af0   0x00000012   Code   RO          842    .text._mutex_free   rtx_lib.o
    0x08008b02   0x08008b02   0x00000002   PAD
    0x08008b04   0x08008b04   0x00000032   Code   RO          836    .text._mutex_initialize  rtx_lib.o
    0x08008b36   0x08008b36   0x00000002   PAD
    0x08008b38   0x08008b38   0x0000001c   Code   RO          840    .text._mutex_release  rtx_lib.o
    0x08008b54   0x08008b54   0x00000008   Code   RO          828    .text._platform_post_stackheap_init  rtx_lib.o
    0x08008b5c   0x08008b5c   0x00000012   Code   RO            8    .text.app_main      main.o
    0x08008b6e   0x08008b6e   0x00000002   PAD
    0x08008b70   0x08008b70   0x00000038   Code   RO          353    .text.atomic_chk32_all  rtx_evflags.o
    0x08008ba8   0x08008ba8   0x00000038   Code   RO         1275    .text.atomic_chk32_all  rtx_thread.o
    0x08008be0   0x08008be0   0x00000034   Code   RO          355    .text.atomic_chk32_any  rtx_evflags.o
    0x08008c14   0x08008c14   0x00000034   Code   RO         1277    .text.atomic_chk32_any  rtx_thread.o
    0x08008c48   0x08008c48   0x0000002c   Code   RO         1156    .text.atomic_dec16_nz  rtx_system.o
    0x08008c74   0x08008c74   0x00000020   Code   RO          894    .text.atomic_dec32  rtx_mempool.o
    0x08008c94   0x08008c94   0x00000028   Code   RO         1015    .text.atomic_dec32_nz  rtx_msgqueue.o
    0x08008cbc   0x08008cbc   0x00000034   Code   RO         1158    .text.atomic_inc16_lim  rtx_system.o
    0x08008cf0   0x08008cf0   0x00000038   Code   RO         1162    .text.atomic_inc16_lt  rtx_system.o
    0x08008d28   0x08008d28   0x00000020   Code   RO          888    .text.atomic_inc32  rtx_mempool.o
    0x08008d48   0x08008d48   0x00000020   Code   RO         1005    .text.atomic_inc32  rtx_msgqueue.o
    0x08008d68   0x08008d68   0x00000028   Code   RO          886    .text.atomic_link_get  rtx_mempool.o
    0x08008d90   0x08008d90   0x00000030   Code   RO          892    .text.atomic_link_put  rtx_mempool.o
    0x08008dc0   0x08008dc0   0x00000028   Code   RO          365    .text.atomic_set32  rtx_evflags.o
    0x08008de8   0x08008de8   0x00000028   Code   RO         1017    .text.atomic_wr8    rtx_msgqueue.o
    0x08008e10   0x08008e10   0x00000066   Code   RO          331    .text.isrRtxEventFlagsSet  rtx_evflags.o
    0x08008e76   0x08008e76   0x00000002   PAD
    0x08008e78   0x08008e78   0x00000086   Code   RO          343    .text.isrRtxEventFlagsWait  rtx_evflags.o
    0x08008efe   0x08008efe   0x00000002   PAD
    0x08008f00   0x08008f00   0x000000a8   Code   RO          975    .text.isrRtxMessageQueueGet  rtx_msgqueue.o
    0x08008fa8   0x08008fa8   0x000000b8   Code   RO          971    .text.isrRtxMessageQueuePut  rtx_msgqueue.o
    0x08009060   0x08009060   0x00000054   Code   RO         1138    .text.isr_queue_get  rtx_system.o
    0x080090b4   0x080090b4   0x0000005e   Code   RO         1152    .text.isr_queue_put  rtx_system.o
    0x08009112   0x08009112   0x00000002   PAD
    0x08009114   0x08009114   0x00000042   Code   RO            4    .text.main          main.o
    0x08009156   0x08009156   0x00000002   PAD
    0x08009158   0x08009158   0x00000054   Code   RO          302    .text.osDelay       rtx_delay.o
    0x080091ac   0x080091ac   0x00000056   Code   RO          321    .text.osEventFlagsNew  rtx_evflags.o
    0x08009202   0x08009202   0x00000002   PAD
    0x08009204   0x08009204   0x0000005e   Code   RO          329    .text.osEventFlagsSet  rtx_evflags.o
    0x08009262   0x08009262   0x00000002   PAD
    0x08009264   0x08009264   0x0000007e   Code   RO          341    .text.osEventFlagsWait  rtx_evflags.o
    0x080092e2   0x080092e2   0x00000002   PAD
    0x080092e4   0x080092e4   0x00000042   Code   RO          755    .text.osKernelGetState  rtx_kernel.o
    0x08009326   0x08009326   0x00000002   PAD
    0x08009328   0x08009328   0x0000003a   Code   RO          771    .text.osKernelGetTickCount  rtx_kernel.o
    0x08009362   0x08009362   0x00000002   PAD
    0x08009364   0x08009364   0x0000004a   Code   RO          743    .text.osKernelInitialize  rtx_kernel.o
    0x080093ae   0x080093ae   0x00000002   PAD
    0x080093b0   0x080093b0   0x00000046   Code   RO          759    .text.osKernelStart  rtx_kernel.o
    0x080093f6   0x080093f6   0x00000002   PAD
    0x080093f8   0x080093f8   0x0000007e   Code   RO          973    .text.osMessageQueueGet  rtx_msgqueue.o
    0x08009476   0x08009476   0x00000002   PAD
    0x08009478   0x08009478   0x00000072   Code   RO          961    .text.osMessageQueueNew  rtx_msgqueue.o
    0x080094ea   0x080094ea   0x00000002   PAD
    0x080094ec   0x080094ec   0x0000008a   Code   RO          969    .text.osMessageQueuePut  rtx_msgqueue.o
    0x08009576   0x08009576   0x00000002   PAD
    0x08009578   0x08009578   0x00000064   Code   RO         1046    .text.osMutexAcquire  rtx_mutex.o
    0x080095dc   0x080095dc   0x00000056   Code   RO         1052    .text.osMutexDelete  rtx_mutex.o
    0x08009632   0x08009632   0x00000002   PAD
    0x08009634   0x08009634   0x00000056   Code   RO         1038    .text.osMutexNew    rtx_mutex.o
    0x0800968a   0x0800968a   0x00000002   PAD
    0x0800968c   0x0800968c   0x00000056   Code   RO         1048    .text.osMutexRelease  rtx_mutex.o
    0x080096e2   0x080096e2   0x00000002   PAD
    0x080096e4   0x080096e4   0x0000002e   Code   RO         1427    .text.osRtxErrorNotify  rtx_config.o
    0x08009712   0x08009712   0x00000002   PAD
    0x08009714   0x08009714   0x0000000a   Code   RO          359    .text.osRtxEventFlagsId  rtx_evflags.o
    0x0800971e   0x0800971e   0x00000002   PAD
    0x08009720   0x08009720   0x0000000a   Code   RO         1142    .text.osRtxEventFlagsObject  rtx_system.o
    0x0800972a   0x0800972a   0x00000002   PAD
    0x0800972c   0x0800972c   0x0000005c   Code   RO          349    .text.osRtxEventFlagsPostProcess  rtx_evflags.o
    0x08009788   0x08009788   0x00000008   Code   RO         1425    .text.osRtxIdleThread  rtx_config.o
    0x08009790   0x08009790   0x0000001c   Code   RO          741    .text.osRtxKernelErrorNotify  rtx_kernel.o
    0x080097ac   0x080097ac   0x0000000c   Code   RO         1134    .text.osRtxKernelGetState  rtx_system.o
    0x080097b8   0x080097b8   0x0000000c   Code   RO         1199    .text.osRtxKernelGetState  rtx_thread.o
    0x080097c4   0x080097c4   0x00000002   Code   RO          739    .text.osRtxKernelPreInit  rtx_kernel.o
    0x080097c6   0x080097c6   0x00000002   PAD
    0x080097c8   0x080097c8   0x0000000c   Code   RO          789    .text.osRtxKernelState  rtx_kernel.o
    0x080097d4   0x080097d4   0x0000014c   Code   RO          871    .text.osRtxMemoryAlloc  rtx_memory.o
    0x08009920   0x08009920   0x000000c2   Code   RO          873    .text.osRtxMemoryFree  rtx_memory.o
    0x080099e2   0x080099e2   0x00000002   PAD
    0x080099e4   0x080099e4   0x00000096   Code   RO          865    .text.osRtxMemoryInit  rtx_memory.o
    0x08009a7a   0x08009a7a   0x00000002   PAD
    0x08009a7c   0x08009a7c   0x0000004a   Code   RO          884    .text.osRtxMemoryPoolAlloc  rtx_mempool.o
    0x08009ac6   0x08009ac6   0x00000002   PAD
    0x08009ac8   0x08009ac8   0x00000064   Code   RO          890    .text.osRtxMemoryPoolFree  rtx_mempool.o
    0x08009b2c   0x08009b2c   0x00000098   Code   RO          882    .text.osRtxMemoryPoolInit  rtx_mempool.o
    0x08009bc4   0x08009bc4   0x0000000a   Code   RO         1146    .text.osRtxMemoryPoolObject  rtx_system.o
    0x08009bce   0x08009bce   0x00000002   PAD
    0x08009bd0   0x08009bd0   0x0000000a   Code   RO         1148    .text.osRtxMessageObject  rtx_system.o
    0x08009bda   0x08009bda   0x00000002   PAD
    0x08009bdc   0x08009bdc   0x0000000a   Code   RO          957    .text.osRtxMessageQueueId  rtx_msgqueue.o
    0x08009be6   0x08009be6   0x00000002   PAD
    0x08009be8   0x08009be8   0x00000144   Code   RO          997    .text.osRtxMessageQueuePostProcess  rtx_msgqueue.o
    0x08009d2c   0x08009d2c   0x0000003e   Code   RO          955    .text.osRtxMessageQueueTimerSetup  rtx_msgqueue.o
    0x08009d6a   0x08009d6a   0x00000002   PAD
    0x08009d6c   0x08009d6c   0x0000000a   Code   RO         1058    .text.osRtxMutexId  rtx_mutex.o
    0x08009d76   0x08009d76   0x00000002   PAD
    0x08009d78   0x08009d78   0x0000000a   Code   RO         1189    .text.osRtxMutexObject  rtx_thread.o
    0x08009d82   0x08009d82   0x00000002   PAD
    0x08009d84   0x08009d84   0x00000098   Code   RO         1032    .text.osRtxMutexOwnerRelease  rtx_mutex.o
    0x08009e1c   0x08009e1c   0x000000ac   Code   RO         1036    .text.osRtxMutexOwnerRestore  rtx_mutex.o
    0x08009ec8   0x08009ec8   0x0000000a   Code   RO          363    .text.osRtxObject   rtx_evflags.o
    0x08009ed2   0x08009ed2   0x00000002   PAD
    0x08009ed4   0x08009ed4   0x0000000a   Code   RO         1001    .text.osRtxObject   rtx_msgqueue.o
    0x08009ede   0x08009ede   0x00000002   PAD
    0x08009ee0   0x08009ee0   0x0000000a   Code   RO         1034    .text.osRtxObject   rtx_mutex.o
    0x08009eea   0x08009eea   0x00000002   PAD
    0x08009eec   0x08009eec   0x0000000a   Code   RO         1160    .text.osRtxObject   rtx_system.o
    0x08009ef6   0x08009ef6   0x00000002   PAD
    0x08009ef8   0x08009ef8   0x0000000a   Code   RO         1179    .text.osRtxObject   rtx_thread.o
    0x08009f02   0x08009f02   0x00000002   PAD
    0x08009f04   0x08009f04   0x000000b8   Code   RO         1136    .text.osRtxPendSV_Handler  rtx_system.o
    0x08009fbc   0x08009fbc   0x00000042   Code   RO         1150    .text.osRtxPostProcess  rtx_system.o
    0x08009ffe   0x08009ffe   0x00000002   PAD
    0x0800a000   0x0800a000   0x0000000a   Code   RO         1144    .text.osRtxSemaphoreObject  rtx_system.o
    0x0800a00a   0x0800a00a   0x00000002   PAD
    0x0800a00c   0x0800a00c   0x00000088   Code   RO         1203    .text.osRtxThreadBlock  rtx_thread.o
    0x0800a094   0x0800a094   0x000000fa   Code   RO         1211    .text.osRtxThreadDelayInsert  rtx_thread.o
    0x0800a18e   0x0800a18e   0x00000002   PAD
    0x0800a190   0x0800a190   0x0000009c   Code   RO         1207    .text.osRtxThreadDelayRemove  rtx_thread.o
    0x0800a22c   0x0800a22c   0x00000150   Code   RO         1185    .text.osRtxThreadDelayTick  rtx_thread.o
    0x0800a37c   0x0800a37c   0x00000060   Code   RO         1315    .text.osRtxThreadDestroy  rtx_thread.o
    0x0800a3dc   0x0800a3dc   0x00000096   Code   RO         1197    .text.osRtxThreadDispatch  rtx_thread.o
    0x0800a472   0x0800a472   0x00000002   PAD
    0x0800a474   0x0800a474   0x0000009c   Code   RO         1305    .text.osRtxThreadFree  rtx_thread.o
    0x0800a510   0x0800a510   0x0000000c   Code   RO          375    .text.osRtxThreadGetRunning  rtx_evflags.o
    0x0800a51c   0x0800a51c   0x0000000c   Code   RO         1011    .text.osRtxThreadGetRunning  rtx_msgqueue.o
    0x0800a528   0x0800a528   0x0000000c   Code   RO         1062    .text.osRtxThreadGetRunning  rtx_mutex.o
    0x0800a534   0x0800a534   0x0000000c   Code   RO         1201    .text.osRtxThreadGetRunning  rtx_thread.o
    0x0800a540   0x0800a540   0x0000000c   Code   RO         1368    .text.osRtxThreadGetRunning  rtx_timer.o
    0x0800a54c   0x0800a54c   0x0000000a   Code   RO         1215    .text.osRtxThreadId  rtx_thread.o
    0x0800a556   0x0800a556   0x00000002   PAD
    0x0800a558   0x0800a558   0x0000003c   Code   RO         1311    .text.osRtxThreadJoinWakeup  rtx_thread.o
    0x0800a594   0x0800a594   0x00000036   Code   RO         1175    .text.osRtxThreadListGet  rtx_thread.o
    0x0800a5ca   0x0800a5ca   0x00000002   PAD
    0x0800a5cc   0x0800a5cc   0x00000076   Code   RO         1171    .text.osRtxThreadListPut  rtx_thread.o
    0x0800a642   0x0800a642   0x00000002   PAD
    0x0800a644   0x0800a644   0x00000032   Code   RO         1181    .text.osRtxThreadListRemove  rtx_thread.o
    0x0800a676   0x0800a676   0x00000002   PAD
    0x0800a678   0x0800a678   0x00000022   Code   RO         1187    .text.osRtxThreadListRoot  rtx_thread.o
    0x0800a69a   0x0800a69a   0x00000002   PAD
    0x0800a69c   0x0800a69c   0x00000058   Code   RO         1177    .text.osRtxThreadListSort  rtx_thread.o
    0x0800a6f4   0x0800a6f4   0x0000000a   Code   RO         1140    .text.osRtxThreadObject  rtx_system.o
    0x0800a6fe   0x0800a6fe   0x00000002   PAD
    0x0800a700   0x0800a700   0x0000000a   Code   RO         1173    .text.osRtxThreadObject  rtx_thread.o
    0x0800a70a   0x0800a70a   0x00000002   PAD
    0x0800a70c   0x0800a70c   0x00000044   Code   RO         1271    .text.osRtxThreadPostProcess  rtx_thread.o
    0x0800a750   0x0800a750   0x00000020   Code   RO         1183    .text.osRtxThreadReadyPut  rtx_thread.o
    0x0800a770   0x0800a770   0x00000022   Code   RO         1191    .text.osRtxThreadRegPtr  rtx_thread.o
    0x0800a792   0x0800a792   0x00000002   PAD
    0x0800a794   0x0800a794   0x00000014   Code   RO         1313    .text.osRtxThreadSetRunning  rtx_thread.o
    0x0800a7a8   0x0800a7a8   0x00000014   Code   RO         1372    .text.osRtxThreadSetRunning  rtx_timer.o
    0x0800a7bc   0x0800a7bc   0x00000096   Code   RO         1213    .text.osRtxThreadStartup  rtx_thread.o
    0x0800a852   0x0800a852   0x00000002   PAD
    0x0800a854   0x0800a854   0x00000022   Code   RO         1195    .text.osRtxThreadSwitch  rtx_thread.o
    0x0800a876   0x0800a876   0x00000002   PAD
    0x0800a878   0x0800a878   0x00000076   Code   RO         1209    .text.osRtxThreadWaitEnter  rtx_thread.o
    0x0800a8ee   0x0800a8ee   0x00000002   PAD
    0x0800a8f0   0x0800a8f0   0x00000046   Code   RO         1205    .text.osRtxThreadWaitExit  rtx_thread.o
    0x0800a936   0x0800a936   0x00000002   PAD
    0x0800a938   0x0800a938   0x00000110   Code   RO         1132    .text.osRtxTick_Handler  rtx_system.o
    0x0800aa48   0x0800aa48   0x0000000a   Code   RO         1380    .text.osRtxTimerId  rtx_timer.o
    0x0800aa52   0x0800aa52   0x00000002   PAD
    0x0800aa54   0x0800aa54   0x00000030   Code   RO         1346    .text.osRtxTimerSetup  rtx_timer.o
    0x0800aa84   0x0800aa84   0x00000032   Code   RO         1350    .text.osRtxTimerThread  rtx_timer.o
    0x0800aab6   0x0800aab6   0x00000002   PAD
    0x0800aab8   0x0800aab8   0x000000dc   Code   RO         1348    .text.osRtxTimerTick  rtx_timer.o
    0x0800ab94   0x0800ab94   0x00000024   Code   RO         1251    .text.osThreadExit  rtx_thread.o
    0x0800abb8   0x0800abb8   0x0000003a   Code   RO         1227    .text.osThreadGetId  rtx_thread.o
    0x0800abf2   0x0800abf2   0x00000002   PAD
    0x0800abf4   0x0800abf4   0x00000072   Code   RO         1219    .text.osThreadNew   rtx_thread.o
    0x0800ac66   0x0800ac66   0x00000002   PAD
    0x0800ac68   0x0800ac68   0x0000008a   Code   RO         1352    .text.osTimerNew    rtx_timer.o
    0x0800acf2   0x0800acf2   0x00000002   PAD
    0x0800acf4   0x0800acf4   0x00000064   Code   RO         1360    .text.osTimerStart  rtx_timer.o
    0x0800ad58   0x0800ad58   0x00000036   Code   RO          834    .text.os_kernel_is_active  rtx_lib.o
    0x0800ad8e   0x0800ad8e   0x00000002   PAD
    0x0800ad90   0x0800ad90   0x00000050   Code   RO          310    .text.svcRtxDelay   rtx_delay.o
    0x0800ade0   0x0800ade0   0x00000116   Code   RO          347    .text.svcRtxEventFlagsNew  rtx_evflags.o
    0x0800aef6   0x0800aef6   0x00000002   PAD
    0x0800aef8   0x0800aef8   0x000000d4   Code   RO          367    .text.svcRtxEventFlagsSet  rtx_evflags.o
    0x0800afcc   0x0800afcc   0x000000d2   Code   RO          373    .text.svcRtxEventFlagsWait  rtx_evflags.o
    0x0800b09e   0x0800b09e   0x00000002   PAD
    0x0800b0a0   0x0800b0a0   0x00000016   Code   RO          757    .text.svcRtxKernelGetState  rtx_kernel.o
    0x0800b0b6   0x0800b0b6   0x00000002   PAD
    0x0800b0b8   0x0800b0b8   0x0000001c   Code   RO          773    .text.svcRtxKernelGetTickCount  rtx_kernel.o
    0x0800b0d4   0x0800b0d4   0x000002f8   Code   RO          787    .text.svcRtxKernelInitialize  rtx_kernel.o
    0x0800b3cc   0x0800b3cc   0x000000da   Code   RO          791    .text.svcRtxKernelStart  rtx_kernel.o
    0x0800b4a6   0x0800b4a6   0x00000002   PAD
    0x0800b4a8   0x0800b4a8   0x00000164   Code   RO         1019    .text.svcRtxMessageQueueGet  rtx_msgqueue.o
    0x0800b60c   0x0800b60c   0x0000029c   Code   RO          959    .text.svcRtxMessageQueueNew  rtx_msgqueue.o
    0x0800b8a8   0x0800b8a8   0x00000158   Code   RO         1009    .text.svcRtxMessageQueuePut  rtx_msgqueue.o
    0x0800ba00   0x0800ba00   0x00000172   Code   RO         1060    .text.svcRtxMutexAcquire  rtx_mutex.o
    0x0800bb72   0x0800bb72   0x00000002   PAD
    0x0800bb74   0x0800bb74   0x0000016e   Code   RO         1068    .text.svcRtxMutexDelete  rtx_mutex.o
    0x0800bce2   0x0800bce2   0x00000002   PAD
    0x0800bce4   0x0800bce4   0x0000011e   Code   RO         1054    .text.svcRtxMutexNew  rtx_mutex.o
    0x0800be02   0x0800be02   0x00000002   PAD
    0x0800be04   0x0800be04   0x0000019c   Code   RO         1064    .text.svcRtxMutexRelease  rtx_mutex.o
    0x0800bfa0   0x0800bfa0   0x00000062   Code   RO         1309    .text.svcRtxThreadExit  rtx_thread.o
    0x0800c002   0x0800c002   0x00000002   PAD
    0x0800c004   0x0800c004   0x00000016   Code   RO         1229    .text.svcRtxThreadGetId  rtx_thread.o
    0x0800c01a   0x0800c01a   0x00000002   PAD
    0x0800c01c   0x0800c01c   0x000003f2   Code   RO         1217    .text.svcRtxThreadNew  rtx_thread.o
    0x0800c40e   0x0800c40e   0x00000002   PAD
    0x0800c410   0x0800c410   0x00000158   Code   RO         1376    .text.svcRtxTimerNew  rtx_timer.o
    0x0800c568   0x0800c568   0x0000009a   Code   RO         1382    .text.svcRtxTimerStart  rtx_timer.o
    0x0800c602   0x0800c602   0x00000002   PAD
    0x0800c604   0x0800c604   0x00000012   Code   RO         1269    .text.xPSR_InitVal  rtx_thread.o
    0x0800c616   0x0800c616   0x00000026   Code   RO         2517    i.__ARM_fpclassifyf  m_wm.l(fpclassifyf.o)
    0x0800c63c   0x0800c63c   0x0000012c   Code   RO         2473    i.__hardfp_asinf    m_wm.l(asinf.o)
    0x0800c768   0x0800c768   0x000002ac   Code   RO         2479    i.__hardfp_atan2f   m_wm.l(atan2f.o)
    0x0800ca14   0x0800ca14   0x0000007a   Code   RO         2485    i.__hardfp_sqrt     m_wm.l(sqrt.o)
    0x0800ca8e   0x0800ca8e   0x00000006   Code   RO         2520    i.__mathlib_flt_infnan  m_wm.l(funder.o)
    0x0800ca94   0x0800ca94   0x00000006   Code   RO         2521    i.__mathlib_flt_infnan2  m_wm.l(funder.o)
    0x0800ca9a   0x0800ca9a   0x00000002   PAD
    0x0800ca9c   0x0800ca9c   0x00000010   Code   RO         2522    i.__mathlib_flt_invalid  m_wm.l(funder.o)
    0x0800caac   0x0800caac   0x00000010   Code   RO         2525    i.__mathlib_flt_underflow  m_wm.l(funder.o)
    0x0800cabc   0x0800cabc   0x0000003e   Code   RO         2535    i.sqrtf             m_wm.l(sqrtf.o)
    0x0800cafa   0x0800cafa   0x00000002   PAD
    0x0800cafc   0x0800cafc   0x00000062   Code   RO         2453    x$fpl$d2f           fz_wm.l(d2f.o)
    0x0800cb5e   0x0800cb5e   0x00000002   PAD
    0x0800cb60   0x0800cb60   0x00000150   Code   RO         2455    x$fpl$dadd          fz_wm.l(daddsub_clz.o)
    0x0800ccb0   0x0800ccb0   0x00000018   Code   RO         2563    x$fpl$dcmpinf       fz_wm.l(dcmpi.o)
    0x0800ccc8   0x0800ccc8   0x000002b4   Code   RO         2464    x$fpl$ddiv          fz_wm.l(ddiv.o)
    0x0800cf7c   0x0800cf7c   0x00000078   Code   RO         2500    x$fpl$deqf          fz_wm.l(deqf.o)
    0x0800cff4   0x0800cff4   0x00000078   Code   RO         2502    x$fpl$dgeqf         fz_wm.l(dgeqf.o)
    0x0800d06c   0x0800d06c   0x00000078   Code   RO         2504    x$fpl$dleqf         fz_wm.l(dleqf.o)
    0x0800d0e4   0x0800d0e4   0x00000154   Code   RO         2467    x$fpl$dmul          fz_wm.l(dmul.o)
    0x0800d238   0x0800d238   0x0000009c   Code   RO         2506    x$fpl$dnaninf       fz_wm.l(dnaninf.o)
    0x0800d2d4   0x0800d2d4   0x0000000c   Code   RO         2508    x$fpl$dretinf       fz_wm.l(dretinf.o)
    0x0800d2e0   0x0800d2e0   0x00000198   Code   RO         2510    x$fpl$dsqrt         fz_wm.l(dsqrt_umaal.o)
    0x0800d478   0x0800d478   0x000001dc   Code   RO         2457    x$fpl$dsub          fz_wm.l(daddsub_clz.o)
    0x0800d654   0x0800d654   0x00000056   Code   RO         2469    x$fpl$f2d           fz_wm.l(f2d.o)
    0x0800d6aa   0x0800d6aa   0x00000054   Code   RO         2461    x$fpl$fcmp          fz_wm.l(dcmp.o)
    0x0800d6fe   0x0800d6fe   0x0000008c   Code   RO         2512    x$fpl$fnaninf       fz_wm.l(fnaninf.o)
    0x0800d78a   0x0800d78a   0x0000001a   Code   RO         2471    x$fpl$fpinit        fz_wm.l(fpinit.o)
    0x0800d7a4   0x0800d7a4   0x0000000a   Code   RO         2514    x$fpl$fretinf       fz_wm.l(fretinf.o)
    0x0800d7ae   0x0800d7ae   0x00000000   Code   RO         2516    x$fpl$usenofp       fz_wm.l(usenofp.o)
    0x0800d7ae   0x0800d7ae   0x00000002   PAD
    0x0800d7b0   0x0800d7b0   0x000000a8   Data   RO          848    .rodata             rtx_lib.o
    0x0800d858   0x0800d858   0x00000001   Data   RO          152    .rodata..L__const.BMX160_InitMagneto.magIfReg  bmx160.o
    0x0800d859   0x0800d859   0x00000001   Data   RO          153    .rodata..L__const.BMX160_InitMagneto.magnetoConfig  bmx160.o
    0x0800d85a   0x0800d85a   0x00000010   Data   RO         2431    .rodata.AHBPrescTable  system_stm32f4xx.o
    0x0800d86a   0x0800d86a   0x00000008   Data   RO         2432    .rodata.APBPrescTable  system_stm32f4xx.o
    0x0800d872   0x0800d872   0x00000008   Data   RO         1601    .rodata.DMA_CalcBaseAndBitshift.flagBitshiftOffset  stm32f4xx_hal_dma.o
    0x0800d87a   0x0800d87a   0x00000002   PAD
    0x0800d87c   0x0800d87c   0x00000024   Data   RO          113    .rodata.IMU_ReadingThreadAttr  ahrs.o
    0x0800d8a0   0x0800d8a0   0x00000010   Data   RO          114    .rodata.IMU_ReadingTimerAttr  ahrs.o
    0x0800d8b0   0x0800d8b0   0x00000010   Data   RO          115    .rodata.IMU_ThreadFlagAttr  ahrs.o
    0x0800d8c0   0x0800d8c0   0x00000004   Data   RO          850    .rodata.osRtxUserSVC  rtx_lib.o
    0x0800d8c4   0x0800d8c4   0x00000024   Data   RO          845    .rodata.os_idle_thread_attr  rtx_lib.o
    0x0800d8e8   0x0800d8e8   0x00000018   Data   RO          847    .rodata.os_timer_mq_attr  rtx_lib.o
    0x0800d900   0x0800d900   0x00000024   Data   RO          846    .rodata.os_timer_thread_attr  rtx_lib.o
    0x0800d924   0x0800d924   0x00000035   Data   RO          112    .rodata.str1.1      ahrs.o
    0x0800d959   0x0800d959   0x0000000b   Data   RO          819    .rodata.str1.1      rtx_kernel.o
    0x0800d964   0x0800d964   0x00000020   Data   RO         2709    Region$$Table       anon$$obj.o


    Execution Region RW_IRAM1 (Exec base: 0x20000000, Load base: 0x0800d988, Size: 0x00017e40, Max: 0x00020000, ABSOLUTE, COMPRESSED[0x000000b0])

    Exec Addr    Load Addr    Size         Type   Attr      Idx    E Section Name        Object

    0x20000000   COMPRESSED   0x00000004   Data   RW          217    .data.COM_I2CChannelHandlers  com_interface.o
    0x20000004   COMPRESSED   0x0000000c   Data   RW          233    .data.EVT_ComRx     com_interface.o
    0x20000010   COMPRESSED   0x0000000c   Data   RW          231    .data.EVT_ComTx     com_interface.o
    0x2000001c   COMPRESSED   0x0000000c   Data   RW          229    .data.MSG_ComRx     com_interface.o
    0x20000028   COMPRESSED   0x0000000c   Data   RW          227    .data.MSG_ComTx     com_interface.o
    0x20000034   COMPRESSED   0x00000004   Data   RW         2430    .data.SystemCoreClock  system_stm32f4xx.o
    0x20000038   COMPRESSED   0x0000000c   Data   RW          237    .data.TID_ComRx     com_interface.o
    0x20000044   COMPRESSED   0x0000000c   Data   RW          236    .data.TID_ComTx     com_interface.o
    0x20000050   COMPRESSED   0x0000000c   Data   RW          225    .data.comPorts      com_interface.o
    0x2000005c   COMPRESSED   0x0000000c   Data   RW          221    .data.comRXBuff     com_interface.o
    0x20000068   COMPRESSED   0x0000000c   Data   RW          235    .data.comRXThreadAttr  com_interface.o
    0x20000074   COMPRESSED   0x0000000c   Data   RW          232    .data.comRxEvenFlagstAttr  com_interface.o
    0x20000080   COMPRESSED   0x0000000c   Data   RW          228    .data.comRxQueueAttr  com_interface.o
    0x2000008c   COMPRESSED   0x0000000c   Data   RW          234    .data.comTXThreadAttr  com_interface.o
    0x20000098   COMPRESSED   0x0000000c   Data   RW          230    .data.comTxEvenFlagstAttr  com_interface.o
    0x200000a4   COMPRESSED   0x0000000c   Data   RW          226    .data.comTxQueueAttr  com_interface.o
    0x200000b0   COMPRESSED   0x000000a4   Data   RW          820    .data.os            rtx_kernel.o
    0x20000154   COMPRESSED   0x00000004   PAD
    0x20000158   COMPRESSED   0x00000020   Data   RW          120    .data.quaternions   ahrs.o
    0x20000178   COMPRESSED   0x0000000c   Data   RW          284    .data.rxMessageState  com_interface.o
    0x20000184   COMPRESSED   0x0000000c   Data   RW          280    .data.txMessageState  com_interface.o
    0x20000190   COMPRESSED   0x00000001   Data   RW         1491    .data.uwTickFreq    stm32f4xx_hal.o
    0x20000191   COMPRESSED   0x00000003   PAD
    0x20000194   COMPRESSED   0x00000004   Data   RW         1490    .data.uwTickPrio    stm32f4xx_hal.o
    0x20000198        -       0x00000060   Zero   RW         2566    .bss                c_w.l(libspace.o)
    0x200001f8        -       0x000000a8   Zero   RW          116    .bss.BMX160         ahrs.o
    0x200002a0        -       0x00000004   Zero   RW          265    .bss.EVT_ComI2CRx   com_interface.o
    0x200002a4        -       0x00000004   Zero   RW          259    .bss.EVT_ComI2CTx   com_interface.o
    0x200002a8        -       0x00000004   Zero   RW          266    .bss.EVT_ComSPIRx   com_interface.o
    0x200002ac        -       0x00000004   Zero   RW          260    .bss.EVT_ComSPITx   com_interface.o
    0x200002b0        -       0x00000004   Zero   RW          267    .bss.EVT_ComUARTRx  com_interface.o
    0x200002b4        -       0x00000004   Zero   RW          261    .bss.EVT_ComUARTTx  com_interface.o
    0x200002b8        -       0x00000004   Zero   RW          117    .bss.EVT_IMU        ahrs.o
    0x200002bc        -       0x00000004   Zero   RW           14    .bss.HAL_GetTick.ticks  main.o
    0x200002c0        -       0x00000004   Zero   RW          253    .bss.MSG_ComI2CRx   com_interface.o
    0x200002c4        -       0x00000004   Zero   RW          247    .bss.MSG_ComI2CTx   com_interface.o
    0x200002c8        -       0x00000004   Zero   RW          254    .bss.MSG_ComSPIRx   com_interface.o
    0x200002cc        -       0x00000004   Zero   RW          248    .bss.MSG_ComSPITx   com_interface.o
    0x200002d0        -       0x00000004   Zero   RW          255    .bss.MSG_ComUARTRx  com_interface.o
    0x200002d4        -       0x00000004   Zero   RW          249    .bss.MSG_ComUARTTx  com_interface.o
    0x200002d8        -       0x00000004   Zero   RW          277    .bss.TID_ComI2CRx   com_interface.o
    0x200002dc        -       0x00000004   Zero   RW          274    .bss.TID_ComI2CTx   com_interface.o
    0x200002e0        -       0x00000004   Zero   RW          278    .bss.TID_ComSPIRx   com_interface.o
    0x200002e4        -       0x00000004   Zero   RW          275    .bss.TID_ComSPITx   com_interface.o
    0x200002e8        -       0x00000004   Zero   RW          279    .bss.TID_ComUARTRx  com_interface.o
    0x200002ec        -       0x00000004   Zero   RW          276    .bss.TID_ComUARTTx  com_interface.o
    0x200002f0        -       0x00000004   Zero   RW          119    .bss.TID_IMU_Reading  ahrs.o
    0x200002f4        -       0x00000004   Zero   RW          118    .bss.TIM_IMU_Reading  ahrs.o
    0x200002f8        -       0x00000002   Zero   RW          222    .bss.comI2CChannels  com_interface.o
    0x200002fa        -       0x00000001   Zero   RW          218    .bss.comI2CRXBuff   com_interface.o
    0x200002fb   COMPRESSED   0x00000001   PAD
    0x200002fc        -       0x00000010   Zero   RW          262    .bss.comI2CRxEventAttr  com_interface.o
    0x2000030c        -       0x00000018   Zero   RW          250    .bss.comI2CRxQueueAttr  com_interface.o
    0x20000324        -       0x00000024   Zero   RW          271    .bss.comI2CRxThreadAttr  com_interface.o
    0x20000348        -       0x00000010   Zero   RW          256    .bss.comI2CTxEventAttr  com_interface.o
    0x20000358        -       0x00000018   Zero   RW          244    .bss.comI2CTxQueueAttr  com_interface.o
    0x20000370        -       0x00000024   Zero   RW          268    .bss.comI2CTxThreadAttr  com_interface.o
    0x20000394        -       0x00000002   Zero   RW          223    .bss.comSPIChannels  com_interface.o
    0x20000396        -       0x00000001   Zero   RW          219    .bss.comSPIRXBuff   com_interface.o
    0x20000397   COMPRESSED   0x00000001   PAD
    0x20000398        -       0x00000010   Zero   RW          263    .bss.comSPIRxEventAttr  com_interface.o
    0x200003a8        -       0x00000018   Zero   RW          251    .bss.comSPIRxQueueAttr  com_interface.o
    0x200003c0        -       0x00000024   Zero   RW          272    .bss.comSPIRxThreadAttr  com_interface.o
    0x200003e4        -       0x00000010   Zero   RW          257    .bss.comSPITxEventAttr  com_interface.o
    0x200003f4        -       0x00000018   Zero   RW          245    .bss.comSPITxQueueAttr  com_interface.o
    0x2000040c        -       0x00000024   Zero   RW          269    .bss.comSPITxThreadAttr  com_interface.o
    0x20000430        -       0x00000002   Zero   RW          224    .bss.comUARTChannels  com_interface.o
    0x20000432        -       0x00000001   Zero   RW          220    .bss.comUARTRXBuff  com_interface.o
    0x20000433   COMPRESSED   0x00000001   PAD
    0x20000434        -       0x00000010   Zero   RW          264    .bss.comUARTRxEventAttr  com_interface.o
    0x20000444        -       0x00000018   Zero   RW          252    .bss.comUARTRxQueueAttr  com_interface.o
    0x2000045c        -       0x00000024   Zero   RW          273    .bss.comUARTRxThreadAttr  com_interface.o
    0x20000480        -       0x00000010   Zero   RW          258    .bss.comUARTTxEventAttr  com_interface.o
    0x20000490        -       0x00000018   Zero   RW          246    .bss.comUARTTxQueueAttr  com_interface.o
    0x200004a8        -       0x00000024   Zero   RW          270    .bss.comUARTTxThreadAttr  com_interface.o
    0x200004cc   COMPRESSED   0x00000004   PAD
    0x200004d0        -       0x00000018   Zero   RW          122    .bss.eulerAngles    ahrs.o
    0x200004e8        -       0x00000060   Zero   RW           69    .bss.hdma_i2c1_rx   i2c.o
    0x20000548        -       0x00000060   Zero   RW           70    .bss.hdma_i2c1_tx   i2c.o
    0x200005a8        -       0x00000054   Zero   RW           68    .bss.hi2c1          i2c.o
    0x200005fc        -       0x00000048   Zero   RW         2409    .bss.htim14         stm32f4xx_hal_timebase_tim.o
    0x20000644        -       0x00000044   Zero   RW           92    .bss.huart2         usart.o
    0x20000688        -       0x00000001   Zero   RW          285    .bss.i2cRxMessageState  com_interface.o
    0x20000689        -       0x00000001   Zero   RW          281    .bss.i2cTxMessageState  com_interface.o
    0x2000068a   COMPRESSED   0x00000006   PAD
    0x20000690        -       0x00016aa0   Zero   RW          844    .bss.os             rtx_lib.o
    0x20017130        -       0x00000001   Zero   RW         1417    .bss.os             os_systick.o
    0x20017131   COMPRESSED   0x00000003   PAD
    0x20017134        -       0x000001f0   Zero   RW          851    .bss.os.libspace    rtx_lib.o
    0x20017324        -       0x00000034   Zero   RW          855    .bss.os.msgqueue.cb  rtx_lib.o
    0x20017358        -       0x00000050   Zero   RW          856    .bss.os.msgqueue.mem  rtx_lib.o
    0x200173a8        -       0x00000088   Zero   RW          852    .bss.os.thread.cb   rtx_lib.o
    0x20017430        -       0x00000200   Zero   RW          853    .bss.os.thread.idle.stack  rtx_lib.o
    0x20017630        -       0x00000200   Zero   RW          854    .bss.os.thread.timer.stack  rtx_lib.o
    0x20017830        -       0x00000001   Zero   RW          857    .bss.os_kernel_is_active.os_kernel_active  rtx_lib.o
    0x20017831        -       0x00000001   Zero   RW          286    .bss.spiRxMessageState  com_interface.o
    0x20017832        -       0x00000001   Zero   RW          282    .bss.spiTxMessageState  com_interface.o
    0x20017833        -       0x00000001   Zero   RW          287    .bss.uartRxMessageState  com_interface.o
    0x20017834        -       0x00000001   Zero   RW          283    .bss.uartTxMessageState  com_interface.o
    0x20017835   COMPRESSED   0x00000003   PAD
    0x20017838        -       0x00000004   Zero   RW         1492    .bss.uwTick         stm32f4xx_hal.o
    0x2001783c   COMPRESSED   0x00000004   PAD
    0x20017840        -       0x00000200   Zero   RW         2417    HEAP                startup_stm32f407xx.o
    0x20017a40        -       0x00000400   Zero   RW         2416    STACK               startup_stm32f407xx.o


==============================================================================

Image component sizes


      Code (inc. data)   RO Data    RW Data    ZI Data      Debug   Object Name

      4828         48        121         32        204      12317   ahrs.o
      1284         28          2          0          0       8296   bmx160.o
      1930          8          0        196        543      11681   com_interface.o
        80          0          0          0          0       3401   dma.o
       168          0          0          0          0       2271   gpio.o
       422          0          0          0        276       7269   i2c.o
       200         12          0          0          0        749   irq_armv7m.o
       384          0          0          0          4       6562   main.o
       204          0          0          0          1       4644   os_systick.o
        54          6          0          0          0        720   rtx_config.o
       230          0          0          0          0       2785   rtx_delay.o
      1730          0          0          0          0      10661   rtx_evflags.o
       716          0          0          0          0      25277   rtx_evr.o
      1544          0         11        164          0      14542   rtx_kernel.o
       362          0        268          0      94621       7545   rtx_lib.o
       710          0          0          0          0       2373   rtx_memory.o
       478          0          0          0          0      12333   rtx_mempool.o
      3014          0          0          0          0      14917   rtx_msgqueue.o
      2214          0          0          0          0       8901   rtx_mutex.o
       940         10          0          0          0       6190   rtx_system.o
      3952          0          0          0          0      26429   rtx_thread.o
      1432          0          0          0          0       8917   rtx_timer.o
        64         26        392          0       1536        888   startup_stm32f407xx.o
        80          0          0          5          4       7438   stm32f4xx_hal.o
       384          0          0          0          0       9758   stm32f4xx_hal_cortex.o
      2094          8          8          0          0       8708   stm32f4xx_hal_dma.o
       996          0          0          0          0       5337   stm32f4xx_hal_gpio.o
     10940          0          0          0          0      37573   stm32f4xx_hal_i2c.o
        74          0          0          0          0       1701   stm32f4xx_hal_msp.o
      2730          0          0          0          0       7831   stm32f4xx_hal_rcc.o
      1486          0          0          0          0      36232   stm32f4xx_hal_tim.o
        16          0          0          0          0      15563   stm32f4xx_hal_tim_ex.o
       240          0          0          0         72       7392   stm32f4xx_hal_timebase_tim.o
      2280          0          0          0          0      20360   stm32f4xx_hal_uart.o
       118          0          0          0          0       1425   stm32f4xx_it.o
       320          0         24          4          0       2647   system_stm32f4xx.o
       226          0          0          0         68       6818   usart.o

    ----------------------------------------------------------------------
     49314        146        860        408      97352     368451   Object Totals
         0          0         32          0          0          0   (incl. Generated)
       390          0          2          7         23          0   (incl. Padding)

    ----------------------------------------------------------------------

      Code (inc. data)   RO Data    RW Data    ZI Data      Debug   Library Member Name

        90          0          0          0          0          0   __dczerorl2.o
         8          0          0          0          0         68   __main.o
         0          0          0          0          0          0   __rtentry.o
        20          0          0          0          0          0   __rtentry2.o
         6          0          0          0          0          0   __rtentry4.o
        52          8          0          0          0          0   __scatter.o
        28          0          0          0          0          0   __scatter_zi.o
        22          0          0          0          0        100   _rserrno.o
        18          0          0          0          0         80   exit.o
         6          0          0          0          0        152   heapauxi.o
         0          0          0          0          0          0   indicate_semi.o
         2          0          0          0          0          0   libinit.o
         6          0          0          0          0          0   libinit2.o
         2          0          0          0          0          0   libshutdown.o
         2          0          0          0          0          0   libshutdown2.o
         8          4          0          0         96         68   libspace.o
       240          0          0          0          0        100   lludivv7m.o
         4          0          0          0          0         68   rt_errno_addr_twolibspace.o
        68          0          0          0          0         68   rt_memclr.o
        78          0          0          0          0         80   rt_memclr_w.o
       138          0          0          0          0         68   rt_memcpy_v6.o
       100          0          0          0          0         80   rt_memcpy_w.o
         2          0          0          0          0          0   rtexit.o
        10          0          0          0          0          0   rtexit2.o
        12          4          0          0          0         68   sys_exit.o
        74          0          0          0          0         80   sys_stackheap_outer.o
         2          0          0          0          0         68   use_no_semi.o
        98          4          0          0          0        140   d2f.o
       812         16          0          0          0        392   daddsub_clz.o
        84          0          0          0          0        244   dcmp.o
        24          0          0          0          0        116   dcmpi.o
       692        140          0          0          0        264   ddiv.o
       120          4          0          0          0        140   deqf.o
       120          4          0          0          0        140   dgeqf.o
       120          4          0          0          0        140   dleqf.o
       340         12          0          0          0        152   dmul.o
       156          4          0          0          0        140   dnaninf.o
        12          0          0          0          0        116   dretinf.o
       408         56          0          0          0        168   dsqrt_umaal.o
        86          4          0          0          0        132   f2d.o
       140          4          0          0          0        132   fnaninf.o
        26          0          0          0          0        116   fpinit.o
        10          0          0          0          0        116   fretinf.o
         0          0          0          0          0          0   usenofp.o
       300         42          0          0          0        176   asinf.o
       684         90          0          0          0        208   atan2f.o
        38          0          0          0          0        116   fpclassifyf.o
        44         12          0          0          0        464   funder.o
       122          0          0          0          0        148   sqrt.o
        62          0          0          0          0        136   sqrtf.o

    ----------------------------------------------------------------------
      5510        412          0          0         96       5044   Library Totals
        14          0          0          0          0          0   (incl. Padding)

    ----------------------------------------------------------------------

      Code (inc. data)   RO Data    RW Data    ZI Data      Debug   Library Name

       998         16          0          0         96       1148   c_w.l
      3248        252          0          0          0       2648   fz_wm.l
      1250        144          0          0          0       1248   m_wm.l

    ----------------------------------------------------------------------
      5510        412          0          0         96       5044   Library Totals

    ----------------------------------------------------------------------

==============================================================================


      Code (inc. data)   RO Data    RW Data    ZI Data      Debug   

     54824        558        860        408      97448     370031   Grand Totals
     54824        558        860        176      97448     370031   ELF Image Totals (compressed)
     54824        558        860        176          0          0   ROM Totals

==============================================================================

    Total RO  Size (Code + RO Data)                55684 (  54.38kB)
    Total RW  Size (RW Data + ZI Data)             97856 (  95.56kB)
    Total ROM Size (Code + RO Data + RW Data)      55860 (  54.55kB)

==============================================================================

