Component: ARM Compiler 6.16 Tool: armlink [5dfeaa00]

==============================================================================

Section Cross References

    bmx160.o(.text.BMX160_CreateSensor) refers to i2c.o(.text.I2C_AsyncMemWrite) for I2C_AsyncMemWrite
    bmx160.o(.text.BMX160_CreateSensor) refers to rtx_delay.o(.text.osDelay) for osDelay
    bmx160.o(.text.BMX160_CreateSensor) refers to bmx160.o(.text.BMX160_InitMagneto) for BMX160_InitMagneto
    bmx160.o(.ARM.exidx.text.BMX160_CreateSensor) refers to bmx160.o(.text.BMX160_CreateSensor) for [Anonymous Symbol]
    bmx160.o(.text.BMX160_InitMagneto) refers to bmx160.o(.rodata..L__const.BMX160_InitMagneto.magIfReg) for .L__const.BMX160_InitMagneto.magIfReg
    bmx160.o(.text.BMX160_InitMagneto) refers to i2c.o(.text.I2C_AsyncMemWrite) for I2C_AsyncMemWrite
    bmx160.o(.text.BMX160_InitMagneto) refers to rtx_delay.o(.text.osDelay) for osDelay
    bmx160.o(.text.BMX160_InitMagneto) refers to bmx160.o(.text.BMX160_SetMagnetoManualConfig) for BMX160_SetMagnetoManualConfig
    bmx160.o(.text.BMX160_InitMagneto) refers to bmx160.o(.rodata..L__const.BMX160_InitMagneto.magnetoConfig) for .L__const.BMX160_InitMagneto.magnetoConfig
    bmx160.o(.ARM.exidx.text.BMX160_InitMagneto) refers to bmx160.o(.text.BMX160_InitMagneto) for [Anonymous Symbol]
    bmx160.o(.text.BMX160_GetRawData) refers to i2c.o(.text.I2C_AsyncMemRead) for I2C_AsyncMemRead
    bmx160.o(.text.BMX160_GetRawData) refers to f2d.o(x$fpl$f2d) for __aeabi_f2d
    bmx160.o(.text.BMX160_GetRawData) refers to dmul.o(x$fpl$dmul) for __aeabi_dmul
    bmx160.o(.text.BMX160_GetRawData) refers to ddiv.o(x$fpl$ddiv) for __aeabi_ddiv
    bmx160.o(.ARM.exidx.text.BMX160_GetRawData) refers to bmx160.o(.text.BMX160_GetRawData) for [Anonymous Symbol]
    bmx160.o(.text.BMX160_SetMagnetoManualConfig) refers to i2c.o(.text.I2C_AsyncMemWrite) for I2C_AsyncMemWrite
    bmx160.o(.ARM.exidx.text.BMX160_SetMagnetoManualConfig) refers to bmx160.o(.text.BMX160_SetMagnetoManualConfig) for [Anonymous Symbol]
    calc.o(.ARM.exidx.text.Calc_GetDiscreteDerivative) refers to calc.o(.text.Calc_GetDiscreteDerivative) for [Anonymous Symbol]
    calc.o(.ARM.exidx.text.Calc_GetDiscreteIntegral) refers to calc.o(.text.Calc_GetDiscreteIntegral) for [Anonymous Symbol]
    pole_placement.o(.text.PolePlc_CreateController) refers to rtx_evflags.o(.text.osEventFlagsNew) for osEventFlagsNew
    pole_placement.o(.text.PolePlc_CreateController) refers to pole_placement.o(.text.PolePlc_PeriodicTimerFunc) for PolePlc_PeriodicTimerFunc
    pole_placement.o(.text.PolePlc_CreateController) refers to rtx_timer.o(.text.osTimerNew) for osTimerNew
    pole_placement.o(.text.PolePlc_CreateController) refers to pole_placement.o(.text.PolePlc_ThreadFunc) for PolePlc_ThreadFunc
    pole_placement.o(.text.PolePlc_CreateController) refers to rtx_thread.o(.text.osThreadNew) for osThreadNew
    pole_placement.o(.text.PolePlc_CreateController) refers to pole_placement.o(.text.PolePlc_EnableController) for PolePlc_EnableController
    pole_placement.o(.ARM.exidx.text.PolePlc_CreateController) refers to pole_placement.o(.text.PolePlc_CreateController) for [Anonymous Symbol]
    pole_placement.o(.text.PolePlc_PeriodicTimerFunc) refers to rtx_evflags.o(.text.osEventFlagsSet) for osEventFlagsSet
    pole_placement.o(.ARM.exidx.text.PolePlc_PeriodicTimerFunc) refers to pole_placement.o(.text.PolePlc_PeriodicTimerFunc) for [Anonymous Symbol]
    pole_placement.o(.text.PolePlc_ThreadFunc) refers to rtx_evflags.o(.text.osEventFlagsWait) for osEventFlagsWait
    pole_placement.o(.text.PolePlc_ThreadFunc) refers to app_main.o(.data.AHRS) for AHRS
    pole_placement.o(.text.PolePlc_ThreadFunc) refers to ahrs.o(.text.AHRS_GetEulerAngles) for AHRS_GetEulerAngles
    pole_placement.o(.text.PolePlc_ThreadFunc) refers to ahrs.o(.text.AHRS_GetEulerAnglesRate) for AHRS_GetEulerAnglesRate
    pole_placement.o(.text.PolePlc_ThreadFunc) refers to ahrs.o(.text.AHRS_GetBodyRateFromEulerAnglesRate) for AHRS_GetBodyRateFromEulerAnglesRate
    pole_placement.o(.text.PolePlc_ThreadFunc) refers to f2d.o(x$fpl$f2d) for __aeabi_f2d
    pole_placement.o(.text.PolePlc_ThreadFunc) refers to dmul.o(x$fpl$dmul) for __aeabi_dmul
    pole_placement.o(.text.PolePlc_ThreadFunc) refers to ddiv.o(x$fpl$ddiv) for __aeabi_ddiv
    pole_placement.o(.text.PolePlc_ThreadFunc) refers to d2f.o(x$fpl$d2f) for __aeabi_d2f
    pole_placement.o(.ARM.exidx.text.PolePlc_ThreadFunc) refers to pole_placement.o(.text.PolePlc_ThreadFunc) for [Anonymous Symbol]
    pole_placement.o(.text.PolePlc_EnableController) refers to rtx_timer.o(.text.osTimerStart) for osTimerStart
    pole_placement.o(.ARM.exidx.text.PolePlc_EnableController) refers to pole_placement.o(.text.PolePlc_EnableController) for [Anonymous Symbol]
    pole_placement.o(.text.PolePlc_DisableController) refers to rtx_timer.o(.text.osTimerStop) for osTimerStop
[...]
    HAL_NVIC_SetPriority                     0x08004101   Thumb Code    50  stm32f4xx_hal_cortex.o(.text.HAL_NVIC_SetPriority)
    HAL_NVIC_SetPriorityGrouping             0x08004135   Thumb Code    16  stm32f4xx_hal_cortex.o(.text.HAL_NVIC_SetPriorityGrouping)
    HAL_RCC_ClockConfig                      0x08004145   Thumb Code   610  stm32f4xx_hal_rcc.o(.text.HAL_RCC_ClockConfig)
    HAL_RCC_GetClockConfig                   0x080043a9   Thumb Code    84  stm32f4xx_hal_rcc.o(.text.HAL_RCC_GetClockConfig)
    HAL_RCC_GetHCLKFreq                      0x080043fd   Thumb Code    12  stm32f4xx_hal_rcc.o(.text.HAL_RCC_GetHCLKFreq)
    HAL_RCC_GetPCLK1Freq                     0x08004409   Thumb Code    34  stm32f4xx_hal_rcc.o(.text.HAL_RCC_GetPCLK1Freq)
    HAL_RCC_GetPCLK2Freq                     0x0800442d   Thumb Code    34  stm32f4xx_hal_rcc.o(.text.HAL_RCC_GetPCLK2Freq)
    HAL_RCC_GetSysClockFreq                  0x08004451   Thumb Code   230  stm32f4xx_hal_rcc.o(.text.HAL_RCC_GetSysClockFreq)
    HAL_RCC_OscConfig                        0x08004539   Thumb Code  1726  stm32f4xx_hal_rcc.o(.text.HAL_RCC_OscConfig)
    HAL_TIMEx_BreakCallback                  0x08004bf9   Thumb Code     8  stm32f4xx_hal_tim_ex.o(.text.HAL_TIMEx_BreakCallback)
    HAL_TIMEx_CommutCallback                 0x08004c01   Thumb Code     8  stm32f4xx_hal_tim_ex.o(.text.HAL_TIMEx_CommutCallback)
    HAL_TIM_Base_Init                        0x08004c09   Thumb Code   156  stm32f4xx_hal_tim.o(.text.HAL_TIM_Base_Init)
    HAL_TIM_Base_MspInit                     0x08004ca5   Thumb Code     8  stm32f4xx_hal_tim.o(.text.HAL_TIM_Base_MspInit)
    HAL_TIM_Base_Start_IT                    0x08004cad   Thumb Code   246  stm32f4xx_hal_tim.o(.text.HAL_TIM_Base_Start_IT)
    HAL_TIM_IC_CaptureCallback               0x08004da5   Thumb Code     8  stm32f4xx_hal_tim.o(.text.HAL_TIM_IC_CaptureCallback)
    HAL_TIM_IRQHandler                       0x08004dad   Thumb Code   634  stm32f4xx_hal_tim.o(.text.HAL_TIM_IRQHandler)
    HAL_TIM_OC_DelayElapsedCallback          0x08005029   Thumb Code     8  stm32f4xx_hal_tim.o(.text.HAL_TIM_OC_DelayElapsedCallback)
    HAL_TIM_PWM_PulseFinishedCallback        0x08005031   Thumb Code     8  stm32f4xx_hal_tim.o(.text.HAL_TIM_PWM_PulseFinishedCallback)
    HAL_TIM_PeriodElapsedCallback            0x08005039   Thumb Code    34  main.o(.text.HAL_TIM_PeriodElapsedCallback)
    HAL_TIM_TriggerCallback                  0x0800505d   Thumb Code     8  stm32f4xx_hal_tim.o(.text.HAL_TIM_TriggerCallback)
    HAL_UARTEx_RxEventCallback               0x08005065   Thumb Code    12  stm32f4xx_hal_uart.o(.text.HAL_UARTEx_RxEventCallback)
    HAL_UART_ErrorCallback                   0x08005071   Thumb Code     8  stm32f4xx_hal_uart.o(.text.HAL_UART_ErrorCallback)
    HAL_UART_IRQHandler                      0x08005079   Thumb Code  1054  stm32f4xx_hal_uart.o(.text.HAL_UART_IRQHandler)
    HAL_UART_Init                            0x08005499   Thumb Code   154  stm32f4xx_hal_uart.o(.text.HAL_UART_Init)
    HAL_UART_MspInit                         0x08005535   Thumb Code   162  usart.o(.text.HAL_UART_MspInit)
    HAL_UART_RxCpltCallback                  0x080055d9   Thumb Code     8  stm32f4xx_hal_uart.o(.text.HAL_UART_RxCpltCallback)
    HAL_UART_TxCpltCallback                  0x080055e1   Thumb Code     8  stm32f4xx_hal_uart.o(.text.HAL_UART_TxCpltCallback)
    HardFault_Handler                        0x080055e9   Thumb Code     4  stm32f4xx_it.o(.text.HardFault_Handler)
    I2C1_ER_IRQHandler                       0x080055ed   Thumb Code    16  stm32f4xx_it.o(.text.I2C1_ER_IRQHandler)
    I2C1_EV_IRQHandler                       0x080055fd   Thumb Code    16  stm32f4xx_it.o(.text.I2C1_EV_IRQHandler)
    I2C_AsyncMemRead                         0x0800560d   Thumb Code    82  i2c.o(.text.I2C_AsyncMemRead)
    I2C_AsyncMemWrite                        0x08005661   Thumb Code    82  i2c.o(.text.I2C_AsyncMemWrite)
    I2C_WaitReceiving                        0x080072f9   Thumb Code    74  i2c.o(.text.I2C_WaitReceiving)
    I2C_WaitSending                          0x08007345   Thumb Code    74  i2c.o(.text.I2C_WaitSending)
    MX_DMA_Init                              0x08007581   Thumb Code    80  dma.o(.text.MX_DMA_Init)
    MX_GPIO_Init                             0x080075d1   Thumb Code   168  gpio.o(.text.MX_GPIO_Init)
    MX_I2C1_Init                             0x08007679   Thumb Code   108  i2c.o(.text.MX_I2C1_Init)
    MX_USART2_UART_Init                      0x080076e5   Thumb Code    64  usart.o(.text.MX_USART2_UART_Init)
    MemManage_Handler                        0x08007749   Thumb Code     4  stm32f4xx_it.o(.text.MemManage_Handler)
    NMI_Handler                              0x08007891   Thumb Code     4  stm32f4xx_it.o(.text.NMI_Handler)
    OS_Tick_AcknowledgeIRQ                   0x08007901   Thumb Code    12  os_systick.o(.text.OS_Tick_AcknowledgeIRQ)
    OS_Tick_Enable                           0x0800790d   Thumb Code    60  os_systick.o(.text.OS_Tick_Enable)
    OS_Tick_GetIRQn                          0x08007949   Thumb Code     6  os_systick.o(.text.OS_Tick_GetIRQn)
    OS_Tick_Setup                            0x08007951   Thumb Code   126  os_systick.o(.text.OS_Tick_Setup)
    PolePlc_CreateController                 0x080079d1   Thumb Code    76  pole_placement.o(.text.PolePlc_CreateController)
    PolePlc_EnableController                 0x08007a1d   Thumb Code    52  pole_placement.o(.text.PolePlc_EnableController)
    SystemClock_Config                       0x08007c2d   Thumb Code   158  main.o(.text.SystemClock_Config)
    SystemCoreClockUpdate                    0x08007ccd   Thumb Code   302  system_stm32f4xx.o(.text.SystemCoreClockUpdate)
    SystemInit                               0x08007dfd   Thumb Code    18  system_stm32f4xx.o(.text.SystemInit)
    TIM8_TRG_COM_TIM14_IRQHandler            0x08007e11   Thumb Code    16  stm32f4xx_it.o(.text.TIM8_TRG_COM_TIM14_IRQHandler)
    TIM_Base_SetConfig                       0x08007e21   Thumb Code   410  stm32f4xx_hal_tim.o(.text.TIM_Base_SetConfig)
    USART2_IRQHandler                        0x08008559   Thumb Code    16  stm32f4xx_it.o(.text.USART2_IRQHandler)
    UsageFault_Handler                       0x08008569   Thumb Code     4  stm32f4xx_it.o(.text.UsageFault_Handler)
    __user_perthread_libspace                0x0800863d   Thumb Code   150  rtx_lib.o(.text.__user_perthread_libspace)
    _mutex_acquire                           0x080086d5   Thumb Code    32  rtx_lib.o(.text._mutex_acquire)
    _mutex_free                              0x080086f5   Thumb Code    18  rtx_lib.o(.text._mutex_free)
    _mutex_initialize                        0x08008709   Thumb Code    50  rtx_lib.o(.text._mutex_initialize)
    _mutex_release                           0x0800873d   Thumb Code    28  rtx_lib.o(.text._mutex_release)
    _platform_post_stackheap_init            0x08008759   Thumb Code     8  rtx_lib.o(.text._platform_post_stackheap_init)
    main                                     0x08008d05   Thumb Code    66  main.o(.text.main)
    osDelay                                  0x08008d49   Thumb Code    84  rtx_delay.o(.text.osDelay)
    osEventFlagsNew                          0x08008d9d   Thumb Code    86  rtx_evflags.o(.text.osEventFlagsNew)
    osEventFlagsSet                          0x08008df5   Thumb Code    94  rtx_evflags.o(.text.osEventFlagsSet)
    osEventFlagsWait                         0x08008e55   Thumb Code   126  rtx_evflags.o(.text.osEventFlagsWait)
    osKernelGetState                         0x08008ed5   Thumb Code    66  rtx_kernel.o(.text.osKernelGetState)
    osKernelGetTickCount                     0x08008f19   Thumb Code    58  rtx_kernel.o(.text.osKernelGetTickCount)
    osKernelInitialize                       0x08008f55   Thumb Code    74  rtx_kernel.o(.text.osKernelInitialize)
    osKernelStart                            0x08008fa1   Thumb Code    70  rtx_kernel.o(.text.osKernelStart)
    osMessageQueueGet                        0x08008fe9   Thumb Code   126  rtx_msgqueue.o(.text.osMessageQueueGet)
    osMessageQueuePut                        0x08009069   Thumb Code   138  rtx_msgqueue.o(.text.osMessageQueuePut)
    osMutexAcquire                           0x080090f5   Thumb Code   100  rtx_mutex.o(.text.osMutexAcquire)
    osMutexDelete                            0x08009159   Thumb Code    86  rtx_mutex.o(.text.osMutexDelete)
    osMutexNew                               0x080091b1   Thumb Code    86  rtx_mutex.o(.text.osMutexNew)
    osMutexRelease                           0x08009209   Thumb Code    86  rtx_mutex.o(.text.osMutexRelease)
    osRtxErrorNotify                         0x08009261   Thumb Code    46  rtx_config.o(.text.osRtxErrorNotify)
    osRtxIdleThread                          0x08009305   Thumb Code     8  rtx_config.o(.text.osRtxIdleThread)
    osRtxKernelErrorNotify                   0x0800930d   Thumb Code    28  rtx_kernel.o(.text.osRtxKernelErrorNotify)
    osRtxKernelPreInit                       0x08009341   Thumb Code     2  rtx_kernel.o(.text.osRtxKernelPreInit)
    osRtxMemoryAlloc                         0x08009351   Thumb Code   332  rtx_memory.o(.text.osRtxMemoryAlloc)
    osRtxMemoryFree                          0x0800949d   Thumb Code   194  rtx_memory.o(.text.osRtxMemoryFree)
    osRtxMemoryInit                          0x08009561   Thumb Code   150  rtx_memory.o(.text.osRtxMemoryInit)
    osRtxMemoryPoolAlloc                     0x080095f9   Thumb Code    74  rtx_mempool.o(.text.osRtxMemoryPoolAlloc)
    osRtxMemoryPoolFree                      0x08009645   Thumb Code   100  rtx_mempool.o(.text.osRtxMemoryPoolFree)
    osRtxMemoryPoolInit                      0x080096a9   Thumb Code   152  rtx_mempool.o(.text.osRtxMemoryPoolInit)
    osRtxMessageQueueTimerSetup              0x080098a9   Thumb Code    62  rtx_msgqueue.o(.text.osRtxMessageQueueTimerSetup)
    osRtxMutexOwnerRelease                   0x08009901   Thumb Code   152  rtx_mutex.o(.text.osRtxMutexOwnerRelease)
    osRtxMutexOwnerRestore                   0x08009999   Thumb Code   172  rtx_mutex.o(.text.osRtxMutexOwnerRestore)
    osRtxPendSV_Handler                      0x08009a81   Thumb Code   184  rtx_system.o(.text.osRtxPendSV_Handler)
    osRtxPostProcess                         0x08009b39   Thumb Code    66  rtx_system.o(.text.osRtxPostProcess)
    osRtxThreadDelayTick                     0x08009da9   Thumb Code   336  rtx_thread.o(.text.osRtxThreadDelayTick)
    osRtxThreadDispatch                      0x08009f59   Thumb Code   150  rtx_thread.o(.text.osRtxThreadDispatch)
    osRtxThreadListGet                       0x0800a111   Thumb Code    54  rtx_thread.o(.text.osRtxThreadListGet)
    osRtxThreadListPut                       0x0800a149   Thumb Code   118  rtx_thread.o(.text.osRtxThreadListPut)
    osRtxThreadListRemove                    0x0800a1c1   Thumb Code    50  rtx_thread.o(.text.osRtxThreadListRemove)
    osRtxThreadListSort                      0x0800a219   Thumb Code    88  rtx_thread.o(.text.osRtxThreadListSort)
    osRtxThreadReadyPut                      0x0800a2cd   Thumb Code    32  rtx_thread.o(.text.osRtxThreadReadyPut)
    osRtxThreadRegPtr                        0x0800a2ed   Thumb Code    34  rtx_thread.o(.text.osRtxThreadRegPtr)
    osRtxThreadStartup                       0x0800a339   Thumb Code   150  rtx_thread.o(.text.osRtxThreadStartup)
    osRtxThreadSwitch                        0x0800a3d1   Thumb Code    34  rtx_thread.o(.text.osRtxThreadSwitch)
    osRtxThreadWaitEnter                     0x0800a3f5   Thumb Code   118  rtx_thread.o(.text.osRtxThreadWaitEnter)
    osRtxThreadWaitExit                      0x0800a46d   Thumb Code    70  rtx_thread.o(.text.osRtxThreadWaitExit)
    osRtxTick_Handler                        0x0800a4b5   Thumb Code   272  rtx_system.o(.text.osRtxTick_Handler)
    osRtxTimerSetup                          0x0800a5d1   Thumb Code    48  rtx_timer.o(.text.osRtxTimerSetup)
    osRtxTimerThread                         0x0800a601   Thumb Code    50  rtx_timer.o(.text.osRtxTimerThread)
    osThreadExit                             0x0800a711   Thumb Code    36  rtx_thread.o(.text.osThreadExit)
    osThreadGetId                            0x0800a735   Thumb Code    58  rtx_thread.o(.text.osThreadGetId)
    osThreadNew                              0x0800a771   Thumb Code   114  rtx_thread.o(.text.osThreadNew)
    osTimerNew                               0x0800a7e5   Thumb Code   138  rtx_timer.o(.text.osTimerNew)
    osTimerStart                             0x0800a871   Thumb Code   100  rtx_timer.o(.text.osTimerStart)
    __ARM_fpclassifyf                        0x0800c193   Thumb Code    38  fpclassifyf.o(i.__ARM_fpclassifyf)
    __hardfp_asinf                           0x0800c1b9   Thumb Code   258  asinf.o(i.__hardfp_asinf)
    __hardfp_atan2f                          0x0800c2e5   Thumb Code   594  atan2f.o(i.__hardfp_atan2f)
    __hardfp_cosf                            0x0800c591   Thumb Code   280  cosf.o(i.__hardfp_cosf)
    __hardfp_sinf                            0x0800c6e1   Thumb Code   344  sinf.o(i.__hardfp_sinf)
    __hardfp_sqrt                            0x0800c871   Thumb Code   122  sqrt.o(i.__hardfp_sqrt)
    __mathlib_flt_infnan                     0x0800c8eb   Thumb Code     6  funder.o(i.__mathlib_flt_infnan)
    __mathlib_flt_infnan2                    0x0800c8f1   Thumb Code     6  funder.o(i.__mathlib_flt_infnan2)
    __mathlib_flt_invalid                    0x0800c8f9   Thumb Code    10  funder.o(i.__mathlib_flt_invalid)
    __mathlib_flt_underflow                  0x0800c909   Thumb Code    10  funder.o(i.__mathlib_flt_underflow)
    __mathlib_rredf2                         0x0800c919   Thumb Code   316  rredf.o(i.__mathlib_rredf2)
    sqrtf                                    0x0800ca6d   Thumb Code    62  sqrtf.o(i.sqrtf)
    __aeabi_d2f                              0x0800caad   Thumb Code     0  d2f.o(x$fpl$d2f)
    _d2f                                     0x0800caad   Thumb Code    98  d2f.o(x$fpl$d2f)
    __aeabi_dadd                             0x0800cb11   Thumb Code     0  daddsub_clz.o(x$fpl$dadd)
    _dadd                                    0x0800cb11   Thumb Code   332  daddsub_clz.o(x$fpl$dadd)
    __aeabi_ddiv                             0x0800cc61   Thumb Code     0  ddiv.o(x$fpl$ddiv)
    _ddiv                                    0x0800cc61   Thumb Code   556  ddiv.o(x$fpl$ddiv)
    __aeabi_dmul                             0x0800cf15   Thumb Code     0  dmul.o(x$fpl$dmul)
    _dmul                                    0x0800cf15   Thumb Code   332  dmul.o(x$fpl$dmul)
    __fpl_dnaninf                            0x0800d069   Thumb Code   156  dnaninf.o(x$fpl$dnaninf)
    __fpl_dretinf                            0x0800d105   Thumb Code    12  dretinf.o(x$fpl$dretinf)
    _dsqrt                                   0x0800d111   Thumb Code   404  dsqrt_umaal.o(x$fpl$dsqrt)
    __aeabi_dsub                             0x0800d2a9   Thumb Code     0  daddsub_clz.o(x$fpl$dsub)
    _dsub                                    0x0800d2a9   Thumb Code   472  daddsub_clz.o(x$fpl$dsub)
    __aeabi_f2d                              0x0800d485   Thumb Code     0  f2d.o(x$fpl$f2d)
    _f2d                                     0x0800d485   Thumb Code    86  f2d.o(x$fpl$f2d)
    __fpl_fnaninf                            0x0800d4db   Thumb Code   140  fnaninf.o(x$fpl$fnaninf)
    $Super$$_fp_init                         0x0800d567   Thumb Code    26  fpinit.o(x$fpl$fpinit)
    __fplib_config_fpu_vfp                   0x0800d57f   Thumb Code     0  fpinit.o(x$fpl$fpinit)
    __fplib_config_pureend_doubles           0x0800d57f   Thumb Code     0  fpinit.o(x$fpl$fpinit)
    __fpl_fretinf                            0x0800d581   Thumb Code    10  fretinf.o(x$fpl$fretinf)
    __I$use$fp                               0x0800d58a   Number         0  usenofp.o(x$fpl$usenofp)
    osRtxConfig                              0x0800d5ac   Data         112  rtx_lib.o(.rodata)
    os_cb_sections                           0x0800d61c   Data          56  rtx_lib.o(.rodata)
    AHBPrescTable                            0x0800d656   Data          16  system_stm32f4xx.o(.rodata.AHBPrescTable)
    APBPrescTable                            0x0800d666   Data           8  system_stm32f4xx.o(.rodata.APBPrescTable)
    osRtxUserSVC                             0x0800d678   Data           4  rtx_lib.o(.rodata.osRtxUserSVC)
    Region$$Table$$Base                      0x0800d6e8   Number         0  anon$$obj.o(Region$$Table)
    Region$$Table$$Limit                     0x0800d708   Number         0  anon$$obj.o(Region$$Table)
    AHRS                                     0x20000000   Data         112  app_main.o(.data.AHRS)
    BMX160                                   0x20000070   Data         104  app_main.o(.data.BMX160)
    PolePlacement                            0x200000d8   Data         404  app_main.o(.data.PolePlacement)
    SystemCoreClock                          0x2000026c   Data           4  system_stm32f4xx.o(.data.SystemCoreClock)
    osRtxInfo                                0x20000270   Data         164  rtx_kernel.o(.data.os)
    uwTickFreq                               0x20000314   Data           1  stm32f4xx_hal.o(.data.uwTickFreq)
    uwTickPrio                               0x20000318   Data           4  stm32f4xx_hal.o(.data.uwTickPrio)
    __libspace_start                         0x20000320   Data          96  libspace.o(.bss)
    EVT_I2C1_RX                              0x20000380   Data           4  i2c.o(.bss.EVT_I2C1_RX)
    __temporary_stack_top$libspace           0x20000380   Data           0  libspace.o(.bss)
    EVT_I2C1_TX                              0x20000384   Data           4  i2c.o(.bss.EVT_I2C1_TX)
    hdma_i2c1_rx                             0x2000038c   Data          96  i2c.o(.bss.hdma_i2c1_rx)
    hdma_i2c1_tx                             0x200003ec   Data          96  i2c.o(.bss.hdma_i2c1_tx)
    hi2c1                                    0x2000044c   Data          84  i2c.o(.bss.hi2c1)
    htim14                                   0x200004a0   Data          72  stm32f4xx_hal_timebase_tim.o(.bss.htim14)
    huart2                                   0x200004e8   Data          68  usart.o(.bss.huart2)
    .bss.os.msgqueue.cb$$Base                0x200171c4   Number         0  rtx_lib.o(.bss.os.msgqueue.cb)
    .bss.os.msgqueue.cb$$Limit               0x200171f8   Number         0  rtx_lib.o(.bss.os.msgqueue.cb)
    .bss.os.thread.cb$$Base                  0x20017248   Number         0  rtx_lib.o(.bss.os.thread.cb)
    .bss.os.thread.cb$$Limit                 0x200172d0   Number         0  rtx_lib.o(.bss.os.thread.cb)
    uwTick                                   0x200176d4   Data           4  stm32f4xx_hal.o(.bss.uwTick)



==============================================================================

Memory Map of the image

  Image Entry point : 0x08000189

  Load Region LR_IROM1 (Base: 0x08000000, Size: 0x0000da28, Max: 0x00100000, ABSOLUTE, COMPRESSED[0x0000d738])

    Execution Region ER_IROM1 (Exec base: 0x08000000, Load base: 0x08000000, Size: 0x0000d708, Max: 0x00100000, ABSOLUTE)

    Exec Addr    Load Addr    Size         Type   Attr      Idx    E Section Name        Object

    0x08000000   0x08000000   0x00000188   Data   RO         2310    RESET               startup_stm32f407xx.o
    0x08000188   0x08000188   0x00000008   Code   RO         2343  * !!!main             c_w.l(__main.o)
    0x08000190   0x08000190   0x00000034   Code   RO         2609    !!!scatter          c_w.l(__scatter.o)
    0x080001c4   0x080001c4   0x0000003a   Code   RO         2607    !!dczerorl          c_w.l(__dczerorl.o)
    0x080001fe   0x080001fe   0x00000002   PAD
    0x08000200   0x08000200   0x0000001c   Code   RO         2611    !!handler_zi        c_w.l(__scatter_zi.o)
    0x0800021c   0x0800021c   0x00000002   Code   RO         2476    .ARM.Collect$$libinit$$00000000  c_w.l(libinit.o)
    0x0800021e   0x0800021e   0x00000004   Code   RO         2485    .ARM.Collect$$libinit$$00000001  c_w.l(libinit2.o)
    0x08000222   0x08000222   0x00000000   Code   RO         2488    .ARM.Collect$$libinit$$00000004  c_w.l(libinit2.o)
    0x08000222   0x08000222   0x00000000   Code   RO         2491    .ARM.Collect$$libinit$$0000000A  c_w.l(libinit2.o)
    0x08000222   0x08000222   0x00000000   Code   RO         2493    .ARM.Collect$$libinit$$0000000C  c_w.l(libinit2.o)
    0x08000222   0x08000222   0x00000000   Code   RO         2495    .ARM.Collect$$libinit$$0000000E  c_w.l(libinit2.o)
    0x08000222   0x08000222   0x00000000   Code   RO         2498    .ARM.Collect$$libinit$$00000011  c_w.l(libinit2.o)
    0x08000222   0x08000222   0x00000000   Code   RO         2500    .ARM.Collect$$libinit$$00000013  c_w.l(libinit2.o)
    0x08000222   0x08000222   0x00000000   Code   RO         2502    .ARM.Collect$$libinit$$00000015  c_w.l(libinit2.o)
    0x08000222   0x08000222   0x00000000   Code   RO         2504    .ARM.Collect$$libinit$$00000017  c_w.l(libinit2.o)
    0x08000222   0x08000222   0x00000000   Code   RO         2506    .ARM.Collect$$libinit$$00000019  c_w.l(libinit2.o)
    0x08000222   0x08000222   0x00000000   Code   RO         2508    .ARM.Collect$$libinit$$0000001B  c_w.l(libinit2.o)
    0x08000222   0x08000222   0x00000000   Code   RO         2510    .ARM.Collect$$libinit$$0000001D  c_w.l(libinit2.o)
    0x08000222   0x08000222   0x00000000   Code   RO         2512    .ARM.Collect$$libinit$$0000001F  c_w.l(libinit2.o)
    0x08000222   0x08000222   0x00000000   Code   RO         2514    .ARM.Collect$$libinit$$00000021  c_w.l(libinit2.o)
    0x08000222   0x08000222   0x00000000   Code   RO         2516    .ARM.Collect$$libinit$$00000023  c_w.l(libinit2.o)
    0x08000222   0x08000222   0x00000000   Code   RO         2518    .ARM.Collect$$libinit$$00000025  c_w.l(libinit2.o)
    0x08000222   0x08000222   0x00000000   Code   RO         2522    .ARM.Collect$$libinit$$0000002C  c_w.l(libinit2.o)
    0x08000222   0x08000222   0x00000000   Code   RO         2524    .ARM.Collect$$libinit$$0000002E  c_w.l(libinit2.o)
    0x08000222   0x08000222   0x00000000   Code   RO         2526    .ARM.Collect$$libinit$$00000030  c_w.l(libinit2.o)
    0x08000222   0x08000222   0x00000000   Code   RO         2528    .ARM.Collect$$libinit$$00000032  c_w.l(libinit2.o)
    0x08000222   0x08000222   0x00000002   Code   RO         2529    .ARM.Collect$$libinit$$00000033  c_w.l(libinit2.o)
    0x08000224   0x08000224   0x00000002   Code   RO         2562    .ARM.Collect$$libshutdown$$00000000  c_w.l(libshutdown.o)
    0x08000226   0x08000226   0x00000000   Code   RO         2590    .ARM.Collect$$libshutdown$$00000002  c_w.l(libshutdown2.o)
    0x08000226   0x08000226   0x00000000   Code   RO         2592    .ARM.Collect$$libshutdown$$00000004  c_w.l(libshutdown2.o)
    0x08000226   0x08000226   0x00000000   Code   RO         2595    .ARM.Collect$$libshutdown$$00000007  c_w.l(libshutdown2.o)
    0x08000226   0x08000226   0x00000000   Code   RO         2598    .ARM.Collect$$libshutdown$$0000000A  c_w.l(libshutdown2.o)
    0x08000226   0x08000226   0x00000000   Code   RO         2600    .ARM.Collect$$libshutdown$$0000000C  c_w.l(libshutdown2.o)
    0x08000226   0x08000226   0x00000000   Code   RO         2603    .ARM.Collect$$libshutdown$$0000000F  c_w.l(libshutdown2.o)
    0x08000226   0x08000226   0x00000002   Code   RO         2604    .ARM.Collect$$libshutdown$$00000010  c_w.l(libshutdown2.o)
    0x08000228   0x08000228   0x00000000   Code   RO         2393    .ARM.Collect$$rtentry$$00000000  c_w.l(__rtentry.o)
    0x08000228   0x08000228   0x00000000   Code   RO         2439    .ARM.Collect$$rtentry$$00000002  c_w.l(__rtentry2.o)
    0x08000228   0x08000228   0x00000006   Code   RO         2451    .ARM.Collect$$rtentry$$00000004  c_w.l(__rtentry4.o)
    0x0800022e   0x0800022e   0x00000008   Code   RO         2440    .ARM.Collect$$rtentry$$00000008  c_w.l(__rtentry2.o)
    0x08000236   0x08000236   0x00000004   Code   RO         2442    .ARM.Collect$$rtentry$$0000000A  c_w.l(__rtentry2.o)
    0x0800023a   0x0800023a   0x00000000   Code   RO         2444    .ARM.Collect$$rtentry$$0000000C  c_w.l(__rtentry2.o)
    0x0800023a   0x0800023a   0x00000008   Code   RO         2445    .ARM.Collect$$rtentry$$0000000D  c_w.l(__rtentry2.o)
    0x08000242   0x08000242   0x00000002   Code   RO         2477    .ARM.Collect$$rtexit$$00000000  c_w.l(rtexit.o)
    0x08000244   0x08000244   0x00000000   Code   RO         2535    .ARM.Collect$$rtexit$$00000002  c_w.l(rtexit2.o)
    0x08000244   0x08000244   0x00000004   Code   RO         2536    .ARM.Collect$$rtexit$$00000003  c_w.l(rtexit2.o)
    0x08000248   0x08000248   0x00000006   Code   RO         2537    .ARM.Collect$$rtexit$$00000004  c_w.l(rtexit2.o)
    0x0800024e   0x0800024e   0x00000002   PAD
    0x08000250   0x08000250   0x000000c8   Code   RO          186    .text               irq_armv7m.o
    0x08000318   0x08000318   0x00000040   Code   RO         2311    .text               startup_stm32f407xx.o
    0x08000358   0x08000358   0x000000f0   Code   RO         2333    .text               c_w.l(lludivv7m.o)
    0x08000448   0x08000448   0x0000008a   Code   RO         2335    .text               c_w.l(rt_memcpy_v6.o)
    0x080004d2   0x080004d2   0x00000044   Code   RO         2337    .text               c_w.l(rt_memclr.o)
    0x08000516   0x08000516   0x0000004e   Code   RO         2339    .text               c_w.l(rt_memclr_w.o)
    0x08000564   0x08000564   0x00000006   Code   RO         2341    .text               c_w.l(heapauxi.o)
    0x0800056a   0x0800056a   0x00000016   Code   RO         2398    .text               c_w.l(_rserrno.o)
    0x08000580   0x08000580   0x00000064   Code   RO         2400    .text               c_w.l(rt_memcpy_w.o)
    0x080005e4   0x080005e4   0x00000004   Code   RO         2460    .text               c_w.l(rt_errno_addr_twolibspace.o)
    0x080005e8   0x080005e8   0x00000008   Code   RO         2462    .text               c_w.l(libspace.o)
    0x080005f0   0x080005f0   0x0000004a   Code   RO         2465    .text               c_w.l(sys_stackheap_outer.o)
    0x0800063a   0x0800063a   0x00000012   Code   RO         2467    .text               c_w.l(exit.o)
    0x0800064c   0x0800064c   0x0000000c   Code   RO         2530    .text               c_w.l(sys_exit.o)
    0x08000658   0x08000658   0x00000002   Code   RO         2551    .text               c_w.l(use_no_semi.o)
    0x0800065a   0x0800065a   0x00000000   Code   RO         2553    .text               c_w.l(indicate_semi.o)
    0x0800065a   0x0800065a   0x00000002   PAD
    0x0800065c   0x0800065c   0x00000016   Code   RO          722    .text.$Sub$$_fp_init  rtx_lib.o
    0x08000672   0x08000672   0x00000002   PAD
    0x08000674   0x08000674   0x00000114   Code   RO          178    .text.AHRS_GetBodyRateFromEulerAnglesRate  ahrs.o
    0x08000788   0x08000788   0x000000ce   Code   RO          170    .text.AHRS_GetEulerAngles  ahrs.o
    0x08000856   0x08000856   0x00000002   PAD
    0x08000858   0x08000858   0x00000058   Code   RO          176    .text.AHRS_GetEulerAnglesRate  ahrs.o
    0x080008b0   0x080008b0   0x00000c78   Code   RO          172    .text.AHRS_GetMadgwickQuaternion  ahrs.o
    0x08001528   0x08001528   0x000003d4   Code   RO          174    .text.AHRS_QuaternionToEulerAngles  ahrs.o
    0x080018fc   0x080018fc   0x00000042   Code   RO          159    .text.APP_Main      app_main.o
    0x0800193e   0x0800193e   0x00000002   PAD
    0x08001940   0x08001940   0x000000bc   Code   RO            2    .text.BMX160_CreateSensor  bmx160.o
    0x080019fc   0x080019fc   0x00000004   PAD
    0x08001a00   0x08001a00   0x000002bc   Code   RO            6    .text.BMX160_GetRawData  bmx160.o
    0x08001cbc   0x08001cbc   0x00000126   Code   RO            4    .text.BMX160_InitMagneto  bmx160.o
    0x08001de2   0x08001de2   0x00000002   PAD
    0x08001de4   0x08001de4   0x0000005c   Code   RO            8    .text.BMX160_SetMagnetoManualConfig  bmx160.o
    0x08001e40   0x08001e40   0x00000004   Code   RO           74    .text.BusFault_Handler  stm32f4xx_it.o
    0x08001e44   0x08001e44   0x00000034   Code   RO           19    .text.Calc_GetDiscreteDerivative  calc.o
    0x08001e78   0x08001e78   0x00000010   Code   RO           80    .text.DMA1_Stream0_IRQHandler  stm32f4xx_it.o
    0x08001e88   0x08001e88   0x00000010   Code   RO           82    .text.DMA1_Stream6_IRQHandler  stm32f4xx_it.o
    0x08001e98   0x08001e98   0x00000056   Code   RO         1467    .text.DMA_CalcBaseAndBitshift  stm32f4xx_hal_dma.o
    0x08001eee   0x08001eee   0x00000002   PAD
    0x08001ef0   0x08001ef0   0x000000f0   Code   RO         1465    .text.DMA_CheckFifoParam  stm32f4xx_hal_dma.o
    0x08001fe0   0x08001fe0   0x00000050   Code   RO         1473    .text.DMA_SetConfig  stm32f4xx_hal_dma.o
    0x08002030   0x08002030   0x00000002   Code   RO           78    .text.DebugMon_Handler  stm32f4xx_it.o
    0x08002032   0x08002032   0x00000002   PAD
    0x08002034   0x08002034   0x00000006   Code   RO           55    .text.Error_Handler  main.o
    0x0800203a   0x0800203a   0x00000002   PAD
    0x0800203c   0x0800203c   0x0000007c   Code   RO          243    .text.EventFlagsCheck  rtx_evflags.o
    0x080020b8   0x080020b8   0x0000001a   Code   RO          253    .text.EventFlagsSet  rtx_evflags.o
    0x080020d2   0x080020d2   0x00000002   PAD
    0x080020d4   0x080020d4   0x00000008   Code   RO          420    .text.EvrRtxDelay   rtx_evr.o
    0x080020dc   0x080020dc   0x00000008   Code   RO          428    .text.EvrRtxDelayCompleted  rtx_evr.o
    0x080020e4   0x080020e4   0x00000008   Code   RO          418    .text.EvrRtxDelayError  rtx_evr.o
    0x080020ec   0x080020ec   0x00000008   Code   RO          424    .text.EvrRtxDelayStarted  rtx_evr.o
    0x080020f4   0x080020f4   0x0000000a   Code   RO          458    .text.EvrRtxEventFlagsCreated  rtx_evr.o
    0x080020fe   0x080020fe   0x00000002   PAD
    0x08002100   0x08002100   0x0000000a   Code   RO          454    .text.EvrRtxEventFlagsError  rtx_evr.o
    0x0800210a   0x0800210a   0x00000002   PAD
    0x0800210c   0x0800210c   0x00000008   Code   RO          456    .text.EvrRtxEventFlagsNew  rtx_evr.o
    0x08002114   0x08002114   0x0000000a   Code   RO          462    .text.EvrRtxEventFlagsSet  rtx_evr.o
    0x0800211e   0x0800211e   0x00000002   PAD
    0x08002120   0x08002120   0x0000000a   Code   RO          464    .text.EvrRtxEventFlagsSetDone  rtx_evr.o
    0x0800212a   0x0800212a   0x00000002   PAD
    0x0800212c   0x0800212c   0x0000000e   Code   RO          472    .text.EvrRtxEventFlagsWait  rtx_evr.o
    0x0800213a   0x0800213a   0x00000002   PAD
    0x0800213c   0x0800213c   0x0000000e   Code   RO          478    .text.EvrRtxEventFlagsWaitCompleted  rtx_evr.o
    0x0800214a   0x0800214a   0x00000002   PAD
    0x0800214c   0x0800214c   0x0000000c   Code   RO          480    .text.EvrRtxEventFlagsWaitNotCompleted  rtx_evr.o
    0x08002158   0x08002158   0x0000000e   Code   RO          474    .text.EvrRtxEventFlagsWaitPending  rtx_evr.o
    0x08002166   0x08002166   0x00000002   PAD
    0x08002168   0x08002168   0x00000008   Code   RO          476    .text.EvrRtxEventFlagsWaitTimeout  rtx_evr.o
    0x08002170   0x08002170   0x00000008   Code   RO          290    .text.EvrRtxKernelError  rtx_evr.o
    0x08002178   0x08002178   0x0000000a   Code   RO          334    .text.EvrRtxKernelErrorNotify  rtx_evr.o
    0x08002182   0x08002182   0x00000002   PAD
    0x08002184   0x08002184   0x00000008   Code   RO          300    .text.EvrRtxKernelGetState  rtx_evr.o
    0x0800218c   0x0800218c   0x00000008   Code   RO          326    .text.EvrRtxKernelGetTickCount  rtx_evr.o
    0x08002194   0x08002194   0x00000002   Code   RO          292    .text.EvrRtxKernelInitialize  rtx_evr.o
    0x08002196   0x08002196   0x00000002   PAD
    0x08002198   0x08002198   0x00000002   Code   RO          294    .text.EvrRtxKernelInitialized  rtx_evr.o
    0x0800219a   0x0800219a   0x00000002   PAD
    0x0800219c   0x0800219c   0x00000002   Code   RO          302    .text.EvrRtxKernelStart  rtx_evr.o
    0x0800219e   0x0800219e   0x00000002   PAD
    0x080021a0   0x080021a0   0x00000002   Code   RO          304    .text.EvrRtxKernelStarted  rtx_evr.o
    0x080021a2   0x080021a2   0x00000002   PAD
    0x080021a4   0x080021a4   0x0000000e   Code   RO          280    .text.EvrRtxMemoryAlloc  rtx_evr.o
    0x080021b2   0x080021b2   0x00000002   PAD
    0x080021b4   0x080021b4   0x0000000a   Code   RO          286    .text.EvrRtxMemoryBlockAlloc  rtx_evr.o
    0x080021be   0x080021be   0x00000002   PAD
    0x080021c0   0x080021c0   0x0000000c   Code   RO          288    .text.EvrRtxMemoryBlockFree  rtx_evr.o
    0x080021cc   0x080021cc   0x0000000e   Code   RO          284    .text.EvrRtxMemoryBlockInit  rtx_evr.o
    0x080021da   0x080021da   0x00000002   PAD
    0x080021dc   0x080021dc   0x0000000c   Code   RO          282    .text.EvrRtxMemoryFree  rtx_evr.o
    0x080021e8   0x080021e8   0x0000000c   Code   RO          278    .text.EvrRtxMemoryInit  rtx_evr.o
    0x080021f4   0x080021f4   0x00000008   Code   RO          554    .text.EvrRtxMemoryPoolAllocTimeout  rtx_evr.o
    0x080021fc   0x080021fc   0x0000000a   Code   RO          582    .text.EvrRtxMessageQueueCreated  rtx_evr.o
    0x08002206   0x08002206   0x00000002   PAD
    0x08002208   0x08002208   0x0000000a   Code   RO          578    .text.EvrRtxMessageQueueError  rtx_evr.o
    0x08002212   0x08002212   0x00000002   PAD
    0x08002214   0x08002214   0x0000000e   Code   RO          598    .text.EvrRtxMessageQueueGet  rtx_evr.o
    0x08002222   0x08002222   0x00000002   PAD
    0x08002224   0x08002224   0x0000000c   Code   RO          600    .text.EvrRtxMessageQueueGetPending  rtx_evr.o
    0x08002230   0x08002230   0x00000008   Code   RO          602    .text.EvrRtxMessageQueueGetTimeout  rtx_evr.o
    0x08002238   0x08002238   0x0000000a   Code   RO          592    .text.EvrRtxMessageQueueInsertPending  rtx_evr.o
    0x08002242   0x08002242   0x00000002   PAD
    0x08002244   0x08002244   0x0000000a   Code   RO          594    .text.EvrRtxMessageQueueInserted  rtx_evr.o
    0x0800224e   0x0800224e   0x00000002   PAD
    0x08002250   0x08002250   0x0000000a   Code   RO          596    .text.EvrRtxMessageQueueNotInserted  rtx_evr.o
    0x0800225a   0x0800225a   0x00000002   PAD
    0x0800225c   0x0800225c   0x0000000a   Code   RO          606    .text.EvrRtxMessageQueueNotRetrieved  rtx_evr.o
    0x08002266   0x08002266   0x00000002   PAD
    0x08002268   0x08002268   0x00000010   Code   RO          586    .text.EvrRtxMessageQueuePut  rtx_evr.o
    0x08002278   0x08002278   0x0000000c   Code   RO          588    .text.EvrRtxMessageQueuePutPending  rtx_evr.o
    0x08002284   0x08002284   0x00000008   Code   RO          590    .text.EvrRtxMessageQueuePutTimeout  rtx_evr.o
    0x0800228c   0x0800228c   0x0000000a   Code   RO          604    .text.EvrRtxMessageQueueRetrieved  rtx_evr.o
    0x08002296   0x08002296   0x00000002   PAD
    0x08002298   0x08002298   0x0000000a   Code   RO          494    .text.EvrRtxMutexAcquire  rtx_evr.o
    0x080022a2   0x080022a2   0x00000002   PAD
    0x080022a4   0x080022a4   0x0000000a   Code   RO          496    .text.EvrRtxMutexAcquirePending  rtx_evr.o
    0x080022ae   0x080022ae   0x00000002   PAD
    0x080022b0   0x080022b0   0x00000008   Code   RO          498    .text.EvrRtxMutexAcquireTimeout  rtx_evr.o
    0x080022b8   0x080022b8   0x0000000a   Code   RO          500    .text.EvrRtxMutexAcquired  rtx_evr.o
    0x080022c2   0x080022c2   0x00000002   PAD
    0x080022c4   0x080022c4   0x0000000a   Code   RO          490    .text.EvrRtxMutexCreated  rtx_evr.o
    0x080022ce   0x080022ce   0x00000002   PAD
    0x080022d0   0x080022d0   0x00000008   Code   RO          510    .text.EvrRtxMutexDelete  rtx_evr.o
    0x080022d8   0x080022d8   0x00000008   Code   RO          512    .text.EvrRtxMutexDestroyed  rtx_evr.o
    0x080022e0   0x080022e0   0x0000000a   Code   RO          486    .text.EvrRtxMutexError  rtx_evr.o
    0x080022ea   0x080022ea   0x00000002   PAD
    0x080022ec   0x080022ec   0x00000008   Code   RO          488    .text.EvrRtxMutexNew  rtx_evr.o
    0x080022f4   0x080022f4   0x00000008   Code   RO          502    .text.EvrRtxMutexNotAcquired  rtx_evr.o
    0x080022fc   0x080022fc   0x00000008   Code   RO          504    .text.EvrRtxMutexRelease  rtx_evr.o
    0x08002304   0x08002304   0x0000000a   Code   RO          506    .text.EvrRtxMutexReleased  rtx_evr.o
    0x0800230e   0x0800230e   0x00000002   PAD
    0x08002310   0x08002310   0x00000008   Code   RO          526    .text.EvrRtxSemaphoreAcquireTimeout  rtx_evr.o
    0x08002318   0x08002318   0x0000000a   Code   RO          378    .text.EvrRtxThreadBlocked  rtx_evr.o
    0x08002322   0x08002322   0x00000002   PAD
    0x08002324   0x08002324   0x0000000c   Code   RO          340    .text.EvrRtxThreadCreated  rtx_evr.o
    0x08002330   0x08002330   0x00000008   Code   RO          390    .text.EvrRtxThreadDestroyed  rtx_evr.o
    0x08002338   0x08002338   0x0000000a   Code   RO          336    .text.EvrRtxThreadError  rtx_evr.o
    0x08002342   0x08002342   0x00000002   PAD
    0x08002344   0x08002344   0x00000002   Code   RO          386    .text.EvrRtxThreadExit  rtx_evr.o
    0x08002346   0x08002346   0x00000002   PAD
    0x08002348   0x08002348   0x0000000e   Code   RO          414    .text.EvrRtxThreadFlagsWaitCompleted  rtx_evr.o
    0x08002356   0x08002356   0x00000002   PAD
    0x08002358   0x08002358   0x00000008   Code   RO          412    .text.EvrRtxThreadFlagsWaitTimeout  rtx_evr.o
    0x08002360   0x08002360   0x00000008   Code   RO          344    .text.EvrRtxThreadGetId  rtx_evr.o
    0x08002368   0x08002368   0x00000008   Code   RO          376    .text.EvrRtxThreadJoined  rtx_evr.o
    0x08002370   0x08002370   0x0000000c   Code   RO          338    .text.EvrRtxThreadNew  rtx_evr.o
    0x0800237c   0x0800237c   0x00000008   Code   RO          382    .text.EvrRtxThreadPreempted  rtx_evr.o
    0x08002384   0x08002384   0x00000008   Code   RO          384    .text.EvrRtxThreadSwitched  rtx_evr.o
    0x0800238c   0x0800238c   0x0000000a   Code   RO          380    .text.EvrRtxThreadUnblocked  rtx_evr.o
    0x08002396   0x08002396   0x00000002   PAD
    0x08002398   0x08002398   0x0000000a   Code   RO          432    .text.EvrRtxTimerCallback  rtx_evr.o
    0x080023a2   0x080023a2   0x00000002   PAD
    0x080023a4   0x080023a4   0x0000000a   Code   RO          436    .text.EvrRtxTimerCreated  rtx_evr.o
    0x080023ae   0x080023ae   0x00000002   PAD
    0x080023b0   0x080023b0   0x0000000a   Code   RO          430    .text.EvrRtxTimerError  rtx_evr.o
    0x080023ba   0x080023ba   0x00000002   PAD
    0x080023bc   0x080023bc   0x00000010   Code   RO          434    .text.EvrRtxTimerNew  rtx_evr.o
    0x080023cc   0x080023cc   0x0000000a   Code   RO          440    .text.EvrRtxTimerStart  rtx_evr.o
    0x080023d6   0x080023d6   0x00000002   PAD
    0x080023d8   0x080023d8   0x00000008   Code   RO          442    .text.EvrRtxTimerStarted  rtx_evr.o
    0x080023e0   0x080023e0   0x000000ec   Code   RO         1477    .text.HAL_DMA_Abort  stm32f4xx_hal_dma.o
    0x080024cc   0x080024cc   0x00000044   Code   RO         1479    .text.HAL_DMA_Abort_IT  stm32f4xx_hal_dma.o
    0x08002510   0x08002510   0x0000000c   Code   RO         1491    .text.HAL_DMA_GetError  stm32f4xx_hal_dma.o
    0x0800251c   0x0800251c   0x0000000e   Code   RO         1489    .text.HAL_DMA_GetState  stm32f4xx_hal_dma.o
    0x0800252a   0x0800252a   0x00000002   PAD
    0x0800252c   0x0800252c   0x0000031e   Code   RO         1483    .text.HAL_DMA_IRQHandler  stm32f4xx_hal_dma.o
    0x0800284a   0x0800284a   0x00000002   PAD
    0x0800284c   0x0800284c   0x0000016e   Code   RO         1463    .text.HAL_DMA_Init  stm32f4xx_hal_dma.o
    0x080029ba   0x080029ba   0x00000002   PAD
    0x080029bc   0x080029bc   0x000000c2   Code   RO         1475    .text.HAL_DMA_Start_IT  stm32f4xx_hal_dma.o
    0x08002a7e   0x08002a7e   0x00000002   PAD
    0x08002a80   0x08002a80   0x000003b6   Code   RO         1516    .text.HAL_GPIO_Init  stm32f4xx_hal_gpio.o
    0x08002e36   0x08002e36   0x00000002   PAD
    0x08002e38   0x08002e38   0x0000002e   Code   RO         1522    .text.HAL_GPIO_WritePin  stm32f4xx_hal_gpio.o
    0x08002e66   0x08002e66   0x00000002   PAD
    0x08002e68   0x08002e68   0x00000066   Code   RO           49    .text.HAL_GetTick   main.o
    0x08002ece   0x08002ece   0x00000002   PAD
    0x08002ed0   0x08002ed0   0x00000008   Code   RO         1687    .text.HAL_I2C_AbortCpltCallback  stm32f4xx_hal_i2c.o
    0x08002ed8   0x08002ed8   0x00000010   Code   RO         1677    .text.HAL_I2C_AddrCallback  stm32f4xx_hal_i2c.o
    0x08002ee8   0x08002ee8   0x0000017a   Code   RO         1665    .text.HAL_I2C_ER_IRQHandler  stm32f4xx_hal_i2c.o
    0x08003062   0x08003062   0x00000002   PAD
    0x08003064   0x08003064   0x000003ca   Code   RO         1633    .text.HAL_I2C_EV_IRQHandler  stm32f4xx_hal_i2c.o
    0x0800342e   0x0800342e   0x00000002   PAD
    0x08003430   0x08003430   0x00000008   Code   RO         1685    .text.HAL_I2C_ErrorCallback  stm32f4xx_hal_i2c.o
    0x08003438   0x08003438   0x000002a4   Code   RO         1539    .text.HAL_I2C_Init  stm32f4xx_hal_i2c.o
    0x080036dc   0x080036dc   0x00000008   Code   RO         1679    .text.HAL_I2C_ListenCpltCallback  stm32f4xx_hal_i2c.o
    0x080036e4   0x080036e4   0x00000008   Code   RO         1671    .text.HAL_I2C_MasterRxCpltCallback  stm32f4xx_hal_i2c.o
    0x080036ec   0x080036ec   0x00000008   Code   RO         1669    .text.HAL_I2C_MasterTxCpltCallback  stm32f4xx_hal_i2c.o
    0x080036f4   0x080036f4   0x00000044   Code   RO          115    .text.HAL_I2C_MemRxCpltCallback  i2c.o
    0x08003738   0x08003738   0x00000044   Code   RO          113    .text.HAL_I2C_MemTxCpltCallback  i2c.o
    0x0800377c   0x0800377c   0x0000036a   Code   RO         1603    .text.HAL_I2C_Mem_Read_DMA  stm32f4xx_hal_i2c.o
    0x08003ae6   0x08003ae6   0x00000002   PAD
    0x08003ae8   0x08003ae8   0x00000302   Code   RO         1601    .text.HAL_I2C_Mem_Write_DMA  stm32f4xx_hal_i2c.o
    0x08003dea   0x08003dea   0x00000002   PAD
    0x08003dec   0x08003dec   0x0000015e   Code   RO          109    .text.HAL_I2C_MspInit  i2c.o
    0x08003f4a   0x08003f4a   0x00000002   PAD
    0x08003f4c   0x08003f4c   0x00000008   Code   RO         1675    .text.HAL_I2C_SlaveRxCpltCallback  stm32f4xx_hal_i2c.o
    0x08003f54   0x08003f54   0x00000008   Code   RO         1673    .text.HAL_I2C_SlaveTxCpltCallback  stm32f4xx_hal_i2c.o
    0x08003f5c   0x08003f5c   0x0000001a   Code   RO         1338    .text.HAL_IncTick   stm32f4xx_hal.o
    0x08003f76   0x08003f76   0x00000002   PAD
    0x08003f78   0x08003f78   0x00000036   Code   RO         1328    .text.HAL_Init      stm32f4xx_hal.o
    0x08003fae   0x08003fae   0x00000002   PAD
    0x08003fb0   0x08003fb0   0x000000f0   Code   RO         2295    .text.HAL_InitTick  stm32f4xx_hal_timebase_tim.o
    0x080040a0   0x080040a0   0x0000004a   Code   RO         2287    .text.HAL_MspInit   stm32f4xx_hal_msp.o
    0x080040ea   0x080040ea   0x00000002   PAD
    0x080040ec   0x080040ec   0x00000014   Code   RO         1404    .text.HAL_NVIC_EnableIRQ  stm32f4xx_hal_cortex.o
    0x08004100   0x08004100   0x00000032   Code   RO         1396    .text.HAL_NVIC_SetPriority  stm32f4xx_hal_cortex.o
    0x08004132   0x08004132   0x00000002   PAD
    0x08004134   0x08004134   0x00000010   Code   RO         1392    .text.HAL_NVIC_SetPriorityGrouping  stm32f4xx_hal_cortex.o
    0x08004144   0x08004144   0x00000262   Code   RO         1772    .text.HAL_RCC_ClockConfig  stm32f4xx_hal_rcc.o
    0x080043a6   0x080043a6   0x00000002   PAD
    0x080043a8   0x080043a8   0x00000054   Code   RO         1790    .text.HAL_RCC_GetClockConfig  stm32f4xx_hal_rcc.o
    0x080043fc   0x080043fc   0x0000000c   Code   RO         1782    .text.HAL_RCC_GetHCLKFreq  stm32f4xx_hal_rcc.o
    0x08004408   0x08004408   0x00000022   Code   RO         1784    .text.HAL_RCC_GetPCLK1Freq  stm32f4xx_hal_rcc.o
    0x0800442a   0x0800442a   0x00000002   PAD
    0x0800442c   0x0800442c   0x00000022   Code   RO         1786    .text.HAL_RCC_GetPCLK2Freq  stm32f4xx_hal_rcc.o
    0x0800444e   0x0800444e   0x00000002   PAD
    0x08004450   0x08004450   0x000000e6   Code   RO         1774    .text.HAL_RCC_GetSysClockFreq  stm32f4xx_hal_rcc.o
    0x08004536   0x08004536   0x00000002   PAD
    0x08004538   0x08004538   0x000006be   Code   RO         1770    .text.HAL_RCC_OscConfig  stm32f4xx_hal_rcc.o
    0x08004bf6   0x08004bf6   0x00000002   PAD
    0x08004bf8   0x08004bf8   0x00000008   Code   RO         2145    .text.HAL_TIMEx_BreakCallback  stm32f4xx_hal_tim_ex.o
    0x08004c00   0x08004c00   0x00000008   Code   RO         2141    .text.HAL_TIMEx_CommutCallback  stm32f4xx_hal_tim_ex.o
    0x08004c08   0x08004c08   0x0000009c   Code   RO         1822    .text.HAL_TIM_Base_Init  stm32f4xx_hal_tim.o
    0x08004ca4   0x08004ca4   0x00000008   Code   RO         1824    .text.HAL_TIM_Base_MspInit  stm32f4xx_hal_tim.o
    0x08004cac   0x08004cac   0x000000f6   Code   RO         1836    .text.HAL_TIM_Base_Start_IT  stm32f4xx_hal_tim.o
    0x08004da2   0x08004da2   0x00000002   PAD
    0x08004da4   0x08004da4   0x00000008   Code   RO         1958    .text.HAL_TIM_IC_CaptureCallback  stm32f4xx_hal_tim.o
    0x08004dac   0x08004dac   0x0000027a   Code   RO         1956    .text.HAL_TIM_IRQHandler  stm32f4xx_hal_tim.o
    0x08005026   0x08005026   0x00000002   PAD
    0x08005028   0x08005028   0x00000008   Code   RO         1960    .text.HAL_TIM_OC_DelayElapsedCallback  stm32f4xx_hal_tim.o
    0x08005030   0x08005030   0x00000008   Code   RO         1962    .text.HAL_TIM_PWM_PulseFinishedCallback  stm32f4xx_hal_tim.o
    0x08005038   0x08005038   0x00000022   Code   RO           57    .text.HAL_TIM_PeriodElapsedCallback  main.o
    0x0800505a   0x0800505a   0x00000002   PAD
    0x0800505c   0x0800505c   0x00000008   Code   RO         1966    .text.HAL_TIM_TriggerCallback  stm32f4xx_hal_tim.o
    0x08005064   0x08005064   0x0000000c   Code   RO         2248    .text.HAL_UARTEx_RxEventCallback  stm32f4xx_hal_uart.o
    0x08005070   0x08005070   0x00000008   Code   RO         2246    .text.HAL_UART_ErrorCallback  stm32f4xx_hal_uart.o
    0x08005078   0x08005078   0x0000041e   Code   RO         2240    .text.HAL_UART_IRQHandler  stm32f4xx_hal_uart.o
    0x08005496   0x08005496   0x00000002   PAD
    0x08005498   0x08005498   0x0000009a   Code   RO         2158    .text.HAL_UART_Init  stm32f4xx_hal_uart.o
    0x08005532   0x08005532   0x00000002   PAD
    0x08005534   0x08005534   0x000000a2   Code   RO          147    .text.HAL_UART_MspInit  usart.o
    0x080055d6   0x080055d6   0x00000002   PAD
    0x080055d8   0x080055d8   0x00000008   Code   RO         2258    .text.HAL_UART_RxCpltCallback  stm32f4xx_hal_uart.o
    0x080055e0   0x080055e0   0x00000008   Code   RO         2254    .text.HAL_UART_TxCpltCallback  stm32f4xx_hal_uart.o
    0x080055e8   0x080055e8   0x00000004   Code   RO           70    .text.HardFault_Handler  stm32f4xx_it.o
    0x080055ec   0x080055ec   0x00000010   Code   RO           86    .text.I2C1_ER_IRQHandler  stm32f4xx_it.o
    0x080055fc   0x080055fc   0x00000010   Code   RO           84    .text.I2C1_EV_IRQHandler  stm32f4xx_it.o
    0x0800560c   0x0800560c   0x00000052   Code   RO          123    .text.I2C_AsyncMemRead  i2c.o
    0x0800565e   0x0800565e   0x00000002   PAD
    0x08005660   0x08005660   0x00000052   Code   RO          121    .text.I2C_AsyncMemWrite  i2c.o
    0x080056b2   0x080056b2   0x00000002   PAD
    0x080056b4   0x080056b4   0x00000034   Code   RO         1635    .text.I2C_ConvertOtherXferOptions  stm32f4xx_hal_i2c.o
    0x080056e8   0x080056e8   0x00000156   Code   RO         1619    .text.I2C_DMAAbort  stm32f4xx_hal_i2c.o
    0x0800583e   0x0800583e   0x00000002   PAD
    0x08005840   0x08005840   0x00000072   Code   RO         1581    .text.I2C_DMAError  stm32f4xx_hal_i2c.o
    0x080058b2   0x080058b2   0x00000002   PAD
    0x080058b4   0x080058b4   0x000001ba   Code   RO         1579    .text.I2C_DMAXferCplt  stm32f4xx_hal_i2c.o
    0x08005a6e   0x08005a6e   0x00000002   PAD
    0x08005a70   0x08005a70   0x0000027a   Code   RO         1631    .text.I2C_ITError   stm32f4xx_hal_i2c.o
    0x08005cea   0x08005cea   0x00000002   PAD
    0x08005cec   0x08005cec   0x00000064   Code   RO         1699    .text.I2C_IsAcknowledgeFailed  stm32f4xx_hal_i2c.o
    0x08005d50   0x08005d50   0x0000019e   Code   RO         1651    .text.I2C_MasterReceive_BTF  stm32f4xx_hal_i2c.o
    0x08005eee   0x08005eee   0x00000002   PAD
    0x08005ef0   0x08005ef0   0x0000013c   Code   RO         1649    .text.I2C_MasterReceive_RXNE  stm32f4xx_hal_i2c.o
    0x0800602c   0x0800602c   0x000000de   Code   RO         1645    .text.I2C_MasterTransmit_BTF  stm32f4xx_hal_i2c.o
    0x0800610a   0x0800610a   0x00000002   PAD
    0x0800610c   0x0800610c   0x0000013e   Code   RO         1643    .text.I2C_MasterTransmit_TXE  stm32f4xx_hal_i2c.o
    0x0800624a   0x0800624a   0x00000002   PAD
    0x0800624c   0x0800624c   0x00000046   Code   RO         1639    .text.I2C_Master_ADD10  stm32f4xx_hal_i2c.o
    0x08006292   0x08006292   0x00000002   PAD
    0x08006294   0x08006294   0x0000033e   Code   RO         1641    .text.I2C_Master_ADDR  stm32f4xx_hal_i2c.o
    0x080065d2   0x080065d2   0x00000002   PAD
    0x080065d4   0x080065d4   0x000000f0   Code   RO         1637    .text.I2C_Master_SB  stm32f4xx_hal_i2c.o
    0x080066c4   0x080066c4   0x00000122   Code   RO         1647    .text.I2C_MemoryTransmit_TXE_BTF  stm32f4xx_hal_i2c.o
    0x080067e6   0x080067e6   0x00000002   PAD
    0x080067e8   0x080067e8   0x000001e2   Code   RO         1595    .text.I2C_RequestMemoryRead  stm32f4xx_hal_i2c.o
    0x080069ca   0x080069ca   0x00000002   PAD
    0x080069cc   0x080069cc   0x0000013a   Code   RO         1591    .text.I2C_RequestMemoryWrite  stm32f4xx_hal_i2c.o
    0x08006b06   0x08006b06   0x00000002   PAD
    0x08006b08   0x08006b08   0x0000002e   Code   RO         1663    .text.I2C_SlaveReceive_BTF  stm32f4xx_hal_i2c.o
    0x08006b36   0x08006b36   0x00000002   PAD
    0x08006b38   0x08006b38   0x0000006e   Code   RO         1661    .text.I2C_SlaveReceive_RXNE  stm32f4xx_hal_i2c.o
    0x08006ba6   0x08006ba6   0x00000002   PAD
    0x08006ba8   0x08006ba8   0x0000002c   Code   RO         1659    .text.I2C_SlaveTransmit_BTF  stm32f4xx_hal_i2c.o
    0x08006bd4   0x08006bd4   0x0000006c   Code   RO         1657    .text.I2C_SlaveTransmit_TXE  stm32f4xx_hal_i2c.o
    0x08006c40   0x08006c40   0x000000ae   Code   RO         1653    .text.I2C_Slave_ADDR  stm32f4xx_hal_i2c.o
    0x08006cee   0x08006cee   0x00000002   PAD
    0x08006cf0   0x08006cf0   0x000000de   Code   RO         1667    .text.I2C_Slave_AF  stm32f4xx_hal_i2c.o
    0x08006dce   0x08006dce   0x00000002   PAD
    0x08006dd0   0x08006dd0   0x0000024a   Code   RO         1655    .text.I2C_Slave_STOPF  stm32f4xx_hal_i2c.o
    0x0800701a   0x0800701a   0x00000002   PAD
    0x0800701c   0x0800701c   0x000000be   Code   RO         1549    .text.I2C_WaitOnFlagUntilTimeout  stm32f4xx_hal_i2c.o
    0x080070da   0x080070da   0x00000002   PAD
    0x080070dc   0x080070dc   0x00000110   Code   RO         1697    .text.I2C_WaitOnMasterAddressFlagUntilTimeout  stm32f4xx_hal_i2c.o
    0x080071ec   0x080071ec   0x00000078   Code   RO         1695    .text.I2C_WaitOnSTOPRequestThroughIT  stm32f4xx_hal_i2c.o
    0x08007264   0x08007264   0x00000094   Code   RO         1553    .text.I2C_WaitOnTXEFlagUntilTimeout  stm32f4xx_hal_i2c.o
    0x080072f8   0x080072f8   0x0000004a   Code   RO          119    .text.I2C_WaitReceiving  i2c.o
    0x08007342   0x08007342   0x00000002   PAD
    0x08007344   0x08007344   0x0000004a   Code   RO          117    .text.I2C_WaitSending  i2c.o
    0x0800738e   0x0800738e   0x00000002   PAD
    0x08007390   0x08007390   0x00000014   Code   RO          196    .text.IsException   rtx_delay.o
    0x080073a4   0x080073a4   0x00000014   Code   RO          215    .text.IsException   rtx_evflags.o
    0x080073b8   0x080073b8   0x00000014   Code   RO          637    .text.IsException   rtx_kernel.o
    0x080073cc   0x080073cc   0x00000014   Code   RO          855    .text.IsException   rtx_msgqueue.o
    0x080073e0   0x080073e0   0x00000014   Code   RO          932    .text.IsException   rtx_mutex.o
    0x080073f4   0x080073f4   0x00000014   Code   RO         1113    .text.IsException   rtx_thread.o
    0x08007408   0x08007408   0x00000014   Code   RO         1246    .text.IsException   rtx_timer.o
    0x0800741c   0x0800741c   0x0000002e   Code   RO          198    .text.IsIrqMasked   rtx_delay.o
    0x0800744a   0x0800744a   0x00000002   PAD
    0x0800744c   0x0800744c   0x0000002e   Code   RO          217    .text.IsIrqMasked   rtx_evflags.o
    0x0800747a   0x0800747a   0x00000002   PAD
    0x0800747c   0x0800747c   0x0000002e   Code   RO          639    .text.IsIrqMasked   rtx_kernel.o
    0x080074aa   0x080074aa   0x00000002   PAD
    0x080074ac   0x080074ac   0x0000002e   Code   RO          857    .text.IsIrqMasked   rtx_msgqueue.o
    0x080074da   0x080074da   0x00000002   PAD
    0x080074dc   0x080074dc   0x0000002e   Code   RO          934    .text.IsIrqMasked   rtx_mutex.o
    0x0800750a   0x0800750a   0x00000002   PAD
    0x0800750c   0x0800750c   0x0000002e   Code   RO         1115    .text.IsIrqMasked   rtx_thread.o
    0x0800753a   0x0800753a   0x00000002   PAD
    0x0800753c   0x0800753c   0x0000002e   Code   RO         1248    .text.IsIrqMasked   rtx_timer.o
    0x0800756a   0x0800756a   0x00000002   PAD
    0x0800756c   0x0800756c   0x00000014   Code   RO          643    .text.IsPrivileged  rtx_kernel.o
    0x08007580   0x08007580   0x00000050   Code   RO          137    .text.MX_DMA_Init   dma.o
    0x080075d0   0x080075d0   0x000000a8   Code   RO           99    .text.MX_GPIO_Init  gpio.o
    0x08007678   0x08007678   0x0000006c   Code   RO          107    .text.MX_I2C1_Init  i2c.o
    0x080076e4   0x080076e4   0x00000040   Code   RO          145    .text.MX_USART2_UART_Init  usart.o
    0x08007724   0x08007724   0x00000018   Code   RO          761    .text.MemBlockPtr   rtx_memory.o
    0x0800773c   0x0800773c   0x0000000a   Code   RO          759    .text.MemHeadPtr    rtx_memory.o
    0x08007746   0x08007746   0x00000002   PAD
    0x08007748   0x08007748   0x00000004   Code   RO           72    .text.MemManage_Handler  stm32f4xx_it.o
    0x0800774c   0x0800774c   0x00000052   Code   RO          905    .text.MessageQueueGet  rtx_msgqueue.o
    0x0800779e   0x0800779e   0x00000002   PAD
    0x080077a0   0x080077a0   0x000000ac   Code   RO          895    .text.MessageQueuePut  rtx_msgqueue.o
    0x0800784c   0x0800784c   0x00000042   Code   RO          891    .text.MessageQueueRemove  rtx_msgqueue.o
    0x0800788e   0x0800788e   0x00000002   PAD
    0x08007890   0x08007890   0x00000004   Code   RO           68    .text.NMI_Handler   stm32f4xx_it.o
    0x08007894   0x08007894   0x0000006c   Code   RO         1402    .text.NVIC_EncodePriority  stm32f4xx_hal_cortex.o
    0x08007900   0x08007900   0x0000000c   Code   RO         1297    .text.OS_Tick_AcknowledgeIRQ  os_systick.o
    0x0800790c   0x0800790c   0x0000003c   Code   RO         1293    .text.OS_Tick_Enable  os_systick.o
    0x08007948   0x08007948   0x00000006   Code   RO         1299    .text.OS_Tick_GetIRQn  os_systick.o
    0x0800794e   0x0800794e   0x00000002   PAD
    0x08007950   0x08007950   0x0000007e   Code   RO         1291    .text.OS_Tick_Setup  os_systick.o
    0x080079ce   0x080079ce   0x00000002   PAD
    0x080079d0   0x080079d0   0x0000004c   Code   RO           30    .text.PolePlc_CreateController  pole_placement.o
    0x08007a1c   0x08007a1c   0x00000034   Code   RO           36    .text.PolePlc_EnableController  pole_placement.o
    0x08007a50   0x08007a50   0x0000001a   Code   RO           32    .text.PolePlc_PeriodicTimerFunc  pole_placement.o
    0x08007a6a   0x08007a6a   0x00000006   PAD
    0x08007a70   0x08007a70   0x0000012c   Code   RO           34    .text.PolePlc_ThreadFunc  pole_placement.o
    0x08007b9c   0x08007b9c   0x00000068   Code   RO          685    .text.SVC_Setup     rtx_kernel.o
    0x08007c04   0x08007c04   0x00000010   Code   RO         1046    .text.SetPendSV     rtx_system.o
    0x08007c14   0x08007c14   0x00000018   Code   RO         1085    .text.StackOffsetR0  rtx_thread.o
    0x08007c2c   0x08007c2c   0x0000009e   Code   RO           53    .text.SystemClock_Config  main.o
    0x08007cca   0x08007cca   0x00000002   PAD
    0x08007ccc   0x08007ccc   0x0000012e   Code   RO         2320    .text.SystemCoreClockUpdate  system_stm32f4xx.o
    0x08007dfa   0x08007dfa   0x00000002   PAD
    0x08007dfc   0x08007dfc   0x00000012   Code   RO         2318    .text.SystemInit    system_stm32f4xx.o
    0x08007e0e   0x08007e0e   0x00000002   PAD
    0x08007e10   0x08007e10   0x00000010   Code   RO           90    .text.TIM8_TRG_COM_TIM14_IRQHandler  stm32f4xx_it.o
    0x08007e20   0x08007e20   0x0000019a   Code   RO         1826    .text.TIM_Base_SetConfig  stm32f4xx_hal_tim.o
    0x08007fba   0x08007fba   0x00000002   PAD
    0x08007fbc   0x08007fbc   0x0000007c   Code   RO         1165    .text.ThreadFlagsCheck  rtx_thread.o
    0x08008038   0x08008038   0x0000009e   Code   RO         1266    .text.TimerInsert   rtx_timer.o
    0x080080d6   0x080080d6   0x00000002   PAD
    0x080080d8   0x080080d8   0x00000048   Code   RO         1276    .text.TimerRemove   rtx_timer.o
    0x08008120   0x08008120   0x00000028   Code   RO         1262    .text.TimerUnlink   rtx_timer.o
    0x08008148   0x08008148   0x00000020   Code   RO         2244    .text.UART_DMAAbortOnError  stm32f4xx_hal_uart.o
    0x08008168   0x08008168   0x00000094   Code   RO         2206    .text.UART_EndRxTransfer  stm32f4xx_hal_uart.o
    0x080081fc   0x080081fc   0x00000026   Code   RO         2252    .text.UART_EndTransmit_IT  stm32f4xx_hal_uart.o
    0x08008222   0x08008222   0x00000002   PAD
    0x08008224   0x08008224   0x00000164   Code   RO         2242    .text.UART_Receive_IT  stm32f4xx_hal_uart.o
    0x08008388   0x08008388   0x0000013a   Code   RO         2162    .text.UART_SetConfig  stm32f4xx_hal_uart.o
    0x080084c2   0x080084c2   0x00000002   PAD
    0x080084c4   0x080084c4   0x00000094   Code   RO         2250    .text.UART_Transmit_IT  stm32f4xx_hal_uart.o
    0x08008558   0x08008558   0x00000010   Code   RO           88    .text.USART2_IRQHandler  stm32f4xx_it.o
    0x08008568   0x08008568   0x00000004   Code   RO           76    .text.UsageFault_Handler  stm32f4xx_it.o
    0x0800856c   0x0800856c   0x00000030   Code   RO         1406    .text.__NVIC_EnableIRQ  stm32f4xx_hal_cortex.o
    0x0800859c   0x0800859c   0x00000010   Code   RO          687    .text.__NVIC_GetPriorityGrouping  rtx_kernel.o
    0x080085ac   0x080085ac   0x00000010   Code   RO         1398    .text.__NVIC_GetPriorityGrouping  stm32f4xx_hal_cortex.o
    0x080085bc   0x080085bc   0x00000042   Code   RO         1400    .text.__NVIC_SetPriority  stm32f4xx_hal_cortex.o
    0x080085fe   0x080085fe   0x00000002   PAD
    0x08008600   0x08008600   0x0000003c   Code   RO         1394    .text.__NVIC_SetPriorityGrouping  stm32f4xx_hal_cortex.o
    0x0800863c   0x0800863c   0x00000096   Code   RO          724    .text.__user_perthread_libspace  rtx_lib.o
    0x080086d2   0x080086d2   0x00000002   PAD
    0x080086d4   0x080086d4   0x00000020   Code   RO          730    .text._mutex_acquire  rtx_lib.o
    0x080086f4   0x080086f4   0x00000012   Code   RO          734    .text._mutex_free   rtx_lib.o
    0x08008706   0x08008706   0x00000002   PAD
    0x08008708   0x08008708   0x00000032   Code   RO          728    .text._mutex_initialize  rtx_lib.o
    0x0800873a   0x0800873a   0x00000002   PAD
    0x0800873c   0x0800873c   0x0000001c   Code   RO          732    .text._mutex_release  rtx_lib.o
    0x08008758   0x08008758   0x00000008   Code   RO          720    .text._platform_post_stackheap_init  rtx_lib.o
    0x08008760   0x08008760   0x00000038   Code   RO          245    .text.atomic_chk32_all  rtx_evflags.o
    0x08008798   0x08008798   0x00000038   Code   RO         1167    .text.atomic_chk32_all  rtx_thread.o
    0x080087d0   0x080087d0   0x00000034   Code   RO          247    .text.atomic_chk32_any  rtx_evflags.o
    0x08008804   0x08008804   0x00000034   Code   RO         1169    .text.atomic_chk32_any  rtx_thread.o
    0x08008838   0x08008838   0x0000002c   Code   RO         1048    .text.atomic_dec16_nz  rtx_system.o
    0x08008864   0x08008864   0x00000020   Code   RO          786    .text.atomic_dec32  rtx_mempool.o
    0x08008884   0x08008884   0x00000028   Code   RO          907    .text.atomic_dec32_nz  rtx_msgqueue.o
    0x080088ac   0x080088ac   0x00000034   Code   RO         1050    .text.atomic_inc16_lim  rtx_system.o
    0x080088e0   0x080088e0   0x00000038   Code   RO         1054    .text.atomic_inc16_lt  rtx_system.o
    0x08008918   0x08008918   0x00000020   Code   RO          780    .text.atomic_inc32  rtx_mempool.o
    0x08008938   0x08008938   0x00000020   Code   RO          897    .text.atomic_inc32  rtx_msgqueue.o
    0x08008958   0x08008958   0x00000028   Code   RO          778    .text.atomic_link_get  rtx_mempool.o
    0x08008980   0x08008980   0x00000030   Code   RO          784    .text.atomic_link_put  rtx_mempool.o
    0x080089b0   0x080089b0   0x00000028   Code   RO          257    .text.atomic_set32  rtx_evflags.o
    0x080089d8   0x080089d8   0x00000028   Code   RO          909    .text.atomic_wr8    rtx_msgqueue.o
    0x08008a00   0x08008a00   0x00000066   Code   RO          223    .text.isrRtxEventFlagsSet  rtx_evflags.o
    0x08008a66   0x08008a66   0x00000002   PAD
    0x08008a68   0x08008a68   0x00000086   Code   RO          235    .text.isrRtxEventFlagsWait  rtx_evflags.o
    0x08008aee   0x08008aee   0x00000002   PAD
    0x08008af0   0x08008af0   0x000000a8   Code   RO          867    .text.isrRtxMessageQueueGet  rtx_msgqueue.o
    0x08008b98   0x08008b98   0x000000b8   Code   RO          863    .text.isrRtxMessageQueuePut  rtx_msgqueue.o
    0x08008c50   0x08008c50   0x00000054   Code   RO         1030    .text.isr_queue_get  rtx_system.o
    0x08008ca4   0x08008ca4   0x0000005e   Code   RO         1044    .text.isr_queue_put  rtx_system.o
    0x08008d02   0x08008d02   0x00000002   PAD
    0x08008d04   0x08008d04   0x00000042   Code   RO           51    .text.main          main.o
    0x08008d46   0x08008d46   0x00000002   PAD
    0x08008d48   0x08008d48   0x00000054   Code   RO          194    .text.osDelay       rtx_delay.o
    0x08008d9c   0x08008d9c   0x00000056   Code   RO          213    .text.osEventFlagsNew  rtx_evflags.o
    0x08008df2   0x08008df2   0x00000002   PAD
    0x08008df4   0x08008df4   0x0000005e   Code   RO          221    .text.osEventFlagsSet  rtx_evflags.o
    0x08008e52   0x08008e52   0x00000002   PAD
    0x08008e54   0x08008e54   0x0000007e   Code   RO          233    .text.osEventFlagsWait  rtx_evflags.o
    0x08008ed2   0x08008ed2   0x00000002   PAD
    0x08008ed4   0x08008ed4   0x00000042   Code   RO          647    .text.osKernelGetState  rtx_kernel.o
    0x08008f16   0x08008f16   0x00000002   PAD
    0x08008f18   0x08008f18   0x0000003a   Code   RO          663    .text.osKernelGetTickCount  rtx_kernel.o
    0x08008f52   0x08008f52   0x00000002   PAD
    0x08008f54   0x08008f54   0x0000004a   Code   RO          635    .text.osKernelInitialize  rtx_kernel.o
    0x08008f9e   0x08008f9e   0x00000002   PAD
    0x08008fa0   0x08008fa0   0x00000046   Code   RO          651    .text.osKernelStart  rtx_kernel.o
    0x08008fe6   0x08008fe6   0x00000002   PAD
    0x08008fe8   0x08008fe8   0x0000007e   Code   RO          865    .text.osMessageQueueGet  rtx_msgqueue.o
    0x08009066   0x08009066   0x00000002   PAD
    0x08009068   0x08009068   0x0000008a   Code   RO          861    .text.osMessageQueuePut  rtx_msgqueue.o
    0x080090f2   0x080090f2   0x00000002   PAD
    0x080090f4   0x080090f4   0x00000064   Code   RO          938    .text.osMutexAcquire  rtx_mutex.o
    0x08009158   0x08009158   0x00000056   Code   RO          944    .text.osMutexDelete  rtx_mutex.o
    0x080091ae   0x080091ae   0x00000002   PAD
    0x080091b0   0x080091b0   0x00000056   Code   RO          930    .text.osMutexNew    rtx_mutex.o
    0x08009206   0x08009206   0x00000002   PAD
    0x08009208   0x08009208   0x00000056   Code   RO          940    .text.osMutexRelease  rtx_mutex.o
    0x0800925e   0x0800925e   0x00000002   PAD
    0x08009260   0x08009260   0x0000002e   Code   RO         1319    .text.osRtxErrorNotify  rtx_config.o
    0x0800928e   0x0800928e   0x00000002   PAD
    0x08009290   0x08009290   0x0000000a   Code   RO          251    .text.osRtxEventFlagsId  rtx_evflags.o
    0x0800929a   0x0800929a   0x00000002   PAD
    0x0800929c   0x0800929c   0x0000000a   Code   RO         1034    .text.osRtxEventFlagsObject  rtx_system.o
    0x080092a6   0x080092a6   0x00000002   PAD
    0x080092a8   0x080092a8   0x0000005c   Code   RO          241    .text.osRtxEventFlagsPostProcess  rtx_evflags.o
    0x08009304   0x08009304   0x00000008   Code   RO         1317    .text.osRtxIdleThread  rtx_config.o
    0x0800930c   0x0800930c   0x0000001c   Code   RO          633    .text.osRtxKernelErrorNotify  rtx_kernel.o
    0x08009328   0x08009328   0x0000000c   Code   RO         1026    .text.osRtxKernelGetState  rtx_system.o
    0x08009334   0x08009334   0x0000000c   Code   RO         1091    .text.osRtxKernelGetState  rtx_thread.o
    0x08009340   0x08009340   0x00000002   Code   RO          631    .text.osRtxKernelPreInit  rtx_kernel.o
    0x08009342   0x08009342   0x00000002   PAD
    0x08009344   0x08009344   0x0000000c   Code   RO          681    .text.osRtxKernelState  rtx_kernel.o
    0x08009350   0x08009350   0x0000014c   Code   RO          763    .text.osRtxMemoryAlloc  rtx_memory.o
    0x0800949c   0x0800949c   0x000000c2   Code   RO          765    .text.osRtxMemoryFree  rtx_memory.o
    0x0800955e   0x0800955e   0x00000002   PAD
    0x08009560   0x08009560   0x00000096   Code   RO          757    .text.osRtxMemoryInit  rtx_memory.o
    0x080095f6   0x080095f6   0x00000002   PAD
    0x080095f8   0x080095f8   0x0000004a   Code   RO          776    .text.osRtxMemoryPoolAlloc  rtx_mempool.o
    0x08009642   0x08009642   0x00000002   PAD
    0x08009644   0x08009644   0x00000064   Code   RO          782    .text.osRtxMemoryPoolFree  rtx_mempool.o
    0x080096a8   0x080096a8   0x00000098   Code   RO          774    .text.osRtxMemoryPoolInit  rtx_mempool.o
    0x08009740   0x08009740   0x0000000a   Code   RO         1038    .text.osRtxMemoryPoolObject  rtx_system.o
    0x0800974a   0x0800974a   0x00000002   PAD
    0x0800974c   0x0800974c   0x0000000a   Code   RO         1040    .text.osRtxMessageObject  rtx_system.o
    0x08009756   0x08009756   0x00000002   PAD
    0x08009758   0x08009758   0x0000000a   Code   RO          849    .text.osRtxMessageQueueId  rtx_msgqueue.o
    0x08009762   0x08009762   0x00000002   PAD
    0x08009764   0x08009764   0x00000144   Code   RO          889    .text.osRtxMessageQueuePostProcess  rtx_msgqueue.o
    0x080098a8   0x080098a8   0x0000003e   Code   RO          847    .text.osRtxMessageQueueTimerSetup  rtx_msgqueue.o
    0x080098e6   0x080098e6   0x00000002   PAD
    0x080098e8   0x080098e8   0x0000000a   Code   RO          950    .text.osRtxMutexId  rtx_mutex.o
    0x080098f2   0x080098f2   0x00000002   PAD
    0x080098f4   0x080098f4   0x0000000a   Code   RO         1081    .text.osRtxMutexObject  rtx_thread.o
    0x080098fe   0x080098fe   0x00000002   PAD
    0x08009900   0x08009900   0x00000098   Code   RO          924    .text.osRtxMutexOwnerRelease  rtx_mutex.o
    0x08009998   0x08009998   0x000000ac   Code   RO          928    .text.osRtxMutexOwnerRestore  rtx_mutex.o
    0x08009a44   0x08009a44   0x0000000a   Code   RO          255    .text.osRtxObject   rtx_evflags.o
    0x08009a4e   0x08009a4e   0x00000002   PAD
    0x08009a50   0x08009a50   0x0000000a   Code   RO          893    .text.osRtxObject   rtx_msgqueue.o
    0x08009a5a   0x08009a5a   0x00000002   PAD
    0x08009a5c   0x08009a5c   0x0000000a   Code   RO          926    .text.osRtxObject   rtx_mutex.o
    0x08009a66   0x08009a66   0x00000002   PAD
    0x08009a68   0x08009a68   0x0000000a   Code   RO         1052    .text.osRtxObject   rtx_system.o
    0x08009a72   0x08009a72   0x00000002   PAD
    0x08009a74   0x08009a74   0x0000000a   Code   RO         1071    .text.osRtxObject   rtx_thread.o
    0x08009a7e   0x08009a7e   0x00000002   PAD
    0x08009a80   0x08009a80   0x000000b8   Code   RO         1028    .text.osRtxPendSV_Handler  rtx_system.o
    0x08009b38   0x08009b38   0x00000042   Code   RO         1042    .text.osRtxPostProcess  rtx_system.o
    0x08009b7a   0x08009b7a   0x00000002   PAD
    0x08009b7c   0x08009b7c   0x0000000a   Code   RO         1036    .text.osRtxSemaphoreObject  rtx_system.o
    0x08009b86   0x08009b86   0x00000002   PAD
    0x08009b88   0x08009b88   0x00000088   Code   RO         1095    .text.osRtxThreadBlock  rtx_thread.o
    0x08009c10   0x08009c10   0x000000fa   Code   RO         1103    .text.osRtxThreadDelayInsert  rtx_thread.o
    0x08009d0a   0x08009d0a   0x00000002   PAD
    0x08009d0c   0x08009d0c   0x0000009c   Code   RO         1099    .text.osRtxThreadDelayRemove  rtx_thread.o
    0x08009da8   0x08009da8   0x00000150   Code   RO         1077    .text.osRtxThreadDelayTick  rtx_thread.o
    0x08009ef8   0x08009ef8   0x00000060   Code   RO         1207    .text.osRtxThreadDestroy  rtx_thread.o
    0x08009f58   0x08009f58   0x00000096   Code   RO         1089    .text.osRtxThreadDispatch  rtx_thread.o
    0x08009fee   0x08009fee   0x00000002   PAD
    0x08009ff0   0x08009ff0   0x0000009c   Code   RO         1197    .text.osRtxThreadFree  rtx_thread.o
    0x0800a08c   0x0800a08c   0x0000000c   Code   RO          267    .text.osRtxThreadGetRunning  rtx_evflags.o
    0x0800a098   0x0800a098   0x0000000c   Code   RO          903    .text.osRtxThreadGetRunning  rtx_msgqueue.o
    0x0800a0a4   0x0800a0a4   0x0000000c   Code   RO          954    .text.osRtxThreadGetRunning  rtx_mutex.o
    0x0800a0b0   0x0800a0b0   0x0000000c   Code   RO         1093    .text.osRtxThreadGetRunning  rtx_thread.o
    0x0800a0bc   0x0800a0bc   0x0000000c   Code   RO         1260    .text.osRtxThreadGetRunning  rtx_timer.o
    0x0800a0c8   0x0800a0c8   0x0000000a   Code   RO         1107    .text.osRtxThreadId  rtx_thread.o
    0x0800a0d2   0x0800a0d2   0x00000002   PAD
    0x0800a0d4   0x0800a0d4   0x0000003c   Code   RO         1203    .text.osRtxThreadJoinWakeup  rtx_thread.o
    0x0800a110   0x0800a110   0x00000036   Code   RO         1067    .text.osRtxThreadListGet  rtx_thread.o
    0x0800a146   0x0800a146   0x00000002   PAD
    0x0800a148   0x0800a148   0x00000076   Code   RO         1063    .text.osRtxThreadListPut  rtx_thread.o
    0x0800a1be   0x0800a1be   0x00000002   PAD
    0x0800a1c0   0x0800a1c0   0x00000032   Code   RO         1073    .text.osRtxThreadListRemove  rtx_thread.o
    0x0800a1f2   0x0800a1f2   0x00000002   PAD
    0x0800a1f4   0x0800a1f4   0x00000022   Code   RO         1079    .text.osRtxThreadListRoot  rtx_thread.o
    0x0800a216   0x0800a216   0x00000002   PAD
    0x0800a218   0x0800a218   0x00000058   Code   RO         1069    .text.osRtxThreadListSort  rtx_thread.o
    0x0800a270   0x0800a270   0x0000000a   Code   RO         1032    .text.osRtxThreadObject  rtx_system.o
    0x0800a27a   0x0800a27a   0x00000002   PAD
    0x0800a27c   0x0800a27c   0x0000000a   Code   RO         1065    .text.osRtxThreadObject  rtx_thread.o
    0x0800a286   0x0800a286   0x00000002   PAD
    0x0800a288   0x0800a288   0x00000044   Code   RO         1163    .text.osRtxThreadPostProcess  rtx_thread.o
    0x0800a2cc   0x0800a2cc   0x00000020   Code   RO         1075    .text.osRtxThreadReadyPut  rtx_thread.o
    0x0800a2ec   0x0800a2ec   0x00000022   Code   RO         1083    .text.osRtxThreadRegPtr  rtx_thread.o
    0x0800a30e   0x0800a30e   0x00000002   PAD
    0x0800a310   0x0800a310   0x00000014   Code   RO         1205    .text.osRtxThreadSetRunning  rtx_thread.o
    0x0800a324   0x0800a324   0x00000014   Code   RO         1264    .text.osRtxThreadSetRunning  rtx_timer.o
    0x0800a338   0x0800a338   0x00000096   Code   RO         1105    .text.osRtxThreadStartup  rtx_thread.o
    0x0800a3ce   0x0800a3ce   0x00000002   PAD
    0x0800a3d0   0x0800a3d0   0x00000022   Code   RO         1087    .text.osRtxThreadSwitch  rtx_thread.o
    0x0800a3f2   0x0800a3f2   0x00000002   PAD
    0x0800a3f4   0x0800a3f4   0x00000076   Code   RO         1101    .text.osRtxThreadWaitEnter  rtx_thread.o
    0x0800a46a   0x0800a46a   0x00000002   PAD
    0x0800a46c   0x0800a46c   0x00000046   Code   RO         1097    .text.osRtxThreadWaitExit  rtx_thread.o
    0x0800a4b2   0x0800a4b2   0x00000002   PAD
    0x0800a4b4   0x0800a4b4   0x00000110   Code   RO         1024    .text.osRtxTick_Handler  rtx_system.o
    0x0800a5c4   0x0800a5c4   0x0000000a   Code   RO         1272    .text.osRtxTimerId  rtx_timer.o
    0x0800a5ce   0x0800a5ce   0x00000002   PAD
    0x0800a5d0   0x0800a5d0   0x00000030   Code   RO         1238    .text.osRtxTimerSetup  rtx_timer.o
    0x0800a600   0x0800a600   0x00000032   Code   RO         1242    .text.osRtxTimerThread  rtx_timer.o
    0x0800a632   0x0800a632   0x00000002   PAD
    0x0800a634   0x0800a634   0x000000dc   Code   RO         1240    .text.osRtxTimerTick  rtx_timer.o
    0x0800a710   0x0800a710   0x00000024   Code   RO         1143    .text.osThreadExit  rtx_thread.o
    0x0800a734   0x0800a734   0x0000003a   Code   RO         1119    .text.osThreadGetId  rtx_thread.o
    0x0800a76e   0x0800a76e   0x00000002   PAD
    0x0800a770   0x0800a770   0x00000072   Code   RO         1111    .text.osThreadNew   rtx_thread.o
    0x0800a7e2   0x0800a7e2   0x00000002   PAD
    0x0800a7e4   0x0800a7e4   0x0000008a   Code   RO         1244    .text.osTimerNew    rtx_timer.o
    0x0800a86e   0x0800a86e   0x00000002   PAD
    0x0800a870   0x0800a870   0x00000064   Code   RO         1252    .text.osTimerStart  rtx_timer.o
    0x0800a8d4   0x0800a8d4   0x00000036   Code   RO          726    .text.os_kernel_is_active  rtx_lib.o
    0x0800a90a   0x0800a90a   0x00000002   PAD
    0x0800a90c   0x0800a90c   0x00000050   Code   RO          202    .text.svcRtxDelay   rtx_delay.o
    0x0800a95c   0x0800a95c   0x00000116   Code   RO          239    .text.svcRtxEventFlagsNew  rtx_evflags.o
    0x0800aa72   0x0800aa72   0x00000002   PAD
    0x0800aa74   0x0800aa74   0x000000d4   Code   RO          259    .text.svcRtxEventFlagsSet  rtx_evflags.o
    0x0800ab48   0x0800ab48   0x000000d2   Code   RO          265    .text.svcRtxEventFlagsWait  rtx_evflags.o
    0x0800ac1a   0x0800ac1a   0x00000002   PAD
    0x0800ac1c   0x0800ac1c   0x00000016   Code   RO          649    .text.svcRtxKernelGetState  rtx_kernel.o
    0x0800ac32   0x0800ac32   0x00000002   PAD
    0x0800ac34   0x0800ac34   0x0000001c   Code   RO          665    .text.svcRtxKernelGetTickCount  rtx_kernel.o
    0x0800ac50   0x0800ac50   0x000002f8   Code   RO          679    .text.svcRtxKernelInitialize  rtx_kernel.o
    0x0800af48   0x0800af48   0x000000da   Code   RO          683    .text.svcRtxKernelStart  rtx_kernel.o
    0x0800b022   0x0800b022   0x00000002   PAD
    0x0800b024   0x0800b024   0x00000164   Code   RO          911    .text.svcRtxMessageQueueGet  rtx_msgqueue.o
    0x0800b188   0x0800b188   0x0000029c   Code   RO          851    .text.svcRtxMessageQueueNew  rtx_msgqueue.o
    0x0800b424   0x0800b424   0x00000158   Code   RO          901    .text.svcRtxMessageQueuePut  rtx_msgqueue.o
    0x0800b57c   0x0800b57c   0x00000172   Code   RO          952    .text.svcRtxMutexAcquire  rtx_mutex.o
    0x0800b6ee   0x0800b6ee   0x00000002   PAD
    0x0800b6f0   0x0800b6f0   0x0000016e   Code   RO          960    .text.svcRtxMutexDelete  rtx_mutex.o
    0x0800b85e   0x0800b85e   0x00000002   PAD
    0x0800b860   0x0800b860   0x0000011e   Code   RO          946    .text.svcRtxMutexNew  rtx_mutex.o
    0x0800b97e   0x0800b97e   0x00000002   PAD
    0x0800b980   0x0800b980   0x0000019c   Code   RO          956    .text.svcRtxMutexRelease  rtx_mutex.o
    0x0800bb1c   0x0800bb1c   0x00000062   Code   RO         1201    .text.svcRtxThreadExit  rtx_thread.o
    0x0800bb7e   0x0800bb7e   0x00000002   PAD
    0x0800bb80   0x0800bb80   0x00000016   Code   RO         1121    .text.svcRtxThreadGetId  rtx_thread.o
    0x0800bb96   0x0800bb96   0x00000002   PAD
    0x0800bb98   0x0800bb98   0x000003f2   Code   RO         1109    .text.svcRtxThreadNew  rtx_thread.o
    0x0800bf8a   0x0800bf8a   0x00000002   PAD
    0x0800bf8c   0x0800bf8c   0x00000158   Code   RO         1268    .text.svcRtxTimerNew  rtx_timer.o
    0x0800c0e4   0x0800c0e4   0x0000009a   Code   RO         1274    .text.svcRtxTimerStart  rtx_timer.o
    0x0800c17e   0x0800c17e   0x00000002   PAD
    0x0800c180   0x0800c180   0x00000012   Code   RO         1161    .text.xPSR_InitVal  rtx_thread.o
    0x0800c192   0x0800c192   0x00000026   Code   RO         2413    i.__ARM_fpclassifyf  m_wm.l(fpclassifyf.o)
    0x0800c1b8   0x0800c1b8   0x0000012c   Code   RO         2363    i.__hardfp_asinf    m_wm.l(asinf.o)
    0x0800c2e4   0x0800c2e4   0x000002ac   Code   RO         2369    i.__hardfp_atan2f   m_wm.l(atan2f.o)
    0x0800c590   0x0800c590   0x00000150   Code   RO         2375    i.__hardfp_cosf     m_wm.l(cosf.o)
    0x0800c6e0   0x0800c6e0   0x00000190   Code   RO         2381    i.__hardfp_sinf     m_wm.l(sinf.o)
    0x0800c870   0x0800c870   0x0000007a   Code   RO         2387    i.__hardfp_sqrt     m_wm.l(sqrt.o)
    0x0800c8ea   0x0800c8ea   0x00000006   Code   RO         2416    i.__mathlib_flt_infnan  m_wm.l(funder.o)
    0x0800c8f0   0x0800c8f0   0x00000006   Code   RO         2417    i.__mathlib_flt_infnan2  m_wm.l(funder.o)
    0x0800c8f6   0x0800c8f6   0x00000002   PAD
    0x0800c8f8   0x0800c8f8   0x00000010   Code   RO         2418    i.__mathlib_flt_invalid  m_wm.l(funder.o)
    0x0800c908   0x0800c908   0x00000010   Code   RO         2421    i.__mathlib_flt_underflow  m_wm.l(funder.o)
    0x0800c918   0x0800c918   0x00000154   Code   RO         2429    i.__mathlib_rredf2  m_wm.l(rredf.o)
    0x0800ca6c   0x0800ca6c   0x0000003e   Code   RO         2434    i.sqrtf             m_wm.l(sqrtf.o)
    0x0800caaa   0x0800caaa   0x00000002   PAD
    0x0800caac   0x0800caac   0x00000062   Code   RO         2345    x$fpl$d2f           fz_wm.l(d2f.o)
    0x0800cb0e   0x0800cb0e   0x00000002   PAD
    0x0800cb10   0x0800cb10   0x00000150   Code   RO         2347    x$fpl$dadd          fz_wm.l(daddsub_clz.o)
    0x0800cc60   0x0800cc60   0x000002b4   Code   RO         2354    x$fpl$ddiv          fz_wm.l(ddiv.o)
    0x0800cf14   0x0800cf14   0x00000154   Code   RO         2357    x$fpl$dmul          fz_wm.l(dmul.o)
    0x0800d068   0x0800d068   0x0000009c   Code   RO         2402    x$fpl$dnaninf       fz_wm.l(dnaninf.o)
    0x0800d104   0x0800d104   0x0000000c   Code   RO         2404    x$fpl$dretinf       fz_wm.l(dretinf.o)
    0x0800d110   0x0800d110   0x00000198   Code   RO         2406    x$fpl$dsqrt         fz_wm.l(dsqrt_umaal.o)
    0x0800d2a8   0x0800d2a8   0x000001dc   Code   RO         2349    x$fpl$dsub          fz_wm.l(daddsub_clz.o)
    0x0800d484   0x0800d484   0x00000056   Code   RO         2359    x$fpl$f2d           fz_wm.l(f2d.o)
    0x0800d4da   0x0800d4da   0x0000008c   Code   RO         2408    x$fpl$fnaninf       fz_wm.l(fnaninf.o)
    0x0800d566   0x0800d566   0x0000001a   Code   RO         2361    x$fpl$fpinit        fz_wm.l(fpinit.o)
    0x0800d580   0x0800d580   0x0000000a   Code   RO         2410    x$fpl$fretinf       fz_wm.l(fretinf.o)
    0x0800d58a   0x0800d58a   0x00000000   Code   RO         2412    x$fpl$usenofp       fz_wm.l(usenofp.o)
    0x0800d58a   0x0800d58a   0x00000002   PAD
    0x0800d58c   0x0800d58c   0x00000020   Data   RO         2430    .constdata          m_wm.l(rredf.o)
    0x0800d5ac   0x0800d5ac   0x000000a8   Data   RO          740    .rodata             rtx_lib.o
    0x0800d654   0x0800d654   0x00000001   Data   RO           10    .rodata..L__const.BMX160_InitMagneto.magIfReg  bmx160.o
    0x0800d655   0x0800d655   0x00000001   Data   RO           11    .rodata..L__const.BMX160_InitMagneto.magnetoConfig  bmx160.o
    0x0800d656   0x0800d656   0x00000010   Data   RO         2323    .rodata.AHBPrescTable  system_stm32f4xx.o
    0x0800d666   0x0800d666   0x00000008   Data   RO         2324    .rodata.APBPrescTable  system_stm32f4xx.o
    0x0800d66e   0x0800d66e   0x00000008   Data   RO         1493    .rodata.DMA_CalcBaseAndBitshift.flagBitshiftOffset  stm32f4xx_hal_dma.o
    0x0800d676   0x0800d676   0x00000002   PAD
    0x0800d678   0x0800d678   0x00000004   Data   RO          742    .rodata.osRtxUserSVC  rtx_lib.o
    0x0800d67c   0x0800d67c   0x00000024   Data   RO          737    .rodata.os_idle_thread_attr  rtx_lib.o
    0x0800d6a0   0x0800d6a0   0x00000018   Data   RO          739    .rodata.os_timer_mq_attr  rtx_lib.o
    0x0800d6b8   0x0800d6b8   0x00000024   Data   RO          738    .rodata.os_timer_thread_attr  rtx_lib.o
    0x0800d6dc   0x0800d6dc   0x0000000b   Data   RO          711    .rodata.str1.1      rtx_kernel.o
    0x0800d6e7   0x0800d6e7   0x00000001   PAD
    0x0800d6e8   0x0800d6e8   0x00000020   Data   RO         2606    Region$$Table       anon$$obj.o


    Execution Region RW_IRAM1 (Exec base: 0x20000000, Load base: 0x0800d708, Size: 0x00017cd8, Max: 0x00020000, ABSOLUTE, COMPRESSED[0x00000030])

    Exec Addr    Load Addr    Size         Type   Attr      Idx    E Section Name        Object

    0x20000000   COMPRESSED   0x00000070   Data   RW          162    .data.AHRS          app_main.o
    0x20000070   COMPRESSED   0x00000068   Data   RW          161    .data.BMX160        app_main.o
    0x200000d8   COMPRESSED   0x00000194   Data   RW          163    .data.PolePlacement  app_main.o
    0x2000026c   COMPRESSED   0x00000004   Data   RW         2322    .data.SystemCoreClock  system_stm32f4xx.o
    0x20000270   COMPRESSED   0x000000a4   Data   RW          712    .data.os            rtx_kernel.o
    0x20000314   COMPRESSED   0x00000001   Data   RW         1383    .data.uwTickFreq    stm32f4xx_hal.o
    0x20000315   COMPRESSED   0x00000003   PAD
    0x20000318   COMPRESSED   0x00000004   Data   RW         1382    .data.uwTickPrio    stm32f4xx_hal.o
    0x2000031c   COMPRESSED   0x00000004   PAD
    0x20000320        -       0x00000060   Zero   RW         2463    .bss                c_w.l(libspace.o)
    0x20000380        -       0x00000004   Zero   RW          127    .bss.EVT_I2C1_RX    i2c.o
    0x20000384        -       0x00000004   Zero   RW          126    .bss.EVT_I2C1_TX    i2c.o
    0x20000388        -       0x00000004   Zero   RW           59    .bss.HAL_GetTick.ticks  main.o
    0x2000038c        -       0x00000060   Zero   RW          128    .bss.hdma_i2c1_rx   i2c.o
    0x200003ec        -       0x00000060   Zero   RW          129    .bss.hdma_i2c1_tx   i2c.o
    0x2000044c        -       0x00000054   Zero   RW          125    .bss.hi2c1          i2c.o
    0x200004a0        -       0x00000048   Zero   RW         2301    .bss.htim14         stm32f4xx_hal_timebase_tim.o
    0x200004e8        -       0x00000044   Zero   RW          151    .bss.huart2         usart.o
    0x2000052c   COMPRESSED   0x00000004   PAD
    0x20000530        -       0x00016aa0   Zero   RW          736    .bss.os             rtx_lib.o
    0x20016fd0        -       0x00000001   Zero   RW         1309    .bss.os             os_systick.o
    0x20016fd1   COMPRESSED   0x00000003   PAD
    0x20016fd4        -       0x000001f0   Zero   RW          743    .bss.os.libspace    rtx_lib.o
    0x200171c4        -       0x00000034   Zero   RW          747    .bss.os.msgqueue.cb  rtx_lib.o
    0x200171f8        -       0x00000050   Zero   RW          748    .bss.os.msgqueue.mem  rtx_lib.o
    0x20017248        -       0x00000088   Zero   RW          744    .bss.os.thread.cb   rtx_lib.o
    0x200172d0        -       0x00000200   Zero   RW          745    .bss.os.thread.idle.stack  rtx_lib.o
    0x200174d0        -       0x00000200   Zero   RW          746    .bss.os.thread.timer.stack  rtx_lib.o
    0x200176d0        -       0x00000001   Zero   RW          749    .bss.os_kernel_is_active.os_kernel_active  rtx_lib.o
    0x200176d1   COMPRESSED   0x00000003   PAD
    0x200176d4        -       0x00000004   Zero   RW         1384    .bss.uwTick         stm32f4xx_hal.o
    0x200176d8        -       0x00000200   Zero   RW         2309    HEAP                startup_stm32f407xx.o
    0x200178d8        -       0x00000400   Zero   RW         2308    STACK               startup_stm32f407xx.o


==============================================================================

Image component sizes


      Code (inc. data)   RO Data    RW Data    ZI Data      Debug   Object Name

      4742         28          0          0          0       6055   ahrs.o
        66          0          0        620          0       5579   app_main.o
      1274         28          2          0          0       6603   bmx160.o
        52          0          0          0          0        813   calc.o
        80          0          0          0          0       3401   dma.o
       168          0          0          0          0       2271   gpio.o
       906          0          0          0        284       8697   i2c.o
       200         12          0          0          0        749   irq_armv7m.o
       366          0          0          0          4       6455   main.o
       204          0          0          0          1       4644   os_systick.o
       454         24          0          0          0       2344   pole_placement.o
        54          6          0          0          0        720   rtx_config.o
       230          0          0          0          0       2785   rtx_delay.o
      1730          0          0          0          0      10661   rtx_evflags.o
       704          0          0          0          0      25277   rtx_evr.o
      1544          0         11        164          0      14542   rtx_kernel.o
       362          0        268          0      94621       7545   rtx_lib.o
       710          0          0          0          0       2373   rtx_memory.o
       478          0          0          0          0      12333   rtx_mempool.o
      2900          0          0          0          0      14917   rtx_msgqueue.o
      2214          0          0          0          0       8901   rtx_mutex.o
       940         10          0          0          0       6190   rtx_system.o
      3952          0          0          0          0      26429   rtx_thread.o
      1432          0          0          0          0       8917   rtx_timer.o
        64         26        392          0       1536        888   startup_stm32f407xx.o
        80          0          0          5          4       7438   stm32f4xx_hal.o
       384          0          0          0          0       9758   stm32f4xx_hal_cortex.o
      2094          8          8          0          0       8708   stm32f4xx_hal_dma.o
       996          0          0          0          0       5337   stm32f4xx_hal_gpio.o
     10940          0          0          0          0      37573   stm32f4xx_hal_i2c.o
        74          0          0          0          0       1701   stm32f4xx_hal_msp.o
      2730          0          0          0          0       7831   stm32f4xx_hal_rcc.o
      1486          0          0          0          0      36232   stm32f4xx_hal_tim.o
        16          0          0          0          0      15563   stm32f4xx_hal_tim_ex.o
       240          0          0          0         72       7392   stm32f4xx_hal_timebase_tim.o
      2280          0          0          0          0      20360   stm32f4xx_hal_uart.o
       118          0          0          0          0       1425   stm32f4xx_it.o
       320          0         24          4          0       2647   system_stm32f4xx.o
       226          0          0          0         68       6818   usart.o

    ----------------------------------------------------------------------
     48190        142        740        796      96604     358872   Object Totals
         0          0         32          0          0          0   (incl. Generated)
       380          0          3          3         14          0   (incl. Padding)

    ----------------------------------------------------------------------

      Code (inc. data)   RO Data    RW Data    ZI Data      Debug   Library Member Name

        58          0          0          0          0          0   __dczerorl.o
         8          0          0          0          0         68   __main.o
         0          0          0          0          0          0   __rtentry.o
        20          0          0          0          0          0   __rtentry2.o
         6          0          0          0          0          0   __rtentry4.o
        52          8          0          0          0          0   __scatter.o
        28          0          0          0          0          0   __scatter_zi.o
        22          0          0          0          0        100   _rserrno.o
        18          0          0          0          0         80   exit.o
         6          0          0          0          0        152   heapauxi.o
         0          0          0          0          0          0   indicate_semi.o
         2          0          0          0          0          0   libinit.o
         6          0          0          0          0          0   libinit2.o
         2          0          0          0          0          0   libshutdown.o
         2          0          0          0          0          0   libshutdown2.o
         8          4          0          0         96         68   libspace.o
       240          0          0          0          0        100   lludivv7m.o
         4          0          0          0          0         68   rt_errno_addr_twolibspace.o
        68          0          0          0          0         68   rt_memclr.o
        78          0          0          0          0         80   rt_memclr_w.o
       138          0          0          0          0         68   rt_memcpy_v6.o
       100          0          0          0          0         80   rt_memcpy_w.o
         2          0          0          0          0          0   rtexit.o
        10          0          0          0          0          0   rtexit2.o
        12          4          0          0          0         68   sys_exit.o
        74          0          0          0          0         80   sys_stackheap_outer.o
         2          0          0          0          0         68   use_no_semi.o
        98          4          0          0          0        140   d2f.o
       812         16          0          0          0        392   daddsub_clz.o
       692        140          0          0          0        264   ddiv.o
       340         12          0          0          0        152   dmul.o
       156          4          0          0          0        140   dnaninf.o
        12          0          0          0          0        116   dretinf.o
       408         56          0          0          0        168   dsqrt_umaal.o
        86          4          0          0          0        132   f2d.o
       140          4          0          0          0        132   fnaninf.o
        26          0          0          0          0        116   fpinit.o
        10          0          0          0          0        116   fretinf.o
         0          0          0          0          0          0   usenofp.o
       300         42          0          0          0        176   asinf.o
       684         90          0          0          0        208   atan2f.o
       336         56          0          0          0        136   cosf.o
        38          0          0          0          0        116   fpclassifyf.o
        44         12          0          0          0        464   funder.o
       340         24         32          0          0        160   rredf.o
       400         56          0          0          0        212   sinf.o
       122          0          0          0          0        148   sqrt.o
        62          0          0          0          0        136   sqrtf.o

    ----------------------------------------------------------------------
      6086        536         32          0         96       4772   Library Totals
        14          0          0          0          0          0   (incl. Padding)

    ----------------------------------------------------------------------

      Code (inc. data)   RO Data    RW Data    ZI Data      Debug   Library Name

       966         16          0          0         96       1148   c_w.l
      2780        240          0          0          0       1868   fz_wm.l
      2326        280         32          0          0       1756   m_wm.l

    ----------------------------------------------------------------------
      6086        536         32          0         96       4772   Library Totals

    ----------------------------------------------------------------------

==============================================================================


      Code (inc. data)   RO Data    RW Data    ZI Data      Debug   

     54276        678        772        796      96700     360348   Grand Totals
     54276        678        772         48      96700     360348   ELF Image Totals (compressed)
     54276        678        772         48          0          0   ROM Totals

==============================================================================

    Total RO  Size (Code + RO Data)                55048 (  53.76kB)
    Total RW  Size (RW Data + ZI Data)             97496 (  95.21kB)
    Total ROM Size (Code + RO Data + RW Data)      55096 (  53.80kB)

==============================================================================

